2026-05-25 22:53:59,126 | INFO     | ======================================================================
2026-05-25 22:53:59,126 | INFO     | 🔍 VPN KEY CHECKER - Начало проверки
2026-05-25 22:53:59,126 | INFO     | ⏰ Время старта: 2026-05-25 22:53:59
2026-05-25 22:53:59,126 | INFO     | 📂 Рабочая директория: /home/runner/work/vpn-vless-configs-russia/vpn-vless-configs-russia
2026-05-25 22:53:59,126 | INFO     | ======================================================================
2026-05-25 22:53:59,126 | INFO     | 
2026-05-25 22:53:59,126 | INFO     | 🔍 Проверка наличия скриптов...
2026-05-25 22:53:59,126 | INFO     |   ✅ mirror.py
2026-05-25 22:53:59,126 | INFO     |   ✅ generate_cf_vless.py
2026-05-25 22:53:59,126 | INFO     |   ✅ filter_ru_sni.py
2026-05-25 22:53:59,126 | INFO     |   ✅ filter_ru_sni_local.py
2026-05-25 22:53:59,127 | INFO     | 
2026-05-25 22:53:59,127 | INFO     | 
2026-05-25 22:53:59,127 | INFO     | ──────────────────────────────────────────────────────────────────────
2026-05-25 22:53:59,127 | INFO     | 📌 ЭТАП: Загрузка и geo-фильтрация
2026-05-25 22:53:59,127 | INFO     | ──────────────────────────────────────────────────────────────────────
2026-05-25 22:53:59,127 | INFO     | 🚀 Запуск mirror.py (Загрузка и фильтрация по РФ/СНГ/Европа)...
2026-05-25 22:54:59,274 | INFO     |   → 🚀 Старт: всего источников (старые + новые): 359
2026-05-25 22:54:59,274 | INFO     |   → 1/359: ✅ 0 взято | 🗑️ 0 мусор
2026-05-25 22:54:59,274 | INFO     |   → 2/359: ✅ 0 взято | 🗑️ 0 мусор
2026-05-25 22:54:59,274 | INFO     |   → 3/359: ✅ 4 взято | 🗑️ 208 мусор
2026-05-25 22:54:59,274 | INFO     |   → 4/359: ✅ 0 взято | 🗑️ 0 мусор
2026-05-25 22:54:59,274 | INFO     |   → 5/359: ✅ 6 взято | 🗑️ 24 мусор
2026-05-25 22:54:59,274 | INFO     |   → 6/359: ✅ 0 взято | 🗑️ 24 мусор
2026-05-25 22:54:59,274 | INFO     |   → 7/359: ✅ 526 взято | 🗑️ 3254 мусор
2026-05-25 22:54:59,274 | INFO     |   → 8/359: ✅ 3 взято | 🗑️ 222 мусор
2026-05-25 22:54:59,274 | INFO     |   → 9/359: ✅ 311 взято | 🗑️ 2481 мусор
2026-05-25 22:54:59,274 | INFO     |   → 10/359: ✅ 407 взято | 🗑️ 1256 мусор
2026-05-25 22:54:59,275 | INFO     |   → 11/359: ✅ 32 взято | 🗑️ 5 мусор
2026-05-25 22:54:59,275 | INFO     |   → 12/359: ✅ 100 взято | 🗑️ 381 мусор
2026-05-25 22:54:59,275 | INFO     |   → 13/359: ✅ 57 взято | 🗑️ 243 мусор
2026-05-25 22:54:59,275 | INFO     |   → 14/359: ✅ 45 взято | 🗑️ 255 мусор
2026-05-25 22:54:59,275 | INFO     |   → 15/359: ✅ 4 взято | 🗑️ 24 мусор
2026-05-25 22:54:59,275 | INFO     |   → 16/359: ✅ 21 взято | 🗑️ 54 мусор
2026-05-25 22:54:59,275 | INFO     |   → 17/359: ✅ 85 взято | 🗑️ 115 мусор
2026-05-25 22:54:59,275 | INFO     |   → 18/359: ✅ 39 взято | 🗑️ 156 мусор
2026-05-25 22:54:59,275 | INFO     |   → 19/359: ✅ 247 взято | 🗑️ 53 мусор
2026-05-25 22:54:59,275 | INFO     |   → 20/359: ✅ 4 взято | 🗑️ 306 мусор
2026-05-25 22:54:59,275 | INFO     |   → 21/359: ✅ 19 взято | 🗑️ 81 мусор
2026-05-25 22:54:59,275 | INFO     |   → 22/359: ✅ 11 взято | 🗑️ 87 мусор
2026-05-25 22:54:59,275 | INFO     |   → 23/359: ✅ 27 взято | 🗑️ 73 мусор
2026-05-25 22:54:59,275 | INFO     |   → 24/359: ✅ 13 взято | 🗑️ 75 мусор
2026-05-25 22:54:59,275 | INFO     |   → 25/359: ✅ 10 взято | 🗑️ 83 мусор
2026-05-25 22:54:59,275 | INFO     |   → 26/359: ✅ 12 взято | 🗑️ 86 мусор
2026-05-25 22:54:59,275 | INFO     |   → 27/359: ✅ 11 взято | 🗑️ 87 мусор
2026-05-25 22:54:59,276 | INFO     |   → 28/359: ✅ 11 взято | 🗑️ 80 мусор
2026-05-25 22:54:59,276 | INFO     |   → 29/359: ✅ 9 взято | 🗑️ 82 мусор
2026-05-25 22:54:59,276 | INFO     |   → 30/359: ✅ 69 взято | 🗑️ 3 мусор
2026-05-25 22:54:59,276 | INFO     |   → 31/359: ✅ 3 взято | 🗑️ 75 мусор
2026-05-25 22:54:59,276 | INFO     |   → 32/359: ✅ 4 взято | 🗑️ 69 мусор
2026-05-25 22:54:59,276 | INFO     |   → 33/359: ✅ 4 взято | 🗑️ 80 мусор
2026-05-25 22:54:59,276 | INFO     |   → 34/359: ✅ 6 взято | 🗑️ 81 мусор
2026-05-25 22:54:59,276 | INFO     |   → 35/359: ✅ 5 взято | 🗑️ 79 мусор
2026-05-25 22:54:59,276 | INFO     |   → 36/359: ✅ 11 взято | 🗑️ 78 мусор
2026-05-25 22:54:59,276 | INFO     |   → 37/359: ✅ 3 взято | 🗑️ 83 мусор
2026-05-25 22:54:59,276 | INFO     |   → 38/359: ✅ 14 взято | 🗑️ 76 мусор
2026-05-25 22:54:59,276 | INFO     |   → 39/359: ✅ 12 взято | 🗑️ 78 мусор
2026-05-25 22:54:59,276 | INFO     |   → 40/359: ✅ 26 взято | 🗑️ 218 мусор
2026-05-25 22:54:59,276 | INFO     |   → 41/359: ✅ 44 взято | 🗑️ 141 мусор
2026-05-25 22:54:59,277 | INFO     |   → 42/359: ✅ 10 взято | 🗑️ 71 мусор
2026-05-25 22:54:59,277 | INFO     |   → 43/359: ✅ 2 взято | 🗑️ 88 мусор
2026-05-25 22:54:59,277 | INFO     |   → 44/359: ✅ 0 взято | 🗑️ 3 мусор
2026-05-25 22:54:59,277 | INFO     |   → 45/359: ✅ 14 взято | 🗑️ 4 мусор
2026-05-25 22:54:59,277 | INFO     |   → 46/359: ✅ 659 взято | 🗑️ 2544 мусор
2026-05-25 22:54:59,277 | INFO     |   → 47/359 ❌ HTTP 404 — https://raw.githubusercontent.com/AmirHDevo/temp2/7f15e7ddb311a6f8c5ab338bd1af0e1f2136a84b/configs.txt
2026-05-25 22:54:59,277 | INFO     |   → 48/359: ✅ 149 взято | 🗑️ 2327 мусор
2026-05-25 22:54:59,277 | INFO     |   → 49/359: ✅ 0 взято | 🗑️ 118 мусор
2026-05-25 22:54:59,277 | INFO     |   → 50/359: ✅ 2109 взято | 🗑️ 40077 мусор
2026-05-25 22:54:59,277 | INFO     |   → 51/359: ✅ 5 взято | 🗑️ 47 мусор
2026-05-25 22:54:59,277 | INFO     |   → 52/359: ✅ 48 взято | 🗑️ 507 мусор
2026-05-25 22:54:59,277 | INFO     |   → 53/359: ✅ 339 взято | 🗑️ 1542 мусор
2026-05-25 22:54:59,277 | INFO     |   → 54/359: ✅ 1 взято | 🗑️ 235 мусор
2026-05-25 22:54:59,278 | INFO     |   → 55/359: ✅ 49 взято | 🗑️ 86 мусор
2026-05-25 22:54:59,278 | INFO     |   → 56/359: ✅ 0 взято | 🗑️ 16 мусор
2026-05-25 22:54:59,278 | INFO     |   → 57/359: ✅ 6 взято | 🗑️ 17 мусор
2026-05-25 22:54:59,278 | INFO     |   → 58/359: ✅ 1 взято | 🗑️ 12 мусор
2026-05-25 22:54:59,278 | INFO     |   → 59/359: ✅ 0 взято | 🗑️ 17 мусор
2026-05-25 22:54:59,278 | INFO     |   → 60/359: ✅ 0 взято | 🗑️ 17 мусор
2026-05-25 22:54:59,278 | INFO     |   → 61/359: ✅ 26 взято | 🗑️ 331 мусор
2026-05-25 22:54:59,278 | INFO     |   → 62/359: ✅ 66 взято | 🗑️ 19 мусор
2026-05-25 22:54:59,278 | INFO     |   → 63/359: ✅ 80 взято | 🗑️ 1110 мусор
2026-05-25 22:54:59,278 | INFO     |   → 64/359: ✅ 17 взято | 🗑️ 1197 мусор
2026-05-25 22:54:59,278 | INFO     |   → 65/359 ❌ HTTP 404 — https://raw.githubusercontent.com/Egkaz/Proxy-list-20k-server/main/stable.txt
2026-05-25 22:54:59,278 | INFO     |   → 66/359: ✅ 5 взято | 🗑️ 13 мусор
2026-05-25 22:54:59,278 | INFO     |   → 67/359 ❌ HTTP 404 — https://raw.githubusercontent.com/Epodonios/v2ray-configs/raw/main/Splitted-By-Protocol/trojan.txt
2026-05-25 22:54:59,278 | INFO     |   → 68/359 ❌ HTTP 404 — https://raw.githubusercontent.com/Epodonios/v2ray-configs/raw/main/Splitted-By-Protocol/vmess.txt
2026-05-25 22:54:59,278 | INFO     |   → 69/359: ✅ 646 взято | 🗑️ 957 мусор
2026-05-25 22:54:59,278 | INFO     |   → 70/359: ✅ 0 взято | 🗑️ 114 мусор
2026-05-25 22:54:59,279 | INFO     |   → 71/359: ✅ 0 взято | 🗑️ 585 мусор
2026-05-25 22:54:59,279 | INFO     |   → 72/359: ✅ 475 взято | 🗑️ 137 мусор
2026-05-25 22:54:59,279 | INFO     |   → 73/359: ✅ 109 взято | 🗑️ 7 мусор
2026-05-25 22:54:59,279 | INFO     |   → 74/359: ✅ 8 взято | 🗑️ 391 мусор
2026-05-25 22:54:59,279 | INFO     |   → 75/359 ❌ HTTP 404 — https://raw.githubusercontent.com/Fido6/FreeNodes/57221e59caddde55ffdda21d491ae952cd608049/nodes/halekj.txt
2026-05-25 22:54:59,279 | INFO     |   → 76/359 ❌ HTTP 404 — https://raw.githubusercontent.com/Fido6/FreeNodes/57221e59caddde55ffdda21d491ae952cd608049/nodes/kkzui.txt
2026-05-25 22:54:59,279 | INFO     |   → 77/359 ❌ HTTP 404 — https://raw.githubusercontent.com/Fido6/FreeNodes/57221e59caddde55ffdda21d491ae952cd608049/nodes/wenode.txt
2026-05-25 22:54:59,279 | INFO     |   → 78/359: ✅ 63 взято | 🗑️ 419 мусор
2026-05-25 22:54:59,279 | INFO     |   → 79/359: ✅ 15 взято | 🗑️ 35 мусор
2026-05-25 22:54:59,279 | INFO     |   → 80/359: ✅ 216 взято | 🗑️ 1366 мусор
2026-05-25 22:54:59,279 | INFO     |   → 81/359: ✅ 241 взято | 🗑️ 791 мусор
2026-05-25 22:54:59,279 | INFO     |   → 82/359: ✅ 520 взято | 🗑️ 3800 мусор
2026-05-25 22:54:59,279 | INFO     |   → 83/359: ✅ 53 взято | 🗑️ 879 мусор
2026-05-25 22:54:59,279 | INFO     |   → 84/359: ✅ 14 взято | 🗑️ 250 мусор
2026-05-25 22:54:59,280 | INFO     |   → 85/359: ✅ 0 взято | 🗑️ 8 мусор
2026-05-25 22:54:59,280 | INFO     |   → 86/359: ✅ 15 взято | 🗑️ 0 мусор
2026-05-25 22:54:59,280 | INFO     |   → 87/359: ✅ 0 взято | 🗑️ 609 мусор
2026-05-25 22:54:59,280 | INFO     |   → 88/359: ✅ 18 взято | 🗑️ 63 мусор
2026-05-25 22:54:59,280 | INFO     |   → 89/359: ✅ 516 взято | 🗑️ 178 мусор
2026-05-25 22:54:59,280 | INFO     |   → 90/359: ✅ 185 взято | 🗑️ 406 мусор
2026-05-25 22:54:59,280 | INFO     |   → 91/359: ✅ 40 взято | 🗑️ 690 мусор
2026-05-25 22:54:59,280 | INFO     |   → 92/359: ✅ 5973 взято | 🗑️ 46237 мусор
2026-05-25 22:54:59,280 | INFO     |   → 93/359: ✅ 0 взято | 🗑️ 35 мусор
2026-05-25 22:54:59,280 | INFO     |   → 94/359: ✅ 0 взято | 🗑️ 9698 мусор
2026-05-25 22:54:59,280 | INFO     |   → 95/359: ✅ 0 взято | 🗑️ 31035 мусор
2026-05-25 22:54:59,280 | INFO     |   → 96/359: ✅ 0 взято | 🗑️ 5 мусор
2026-05-25 22:54:59,280 | INFO     |   → 97/359: ✅ 0 взято | 🗑️ 4 мусор
2026-05-25 22:54:59,280 | INFO     |   → 98/359: ✅ 1 взято | 🗑️ 51 мусор
2026-05-25 22:54:59,280 | INFO     |   → 99/359: ✅ 0 взято | 🗑️ 8 мусор
2026-05-25 22:54:59,280 | INFO     |   → 100/359 ❌ HTTP 404 — https://raw.githubusercontent.com/Kwinshadow/TelegramV2rayCollector/raw/refs/heads/main/sublinks/mix.txt
2026-05-25 22:54:59,280 | INFO     |   → 101/359 ❌ HTTP 404 — https://raw.githubusercontent.com/LalatinaHub/Mineral/raw/refs/heads/master/result/nodes
2026-05-25 22:54:59,280 | INFO     |   → 102/359: ✅ 3 взято | 🗑️ 1 мусор
2026-05-25 22:54:59,280 | INFO     |   → 103/359: ✅ 0 взято | 🗑️ 147 мусор
2026-05-25 22:54:59,280 | INFO     |   → 104/359 ❌ HTTP 404 — https://raw.githubusercontent.com/M-Mashreghi/free-config-collector/main/Splitted-By-Protocol/ssr.txt
2026-05-25 22:54:59,281 | INFO     |   → 105/359: ✅ 139 взято | 🗑️ 114 мусор
2026-05-25 22:54:59,281 | INFO     |   → 106/359: ✅ 126 взято | 🗑️ 137 мусор
2026-05-25 22:54:59,281 | INFO     |   → 107/359: ✅ 26 взято | 🗑️ 101 мусор
2026-05-25 22:54:59,281 | INFO     |   → 108/359: ✅ 0 взято | 🗑️ 15 мусор
2026-05-25 22:54:59,281 | INFO     |   → 109/359: ✅ 325 взято | 🗑️ 3612 мусор
2026-05-25 22:54:59,281 | INFO     |   → 110/359: ✅ 24 взято | 🗑️ 170 мусор
2026-05-25 22:54:59,281 | INFO     |   → 111/359: ✅ 13 взято | 🗑️ 381 мусор
2026-05-25 22:54:59,281 | INFO     |   → 112/359: ✅ 7 взято | 🗑️ 285 мусор
2026-05-25 22:54:59,281 | INFO     |   → 113/359: ✅ 6 взято | 🗑️ 76 мусор
2026-05-25 22:54:59,281 | INFO     |   → 114/359 ❌ HTTP 404 — https://raw.githubusercontent.com/MhdiTaheri/V2rayCollector/raw/refs/heads/main/sub/mix
2026-05-25 22:54:59,281 | INFO     |   → 115/359: ✅ 53 взято | 🗑️ 267 мусор
2026-05-25 22:54:59,281 | INFO     |   → 116/359 ❌ HTTP 404 — https://raw.githubusercontent.com/MhdiTaheri/V2rayCollector_Py/raw/refs/heads/main/sub/Mix/mix.txt
2026-05-25 22:54:59,281 | INFO     |   → 117/359: ✅ 92 взято | 🗑️ 282 мусор
2026-05-25 22:54:59,281 | INFO     |   → 118/359: ✅ 0 взято | 🗑️ 8 мусор
2026-05-25 22:54:59,281 | INFO     |   → 119/359 ❌ HTTP 404 — https://raw.githubusercontent.com/MrMohebi/xray-proxy-grabber-telegram/master/collected-proxies/row-url/actives.txt
2026-05-25 22:54:59,281 | INFO     |   → 120/359 ❌ HTTP 404 — https://raw.githubusercontent.com/MrMohebi/xray-proxy-grabber-telegram/master/collected-proxies/row-url/all.txt
2026-05-25 22:54:59,281 | INFO     |   → 121/359: ✅ 66 взято | 🗑️ 123 мусор
2026-05-25 22:54:59,281 | INFO     |   → 122/359: ✅ 175 взято | 🗑️ 582 мусор
2026-05-25 22:54:59,281 | INFO     |   → 123/359 ❌ HTTP 404 — https://raw.githubusercontent.com/OpenCNLink/freevpn/3cfcff048bfdd1493ccffa52ecf30ce7f9fc6b28/src/list/vmess.txt
2026-05-25 22:54:59,281 | INFO     |   → 124/359: ✅ 0 взято | 🗑️ 20 мусор
2026-05-25 22:54:59,281 | INFO     |   → 125/359: ✅ 2 взято | 🗑️ 76 мусор
2026-05-25 22:54:59,282 | INFO     |   → 126/359 ❌ HTTP 404 — https://raw.githubusercontent.com/RKPchannel/RKP_bypass_configs/main/configs
2026-05-25 22:54:59,282 | INFO     |   → 127/359: ✅ 0 взято | 🗑️ 35 мусор
2026-05-25 22:54:59,282 | INFO     |   → 128/359: ✅ 0 взято | 🗑️ 0 мусор
2026-05-25 22:54:59,282 | INFO     |   → 129/359: ✅ 0 взято | 🗑️ 50 мусор
2026-05-25 22:54:59,282 | INFO     |   → 130/359 ❌ HTTP 404 — https://raw.githubusercontent.com/STR97/STRUGOV/main/BYPASS
2026-05-25 22:54:59,282 | INFO     |   → 131/359 ❌ HTTP 404 — https://raw.githubusercontent.com/STR97/STRUGOV/main/CUSTOM
2026-05-25 22:54:59,282 | INFO     |   → 132/359 ❌ HTTP 404 — https://raw.githubusercontent.com/STR97/STRUGOV/main/STR
2026-05-25 22:54:59,282 | INFO     |   → 133/359 ❌ HTTP 404 — https://raw.githubusercontent.com/STR97/STRUGOV/main/STR.BYPASS
2026-05-25 22:54:59,282 | INFO     |   → 134/359 ❌ HTTP 404 — https://raw.githubusercontent.com/STR97/STRUGOV/main/Vless
2026-05-25 22:54:59,282 | INFO     |   → 135/359 ❌ HTTP 404 — https://raw.githubusercontent.com/STR97/STRUGOV/refs/heads/main/STR.BYPASS
2026-05-25 22:54:59,282 | INFO     |   → 136/359: ✅ 4 взято | 🗑️ 34 мусор
2026-05-25 22:54:59,282 | INFO     |   → 137/359: ✅ 0 взято | 🗑️ 27 мусор
2026-05-25 22:54:59,282 | INFO     |   → 138/359: ✅ 140 взято | 🗑️ 1153 мусор
2026-05-25 22:54:59,282 | INFO     |   → 139/359: ✅ 62 взято | 🗑️ 3000 мусор
2026-05-25 22:54:59,282 | INFO     |   → 140/359: ✅ 12 взято | 🗑️ 997 мусор
2026-05-25 22:54:59,282 | INFO     |   → 141/359: ✅ 99 взято | 🗑️ 3099 мусор
2026-05-25 22:54:59,282 | INFO     |   → 142/359: ✅ 205 взято | 🗑️ 612 мусор
2026-05-25 22:54:59,282 | INFO     |   → 143/359: ✅ 67 взято | 🗑️ 4837 мусор
2026-05-25 22:54:59,282 | INFO     |   → 144/359: ✅ 76 взято | 🗑️ 362 мусор
2026-05-25 22:54:59,282 | INFO     |   → 145/359: ✅ 0 взято | 🗑️ 0 мусор
2026-05-25 22:54:59,282 | INFO     |   → 146/359: ✅ 0 взято | 🗑️ 0 мусор
2026-05-25 22:54:59,283 | INFO     |   → 147/359: ✅ 18 взято | 🗑️ 1371 мусор
2026-05-25 22:54:59,283 | INFO     |   → 148/359: ✅ 0 взято | 🗑️ 50 мусор
2026-05-25 22:54:59,283 | INFO     |   → 149/359: ✅ 0 взято | 🗑️ 1102 мусор
2026-05-25 22:54:59,283 | INFO     |   → 150/359: ✅ 0 взято | 🗑️ 55 мусор
2026-05-25 22:54:59,283 | INFO     |   → 151/359 ❌ HTTP 404 — https://raw.githubusercontent.com/Syavar/V2ray-Configs/main/OK_TLS_activision.com.txt
2026-05-25 22:54:59,283 | INFO     |   → 152/359: ✅ 3 взято | 🗑️ 1 мусор
2026-05-25 22:54:59,283 | INFO     |   → 153/359: ✅ 3 взято | 🗑️ 1 мусор
2026-05-25 22:54:59,283 | INFO     |   → 154/359: ✅ 3 взято | 🗑️ 1 мусор
2026-05-25 22:54:59,283 | INFO     |   → 155/359: ✅ 3 взято | 🗑️ 1 мусор
2026-05-25 22:54:59,283 | INFO     |   → 156/359 ❌ HTTP 404 — https://raw.githubusercontent.com/Syavar/V2ray-Configs/main/OK_TLS_viber.com.txt
2026-05-25 22:54:59,283 | INFO     |   → 157/359: ✅ 3 взято | 🗑️ 1 мусор
2026-05-25 22:54:59,283 | INFO     |   → 158/359: ✅ 3 взято | 🗑️ 1 мусор
2026-05-25 22:54:59,283 | INFO     |   → 159/359 ❌ HTTP 404 — https://raw.githubusercontent.com/Syavar/V2ray-Configs/main/OK_activision.com.txt
2026-05-25 22:54:59,283 | INFO     |   → 160/359 ❌ HTTP 404 — https://raw.githubusercontent.com/Syavar/V2ray-Configs/main/OK_css.rbxcdn.com.txt
2026-05-25 22:54:59,283 | INFO     |   → 161/359 ❌ HTTP 404 — https://raw.githubusercontent.com/Syavar/V2ray-Configs/main/OK_google.com.txt
2026-05-25 22:54:59,283 | INFO     |   → 162/359 ❌ HTTP 404 — https://raw.githubusercontent.com/Syavar/V2ray-Configs/main/OK_speedtest.tinkoff.ru.txt
2026-05-25 22:54:59,283 | INFO     |   → 163/359 ❌ HTTP 404 — https://raw.githubusercontent.com/Syavar/V2ray-Configs/main/OK_telegram.org.txt
2026-05-25 22:54:59,283 | INFO     |   → 164/359 ❌ HTTP 404 — https://raw.githubusercontent.com/Syavar/V2ray-Configs/main/OK_viber.com.txt
2026-05-25 22:54:59,283 | INFO     |   → 165/359 ❌ HTTP 404 — https://raw.githubusercontent.com/Syavar/V2ray-Configs/main/OK_vk.com.txt
2026-05-25 22:54:59,283 | INFO     |   → 166/359 ❌ HTTP 404 — https://raw.githubusercontent.com/Syavar/V2ray-Configs/main/OK_whatsapp.com.txt
2026-05-25 22:54:59,283 | INFO     |   → 167/359: ✅ 612 взято | 🗑️ 954 мусор
2026-05-25 22:54:59,284 | INFO     |   → 168/359: ✅ 4 взято | 🗑️ 291 мусор
2026-05-25 22:54:59,284 | INFO     |   → 169/359: ✅ 10 взято | 🗑️ 10 мусор
2026-05-25 22:54:59,284 | INFO     |   → 170/359: ✅ 0 взято | 🗑️ 17 мусор
2026-05-25 22:54:59,284 | INFO     |   → 171/359: ✅ 4 взято | 🗑️ 10 мусор
2026-05-25 22:54:59,284 | INFO     |   → 172/359: ✅ 1 взято | 🗑️ 8 мусор
2026-05-25 22:54:59,284 | INFO     |   → 173/359: ✅ 2 взято | 🗑️ 13 мусор
2026-05-25 22:54:59,284 | INFO     |   → 174/359: ✅ 7 взято | 🗑️ 11 мусор
2026-05-25 22:54:59,284 | INFO     |   → 175/359: ✅ 0 взято | 🗑️ 17 мусор
2026-05-25 22:54:59,284 | INFO     |   → 176/359: ✅ 6 взято | 🗑️ 14 мусор
2026-05-25 22:54:59,284 | INFO     |   → 177/359: ✅ 3 взято | 🗑️ 14 мусор
2026-05-25 22:54:59,284 | INFO     |   → 178/359: ✅ 1 взято | 🗑️ 18 мусор
2026-05-25 22:54:59,284 | INFO     |   → 179/359: ✅ 39 взято | 🗑️ 116 мусор
2026-05-25 22:54:59,284 | INFO     |   → 180/359: ✅ 0 взято | 🗑️ 5 мусор
2026-05-25 22:54:59,284 | INFO     |   → 181/359: ✅ 12 взято | 🗑️ 76 мусор
2026-05-25 22:54:59,284 | INFO     |   → 182/359: ✅ 123 взято | 🗑️ 432 мусор
2026-05-25 22:54:59,285 | INFO     |   → 183/359: ✅ 4 взято | 🗑️ 114 мусор
2026-05-25 22:54:59,285 | INFO     |   → 184/359: ✅ 21 взято | 🗑️ 51 мусор
2026-05-25 22:54:59,285 | INFO     |   → 185/359: ✅ 0 взято | 🗑️ 1096 мусор
2026-05-25 22:54:59,285 | INFO     |   → 186/359: ✅ 0 взято | 🗑️ 932 мусор
2026-05-25 22:54:59,285 | INFO     |   → 187/359: ✅ 26 взято | 🗑️ 41 мусор
2026-05-25 22:54:59,285 | INFO     |   → 188/359 ❌ HTTP 404 — https://raw.githubusercontent.com/awesome-vpn/awesome-vpn/master/ss
2026-05-25 22:54:59,285 | INFO     |   → 189/359: ✅ 1 взято | 🗑️ 2882 мусор
2026-05-25 22:54:59,285 | INFO     |   → 190/359: ✅ 0 взято | 🗑️ 293 мусор
2026-05-25 22:54:59,285 | INFO     |   → 191/359: ✅ 0 взято | 🗑️ 2234 мусор
2026-05-25 22:54:59,285 | INFO     |   → 192/359: ✅ 0 взято | 🗑️ 109 мусор
2026-05-25 22:54:59,285 | INFO     |   → 193/359 ❌ HTTP 404 — https://raw.githubusercontent.com/barry-far/V2ray-Configs/ced94ddfff48276ec365b40227561f36b1b64bc8/Sub5.txt
2026-05-25 22:54:59,285 | INFO     |   → 194/359 ❌ HTTP 404 — https://raw.githubusercontent.com/barry-far/V2ray-Configs/main/Splitted-By-Protocol/vless.txt
2026-05-25 22:54:59,285 | INFO     |   → 195/359 ❌ HTTP 404 — https://raw.githubusercontent.com/barry-far/V2ray-Configs/main/Sub1.txt
2026-05-25 22:54:59,285 | INFO     |   → 196/359: ✅ 0 взято | 🗑️ 293 мусор
2026-05-25 22:54:59,285 | INFO     |   → 197/359: ✅ 0 взято | 🗑️ 2234 мусор
2026-05-25 22:54:59,285 | INFO     |   → 198/359: ✅ 0 взято | 🗑️ 109 мусор
2026-05-25 22:54:59,286 | INFO     |   → 199/359 ❌ HTTP 404 — https://raw.githubusercontent.com/bywarm/whitelists-vpns-etc/main/whitelists1-4pda.txt
2026-05-25 22:54:59,286 | INFO     |   → 200/359: ✅ 5 взято | 🗑️ 38 мусор
2026-05-25 22:54:59,286 | INFO     |   → 201/359 ❌ HTTP 404 — https://raw.githubusercontent.com/chxxyz2004/zd/17fca23b73c46b5dd73e9be49b14d219b5e5f836/sub/2401/240110.txt
2026-05-25 22:54:59,286 | INFO     |   → 202/359: ✅ 356 взято | 🗑️ 5284 мусор
2026-05-25 22:54:59,286 | INFO     |   → 203/359: ✅ 236 взято | 🗑️ 517 мусор
2026-05-25 22:54:59,286 | INFO     |   → 204/359: ✅ 6 взято | 🗑️ 78 мусор
2026-05-25 22:54:59,286 | INFO     |   → 205/359: ✅ 6 взято | 🗑️ 4 мусор
2026-05-25 22:54:59,286 | INFO     |   → 206/359: ✅ 3685 взято | 🗑️ 86115 мусор
2026-05-25 22:54:59,286 | INFO     |   → 207/359: ✅ 76 взято | 🗑️ 1204 мусор
2026-05-25 22:54:59,286 | INFO     |   → 208/359: ✅ 4122 взято | 🗑️ 95131 мусор
2026-05-25 22:54:59,286 | INFO     |   → 209/359: ✅ 2448 взято | 🗑️ 54387 мусор
2026-05-25 22:54:59,286 | INFO     |   → 210/359: ✅ 107 взято | 🗑️ 6048 мусор
2026-05-25 22:54:59,286 | INFO     |   → 211/359: ✅ 6 взято | 🗑️ 113 мусор
2026-05-25 22:54:59,286 | INFO     |   → 212/359: ✅ 2 взято | 🗑️ 80 мусор
2026-05-25 22:54:59,286 | INFO     |   → 213/359: ✅ 5 взято | 🗑️ 169 мусор
2026-05-25 22:54:59,287 | INFO     |   → 214/359: ✅ 34 взято | 🗑️ 121 мусор
2026-05-25 22:54:59,287 | INFO     |   → 215/359: ✅ 4 взято | 🗑️ 97 мусор
2026-05-25 22:54:59,287 | INFO     |   → 216/359 ❌ HTTP 404 — https://raw.githubusercontent.com/freev2rayconfig/V2RAY_SUB/3e6a7786a1601ee3723e8d043ae79e70dbdfd9a8/v2rayconfigs.txt
2026-05-25 22:54:59,287 | INFO     |   → 217/359: ✅ 0 взято | 🗑️ 5 мусор
2026-05-25 22:54:59,287 | INFO     |   → 218/359: ✅ 525 взято | 🗑️ 2753 мусор
2026-05-25 22:54:59,287 | INFO     |   → 219/359: ✅ 327 взято | 🗑️ 1060 мусор
2026-05-25 22:54:59,287 | INFO     |   → 220/359: ✅ 267 взято | 🗑️ 5478 мусор
2026-05-25 22:54:59,287 | INFO     |   → 221/359: ✅ 93 взято | 🗑️ 2530 мусор
2026-05-25 22:54:59,287 | INFO     |   → 222/359 ❌ HTTP 404 — https://raw.githubusercontent.com/hameed-maleki/TVC/89a4522969c57dcc22458cae9898426e5c4f2679/lite/config.txt
2026-05-25 22:54:59,287 | INFO     |   → 223/359: ✅ 5 взято | 🗑️ 132 мусор
2026-05-25 22:54:59,287 | INFO     |   → 224/359 ❌ HTTP 404 — https://raw.githubusercontent.com/hkpc/Autoproxy/6cf946ddfc677a29062007e4b47d70674474baa7/sub/2401/240110.txt
2026-05-25 22:54:59,287 | INFO     |   → 225/359 ❌ HTTP 404 — https://raw.githubusercontent.com/hkpc/V2ray-Configs/7d9aa0dabf947af180a7dd6302818ed37950531a/Sub1.txt
2026-05-25 22:54:59,287 | INFO     |   → 226/359: ✅ 79 взято | 🗑️ 266 мусор
2026-05-25 22:54:59,287 | INFO     |   → 227/359: ✅ 0 взято | 🗑️ 8 мусор
2026-05-25 22:54:59,287 | INFO     |   → 228/359: ✅ 0 взято | 🗑️ 217 мусор
2026-05-25 22:54:59,287 | INFO     |   → 229/359: ✅ 0 взято | 🗑️ 20 мусор
2026-05-25 22:54:59,288 | INFO     |   → 230/359: ✅ 1270 взято | 🗑️ 100 мусор
2026-05-25 22:54:59,288 | INFO     |   → 231/359: ✅ 51 взято | 🗑️ 37 мусор
2026-05-25 22:54:59,288 | INFO     |   → 232/359: ✅ 0 взято | 🗑️ 4 мусор
2026-05-25 22:54:59,288 | INFO     |   → 233/359 ❌ HTTP 404 — https://raw.githubusercontent.com/igareck/vpn-configs-for-russia/refs/heads/main/Vless-Reality-White-Lists-Rus-Cable.txt
2026-05-25 22:54:59,288 | INFO     |   → 234/359: ✅ 58 взято | 🗑️ 4 мусор
2026-05-25 22:54:59,288 | INFO     |   → 235/359: ✅ 1 взято | 🗑️ 337 мусор
2026-05-25 22:54:59,288 | INFO     |   → 236/359 ❌ HTTP 404 — https://raw.githubusercontent.com/kismetpro/NodeSuber/main/Splitted-By-Protocol/vless.txt
2026-05-25 22:54:59,288 | INFO     |   → 237/359 ❌ HTTP 404 — https://raw.githubusercontent.com/kismetpro/NodeSuber/main/out/All_Configs_Sub.txt
2026-05-25 22:54:59,288 | INFO     |   → 238/359: ✅ 12234 взято | 🗑️ 98921 мусор
2026-05-25 22:54:59,288 | INFO     |   → 239/359: ✅ 224 взято | 🗑️ 176 мусор
2026-05-25 22:54:59,288 | INFO     |   → 240/359: ✅ 0 взято | 🗑️ 29 мусор
2026-05-25 22:54:59,288 | INFO     |   → 241/359 ❌ HTTP 404 — https://raw.githubusercontent.com/koteey/Ms.Kerosin-VPN/main/proxies.txt
2026-05-25 22:54:59,288 | INFO     |   → 242/359: ✅ 534 взято | 🗑️ 1494 мусор
2026-05-25 22:54:59,288 | INFO     |   → 243/359: ✅ 1 взято | 🗑️ 121 мусор
2026-05-25 22:54:59,288 | INFO     |   → 244/359: ✅ 0 взято | 🗑️ 0 мусор
2026-05-25 22:54:59,288 | INFO     |   → 245/359: ✅ 0 взято | 🗑️ 421 мусор
2026-05-25 22:54:59,288 | INFO     |   → 246/359: ✅ 213 взято | 🗑️ 1155 мусор
2026-05-25 22:54:59,288 | INFO     |   → 247/359: ✅ 0 взято | 🗑️ 53 мусор
2026-05-25 22:54:59,288 | INFO     |   → 248/359: ✅ 146 взято | 🗑️ 343 мусор
2026-05-25 22:54:59,288 | INFO     |   → 249/359: ✅ 0 взято | 🗑️ 123 мусор
2026-05-25 22:54:59,288 | INFO     |   → 250/359: ✅ 0 взято | 🗑️ 123 мусор
2026-05-25 22:54:59,288 | INFO     |   → 251/359: ✅ 0 взято | 🗑️ 3892 мусор
2026-05-25 22:54:59,288 | INFO     |   → 252/359: ✅ 0 взято | 🗑️ 0 мусор
2026-05-25 22:54:59,288 | INFO     |   → 253/359: ✅ 0 взято | 🗑️ 3892 мусор
2026-05-25 22:54:59,288 | INFO     |   → 254/359: ✅ 20 взято | 🗑️ 370 мусор
2026-05-25 22:54:59,288 | INFO     |   → 255/359: ✅ 0 взято | 🗑️ 370 мусор
2026-05-25 22:54:59,288 | INFO     |   → 256/359: ✅ 699 взято | 🗑️ 6258 мусор
2026-05-25 22:54:59,288 | INFO     |   → 257/359: ✅ 8 взято | 🗑️ 853 мусор
2026-05-25 22:54:59,288 | INFO     |   → 258/359 ❌ HTTP 404 — https://raw.githubusercontent.com/mfuu/v2ray/master/merge/merge.txt
2026-05-25 22:54:59,288 | INFO     |   → 259/359: ✅ 570 взято | 🗑️ 14809 мусор
2026-05-25 22:54:59,288 | INFO     |   → 260/359: ✅ 0 взято | 🗑️ 5235 мусор
2026-05-25 22:54:59,289 | INFO     |   → 261/359 ❌ HTTP 404 — https://raw.githubusercontent.com/miladtahanian/V2RayCFGDumper/refs/heads/main/config.txt
2026-05-25 22:54:59,289 | INFO     |   → 262/359 ❌ HTTP 404 — https://raw.githubusercontent.com/miladtahanian/multi-proxy-config-fetcher/refs/heads/main/configs/proxy_configs.txt
2026-05-25 22:54:59,289 | INFO     |   → 263/359: ✅ 0 взято | 🗑️ 0 мусор
2026-05-25 22:54:59,289 | INFO     |   → 264/359: ✅ 15 взято | 🗑️ 46 мусор
2026-05-25 22:54:59,289 | INFO     |   → 265/359: ✅ 0 взято | 🗑️ 9 мусор
2026-05-25 22:54:59,289 | INFO     |   → 266/359: ✅ 0 взято | 🗑️ 217 мусор
2026-05-25 22:54:59,289 | INFO     |   → 267/359: ✅ 0 взято | 🗑️ 16 мусор
2026-05-25 22:54:59,289 | INFO     |   → 268/359: ✅ 28 взято | 🗑️ 93 мусор
2026-05-25 22:54:59,289 | INFO     |   → 269/359: ✅ 74 взято | 🗑️ 425 мусор
2026-05-25 22:54:59,289 | INFO     |   → 270/359: ✅ 168 взято | 🗑️ 330 мусор
2026-05-25 22:54:59,289 | INFO     |   → 271/359: ✅ 15 взято | 🗑️ 70 мусор
2026-05-25 22:54:59,289 | INFO     |   → 272/359: ✅ 126 взято | 🗑️ 492 мусор
2026-05-25 22:54:59,289 | INFO     |   → 273/359: ✅ 0 взято | 🗑️ 190 мусор
2026-05-25 22:54:59,289 | INFO     |   → 274/359: ✅ 72 взято | 🗑️ 2967 мусор
2026-05-25 22:54:59,289 | INFO     |   → 275/359: ✅ 57 взято | 🗑️ 2628 мусор
2026-05-25 22:54:59,289 | INFO     |   → 276/359: ✅ 17 взято | 🗑️ 435 мусор
2026-05-25 22:54:59,289 | INFO     |   → 277/359: ✅ 5 взято | 🗑️ 895 мусор
2026-05-25 22:54:59,289 | INFO     |   → 278/359: ✅ 1181 взято | 🗑️ 177 мусор
2026-05-25 22:54:59,289 | INFO     |   → 279/359 ❌ HTTP 404 — https://raw.githubusercontent.com/op30mmd/things/909b38024ba14d69dc0f95c238f63bc6e930a00f/eut.txt
2026-05-25 22:54:59,290 | INFO     |   → 280/359: ✅ 25 взято | 🗑️ 168 мусор
2026-05-25 22:54:59,290 | INFO     |   → 281/359: ✅ 4 взято | 🗑️ 3 мусор
2026-05-25 22:54:59,290 | INFO     |   → 282/359: ✅ 6703 взято | 🗑️ 35561 мусор
2026-05-25 22:54:59,290 | INFO     |   → 283/359: ✅ 0 взято | 🗑️ 76 мусор
2026-05-25 22:54:59,290 | INFO     |   → 284/359: ✅ 0 взято | 🗑️ 1 мусор
2026-05-25 22:54:59,290 | INFO     |   → 285/359: ✅ 0 взято | 🗑️ 44 мусор
2026-05-25 22:54:59,290 | INFO     |   → 286/359: ✅ 63 взято | 🗑️ 521 мусор
2026-05-25 22:54:59,290 | INFO     |   → 287/359: ✅ 165 взято | 🗑️ 273 мусор
2026-05-25 22:54:59,290 | INFO     |   → 288/359: ✅ 13 взято | 🗑️ 211 мусор
2026-05-25 22:54:59,290 | INFO     |   → 289/359: ✅ 0 взято | 🗑️ 103 мусор
2026-05-25 22:54:59,290 | INFO     |   → 290/359 ❌ HTTP 404 — https://raw.githubusercontent.com/sajad-sajadi/V2ray-Collector/raw/main/output/protocols/vmess.txt
2026-05-25 22:54:59,290 | INFO     |   → 291/359: ✅ 6406 взято | 🗑️ 2783 мусор
2026-05-25 22:54:59,290 | INFO     |   → 292/359 ❌ HTTP 404 — https://raw.githubusercontent.com/sakha1370/OpenRay/raw/refs/heads/main/output/all_valid_proxies.txt
2026-05-25 22:54:59,290 | INFO     |   → 293/359: ✅ 2 взято | 🗑️ 399 мусор
2026-05-25 22:54:59,290 | INFO     |   → 294/359 ❌ HTTP 404 — https://raw.githubusercontent.com/satrom/V2SSR/master/SSR/Sub.txt
2026-05-25 22:54:59,290 | INFO     |   → 295/359 ❌ HTTP 404 — https://raw.githubusercontent.com/satrom/V2SSR/master/V2RAY/Sub.txt
2026-05-25 22:54:59,290 | INFO     |   → 296/359: ✅ 2715 взято | 🗑️ 68881 мусор
2026-05-25 22:54:59,290 | INFO     |   → 297/359: ✅ 3 взято | 🗑️ 49 мусор
2026-05-25 22:54:59,291 | INFO     |   → 298/359: ✅ 0 взято | 🗑️ 1177 мусор
2026-05-25 22:54:59,291 | INFO     |   → 299/359 ❌ HTTP 404 — https://raw.githubusercontent.com/soroushmirzaei/telegram-configs-collector/main/splitted/subscribe
2026-05-25 22:54:59,291 | INFO     |   → 300/359 ❌ HTTP 404 — https://raw.githubusercontent.com/ssrsub/ssr/master/vless.txt
2026-05-25 22:54:59,291 | INFO     |   → 301/359: ✅ 2 взято | 🗑️ 12 мусор
2026-05-25 22:54:59,291 | INFO     |   → 302/359: ✅ 0 взято | 🗑️ 13 мусор
2026-05-25 22:54:59,291 | INFO     |   → 303/359: ✅ 0 взято | 🗑️ 13 мусор
2026-05-25 22:54:59,291 | INFO     |   → 304/359: ✅ 57 взято | 🗑️ 243 мусор
2026-05-25 22:54:59,291 | INFO     |   → 305/359: ✅ 45 взято | 🗑️ 255 мусор
2026-05-25 22:54:59,291 | INFO     |   → 306/359: ✅ 4 взято | 🗑️ 24 мусор
2026-05-25 22:54:59,291 | INFO     |   → 307/359: ✅ 29 взято | 🗑️ 271 мусор
2026-05-25 22:54:59,291 | INFO     |   → 308/359: ✅ 21 взято | 🗑️ 54 мусор
2026-05-25 22:54:59,291 | INFO     |   → 309/359: ✅ 85 взято | 🗑️ 115 мусор
2026-05-25 22:54:59,291 | INFO     |   → 310/359: ✅ 39 взято | 🗑️ 156 мусор
2026-05-25 22:54:59,291 | INFO     |   → 311/359: ✅ 247 взято | 🗑️ 53 мусор
2026-05-25 22:54:59,291 | INFO     |   → 312/359: ✅ 5 взято | 🗑️ 111 мусор
2026-05-25 22:54:59,291 | INFO     |   → 313/359 ❌ HTTP 404 — https://raw.githubusercontent.com/v2clash/Autoproxy/a81f840ab2364124133572ec94e4b81fb0d4e58d/sub/2401/240104.txt
2026-05-25 22:54:59,291 | INFO     |   → 314/359 ❌ HTTP 404 — https://raw.githubusercontent.com/v2clash/V2ray-Configs/31f493c584d0c7b56350f4a34d80c53ad82bcc18/Sub9.txt
2026-05-25 22:54:59,291 | INFO     |   → 315/359: ✅ 36 взято | 🗑️ 303 мусор
2026-05-25 22:54:59,291 | INFO     |   → 316/359 ❌ HTTP 404 — https://raw.githubusercontent.com/vsevjik/OBSpiskov/main/wwh
2026-05-25 22:54:59,292 | INFO     |   → 317/359 ❌ HTTP 404 — https://raw.githubusercontent.com/vsevjik/OBSpiskov/main/wwhjk
2026-05-25 22:54:59,292 | INFO     |   → 318/359 ❌ HTTP 404 — https://raw.githubusercontent.com/vsevjik/OBSpiskov/main/wwhljjjkk
2026-05-25 22:54:59,292 | INFO     |   → 319/359: ✅ 0 взято | 🗑️ 10 мусор
2026-05-25 22:54:59,292 | INFO     |   → 320/359: ✅ 107 взято | 🗑️ 689 мусор
2026-05-25 22:54:59,292 | INFO     |   → 321/359: ✅ 49 взято | 🗑️ 841 мусор
2026-05-25 22:54:59,292 | INFO     |   → 322/359: ✅ 21 взято | 🗑️ 789 мусор
2026-05-25 22:54:59,292 | INFO     |   → 323/359: ✅ 24 взято | 🗑️ 774 мусор
2026-05-25 22:54:59,292 | INFO     |   → 324/359: ✅ 52 взято | 🗑️ 756 мусор
2026-05-25 22:54:59,292 | INFO     |   → 325/359: ✅ 191 взято | 🗑️ 745 мусор
2026-05-25 22:54:59,292 | INFO     |   → 326/359: ✅ 9 взято | 🗑️ 651 мусор
2026-05-25 22:54:59,292 | INFO     |   → 327/359: ✅ 185 взято | 🗑️ 388 мусор
2026-05-25 22:54:59,292 | INFO     |   → 328/359: ✅ 130 взято | 🗑️ 523 мусор
2026-05-25 22:54:59,292 | INFO     |   → 329/359: ✅ 67 взято | 🗑️ 533 мусор
2026-05-25 22:54:59,292 | INFO     |   → 330/359: ✅ 98 взято | 🗑️ 444 мусор
2026-05-25 22:54:59,292 | INFO     |   → 331/359: ✅ 102 взято | 🗑️ 670 мусор
2026-05-25 22:54:59,292 | INFO     |   → 332/359: ✅ 86 взято | 🗑️ 476 мусор
2026-05-25 22:54:59,292 | INFO     |   → 333/359: ✅ 95 взято | 🗑️ 657 мусор
2026-05-25 22:54:59,292 | INFO     |   → 334/359: ✅ 105 взято | 🗑️ 645 мусор
2026-05-25 22:54:59,293 | INFO     |   → 335/359: ✅ 115 взято | 🗑️ 985 мусор
2026-05-25 22:54:59,293 | INFO     |   → 336/359: ✅ 19 взято | 🗑️ 489 мусор
2026-05-25 22:54:59,293 | INFO     |   → 337/359: ✅ 5 взято | 🗑️ 10 мусор
2026-05-25 22:54:59,293 | INFO     |   → 338/359: ✅ 1 взято | 🗑️ 124 мусор
2026-05-25 22:54:59,293 | INFO     |   → 339/359: ✅ 70 взято | 🗑️ 86 мусор
2026-05-25 22:54:59,293 | INFO     |   → 340/359: ✅ 59 взято | 🗑️ 1567 мусор
2026-05-25 22:54:59,293 | INFO     |   → 341/359: ✅ 0 взято | 🗑️ 1528 мусор
2026-05-25 22:54:59,293 | INFO     |   → 342/359: ✅ 0 взято | 🗑️ 15 мусор
2026-05-25 22:54:59,293 | INFO     |   → 343/359 ❌ HTTP 404 — https://raw.githubusercontent.com/xiaozhu2007/xiaozhu2007/61a755a044dbaeea678bc2d1e20f21a21c6d7170/docs/fxxk.txt
2026-05-25 22:54:59,293 | INFO     |   → 344/359 ❌ HTTP 404 — https://raw.githubusercontent.com/yebekhe/TVC/0f745f92bf381e505f1245abbc7c145b19b11503/config.txt
2026-05-25 22:54:59,293 | INFO     |   → 345/359 ❌ HTTP 404 — https://raw.githubusercontent.com/yebekhe/TVC/9fac69239c69327fb7a61f5a8d79d107133889e1/lite/config.txt
2026-05-25 22:54:59,293 | INFO     |   → 346/359 ❌ HTTP 404 — https://raw.githubusercontent.com/yebekhe/TelegramV2rayCollector/main/sub/normal/mix
2026-05-25 22:54:59,293 | INFO     |   → 347/359 ❌ HTTP 404 — https://raw.githubusercontent.com/yebekhe/TelegramV2rayCollector/main/sub/normal/vless
2026-05-25 22:54:59,293 | INFO     |   → 348/359 ❌ HTTP 404 — https://raw.githubusercontent.com/yebekhe/V2Hub/main/Split/Normal/shadowsocks
2026-05-25 22:54:59,293 | INFO     |   → 349/359 ❌ HTTP 404 — https://raw.githubusercontent.com/yebekhe/V2Hub/main/merged
2026-05-25 22:54:59,293 | INFO     |   → 350/359: ✅ 334 взято | 🗑️ 7264 мусор
2026-05-25 22:54:59,293 | INFO     |   → 351/359: ✅ 0 взято | 🗑️ 7264 мусор
2026-05-25 22:54:59,293 | INFO     |   → 352/359: ✅ 6 взято | 🗑️ 391 мусор
2026-05-25 22:54:59,293 | INFO     |   → 353/359: ✅ 8 взято | 🗑️ 261 мусор
2026-05-25 22:54:59,294 | INFO     |   → 354/359: ✅ 0 взято | 🗑️ 1378 мусор
2026-05-25 22:54:59,294 | INFO     |   → 355/359 ❌ HTTP 404 — https://raw.githubusercontent.com/yyyr-otz/tele-providers-collector/019cb3e07ee52fddbc7caa54fc670c6b9bae6539/sub/proxies.txt
2026-05-25 22:54:59,294 | INFO     |   → 356/359 ❌ HTTP 404 — https://raw.githubusercontent.com/yyyr-otz/tele-providers-collector/b7a74ee98bcf02c5a507d688a1bed3aa9f7f4ed1/script/raw/protocols/mixed.txt
2026-05-25 22:54:59,294 | INFO     |   → 357/359: ✅ 567 взято | 🗑️ 25 мусор
2026-05-25 22:54:59,294 | INFO     |   → 358/359: ✅ 13 взято | 🗑️ 14 мусор
2026-05-25 22:54:59,294 | INFO     |   → 359/359: ✅ 0 взято | 🗑️ 0 мусор
2026-05-25 22:54:59,294 | INFO     |   → ✅ ГОТОВО!
2026-05-25 22:54:59,294 | INFO     |   →    📥 Всего ключей после фильтра: 66911
2026-05-25 22:54:59,294 | INFO     |   →    🔗 Уникальных IP:PORT:SCHEME: 25389
2026-05-25 22:54:59,294 | INFO     |   →    🗑️ Выброшено мусора: 748423
2026-05-25 22:54:59,294 | INFO     |   → 📊 По протоколам:
2026-05-25 22:54:59,294 | INFO     |   →    vless: 11063
2026-05-25 22:54:59,294 | INFO     |   →    vmess: 2658
2026-05-25 22:54:59,294 | INFO     |   →    trojan: 6558
2026-05-25 22:54:59,294 | INFO     |   →    ss: 4861
2026-05-25 22:54:59,294 | INFO     |   →    hysteria: 17
2026-05-25 22:54:59,294 | INFO     |   →    hysteria2: 102
2026-05-25 22:54:59,294 | INFO     |   →    hy2: 77
2026-05-25 22:54:59,294 | INFO     |   →    tuic: 53
2026-05-25 22:54:59,295 | INFO     | ✅ mirror.py завершён успешно
2026-05-25 22:54:59,295 | INFO     | 
2026-05-25 22:54:59,295 | INFO     | 
2026-05-25 22:54:59,295 | INFO     | ──────────────────────────────────────────────────────────────────────
2026-05-25 22:54:59,295 | INFO     | 📌 ЭТАП: Генерация 50 уникальных CF-VLESS
2026-05-25 22:54:59,295 | INFO     | ──────────────────────────────────────────────────────────────────────
2026-05-25 22:54:59,295 | INFO     | 🚀 Запуск generate_cf_vless.py (50 новых CF-VLESS)...
2026-05-25 22:55:00,278 | INFO     |   → ======================================================================
2026-05-25 22:55:00,279 | INFO     |   → 🗺️  Генератор свежих VLESS-конфигов на IP Cloudflare
2026-05-25 22:55:00,279 | INFO     |   → ======================================================================
2026-05-25 22:55:00,279 | INFO     |   →   → Загружаем актуальные IP-диапазоны Cloudflare: https://www.cloudflare.com/ips-v4
2026-05-25 22:55:00,279 | INFO     |   →   → Найдено 15 IPv4 CIDR-блоков. Преобразуем их в IP-адреса...
2026-05-25 22:55:00,279 | INFO     |   → ✅ Успешно загружено и подготовлено 7500 IP-адресов для ротации.
2026-05-25 22:55:00,279 | INFO     |   → ✨ Сгенерировано и сохранено 50 VLESS-конфигов.
2026-05-25 22:55:00,279 | INFO     |   → 📂 Файл: /home/runner/work/vpn-vless-configs-russia/vpn-vless-configs-russia/githubmirror/new/cf_fresh.txt
2026-05-25 22:55:00,279 | INFO     |   → ======================================================================
2026-05-25 22:55:00,279 | INFO     | ✅ generate_cf_vless.py завершён успешно
2026-05-25 22:55:00,279 | INFO     | 
2026-05-25 22:55:00,279 | INFO     | 
2026-05-25 22:55:00,279 | INFO     | ──────────────────────────────────────────────────────────────────────
2026-05-25 22:55:00,279 | INFO     | 📌 ЭТАП: Слияние CF с основным списком
2026-05-25 22:55:00,279 | INFO     | ──────────────────────────────────────────────────────────────────────
2026-05-25 22:55:00,414 | INFO     | 🔄 Добавлено 50 новых CF-VLESS в /home/runner/work/vpn-vless-configs-russia/vpn-vless-configs-russia/githubmirror/clean/vless.txt
2026-05-25 22:55:00,414 | INFO     | 📊 Всего в clean/vless.txt теперь: 11113
2026-05-25 22:55:00,416 | INFO     | 
2026-05-25 22:55:00,416 | INFO     | 
2026-05-25 22:55:00,416 | INFO     | ──────────────────────────────────────────────────────────────────────
2026-05-25 22:55:00,416 | INFO     | 📌 ЭТАП: Фильтрация по реальному SNI
2026-05-25 22:55:00,416 | INFO     | ──────────────────────────────────────────────────────────────────────
2026-05-25 22:55:00,416 | INFO     | 🚀 Запуск filter_ru_sni.py (Фильтр по реальному SNI (CDN+RU))...
2026-05-25 22:55:01,083 | INFO     |   → hy2.txt: 77 → 21 (SNI-filtered)
2026-05-25 22:55:01,083 | INFO     |   →   hysteria.txt: 17 → 0 (SNI-filtered)
2026-05-25 22:55:01,083 | INFO     |   →   hysteria2.txt: 102 → 15 (SNI-filtered)
2026-05-25 22:55:01,083 | INFO     |   →   ss.txt: 4861 → 253 (SNI-filtered)
2026-05-25 22:55:01,083 | INFO     |   →   trojan.txt: 6558 → 17 (SNI-filtered)
2026-05-25 22:55:01,083 | INFO     |   →   tuic.txt: 53 → 0 (SNI-filtered)
2026-05-25 22:55:01,083 | INFO     |   →   vless.txt: 11113 → 1756 (SNI-filtered)
2026-05-25 22:55:01,083 | INFO     |   →   vmess.txt: 2658 → 27 (SNI-filtered)
2026-05-25 22:55:01,083 | INFO     |   → ==================================================
2026-05-25 22:55:01,083 | INFO     |   →   Всего входных:  25439
2026-05-25 22:55:01,083 | INFO     |   →   Прошли фильтр:  2089
2026-05-25 22:55:01,083 | INFO     |   →   Отброшено:      23350
2026-05-25 22:55:01,083 | INFO     |   → ==================================================
2026-05-25 22:55:01,083 | INFO     |   → Готово → /home/runner/work/vpn-vless-configs-russia/vpn-vless-configs-russia/githubmirror/ru-sni
2026-05-25 22:55:01,083 | INFO     | ✅ filter_ru_sni.py завершён успешно
2026-05-25 22:55:01,084 | INFO     | 
2026-05-25 22:55:01,084 | INFO     | 
2026-05-25 22:55:01,084 | INFO     | ──────────────────────────────────────────────────────────────────────
2026-05-25 22:55:01,084 | INFO     | 📌 ЭТАП: Экспериментальный RU-SNI фильтр
2026-05-25 22:55:01,084 | INFO     | ──────────────────────────────────────────────────────────────────────
2026-05-25 22:55:01,084 | INFO     | 🚀 Запуск filter_ru_sni_local.py (Экспериментальный фильтр по RU-SNI (локальные домены))...
2026-05-25 22:55:01,522 | INFO     |   → hy2.txt: 77 → 0 (RU-SNI)
2026-05-25 22:55:01,522 | INFO     |   → hysteria.txt: 17 → 0 (RU-SNI)
2026-05-25 22:55:01,522 | INFO     |   → hysteria2.txt: 102 → 0 (RU-SNI)
2026-05-25 22:55:01,522 | INFO     |   → ss.txt: 4861 → 64 (RU-SNI)
2026-05-25 22:55:01,522 | INFO     |   → trojan.txt: 6558 → 3 (RU-SNI)
2026-05-25 22:55:01,522 | INFO     |   → tuic.txt: 53 → 0 (RU-SNI)
2026-05-25 22:55:01,522 | INFO     |   → vless.txt: 11113 → 821 (RU-SNI)
2026-05-25 22:55:01,522 | INFO     |   → vmess.txt: 2658 → 2 (RU-SNI)
2026-05-25 22:55:01,522 | INFO     |   → ==================================================
2026-05-25 22:55:01,522 | INFO     |   → Всего входных:  25439
2026-05-25 22:55:01,522 | INFO     |   → Прошли RU-SNI:  890
2026-05-25 22:55:01,522 | INFO     |   → Отброшено:      24549
2026-05-25 22:55:01,522 | INFO     |   → ==================================================
2026-05-25 22:55:01,522 | INFO     |   → Готово → /home/runner/work/vpn-vless-configs-russia/vpn-vless-configs-russia/githubmirror/ru-sni-local
2026-05-25 22:55:01,522 | INFO     | ✅ filter_ru_sni_local.py завершён успешно
2026-05-25 22:55:01,522 | INFO     | 
2026-05-25 22:55:01,523 | INFO     | 
2026-05-25 22:55:01,523 | INFO     | ──────────────────────────────────────────────────────────────────────
2026-05-25 22:55:01,523 | INFO     | 📌 ЭТАП: Сбор статистики
2026-05-25 22:55:01,523 | INFO     | ──────────────────────────────────────────────────────────────────────
2026-05-25 22:55:01,523 | INFO     | 📊 Сбор статистики...
2026-05-25 22:55:01,523 | INFO     |   📁 githubmirror/clean:
2026-05-25 22:55:01,523 | INFO     |     • hy2         :    77 конфигов
2026-05-25 22:55:01,523 | INFO     |     • hysteria    :    17 конфигов
2026-05-25 22:55:01,524 | INFO     |     • hysteria2   :   102 конфигов
2026-05-25 22:55:01,527 | INFO     |     • ss          :  4861 конфигов
2026-05-25 22:55:01,531 | INFO     |     • trojan      :  6558 конфигов
2026-05-25 22:55:01,531 | INFO     |     • tuic        :    53 конфигов
2026-05-25 22:55:01,541 | INFO     |     • vless       : 11113 конфигов
2026-05-25 22:55:01,543 | INFO     |     • vmess       :  2658 конфигов
2026-05-25 22:55:01,543 | INFO     |   📁 githubmirror/ru-sni:
2026-05-25 22:55:01,543 | INFO     |     • hy2         :    21 конфигов ( 27.3% от clean)
2026-05-25 22:55:01,544 | INFO     |     • hysteria    :     0 конфигов (  0.0% от clean)
2026-05-25 22:55:01,544 | INFO     |     • hysteria2   :    15 конфигов ( 14.7% от clean)
2026-05-25 22:55:01,544 | INFO     |     • ss          :   253 конфигов (  5.2% от clean)
2026-05-25 22:55:01,544 | INFO     |     • trojan      :    17 конфигов (  0.3% от clean)
2026-05-25 22:55:01,545 | INFO     |     • tuic        :     0 конфигов (  0.0% от clean)
2026-05-25 22:55:01,546 | INFO     |     • vless       :  1756 конфигов ( 15.8% от clean)
2026-05-25 22:55:01,547 | INFO     |     • vmess       :    27 конфигов (  1.0% от clean)
2026-05-25 22:55:01,547 | INFO     |   ✨ Новых CF-VLESS в этом запуске: 50
2026-05-25 22:55:01,547 | INFO     | 
2026-05-25 22:55:01,547 | INFO     |   ──────────────────────────────────────────────────
2026-05-25 22:55:01,547 | INFO     |   📈 ИТОГО:
2026-05-25 22:55:01,547 | INFO     |     Clean (после geo-фильтра):    25439
2026-05-25 22:55:01,547 | INFO     |     RU-SNI (после SNI-фильтра):    2089
2026-05-25 22:55:01,547 | INFO     |     Прошло фильтр:                  8.2%
2026-05-25 22:55:01,547 | INFO     |   ──────────────────────────────────────────────────
2026-05-25 22:55:01,548 | INFO     | ✅ Статистика сохранена: /home/runner/work/vpn-vless-configs-russia/vpn-vless-configs-russia/stats.json
2026-05-25 22:55:01,548 | INFO     | 
2026-05-25 22:55:01,548 | INFO     | ======================================================================
2026-05-25 22:55:01,548 | INFO     | 📊 ИТОГОВЫЙ ОТЧЁТ
2026-05-25 22:55:01,548 | INFO     | ======================================================================
2026-05-25 22:55:01,548 | INFO     |   ✅ OK         | Загрузка и geo-фильтрация
2026-05-25 22:55:01,548 | INFO     |   ✅ OK         | Генерация 50 уникальных CF-VLESS
2026-05-25 22:55:01,548 | INFO     |   ✅ OK         | Слияние CF с основным списком
2026-05-25 22:55:01,548 | INFO     |   ✅ OK         | Фильтрация по реальному SNI
2026-05-25 22:55:01,548 | INFO     |   ✅ OK         | Экспериментальный RU-SNI фильтр
2026-05-25 22:55:01,548 | INFO     |   ✅ OK         | Сбор статистики
2026-05-25 22:55:01,548 | INFO     | ──────────────────────────────────────────────────────────────────────
2026-05-25 22:55:01,548 | INFO     | ✅ ВСЕ ЭТАПЫ УСПЕШНЫ (6/6)
2026-05-25 22:55:01,548 | INFO     | ⏰ Время завершения: 2026-05-25 22:55:01
2026-05-25 22:55:01,548 | INFO     | ======================================================================
