2026-05-07 08:44:49,063 | INFO     | ======================================================================
2026-05-07 08:44:49,063 | INFO     | 🔍 VPN KEY CHECKER - Начало проверки
2026-05-07 08:44:49,063 | INFO     | ⏰ Время старта: 2026-05-07 08:44:49
2026-05-07 08:44:49,063 | INFO     | 📂 Рабочая директория: /home/runner/work/vpn-vless-configs-russia/vpn-vless-configs-russia
2026-05-07 08:44:49,063 | INFO     | ======================================================================
2026-05-07 08:44:49,063 | INFO     | 
2026-05-07 08:44:49,063 | INFO     | 🔍 Проверка наличия скриптов...
2026-05-07 08:44:49,063 | INFO     |   ✅ mirror.py
2026-05-07 08:44:49,064 | INFO     |   ✅ filter_ru_sni.py
2026-05-07 08:44:49,064 | INFO     |   ✅ filter_ru_sni_local.py
2026-05-07 08:44:49,064 | INFO     | 
2026-05-07 08:44:49,064 | INFO     | 
2026-05-07 08:44:49,064 | INFO     | ──────────────────────────────────────────────────────────────────────
2026-05-07 08:44:49,064 | INFO     | 📌 ЭТАП: Загрузка и geo-фильтрация
2026-05-07 08:44:49,064 | INFO     | ──────────────────────────────────────────────────────────────────────
2026-05-07 08:44:49,064 | INFO     | 🚀 Запуск mirror.py (Загрузка и фильтрация по РФ/СНГ/Европа)...
2026-05-07 08:45:17,217 | INFO     |   → 🚀 Старт: всего источников (старые + новые): 357
2026-05-07 08:45:17,217 | INFO     |   → 1/357: ✅ 0 взято | 🗑️ 0 мусор
2026-05-07 08:45:17,217 | INFO     |   → 2/357: ✅ 0 взято | 🗑️ 0 мусор
2026-05-07 08:45:17,217 | INFO     |   → 3/357: ✅ 4 взято | 🗑️ 147 мусор
2026-05-07 08:45:17,217 | INFO     |   → 4/357: ✅ 0 взято | 🗑️ 0 мусор
2026-05-07 08:45:17,217 | INFO     |   → 5/357: ✅ 5 взято | 🗑️ 15 мусор
2026-05-07 08:45:17,217 | INFO     |   → 6/357: ✅ 0 взято | 🗑️ 15 мусор
2026-05-07 08:45:17,217 | INFO     |   → 7/357: ✅ 548 взято | 🗑️ 3914 мусор
2026-05-07 08:45:17,217 | INFO     |   → 8/357: ✅ 3 взято | 🗑️ 351 мусор
2026-05-07 08:45:17,217 | INFO     |   → 9/357: ✅ 317 взято | 🗑️ 3126 мусор
2026-05-07 08:45:17,217 | INFO     |   → 10/357: ✅ 601 взято | 🗑️ 888 мусор
2026-05-07 08:45:17,217 | INFO     |   → 11/357: ✅ 32 взято | 🗑️ 5 мусор
2026-05-07 08:45:17,217 | INFO     |   → 12/357: ✅ 100 взято | 🗑️ 381 мусор
2026-05-07 08:45:17,217 | INFO     |   → 13/357: ✅ 53 взято | 🗑️ 444 мусор
2026-05-07 08:45:17,217 | INFO     |   → 14/357: ✅ 79 взято | 🗑️ 121 мусор
2026-05-07 08:45:17,217 | INFO     |   → 15/357: ✅ 27 взято | 🗑️ 173 мусор
2026-05-07 08:45:17,217 | INFO     |   → 16/357: ✅ 114 взято | 🗑️ 86 мусор
2026-05-07 08:45:17,217 | INFO     |   → 17/357: ✅ 93 взято | 🗑️ 107 мусор
2026-05-07 08:45:17,217 | INFO     |   → 18/357: ✅ 105 взято | 🗑️ 95 мусор
2026-05-07 08:45:17,218 | INFO     |   → 19/357: ✅ 97 взято | 🗑️ 103 мусор
2026-05-07 08:45:17,218 | INFO     |   → 20/357: ✅ 19 взято | 🗑️ 319 мусор
2026-05-07 08:45:17,218 | INFO     |   → 21/357: ✅ 19 взято | 🗑️ 81 мусор
2026-05-07 08:45:17,218 | INFO     |   → 22/357: ✅ 11 взято | 🗑️ 87 мусор
2026-05-07 08:45:17,218 | INFO     |   → 23/357: ✅ 27 взято | 🗑️ 73 мусор
2026-05-07 08:45:17,218 | INFO     |   → 24/357: ✅ 13 взято | 🗑️ 75 мусор
2026-05-07 08:45:17,218 | INFO     |   → 25/357: ✅ 10 взято | 🗑️ 83 мусор
2026-05-07 08:45:17,218 | INFO     |   → 26/357: ✅ 12 взято | 🗑️ 86 мусор
2026-05-07 08:45:17,218 | INFO     |   → 27/357: ✅ 11 взято | 🗑️ 87 мусор
2026-05-07 08:45:17,218 | INFO     |   → 28/357: ✅ 11 взято | 🗑️ 80 мусор
2026-05-07 08:45:17,218 | INFO     |   → 29/357: ✅ 9 взято | 🗑️ 82 мусор
2026-05-07 08:45:17,218 | INFO     |   → 30/357: ✅ 69 взято | 🗑️ 3 мусор
2026-05-07 08:45:17,218 | INFO     |   → 31/357: ✅ 3 взято | 🗑️ 75 мусор
2026-05-07 08:45:17,218 | INFO     |   → 32/357: ✅ 4 взято | 🗑️ 69 мусор
2026-05-07 08:45:17,218 | INFO     |   → 33/357: ✅ 4 взято | 🗑️ 80 мусор
2026-05-07 08:45:17,218 | INFO     |   → 34/357: ✅ 6 взято | 🗑️ 81 мусор
2026-05-07 08:45:17,218 | INFO     |   → 35/357: ✅ 5 взято | 🗑️ 79 мусор
2026-05-07 08:45:17,218 | INFO     |   → 36/357: ✅ 11 взято | 🗑️ 78 мусор
2026-05-07 08:45:17,218 | INFO     |   → 37/357: ✅ 3 взято | 🗑️ 83 мусор
2026-05-07 08:45:17,218 | INFO     |   → 38/357: ✅ 14 взято | 🗑️ 76 мусор
2026-05-07 08:45:17,218 | INFO     |   → 39/357: ✅ 12 взято | 🗑️ 78 мусор
2026-05-07 08:45:17,218 | INFO     |   → 40/357: ✅ 26 взято | 🗑️ 218 мусор
2026-05-07 08:45:17,218 | INFO     |   → 41/357: ✅ 44 взято | 🗑️ 141 мусор
2026-05-07 08:45:17,218 | INFO     |   → 42/357: ✅ 10 взято | 🗑️ 71 мусор
2026-05-07 08:45:17,219 | INFO     |   → 43/357: ✅ 2 взято | 🗑️ 88 мусор
2026-05-07 08:45:17,219 | INFO     |   → 44/357: ✅ 0 взято | 🗑️ 3 мусор
2026-05-07 08:45:17,219 | INFO     |   → 45/357: ✅ 14 взято | 🗑️ 4 мусор
2026-05-07 08:45:17,219 | INFO     |   → 46/357: ✅ 679 взято | 🗑️ 2539 мусор
2026-05-07 08:45:17,219 | INFO     |   → 47/357 ❌ HTTP 404 — https://raw.githubusercontent.com/AmirHDevo/temp2/7f15e7ddb311a6f8c5ab338bd1af0e1f2136a84b/configs.txt
2026-05-07 08:45:17,219 | INFO     |   → 48/357: ✅ 155 взято | 🗑️ 2157 мусор
2026-05-07 08:45:17,219 | INFO     |   → 49/357: ✅ 4 взято | 🗑️ 54 мусор
2026-05-07 08:45:17,219 | INFO     |   → 50/357: ✅ 925 взято | 🗑️ 20550 мусор
2026-05-07 08:45:17,219 | INFO     |   → 51/357: ✅ 5 взято | 🗑️ 47 мусор
2026-05-07 08:45:17,219 | INFO     |   → 52/357: ✅ 48 взято | 🗑️ 504 мусор
2026-05-07 08:45:17,219 | INFO     |   → 53/357: ✅ 339 взято | 🗑️ 1542 мусор
2026-05-07 08:45:17,219 | INFO     |   → 54/357: ✅ 1 взято | 🗑️ 235 мусор
2026-05-07 08:45:17,219 | INFO     |   → 55/357: ✅ 49 взято | 🗑️ 86 мусор
2026-05-07 08:45:17,219 | INFO     |   → 56/357: ✅ 0 взято | 🗑️ 16 мусор
2026-05-07 08:45:17,219 | INFO     |   → 57/357: ✅ 0 взято | 🗑️ 15 мусор
2026-05-07 08:45:17,219 | INFO     |   → 58/357: ✅ 4 взято | 🗑️ 164 мусор
2026-05-07 08:45:17,219 | INFO     |   → 59/357: ✅ 0 взято | 🗑️ 15 мусор
2026-05-07 08:45:17,219 | INFO     |   → 60/357: ✅ 0 взято | 🗑️ 15 мусор
2026-05-07 08:45:17,219 | INFO     |   → 61/357: ✅ 26 взято | 🗑️ 331 мусор
2026-05-07 08:45:17,219 | INFO     |   → 62/357: ✅ 66 взято | 🗑️ 19 мусор
2026-05-07 08:45:17,219 | INFO     |   → 63/357: ✅ 80 взято | 🗑️ 1110 мусор
2026-05-07 08:45:17,219 | INFO     |   → 64/357: ✅ 14 взято | 🗑️ 821 мусор
2026-05-07 08:45:17,219 | INFO     |   → 65/357 ❌ HTTP 404 — https://raw.githubusercontent.com/Egkaz/Proxy-list-20k-server/main/stable.txt
2026-05-07 08:45:17,219 | INFO     |   → 66/357: ✅ 5 взято | 🗑️ 13 мусор
2026-05-07 08:45:17,219 | INFO     |   → 67/357 ❌ HTTP 404 — https://raw.githubusercontent.com/Epodonios/v2ray-configs/raw/main/Splitted-By-Protocol/trojan.txt
2026-05-07 08:45:17,219 | INFO     |   → 68/357 ❌ HTTP 404 — https://raw.githubusercontent.com/Epodonios/v2ray-configs/raw/main/Splitted-By-Protocol/vmess.txt
2026-05-07 08:45:17,220 | INFO     |   → 69/357: ✅ 721 взято | 🗑️ 1221 мусор
2026-05-07 08:45:17,220 | INFO     |   → 70/357: ✅ 0 взято | 🗑️ 124 мусор
2026-05-07 08:45:17,220 | INFO     |   → 71/357: ✅ 0 взято | 🗑️ 798 мусор
2026-05-07 08:45:17,220 | INFO     |   → 72/357: ✅ 1015 взято | 🗑️ 382 мусор
2026-05-07 08:45:17,220 | INFO     |   → 73/357: ✅ 109 взято | 🗑️ 7 мусор
2026-05-07 08:45:17,220 | INFO     |   → 74/357: ✅ 8 взято | 🗑️ 334 мусор
2026-05-07 08:45:17,220 | INFO     |   → 75/357 ❌ HTTP 404 — https://raw.githubusercontent.com/Fido6/FreeNodes/57221e59caddde55ffdda21d491ae952cd608049/nodes/halekj.txt
2026-05-07 08:45:17,220 | INFO     |   → 76/357 ❌ HTTP 404 — https://raw.githubusercontent.com/Fido6/FreeNodes/57221e59caddde55ffdda21d491ae952cd608049/nodes/kkzui.txt
2026-05-07 08:45:17,220 | INFO     |   → 77/357 ❌ HTTP 404 — https://raw.githubusercontent.com/Fido6/FreeNodes/57221e59caddde55ffdda21d491ae952cd608049/nodes/wenode.txt
2026-05-07 08:45:17,220 | INFO     |   → 78/357: ✅ 54 взято | 🗑️ 432 мусор
2026-05-07 08:45:17,220 | INFO     |   → 79/357: ✅ 11 взято | 🗑️ 74 мусор
2026-05-07 08:45:17,220 | INFO     |   → 80/357: ✅ 351 взято | 🗑️ 1408 мусор
2026-05-07 08:45:17,220 | INFO     |   → 81/357: ✅ 206 взято | 🗑️ 586 мусор
2026-05-07 08:45:17,220 | INFO     |   → 82/357: ✅ 498 взято | 🗑️ 4017 мусор
2026-05-07 08:45:17,220 | INFO     |   → 83/357: ✅ 63 взято | 🗑️ 715 мусор
2026-05-07 08:45:17,220 | INFO     |   → 84/357: ✅ 14 взято | 🗑️ 250 мусор
2026-05-07 08:45:17,220 | INFO     |   → 85/357: ✅ 3 взято | 🗑️ 14 мусор
2026-05-07 08:45:17,220 | INFO     |   → 86/357: ✅ 15 взято | 🗑️ 0 мусор
2026-05-07 08:45:17,220 | INFO     |   → 87/357: ✅ 0 взято | 🗑️ 609 мусор
2026-05-07 08:45:17,220 | INFO     |   → 88/357: ✅ 18 взято | 🗑️ 63 мусор
2026-05-07 08:45:17,220 | INFO     |   → 89/357: ✅ 588 взято | 🗑️ 97 мусор
2026-05-07 08:45:17,220 | INFO     |   → 90/357: ✅ 513 взято | 🗑️ 209 мусор
2026-05-07 08:45:17,220 | INFO     |   → 91/357: ✅ 78 взято | 🗑️ 328 мусор
2026-05-07 08:45:17,220 | INFO     |   → 92/357: ✅ 5973 взято | 🗑️ 46237 мусор
2026-05-07 08:45:17,220 | INFO     |   → 93/357: ✅ 0 взято | 🗑️ 35 мусор
2026-05-07 08:45:17,220 | INFO     |   → 94/357: ✅ 0 взято | 🗑️ 9698 мусор
2026-05-07 08:45:17,221 | INFO     |   → 95/357: ✅ 0 взято | 🗑️ 31035 мусор
2026-05-07 08:45:17,221 | INFO     |   → 96/357: ✅ 0 взято | 🗑️ 5 мусор
2026-05-07 08:45:17,221 | INFO     |   → 97/357: ✅ 0 взято | 🗑️ 4 мусор
2026-05-07 08:45:17,221 | INFO     |   → 98/357: ✅ 1 взято | 🗑️ 51 мусор
2026-05-07 08:45:17,221 | INFO     |   → 99/357: ✅ 0 взято | 🗑️ 8 мусор
2026-05-07 08:45:17,221 | INFO     |   → 100/357 ❌ HTTP 404 — https://raw.githubusercontent.com/Kwinshadow/TelegramV2rayCollector/raw/refs/heads/main/sublinks/mix.txt
2026-05-07 08:45:17,221 | INFO     |   → 101/357 ❌ HTTP 404 — https://raw.githubusercontent.com/LalatinaHub/Mineral/raw/refs/heads/master/result/nodes
2026-05-07 08:45:17,221 | INFO     |   → 102/357: ✅ 4 взято | 🗑️ 1 мусор
2026-05-07 08:45:17,221 | INFO     |   → 103/357: ✅ 0 взято | 🗑️ 147 мусор
2026-05-07 08:45:17,221 | INFO     |   → 104/357 ❌ HTTP 404 — https://raw.githubusercontent.com/M-Mashreghi/free-config-collector/main/Splitted-By-Protocol/ssr.txt
2026-05-07 08:45:17,221 | INFO     |   → 105/357: ✅ 139 взято | 🗑️ 114 мусор
2026-05-07 08:45:17,221 | INFO     |   → 106/357: ✅ 126 взято | 🗑️ 137 мусор
2026-05-07 08:45:17,221 | INFO     |   → 107/357: ✅ 25 взято | 🗑️ 13 мусор
2026-05-07 08:45:17,221 | INFO     |   → 108/357: ✅ 0 взято | 🗑️ 1 мусор
2026-05-07 08:45:17,221 | INFO     |   → 109/357: ✅ 321 взято | 🗑️ 3628 мусор
2026-05-07 08:45:17,221 | INFO     |   → 110/357: ✅ 24 взято | 🗑️ 170 мусор
2026-05-07 08:45:17,221 | INFO     |   → 111/357: ✅ 14 взято | 🗑️ 437 мусор
2026-05-07 08:45:17,221 | INFO     |   → 112/357: ✅ 8 взято | 🗑️ 319 мусор
2026-05-07 08:45:17,221 | INFO     |   → 113/357: ✅ 5 взято | 🗑️ 81 мусор
2026-05-07 08:45:17,221 | INFO     |   → 114/357 ❌ HTTP 404 — https://raw.githubusercontent.com/MhdiTaheri/V2rayCollector/raw/refs/heads/main/sub/mix
2026-05-07 08:45:17,221 | INFO     |   → 115/357: ✅ 53 взято | 🗑️ 267 мусор
2026-05-07 08:45:17,221 | INFO     |   → 116/357 ❌ HTTP 404 — https://raw.githubusercontent.com/MhdiTaheri/V2rayCollector_Py/raw/refs/heads/main/sub/Mix/mix.txt
2026-05-07 08:45:17,221 | INFO     |   → 117/357: ✅ 92 взято | 🗑️ 282 мусор
2026-05-07 08:45:17,221 | INFO     |   → 118/357: ✅ 2 взято | 🗑️ 10 мусор
2026-05-07 08:45:17,221 | INFO     |   → 119/357 ❌ HTTP 404 — https://raw.githubusercontent.com/MrMohebi/xray-proxy-grabber-telegram/master/collected-proxies/row-url/actives.txt
2026-05-07 08:45:17,221 | INFO     |   → 120/357 ❌ HTTP 404 — https://raw.githubusercontent.com/MrMohebi/xray-proxy-grabber-telegram/master/collected-proxies/row-url/all.txt
2026-05-07 08:45:17,222 | INFO     |   → 121/357: ✅ 66 взято | 🗑️ 123 мусор
2026-05-07 08:45:17,222 | INFO     |   → 122/357: ✅ 175 взято | 🗑️ 582 мусор
2026-05-07 08:45:17,222 | INFO     |   → 123/357 ❌ HTTP 404 — https://raw.githubusercontent.com/OpenCNLink/freevpn/3cfcff048bfdd1493ccffa52ecf30ce7f9fc6b28/src/list/vmess.txt
2026-05-07 08:45:17,222 | INFO     |   → 124/357: ✅ 1 взято | 🗑️ 8 мусор
2026-05-07 08:45:17,222 | INFO     |   → 125/357: ✅ 3 взято | 🗑️ 58 мусор
2026-05-07 08:45:17,222 | INFO     |   → 126/357 ❌ HTTP 404 — https://raw.githubusercontent.com/RKPchannel/RKP_bypass_configs/main/configs
2026-05-07 08:45:17,222 | INFO     |   → 127/357: ✅ 0 взято | 🗑️ 35 мусор
2026-05-07 08:45:17,222 | INFO     |   → 128/357: ✅ 0 взято | 🗑️ 0 мусор
2026-05-07 08:45:17,222 | INFO     |   → 129/357: ✅ 0 взято | 🗑️ 50 мусор
2026-05-07 08:45:17,222 | INFO     |   → 130/357 ❌ HTTP 404 — https://raw.githubusercontent.com/STR97/STRUGOV/main/BYPASS
2026-05-07 08:45:17,222 | INFO     |   → 131/357 ❌ HTTP 404 — https://raw.githubusercontent.com/STR97/STRUGOV/main/CUSTOM
2026-05-07 08:45:17,222 | INFO     |   → 132/357 ❌ HTTP 404 — https://raw.githubusercontent.com/STR97/STRUGOV/main/STR
2026-05-07 08:45:17,222 | INFO     |   → 133/357 ❌ HTTP 404 — https://raw.githubusercontent.com/STR97/STRUGOV/main/STR.BYPASS
2026-05-07 08:45:17,222 | INFO     |   → 134/357 ❌ HTTP 404 — https://raw.githubusercontent.com/STR97/STRUGOV/main/Vless
2026-05-07 08:45:17,222 | INFO     |   → 135/357 ❌ HTTP 404 — https://raw.githubusercontent.com/STR97/STRUGOV/refs/heads/main/STR.BYPASS
2026-05-07 08:45:17,222 | INFO     |   → 136/357: ✅ 4 взято | 🗑️ 34 мусор
2026-05-07 08:45:17,222 | INFO     |   → 137/357: ✅ 0 взято | 🗑️ 27 мусор
2026-05-07 08:45:17,222 | INFO     |   → 138/357: ✅ 140 взято | 🗑️ 1153 мусор
2026-05-07 08:45:17,222 | INFO     |   → 139/357: ✅ 62 взято | 🗑️ 2427 мусор
2026-05-07 08:45:17,222 | INFO     |   → 140/357: ✅ 11 взято | 🗑️ 1004 мусор
2026-05-07 08:45:17,222 | INFO     |   → 141/357: ✅ 108 взято | 🗑️ 2945 мусор
2026-05-07 08:45:17,222 | INFO     |   → 142/357: ✅ 194 взято | 🗑️ 525 мусор
2026-05-07 08:45:17,222 | INFO     |   → 143/357: ✅ 67 взято | 🗑️ 4641 мусор
2026-05-07 08:45:17,222 | INFO     |   → 144/357: ✅ 76 взято | 🗑️ 362 мусор
2026-05-07 08:45:17,222 | INFO     |   → 145/357: ✅ 0 взято | 🗑️ 0 мусор
2026-05-07 08:45:17,222 | INFO     |   → 146/357: ✅ 0 взято | 🗑️ 0 мусор
2026-05-07 08:45:17,222 | INFO     |   → 147/357: ✅ 28 взято | 🗑️ 1356 мусор
2026-05-07 08:45:17,223 | INFO     |   → 148/357: ✅ 1 взято | 🗑️ 56 мусор
2026-05-07 08:45:17,223 | INFO     |   → 149/357: ✅ 10 взято | 🗑️ 1119 мусор
2026-05-07 08:45:17,223 | INFO     |   → 150/357: ✅ 0 взято | 🗑️ 50 мусор
2026-05-07 08:45:17,223 | INFO     |   → 151/357 ❌ HTTP 404 — https://raw.githubusercontent.com/Syavar/V2ray-Configs/main/OK_TLS_activision.com.txt
2026-05-07 08:45:17,223 | INFO     |   → 152/357: ✅ 4 взято | 🗑️ 5 мусор
2026-05-07 08:45:17,223 | INFO     |   → 153/357: ✅ 4 взято | 🗑️ 5 мусор
2026-05-07 08:45:17,223 | INFO     |   → 154/357: ✅ 4 взято | 🗑️ 5 мусор
2026-05-07 08:45:17,223 | INFO     |   → 155/357: ✅ 4 взято | 🗑️ 5 мусор
2026-05-07 08:45:17,223 | INFO     |   → 156/357 ❌ HTTP 404 — https://raw.githubusercontent.com/Syavar/V2ray-Configs/main/OK_TLS_viber.com.txt
2026-05-07 08:45:17,223 | INFO     |   → 157/357: ✅ 4 взято | 🗑️ 5 мусор
2026-05-07 08:45:17,223 | INFO     |   → 158/357: ✅ 4 взято | 🗑️ 5 мусор
2026-05-07 08:45:17,223 | INFO     |   → 159/357 ❌ HTTP 404 — https://raw.githubusercontent.com/Syavar/V2ray-Configs/main/OK_activision.com.txt
2026-05-07 08:45:17,223 | INFO     |   → 160/357 ❌ HTTP 404 — https://raw.githubusercontent.com/Syavar/V2ray-Configs/main/OK_css.rbxcdn.com.txt
2026-05-07 08:45:17,223 | INFO     |   → 161/357 ❌ HTTP 404 — https://raw.githubusercontent.com/Syavar/V2ray-Configs/main/OK_google.com.txt
2026-05-07 08:45:17,223 | INFO     |   → 162/357 ❌ HTTP 404 — https://raw.githubusercontent.com/Syavar/V2ray-Configs/main/OK_speedtest.tinkoff.ru.txt
2026-05-07 08:45:17,223 | INFO     |   → 163/357 ❌ HTTP 404 — https://raw.githubusercontent.com/Syavar/V2ray-Configs/main/OK_telegram.org.txt
2026-05-07 08:45:17,223 | INFO     |   → 164/357 ❌ HTTP 404 — https://raw.githubusercontent.com/Syavar/V2ray-Configs/main/OK_viber.com.txt
2026-05-07 08:45:17,223 | INFO     |   → 165/357 ❌ HTTP 404 — https://raw.githubusercontent.com/Syavar/V2ray-Configs/main/OK_vk.com.txt
2026-05-07 08:45:17,223 | INFO     |   → 166/357 ❌ HTTP 404 — https://raw.githubusercontent.com/Syavar/V2ray-Configs/main/OK_whatsapp.com.txt
2026-05-07 08:45:17,223 | INFO     |   → 167/357: ✅ 692 взято | 🗑️ 1021 мусор
2026-05-07 08:45:17,223 | INFO     |   → 168/357: ✅ 4 взято | 🗑️ 291 мусор
2026-05-07 08:45:17,223 | INFO     |   → 169/357: ✅ 17 взято | 🗑️ 3 мусор
2026-05-07 08:45:17,223 | INFO     |   → 170/357: ✅ 8 взято | 🗑️ 6 мусор
2026-05-07 08:45:17,223 | INFO     |   → 171/357: ✅ 0 взято | 🗑️ 16 мусор
2026-05-07 08:45:17,223 | INFO     |   → 172/357: ✅ 3 взято | 🗑️ 17 мусор
2026-05-07 08:45:17,223 | INFO     |   → 173/357: ✅ 7 взято | 🗑️ 11 мусор
2026-05-07 08:45:17,223 | INFO     |   → 174/357: ✅ 4 взято | 🗑️ 13 мусор
2026-05-07 08:45:17,224 | INFO     |   → 175/357: ✅ 3 взято | 🗑️ 13 мусор
2026-05-07 08:45:17,224 | INFO     |   → 176/357: ✅ 2 взято | 🗑️ 17 мусор
2026-05-07 08:45:17,224 | INFO     |   → 177/357: ✅ 0 взято | 🗑️ 17 мусор
2026-05-07 08:45:17,224 | INFO     |   → 178/357: ✅ 0 взято | 🗑️ 20 мусор
2026-05-07 08:45:17,224 | INFO     |   → 179/357: ✅ 34 взято | 🗑️ 148 мусор
2026-05-07 08:45:17,224 | INFO     |   → 180/357: ✅ 0 взято | 🗑️ 5 мусор
2026-05-07 08:45:17,224 | INFO     |   → 181/357: ✅ 12 взято | 🗑️ 76 мусор
2026-05-07 08:45:17,224 | INFO     |   → 182/357: ✅ 123 взято | 🗑️ 432 мусор
2026-05-07 08:45:17,224 | INFO     |   → 183/357: ✅ 4 взято | 🗑️ 114 мусор
2026-05-07 08:45:17,224 | INFO     |   → 184/357: ✅ 21 взято | 🗑️ 51 мусор
2026-05-07 08:45:17,224 | INFO     |   → 185/357: ✅ 0 взято | 🗑️ 1092 мусор
2026-05-07 08:45:17,224 | INFO     |   → 186/357: ✅ 0 взято | 🗑️ 923 мусор
2026-05-07 08:45:17,224 | INFO     |   → 187/357: ✅ 19 взято | 🗑️ 68 мусор
2026-05-07 08:45:17,224 | INFO     |   → 188/357 ❌ HTTP 404 — https://raw.githubusercontent.com/awesome-vpn/awesome-vpn/master/ss
2026-05-07 08:45:17,224 | INFO     |   → 189/357: ✅ 6 взято | 🗑️ 2756 мусор
2026-05-07 08:45:17,224 | INFO     |   → 190/357: ✅ 0 взято | 🗑️ 307 мусор
2026-05-07 08:45:17,224 | INFO     |   → 191/357: ✅ 0 взято | 🗑️ 2227 мусор
2026-05-07 08:45:17,224 | INFO     |   → 192/357: ✅ 0 взято | 🗑️ 98 мусор
2026-05-07 08:45:17,224 | INFO     |   → 193/357 ❌ HTTP 404 — https://raw.githubusercontent.com/barry-far/V2ray-Configs/ced94ddfff48276ec365b40227561f36b1b64bc8/Sub5.txt
2026-05-07 08:45:17,224 | INFO     |   → 194/357 ❌ HTTP 404 — https://raw.githubusercontent.com/barry-far/V2ray-Configs/main/Splitted-By-Protocol/vless.txt
2026-05-07 08:45:17,224 | INFO     |   → 195/357 ❌ HTTP 404 — https://raw.githubusercontent.com/barry-far/V2ray-Configs/main/Sub1.txt
2026-05-07 08:45:17,224 | INFO     |   → 196/357: ✅ 0 взято | 🗑️ 307 мусор
2026-05-07 08:45:17,224 | INFO     |   → 197/357: ✅ 0 взято | 🗑️ 2227 мусор
2026-05-07 08:45:17,224 | INFO     |   → 198/357: ✅ 0 взято | 🗑️ 98 мусор
2026-05-07 08:45:17,224 | INFO     |   → 199/357 ❌ HTTP 404 — https://raw.githubusercontent.com/bywarm/whitelists-vpns-etc/main/whitelists1-4pda.txt
2026-05-07 08:45:17,225 | INFO     |   → 200/357: ✅ 5 взято | 🗑️ 57 мусор
2026-05-07 08:45:17,225 | INFO     |   → 201/357 ❌ HTTP 404 — https://raw.githubusercontent.com/chxxyz2004/zd/17fca23b73c46b5dd73e9be49b14d219b5e5f836/sub/2401/240110.txt
2026-05-07 08:45:17,225 | INFO     |   → 202/357: ✅ 356 взято | 🗑️ 5284 мусор
2026-05-07 08:45:17,225 | INFO     |   → 203/357: ✅ 236 взято | 🗑️ 517 мусор
2026-05-07 08:45:17,225 | INFO     |   → 204/357: ✅ 6 взято | 🗑️ 78 мусор
2026-05-07 08:45:17,225 | INFO     |   → 205/357: ✅ 6 взято | 🗑️ 4 мусор
2026-05-07 08:45:17,225 | INFO     |   → 206/357: ✅ 65 взято | 🗑️ 3658 мусор
2026-05-07 08:45:17,225 | INFO     |   → 207/357: ✅ 44 взято | 🗑️ 90 мусор
2026-05-07 08:45:17,225 | INFO     |   → 208/357: ✅ 2120 взято | 🗑️ 33435 мусор
2026-05-07 08:45:17,225 | INFO     |   → 209/357: ✅ 0 взято | 🗑️ 17939 мусор
2026-05-07 08:45:17,225 | INFO     |   → 210/357: ✅ 2 взято | 🗑️ 1956 мусор
2026-05-07 08:45:17,225 | INFO     |   → 211/357: ✅ 6 взято | 🗑️ 113 мусор
2026-05-07 08:45:17,225 | INFO     |   → 212/357: ✅ 2 взято | 🗑️ 80 мусор
2026-05-07 08:45:17,225 | INFO     |   → 213/357: ✅ 5 взято | 🗑️ 169 мусор
2026-05-07 08:45:17,225 | INFO     |   → 214/357: ✅ 34 взято | 🗑️ 121 мусор
2026-05-07 08:45:17,225 | INFO     |   → 215/357: ✅ 4 взято | 🗑️ 97 мусор
2026-05-07 08:45:17,225 | INFO     |   → 216/357 ❌ HTTP 404 — https://raw.githubusercontent.com/freev2rayconfig/V2RAY_SUB/3e6a7786a1601ee3723e8d043ae79e70dbdfd9a8/v2rayconfigs.txt
2026-05-07 08:45:17,225 | INFO     |   → 217/357: ✅ 0 взято | 🗑️ 5 мусор
2026-05-07 08:45:17,225 | INFO     |   → 218/357: ✅ 561 взято | 🗑️ 2598 мусор
2026-05-07 08:45:17,225 | INFO     |   → 219/357: ✅ 206 взято | 🗑️ 1025 мусор
2026-05-07 08:45:17,225 | INFO     |   → 220/357: ✅ 511 взято | 🗑️ 6068 мусор
2026-05-07 08:45:17,225 | INFO     |   → 221/357: ✅ 100 взято | 🗑️ 2236 мусор
2026-05-07 08:45:17,225 | INFO     |   → 222/357 ❌ HTTP 404 — https://raw.githubusercontent.com/hameed-maleki/TVC/89a4522969c57dcc22458cae9898426e5c4f2679/lite/config.txt
2026-05-07 08:45:17,225 | INFO     |   → 223/357: ✅ 5 взято | 🗑️ 132 мусор
2026-05-07 08:45:17,225 | INFO     |   → 224/357 ❌ HTTP 404 — https://raw.githubusercontent.com/hkpc/Autoproxy/6cf946ddfc677a29062007e4b47d70674474baa7/sub/2401/240110.txt
2026-05-07 08:45:17,225 | INFO     |   → 225/357 ❌ HTTP 404 — https://raw.githubusercontent.com/hkpc/V2ray-Configs/7d9aa0dabf947af180a7dd6302818ed37950531a/Sub1.txt
2026-05-07 08:45:17,226 | INFO     |   → 226/357: ✅ 85 взято | 🗑️ 295 мусор
2026-05-07 08:45:17,226 | INFO     |   → 227/357: ✅ 0 взято | 🗑️ 15 мусор
2026-05-07 08:45:17,226 | INFO     |   → 228/357: ✅ 0 взято | 🗑️ 247 мусор
2026-05-07 08:45:17,226 | INFO     |   → 229/357: ✅ 0 взято | 🗑️ 25 мусор
2026-05-07 08:45:17,226 | INFO     |   → 230/357: ✅ 27 взято | 🗑️ 27 мусор
2026-05-07 08:45:17,226 | INFO     |   → 231/357: ✅ 15 взято | 🗑️ 74 мусор
2026-05-07 08:45:17,226 | INFO     |   → 232/357: ✅ 0 взято | 🗑️ 97 мусор
2026-05-07 08:45:17,226 | INFO     |   → 233/357 ❌ HTTP 404 — https://raw.githubusercontent.com/igareck/vpn-configs-for-russia/refs/heads/main/Vless-Reality-White-Lists-Rus-Cable.txt
2026-05-07 08:45:17,226 | INFO     |   → 234/357: ✅ 97 взято | 🗑️ 31 мусор
2026-05-07 08:45:17,226 | INFO     |   → 235/357: ✅ 1 взято | 🗑️ 345 мусор
2026-05-07 08:45:17,226 | INFO     |   → 236/357 ❌ HTTP 404 — https://raw.githubusercontent.com/kismetpro/NodeSuber/main/Splitted-By-Protocol/vless.txt
2026-05-07 08:45:17,226 | INFO     |   → 237/357 ❌ HTTP 404 — https://raw.githubusercontent.com/kismetpro/NodeSuber/main/out/All_Configs_Sub.txt
2026-05-07 08:45:17,226 | INFO     |   → 238/357: ✅ 11778 взято | 🗑️ 98921 мусор
2026-05-07 08:45:17,226 | INFO     |   → 239/357: ✅ 224 взято | 🗑️ 176 мусор
2026-05-07 08:45:17,226 | INFO     |   → 240/357: ✅ 0 взято | 🗑️ 29 мусор
2026-05-07 08:45:17,226 | INFO     |   → 241/357 ❌ HTTP 404 — https://raw.githubusercontent.com/koteey/Ms.Kerosin-VPN/main/proxies.txt
2026-05-07 08:45:17,226 | INFO     |   → 242/357: ✅ 534 взято | 🗑️ 1494 мусор
2026-05-07 08:45:17,226 | INFO     |   → 243/357: ✅ 1 взято | 🗑️ 121 мусор
2026-05-07 08:45:17,226 | INFO     |   → 244/357: ✅ 0 взято | 🗑️ 0 мусор
2026-05-07 08:45:17,226 | INFO     |   → 245/357: ✅ 0 взято | 🗑️ 421 мусор
2026-05-07 08:45:17,226 | INFO     |   → 246/357: ✅ 213 взято | 🗑️ 1155 мусор
2026-05-07 08:45:17,226 | INFO     |   → 247/357: ✅ 0 взято | 🗑️ 53 мусор
2026-05-07 08:45:17,226 | INFO     |   → 248/357: ✅ 146 взято | 🗑️ 343 мусор
2026-05-07 08:45:17,226 | INFO     |   → 249/357: ✅ 0 взято | 🗑️ 131 мусор
2026-05-07 08:45:17,226 | INFO     |   → 250/357: ✅ 0 взято | 🗑️ 131 мусор
2026-05-07 08:45:17,227 | INFO     |   → 251/357: ✅ 0 взято | 🗑️ 3956 мусор
2026-05-07 08:45:17,227 | INFO     |   → 252/357: ✅ 0 взято | 🗑️ 0 мусор
2026-05-07 08:45:17,227 | INFO     |   → 253/357: ✅ 0 взято | 🗑️ 3956 мусор
2026-05-07 08:45:17,227 | INFO     |   → 254/357: ✅ 20 взято | 🗑️ 370 мусор
2026-05-07 08:45:17,227 | INFO     |   → 255/357: ✅ 0 взято | 🗑️ 370 мусор
2026-05-07 08:45:17,227 | INFO     |   → 256/357: ✅ 699 взято | 🗑️ 6258 мусор
2026-05-07 08:45:17,227 | INFO     |   → 257/357: ✅ 8 взято | 🗑️ 853 мусор
2026-05-07 08:45:17,227 | INFO     |   → 258/357: ✅ 0 взято | 🗑️ 150 мусор
2026-05-07 08:45:17,227 | INFO     |   → 259/357: ✅ 505 взято | 🗑️ 13466 мусор
2026-05-07 08:45:17,227 | INFO     |   → 260/357: ✅ 0 взято | 🗑️ 4534 мусор
2026-05-07 08:45:17,227 | INFO     |   → 261/357 ❌ HTTP 404 — https://raw.githubusercontent.com/miladtahanian/V2RayCFGDumper/refs/heads/main/config.txt
2026-05-07 08:45:17,227 | INFO     |   → 262/357 ❌ HTTP 404 — https://raw.githubusercontent.com/miladtahanian/multi-proxy-config-fetcher/refs/heads/main/configs/proxy_configs.txt
2026-05-07 08:45:17,227 | INFO     |   → 263/357: ✅ 0 взято | 🗑️ 0 мусор
2026-05-07 08:45:17,227 | INFO     |   → 264/357: ✅ 15 взято | 🗑️ 46 мусор
2026-05-07 08:45:17,227 | INFO     |   → 265/357: ✅ 0 взято | 🗑️ 9 мусор
2026-05-07 08:45:17,227 | INFO     |   → 266/357: ✅ 0 взято | 🗑️ 247 мусор
2026-05-07 08:45:17,227 | INFO     |   → 267/357: ✅ 0 взято | 🗑️ 17 мусор
2026-05-07 08:45:17,227 | INFO     |   → 268/357: ✅ 28 взято | 🗑️ 93 мусор
2026-05-07 08:45:17,227 | INFO     |   → 269/357: ✅ 74 взято | 🗑️ 425 мусор
2026-05-07 08:45:17,227 | INFO     |   → 270/357: ✅ 168 взято | 🗑️ 330 мусор
2026-05-07 08:45:17,227 | INFO     |   → 271/357: ✅ 15 взято | 🗑️ 70 мусор
2026-05-07 08:45:17,227 | INFO     |   → 272/357: ✅ 126 взято | 🗑️ 492 мусор
2026-05-07 08:45:17,227 | INFO     |   → 273/357: ✅ 0 взято | 🗑️ 190 мусор
2026-05-07 08:45:17,227 | INFO     |   → 274/357: ✅ 56 взято | 🗑️ 2419 мусор
2026-05-07 08:45:17,227 | INFO     |   → 275/357: ✅ 30 взято | 🗑️ 1394 мусор
2026-05-07 08:45:17,227 | INFO     |   → 276/357: ✅ 12 взято | 🗑️ 143 мусор
2026-05-07 08:45:17,227 | INFO     |   → 277/357: ✅ 5 взято | 🗑️ 914 мусор
2026-05-07 08:45:17,228 | INFO     |   → 278/357: ✅ 1181 взято | 🗑️ 177 мусор
2026-05-07 08:45:17,228 | INFO     |   → 279/357 ❌ HTTP 404 — https://raw.githubusercontent.com/op30mmd/things/909b38024ba14d69dc0f95c238f63bc6e930a00f/eut.txt
2026-05-07 08:45:17,228 | INFO     |   → 280/357: ✅ 2 взято | 🗑️ 210 мусор
2026-05-07 08:45:17,228 | INFO     |   → 281/357: ✅ 4 взято | 🗑️ 3 мусор
2026-05-07 08:45:17,228 | INFO     |   → 282/357: ✅ 6703 взято | 🗑️ 35561 мусор
2026-05-07 08:45:17,228 | INFO     |   → 283/357: ✅ 0 взято | 🗑️ 58 мусор
2026-05-07 08:45:17,228 | INFO     |   → 284/357: ✅ 0 взято | 🗑️ 1 мусор
2026-05-07 08:45:17,228 | INFO     |   → 285/357: ✅ 0 взято | 🗑️ 44 мусор
2026-05-07 08:45:17,228 | INFO     |   → 286/357: ✅ 63 взято | 🗑️ 521 мусор
2026-05-07 08:45:17,228 | INFO     |   → 287/357: ✅ 165 взято | 🗑️ 273 мусор
2026-05-07 08:45:17,228 | INFO     |   → 288/357: ✅ 13 взято | 🗑️ 211 мусор
2026-05-07 08:45:17,228 | INFO     |   → 289/357: ✅ 2 взято | 🗑️ 104 мусор
2026-05-07 08:45:17,228 | INFO     |   → 290/357 ❌ HTTP 404 — https://raw.githubusercontent.com/sajad-sajadi/V2ray-Collector/raw/main/output/protocols/vmess.txt
2026-05-07 08:45:17,228 | INFO     |   → 291/357: ✅ 6525 взято | 🗑️ 2539 мусор
2026-05-07 08:45:17,228 | INFO     |   → 292/357 ❌ HTTP 404 — https://raw.githubusercontent.com/sakha1370/OpenRay/raw/refs/heads/main/output/all_valid_proxies.txt
2026-05-07 08:45:17,228 | INFO     |   → 293/357: ✅ 2 взято | 🗑️ 399 мусор
2026-05-07 08:45:17,228 | INFO     |   → 294/357 ❌ HTTP 404 — https://raw.githubusercontent.com/satrom/V2SSR/master/SSR/Sub.txt
2026-05-07 08:45:17,228 | INFO     |   → 295/357 ❌ HTTP 404 — https://raw.githubusercontent.com/satrom/V2SSR/master/V2RAY/Sub.txt
2026-05-07 08:45:17,228 | INFO     |   → 296/357: ✅ 720 взято | 🗑️ 24827 мусор
2026-05-07 08:45:17,228 | INFO     |   → 297/357: ✅ 3 взято | 🗑️ 49 мусор
2026-05-07 08:45:17,228 | INFO     |   → 298/357: ✅ 0 взято | 🗑️ 1430 мусор
2026-05-07 08:45:17,228 | INFO     |   → 299/357 ❌ HTTP 404 — https://raw.githubusercontent.com/soroushmirzaei/telegram-configs-collector/main/splitted/subscribe
2026-05-07 08:45:17,228 | INFO     |   → 300/357 ❌ HTTP 404 — https://raw.githubusercontent.com/ssrsub/ssr/master/vless.txt
2026-05-07 08:45:17,228 | INFO     |   → 301/357: ✅ 2 взято | 🗑️ 12 мусор
2026-05-07 08:45:17,228 | INFO     |   → 302/357: ✅ 0 взято | 🗑️ 13 мусор
2026-05-07 08:45:17,229 | INFO     |   → 303/357: ✅ 0 взято | 🗑️ 13 мусор
2026-05-07 08:45:17,229 | INFO     |   → 304/357: ✅ 53 взято | 🗑️ 444 мусор
2026-05-07 08:45:17,229 | INFO     |   → 305/357: ✅ 79 взято | 🗑️ 121 мусор
2026-05-07 08:45:17,229 | INFO     |   → 306/357: ✅ 27 взято | 🗑️ 173 мусор
2026-05-07 08:45:17,229 | INFO     |   → 307/357: ✅ 40 взято | 🗑️ 128 мусор
2026-05-07 08:45:17,229 | INFO     |   → 308/357: ✅ 114 взято | 🗑️ 86 мусор
2026-05-07 08:45:17,229 | INFO     |   → 309/357: ✅ 93 взято | 🗑️ 107 мусор
2026-05-07 08:45:17,229 | INFO     |   → 310/357: ✅ 105 взято | 🗑️ 95 мусор
2026-05-07 08:45:17,229 | INFO     |   → 311/357: ✅ 127 взято | 🗑️ 73 мусор
2026-05-07 08:45:17,229 | INFO     |   → 312/357: ✅ 5 взято | 🗑️ 111 мусор
2026-05-07 08:45:17,229 | INFO     |   → 313/357 ❌ HTTP 404 — https://raw.githubusercontent.com/v2clash/Autoproxy/a81f840ab2364124133572ec94e4b81fb0d4e58d/sub/2401/240104.txt
2026-05-07 08:45:17,229 | INFO     |   → 314/357 ❌ HTTP 404 — https://raw.githubusercontent.com/v2clash/V2ray-Configs/31f493c584d0c7b56350f4a34d80c53ad82bcc18/Sub9.txt
2026-05-07 08:45:17,229 | INFO     |   → 315/357: ✅ 36 взято | 🗑️ 303 мусор
2026-05-07 08:45:17,229 | INFO     |   → 316/357 ❌ HTTP 404 — https://raw.githubusercontent.com/vsevjik/OBSpiskov/main/wwh
2026-05-07 08:45:17,229 | INFO     |   → 317/357 ❌ HTTP 404 — https://raw.githubusercontent.com/vsevjik/OBSpiskov/main/wwhjk
2026-05-07 08:45:17,229 | INFO     |   → 318/357 ❌ HTTP 404 — https://raw.githubusercontent.com/vsevjik/OBSpiskov/main/wwhljjjkk
2026-05-07 08:45:17,229 | INFO     |   → 319/357: ✅ 0 взято | 🗑️ 10 мусор
2026-05-07 08:45:17,229 | INFO     |   → 320/357: ✅ 107 взято | 🗑️ 689 мусор
2026-05-07 08:45:17,229 | INFO     |   → 321/357: ✅ 49 взято | 🗑️ 841 мусор
2026-05-07 08:45:17,229 | INFO     |   → 322/357: ✅ 21 взято | 🗑️ 789 мусор
2026-05-07 08:45:17,229 | INFO     |   → 323/357: ✅ 24 взято | 🗑️ 774 мусор
2026-05-07 08:45:17,229 | INFO     |   → 324/357: ✅ 52 взято | 🗑️ 756 мусор
2026-05-07 08:45:17,229 | INFO     |   → 325/357: ✅ 191 взято | 🗑️ 745 мусор
2026-05-07 08:45:17,229 | INFO     |   → 326/357: ✅ 9 взято | 🗑️ 651 мусор
2026-05-07 08:45:17,229 | INFO     |   → 327/357: ✅ 185 взято | 🗑️ 388 мусор
2026-05-07 08:45:17,229 | INFO     |   → 328/357: ✅ 130 взято | 🗑️ 523 мусор
2026-05-07 08:45:17,230 | INFO     |   → 329/357: ✅ 67 взято | 🗑️ 533 мусор
2026-05-07 08:45:17,230 | INFO     |   → 330/357: ✅ 98 взято | 🗑️ 444 мусор
2026-05-07 08:45:17,230 | INFO     |   → 331/357: ✅ 102 взято | 🗑️ 670 мусор
2026-05-07 08:45:17,230 | INFO     |   → 332/357: ✅ 86 взято | 🗑️ 476 мусор
2026-05-07 08:45:17,230 | INFO     |   → 333/357: ✅ 95 взято | 🗑️ 657 мусор
2026-05-07 08:45:17,230 | INFO     |   → 334/357: ✅ 105 взято | 🗑️ 645 мусор
2026-05-07 08:45:17,230 | INFO     |   → 335/357: ✅ 115 взято | 🗑️ 985 мусор
2026-05-07 08:45:17,230 | INFO     |   → 336/357: ✅ 19 взято | 🗑️ 489 мусор
2026-05-07 08:45:17,230 | INFO     |   → 337/357: ✅ 5 взято | 🗑️ 10 мусор
2026-05-07 08:45:17,230 | INFO     |   → 338/357: ✅ 1 взято | 🗑️ 124 мусор
2026-05-07 08:45:17,230 | INFO     |   → 339/357: ✅ 113 взято | 🗑️ 111 мусор
2026-05-07 08:45:17,230 | INFO     |   → 340/357: ✅ 45 взято | 🗑️ 464 мусор
2026-05-07 08:45:17,230 | INFO     |   → 341/357: ✅ 0 взято | 🗑️ 449 мусор
2026-05-07 08:45:17,230 | INFO     |   → 342/357: ✅ 0 взято | 🗑️ 0 мусор
2026-05-07 08:45:17,230 | INFO     |   → 343/357 ❌ HTTP 404 — https://raw.githubusercontent.com/xiaozhu2007/xiaozhu2007/61a755a044dbaeea678bc2d1e20f21a21c6d7170/docs/fxxk.txt
2026-05-07 08:45:17,230 | INFO     |   → 344/357 ❌ HTTP 404 — https://raw.githubusercontent.com/yebekhe/TVC/0f745f92bf381e505f1245abbc7c145b19b11503/config.txt
2026-05-07 08:45:17,230 | INFO     |   → 345/357 ❌ HTTP 404 — https://raw.githubusercontent.com/yebekhe/TVC/9fac69239c69327fb7a61f5a8d79d107133889e1/lite/config.txt
2026-05-07 08:45:17,230 | INFO     |   → 346/357 ❌ HTTP 404 — https://raw.githubusercontent.com/yebekhe/TelegramV2rayCollector/main/sub/normal/mix
2026-05-07 08:45:17,230 | INFO     |   → 347/357 ❌ HTTP 404 — https://raw.githubusercontent.com/yebekhe/TelegramV2rayCollector/main/sub/normal/vless
2026-05-07 08:45:17,230 | INFO     |   → 348/357 ❌ HTTP 404 — https://raw.githubusercontent.com/yebekhe/V2Hub/main/Split/Normal/shadowsocks
2026-05-07 08:45:17,230 | INFO     |   → 349/357 ❌ HTTP 404 — https://raw.githubusercontent.com/yebekhe/V2Hub/main/merged
2026-05-07 08:45:17,230 | INFO     |   → 350/357: ✅ 406 взято | 🗑️ 7476 мусор
2026-05-07 08:45:17,230 | INFO     |   → 351/357: ✅ 0 взято | 🗑️ 7476 мусор
2026-05-07 08:45:17,230 | INFO     |   → 352/357: ✅ 8 взято | 🗑️ 342 мусор
2026-05-07 08:45:17,230 | INFO     |   → 353/357: ✅ 7 взято | 🗑️ 279 мусор
2026-05-07 08:45:17,231 | INFO     |   → 354/357: ✅ 122 взято | 🗑️ 1586 мусор
2026-05-07 08:45:17,231 | INFO     |   → 355/357 ❌ HTTP 404 — https://raw.githubusercontent.com/yyyr-otz/tele-providers-collector/019cb3e07ee52fddbc7caa54fc670c6b9bae6539/sub/proxies.txt
2026-05-07 08:45:17,231 | INFO     |   → 356/357 ❌ HTTP 404 — https://raw.githubusercontent.com/yyyr-otz/tele-providers-collector/b7a74ee98bcf02c5a507d688a1bed3aa9f7f4ed1/script/raw/protocols/mixed.txt
2026-05-07 08:45:17,231 | INFO     |   → 357/357: ✅ 735 взято | 🗑️ 56 мусор
2026-05-07 08:45:17,231 | INFO     |   → ✅ ГОТОВО!
2026-05-07 08:45:17,231 | INFO     |   →    📥 Всего ключей после фильтра: 56045
2026-05-07 08:45:17,231 | INFO     |   →    🔗 Уникальных IP:PORT:SCHEME: 26052
2026-05-07 08:45:17,231 | INFO     |   →    🗑️ Выброшено мусора: 493810
2026-05-07 08:45:17,231 | INFO     |   → 📊 По протоколам:
2026-05-07 08:45:17,231 | INFO     |   →    vless: 11322
2026-05-07 08:45:17,231 | INFO     |   →    vmess: 3186
2026-05-07 08:45:17,231 | INFO     |   →    trojan: 6434
2026-05-07 08:45:17,231 | INFO     |   →    ss: 4884
2026-05-07 08:45:17,231 | INFO     |   →    hysteria: 17
2026-05-07 08:45:17,231 | INFO     |   →    hysteria2: 79
2026-05-07 08:45:17,231 | INFO     |   →    hy2: 77
2026-05-07 08:45:17,231 | INFO     |   →    tuic: 53
2026-05-07 08:45:17,231 | INFO     | ✅ mirror.py завершён успешно
2026-05-07 08:45:17,231 | INFO     | 
2026-05-07 08:45:17,231 | INFO     | 
2026-05-07 08:45:17,231 | INFO     | ──────────────────────────────────────────────────────────────────────
2026-05-07 08:45:17,231 | INFO     | 📌 ЭТАП: Фильтрация по реальному SNI
2026-05-07 08:45:17,231 | INFO     | ──────────────────────────────────────────────────────────────────────
2026-05-07 08:45:17,231 | INFO     | 🚀 Запуск filter_ru_sni.py (Фильтр по реальному SNI (CDN+RU))...
2026-05-07 08:45:17,874 | INFO     |   → hy2.txt: 77 → 21 (SNI-filtered)
2026-05-07 08:45:17,874 | INFO     |   →   hysteria.txt: 17 → 0 (SNI-filtered)
2026-05-07 08:45:17,874 | INFO     |   →   hysteria2.txt: 79 → 25 (SNI-filtered)
2026-05-07 08:45:17,874 | INFO     |   →   ss.txt: 4884 → 236 (SNI-filtered)
2026-05-07 08:45:17,874 | INFO     |   →   trojan.txt: 6434 → 16 (SNI-filtered)
2026-05-07 08:45:17,874 | INFO     |   →   tuic.txt: 53 → 0 (SNI-filtered)
2026-05-07 08:45:17,874 | INFO     |   →   vless.txt: 11322 → 1745 (SNI-filtered)
2026-05-07 08:45:17,874 | INFO     |   →   vmess.txt: 3186 → 36 (SNI-filtered)
2026-05-07 08:45:17,874 | INFO     |   → ==================================================
2026-05-07 08:45:17,874 | INFO     |   →   Всего входных:  26052
2026-05-07 08:45:17,874 | INFO     |   →   Прошли фильтр:  2079
2026-05-07 08:45:17,874 | INFO     |   →   Отброшено:      23973
2026-05-07 08:45:17,874 | INFO     |   → ==================================================
2026-05-07 08:45:17,874 | INFO     |   → Готово → /home/runner/work/vpn-vless-configs-russia/vpn-vless-configs-russia/githubmirror/ru-sni
2026-05-07 08:45:17,874 | INFO     | ✅ filter_ru_sni.py завершён успешно
2026-05-07 08:45:17,874 | INFO     | 
2026-05-07 08:45:17,874 | INFO     | 
2026-05-07 08:45:17,874 | INFO     | ──────────────────────────────────────────────────────────────────────
2026-05-07 08:45:17,874 | INFO     | 📌 ЭТАП: Экспериментальный RU-SNI фильтр
2026-05-07 08:45:17,874 | INFO     | ──────────────────────────────────────────────────────────────────────
2026-05-07 08:45:17,874 | INFO     | 🚀 Запуск filter_ru_sni_local.py (Экспериментальный фильтр по RU-SNI (локальные домены))...
2026-05-07 08:45:18,299 | INFO     |   → hy2.txt: 77 → 0 (RU-SNI)
2026-05-07 08:45:18,299 | INFO     |   → hysteria.txt: 17 → 0 (RU-SNI)
2026-05-07 08:45:18,299 | INFO     |   → hysteria2.txt: 79 → 0 (RU-SNI)
2026-05-07 08:45:18,299 | INFO     |   → ss.txt: 4884 → 56 (RU-SNI)
2026-05-07 08:45:18,299 | INFO     |   → trojan.txt: 6434 → 6 (RU-SNI)
2026-05-07 08:45:18,299 | INFO     |   → tuic.txt: 53 → 0 (RU-SNI)
2026-05-07 08:45:18,299 | INFO     |   → vless.txt: 11322 → 838 (RU-SNI)
2026-05-07 08:45:18,299 | INFO     |   → vmess.txt: 3186 → 2 (RU-SNI)
2026-05-07 08:45:18,299 | INFO     |   → ==================================================
2026-05-07 08:45:18,299 | INFO     |   → Всего входных:  26052
2026-05-07 08:45:18,299 | INFO     |   → Прошли RU-SNI:  902
2026-05-07 08:45:18,299 | INFO     |   → Отброшено:      25150
2026-05-07 08:45:18,299 | INFO     |   → ==================================================
2026-05-07 08:45:18,299 | INFO     |   → Готово → /home/runner/work/vpn-vless-configs-russia/vpn-vless-configs-russia/githubmirror/ru-sni-local
2026-05-07 08:45:18,299 | INFO     | ✅ filter_ru_sni_local.py завершён успешно
2026-05-07 08:45:18,299 | INFO     | 
2026-05-07 08:45:18,299 | INFO     | 
2026-05-07 08:45:18,299 | INFO     | ──────────────────────────────────────────────────────────────────────
2026-05-07 08:45:18,299 | INFO     | 📌 ЭТАП: Сбор статистики
2026-05-07 08:45:18,299 | INFO     | ──────────────────────────────────────────────────────────────────────
2026-05-07 08:45:18,299 | INFO     | 📊 Сбор статистики...
2026-05-07 08:45:18,300 | INFO     |   📁 githubmirror/clean:
2026-05-07 08:45:18,300 | INFO     |     • hy2         :    77 конфигов
2026-05-07 08:45:18,300 | INFO     |     • hysteria    :    17 конфигов
2026-05-07 08:45:18,300 | INFO     |     • hysteria2   :    79 конфигов
2026-05-07 08:45:18,304 | INFO     |     • ss          :  4884 конфигов
2026-05-07 08:45:18,309 | INFO     |     • trojan      :  6434 конфигов
2026-05-07 08:45:18,310 | INFO     |     • tuic        :    53 конфигов
2026-05-07 08:45:18,322 | INFO     |     • vless       : 11322 конфигов
2026-05-07 08:45:18,326 | INFO     |     • vmess       :  3186 конфигов
2026-05-07 08:45:18,326 | INFO     |   📁 githubmirror/ru-sni:
2026-05-07 08:45:18,326 | INFO     |     • hy2         :    21 конфигов ( 27.3% от clean)
2026-05-07 08:45:18,326 | INFO     |     • hysteria    :     0 конфигов (  0.0% от clean)
2026-05-07 08:45:18,327 | INFO     |     • hysteria2   :    25 конфигов ( 31.6% от clean)
2026-05-07 08:45:18,327 | INFO     |     • ss          :   236 конфигов (  4.8% от clean)
2026-05-07 08:45:18,327 | INFO     |     • trojan      :    16 конфигов (  0.2% от clean)
2026-05-07 08:45:18,327 | INFO     |     • tuic        :     0 конфигов (  0.0% от clean)
2026-05-07 08:45:18,329 | INFO     |     • vless       :  1745 конфигов ( 15.4% от clean)
2026-05-07 08:45:18,329 | INFO     |     • vmess       :    36 конфигов (  1.1% от clean)
2026-05-07 08:45:18,329 | INFO     | 
2026-05-07 08:45:18,329 | INFO     |   ──────────────────────────────────────────────────
2026-05-07 08:45:18,329 | INFO     |   📈 ИТОГО:
2026-05-07 08:45:18,329 | INFO     |     Clean (после geo-фильтра):    26052
2026-05-07 08:45:18,329 | INFO     |     RU-SNI (после SNI-фильтра):    2079
2026-05-07 08:45:18,330 | INFO     |     Прошло фильтр:                  8.0%
2026-05-07 08:45:18,330 | INFO     |   ──────────────────────────────────────────────────
2026-05-07 08:45:18,330 | INFO     | ✅ Статистика сохранена: /home/runner/work/vpn-vless-configs-russia/vpn-vless-configs-russia/stats.json
2026-05-07 08:45:18,330 | INFO     | 
2026-05-07 08:45:18,330 | INFO     | ======================================================================
2026-05-07 08:45:18,330 | INFO     | 📊 ИТОГОВЫЙ ОТЧЁТ
2026-05-07 08:45:18,330 | INFO     | ======================================================================
2026-05-07 08:45:18,330 | INFO     |   ✅ OK         | Загрузка и geo-фильтрация
2026-05-07 08:45:18,330 | INFO     |   ✅ OK         | Фильтрация по реальному SNI
2026-05-07 08:45:18,330 | INFO     |   ✅ OK         | Экспериментальный RU-SNI фильтр
2026-05-07 08:45:18,330 | INFO     |   ✅ OK         | Сбор статистики
2026-05-07 08:45:18,330 | INFO     | ──────────────────────────────────────────────────────────────────────
2026-05-07 08:45:18,330 | INFO     | ✅ ВСЕ ЭТАПЫ УСПЕШНЫ (4/4)
2026-05-07 08:45:18,331 | INFO     | ⏰ Время завершения: 2026-05-07 08:45:18
2026-05-07 08:45:18,331 | INFO     | ======================================================================
