2026-05-24 22:47:37,007 | INFO     | ======================================================================
2026-05-24 22:47:37,007 | INFO     | 🔍 VPN KEY CHECKER - Начало проверки
2026-05-24 22:47:37,007 | INFO     | ⏰ Время старта: 2026-05-24 22:47:37
2026-05-24 22:47:37,007 | INFO     | 📂 Рабочая директория: /home/runner/work/vpn-vless-configs-russia/vpn-vless-configs-russia
2026-05-24 22:47:37,008 | INFO     | ======================================================================
2026-05-24 22:47:37,008 | INFO     | 
2026-05-24 22:47:37,008 | INFO     | 🔍 Проверка наличия скриптов...
2026-05-24 22:47:37,008 | INFO     |   ✅ mirror.py
2026-05-24 22:47:37,008 | INFO     |   ✅ generate_cf_vless.py
2026-05-24 22:47:37,008 | INFO     |   ✅ filter_ru_sni.py
2026-05-24 22:47:37,008 | INFO     |   ✅ filter_ru_sni_local.py
2026-05-24 22:47:37,008 | INFO     | 
2026-05-24 22:47:37,008 | INFO     | 
2026-05-24 22:47:37,008 | INFO     | ──────────────────────────────────────────────────────────────────────
2026-05-24 22:47:37,008 | INFO     | 📌 ЭТАП: Загрузка и geo-фильтрация
2026-05-24 22:47:37,008 | INFO     | ──────────────────────────────────────────────────────────────────────
2026-05-24 22:47:37,008 | INFO     | 🚀 Запуск mirror.py (Загрузка и фильтрация по РФ/СНГ/Европа)...
2026-05-24 22:48:12,546 | INFO     |   → 🚀 Старт: всего источников (старые + новые): 363
2026-05-24 22:48:12,546 | INFO     |   → 1/363: ✅ 0 взято | 🗑️ 0 мусор
2026-05-24 22:48:12,546 | INFO     |   → 2/363: ✅ 0 взято | 🗑️ 0 мусор
2026-05-24 22:48:12,546 | INFO     |   → 3/363: ✅ 0 взято | 🗑️ 0 мусор
2026-05-24 22:48:12,546 | INFO     |   → 4/363: ✅ 12 взято | 🗑️ 300 мусор
2026-05-24 22:48:12,546 | INFO     |   → 5/363: ✅ 4 взято | 🗑️ 196 мусор
2026-05-24 22:48:12,546 | INFO     |   → 6/363: ✅ 0 взято | 🗑️ 0 мусор
2026-05-24 22:48:12,546 | INFO     |   → 7/363: ✅ 6 взято | 🗑️ 24 мусор
2026-05-24 22:48:12,546 | INFO     |   → 8/363: ✅ 0 взято | 🗑️ 24 мусор
2026-05-24 22:48:12,546 | INFO     |   → 9/363: ✅ 518 взято | 🗑️ 3525 мусор
2026-05-24 22:48:12,546 | INFO     |   → 10/363: ✅ 5 взято | 🗑️ 230 мусор
2026-05-24 22:48:12,546 | INFO     |   → 11/363: ✅ 312 взято | 🗑️ 2701 мусор
2026-05-24 22:48:12,546 | INFO     |   → 12/363: ✅ 651 взято | 🗑️ 1442 мусор
2026-05-24 22:48:12,546 | INFO     |   → 13/363: ✅ 32 взято | 🗑️ 5 мусор
2026-05-24 22:48:12,546 | INFO     |   → 14/363: ✅ 100 взято | 🗑️ 381 мусор
2026-05-24 22:48:12,546 | INFO     |   → 15/363: ✅ 57 взято | 🗑️ 243 мусор
2026-05-24 22:48:12,546 | INFO     |   → 16/363: ✅ 8 взято | 🗑️ 49 мусор
2026-05-24 22:48:12,546 | INFO     |   → 17/363: ✅ 4 взято | 🗑️ 24 мусор
2026-05-24 22:48:12,546 | INFO     |   → 18/363: ✅ 21 взято | 🗑️ 54 мусор
2026-05-24 22:48:12,546 | INFO     |   → 19/363: ✅ 85 взято | 🗑️ 115 мусор
2026-05-24 22:48:12,546 | INFO     |   → 20/363: ✅ 39 взято | 🗑️ 156 мусор
2026-05-24 22:48:12,546 | INFO     |   → 21/363: ✅ 232 взято | 🗑️ 68 мусор
2026-05-24 22:48:12,547 | INFO     |   → 22/363: ✅ 4 взято | 🗑️ 306 мусор
2026-05-24 22:48:12,547 | INFO     |   → 23/363: ✅ 19 взято | 🗑️ 81 мусор
2026-05-24 22:48:12,547 | INFO     |   → 24/363: ✅ 11 взято | 🗑️ 87 мусор
2026-05-24 22:48:12,547 | INFO     |   → 25/363: ✅ 27 взято | 🗑️ 73 мусор
2026-05-24 22:48:12,547 | INFO     |   → 26/363: ✅ 13 взято | 🗑️ 75 мусор
2026-05-24 22:48:12,547 | INFO     |   → 27/363: ✅ 10 взято | 🗑️ 83 мусор
2026-05-24 22:48:12,547 | INFO     |   → 28/363: ✅ 12 взято | 🗑️ 86 мусор
2026-05-24 22:48:12,547 | INFO     |   → 29/363: ✅ 11 взято | 🗑️ 87 мусор
2026-05-24 22:48:12,547 | INFO     |   → 30/363: ✅ 11 взято | 🗑️ 80 мусор
2026-05-24 22:48:12,547 | INFO     |   → 31/363: ✅ 9 взято | 🗑️ 82 мусор
2026-05-24 22:48:12,547 | INFO     |   → 32/363: ✅ 69 взято | 🗑️ 3 мусор
2026-05-24 22:48:12,547 | INFO     |   → 33/363: ✅ 3 взято | 🗑️ 75 мусор
2026-05-24 22:48:12,547 | INFO     |   → 34/363: ✅ 4 взято | 🗑️ 69 мусор
2026-05-24 22:48:12,547 | INFO     |   → 35/363: ✅ 4 взято | 🗑️ 80 мусор
2026-05-24 22:48:12,547 | INFO     |   → 36/363: ✅ 6 взято | 🗑️ 81 мусор
2026-05-24 22:48:12,547 | INFO     |   → 37/363: ✅ 5 взято | 🗑️ 79 мусор
2026-05-24 22:48:12,547 | INFO     |   → 38/363: ✅ 11 взято | 🗑️ 78 мусор
2026-05-24 22:48:12,547 | INFO     |   → 39/363: ✅ 3 взято | 🗑️ 83 мусор
2026-05-24 22:48:12,547 | INFO     |   → 40/363: ✅ 14 взято | 🗑️ 76 мусор
2026-05-24 22:48:12,547 | INFO     |   → 41/363: ✅ 12 взято | 🗑️ 78 мусор
2026-05-24 22:48:12,547 | INFO     |   → 42/363: ✅ 26 взято | 🗑️ 218 мусор
2026-05-24 22:48:12,547 | INFO     |   → 43/363: ✅ 44 взято | 🗑️ 141 мусор
2026-05-24 22:48:12,547 | INFO     |   → 44/363: ✅ 10 взято | 🗑️ 71 мусор
2026-05-24 22:48:12,547 | INFO     |   → 45/363: ✅ 2 взято | 🗑️ 88 мусор
2026-05-24 22:48:12,548 | INFO     |   → 46/363: ✅ 0 взято | 🗑️ 3 мусор
2026-05-24 22:48:12,548 | INFO     |   → 47/363: ✅ 14 взято | 🗑️ 4 мусор
2026-05-24 22:48:12,548 | INFO     |   → 48/363: ✅ 623 взято | 🗑️ 2432 мусор
2026-05-24 22:48:12,548 | INFO     |   → 49/363 ❌ HTTP 404 — https://raw.githubusercontent.com/AmirHDevo/temp2/7f15e7ddb311a6f8c5ab338bd1af0e1f2136a84b/configs.txt
2026-05-24 22:48:12,548 | INFO     |   → 50/363: ✅ 280 взято | 🗑️ 2060 мусор
2026-05-24 22:48:12,548 | INFO     |   → 51/363: ✅ 5 взято | 🗑️ 210 мусор
2026-05-24 22:48:12,548 | INFO     |   → 52/363: ✅ 2024 взято | 🗑️ 39077 мусор
2026-05-24 22:48:12,548 | INFO     |   → 53/363: ✅ 5 взято | 🗑️ 47 мусор
2026-05-24 22:48:12,548 | INFO     |   → 54/363: ✅ 48 взято | 🗑️ 498 мусор
2026-05-24 22:48:12,548 | INFO     |   → 55/363: ✅ 339 взято | 🗑️ 1542 мусор
2026-05-24 22:48:12,548 | INFO     |   → 56/363: ✅ 1 взято | 🗑️ 235 мусор
2026-05-24 22:48:12,548 | INFO     |   → 57/363: ✅ 49 взято | 🗑️ 86 мусор
2026-05-24 22:48:12,548 | INFO     |   → 58/363: ✅ 0 взято | 🗑️ 16 мусор
2026-05-24 22:48:12,548 | INFO     |   → 59/363: ✅ 6 взято | 🗑️ 17 мусор
2026-05-24 22:48:12,548 | INFO     |   → 60/363: ✅ 1 взято | 🗑️ 12 мусор
2026-05-24 22:48:12,548 | INFO     |   → 61/363: ✅ 0 взято | 🗑️ 17 мусор
2026-05-24 22:48:12,548 | INFO     |   → 62/363: ✅ 0 взято | 🗑️ 17 мусор
2026-05-24 22:48:12,548 | INFO     |   → 63/363: ✅ 26 взято | 🗑️ 331 мусор
2026-05-24 22:48:12,548 | INFO     |   → 64/363: ✅ 66 взято | 🗑️ 19 мусор
2026-05-24 22:48:12,548 | INFO     |   → 65/363: ✅ 80 взято | 🗑️ 1110 мусор
2026-05-24 22:48:12,548 | INFO     |   → 66/363: ✅ 16 взято | 🗑️ 1187 мусор
2026-05-24 22:48:12,548 | INFO     |   → 67/363 ❌ HTTP 404 — https://raw.githubusercontent.com/Egkaz/Proxy-list-20k-server/main/stable.txt
2026-05-24 22:48:12,548 | INFO     |   → 68/363: ✅ 5 взято | 🗑️ 13 мусор
2026-05-24 22:48:12,548 | INFO     |   → 69/363 ❌ HTTP 404 — https://raw.githubusercontent.com/Epodonios/v2ray-configs/raw/main/Splitted-By-Protocol/trojan.txt
2026-05-24 22:48:12,548 | INFO     |   → 70/363 ❌ HTTP 404 — https://raw.githubusercontent.com/Epodonios/v2ray-configs/raw/main/Splitted-By-Protocol/vmess.txt
2026-05-24 22:48:12,548 | INFO     |   → 71/363: ✅ 650 взято | 🗑️ 973 мусор
2026-05-24 22:48:12,549 | INFO     |   → 72/363: ✅ 0 взято | 🗑️ 122 мусор
2026-05-24 22:48:12,549 | INFO     |   → 73/363: ✅ 0 взято | 🗑️ 606 мусор
2026-05-24 22:48:12,549 | INFO     |   → 74/363: ✅ 583 взято | 🗑️ 169 мусор
2026-05-24 22:48:12,549 | INFO     |   → 75/363: ✅ 109 взято | 🗑️ 7 мусор
2026-05-24 22:48:12,549 | INFO     |   → 76/363: ✅ 8 взято | 🗑️ 327 мусор
2026-05-24 22:48:12,549 | INFO     |   → 77/363 ❌ HTTP 404 — https://raw.githubusercontent.com/Fido6/FreeNodes/57221e59caddde55ffdda21d491ae952cd608049/nodes/halekj.txt
2026-05-24 22:48:12,549 | INFO     |   → 78/363 ❌ HTTP 404 — https://raw.githubusercontent.com/Fido6/FreeNodes/57221e59caddde55ffdda21d491ae952cd608049/nodes/kkzui.txt
2026-05-24 22:48:12,549 | INFO     |   → 79/363 ❌ HTTP 404 — https://raw.githubusercontent.com/Fido6/FreeNodes/57221e59caddde55ffdda21d491ae952cd608049/nodes/wenode.txt
2026-05-24 22:48:12,549 | INFO     |   → 80/363: ✅ 53 взято | 🗑️ 421 мусор
2026-05-24 22:48:12,549 | INFO     |   → 81/363: ✅ 12 взято | 🗑️ 42 мусор
2026-05-24 22:48:12,549 | INFO     |   → 82/363: ✅ 201 взято | 🗑️ 1520 мусор
2026-05-24 22:48:12,549 | INFO     |   → 83/363: ✅ 206 взято | 🗑️ 626 мусор
2026-05-24 22:48:12,549 | INFO     |   → 84/363: ✅ 533 взято | 🗑️ 3864 мусор
2026-05-24 22:48:12,549 | INFO     |   → 85/363: ✅ 51 взято | 🗑️ 1005 мусор
2026-05-24 22:48:12,549 | INFO     |   → 86/363: ✅ 14 взято | 🗑️ 250 мусор
2026-05-24 22:48:12,549 | INFO     |   → 87/363: ✅ 1 взято | 🗑️ 23 мусор
2026-05-24 22:48:12,549 | INFO     |   → 88/363: ✅ 15 взято | 🗑️ 0 мусор
2026-05-24 22:48:12,549 | INFO     |   → 89/363: ✅ 0 взято | 🗑️ 609 мусор
2026-05-24 22:48:12,549 | INFO     |   → 90/363: ✅ 18 взято | 🗑️ 63 мусор
2026-05-24 22:48:12,549 | INFO     |   → 91/363: ✅ 474 взято | 🗑️ 185 мусор
2026-05-24 22:48:12,549 | INFO     |   → 92/363: ✅ 345 взято | 🗑️ 376 мусор
2026-05-24 22:48:12,549 | INFO     |   → 93/363: ✅ 40 взято | 🗑️ 693 мусор
2026-05-24 22:48:12,549 | INFO     |   → 94/363: ✅ 5973 взято | 🗑️ 46237 мусор
2026-05-24 22:48:12,549 | INFO     |   → 95/363: ✅ 0 взято | 🗑️ 35 мусор
2026-05-24 22:48:12,549 | INFO     |   → 96/363: ✅ 0 взято | 🗑️ 9698 мусор
2026-05-24 22:48:12,549 | INFO     |   → 97/363: ✅ 0 взято | 🗑️ 31035 мусор
2026-05-24 22:48:12,550 | INFO     |   → 98/363: ✅ 0 взято | 🗑️ 5 мусор
2026-05-24 22:48:12,550 | INFO     |   → 99/363: ✅ 0 взято | 🗑️ 4 мусор
2026-05-24 22:48:12,550 | INFO     |   → 100/363: ✅ 1 взято | 🗑️ 51 мусор
2026-05-24 22:48:12,550 | INFO     |   → 101/363: ✅ 0 взято | 🗑️ 8 мусор
2026-05-24 22:48:12,550 | INFO     |   → 102/363 ❌ HTTP 404 — https://raw.githubusercontent.com/Kwinshadow/TelegramV2rayCollector/raw/refs/heads/main/sublinks/mix.txt
2026-05-24 22:48:12,550 | INFO     |   → 103/363 ❌ HTTP 404 — https://raw.githubusercontent.com/LalatinaHub/Mineral/raw/refs/heads/master/result/nodes
2026-05-24 22:48:12,550 | INFO     |   → 104/363: ✅ 3 взято | 🗑️ 1 мусор
2026-05-24 22:48:12,550 | INFO     |   → 105/363: ✅ 0 взято | 🗑️ 147 мусор
2026-05-24 22:48:12,550 | INFO     |   → 106/363 ❌ HTTP 404 — https://raw.githubusercontent.com/M-Mashreghi/free-config-collector/main/Splitted-By-Protocol/ssr.txt
2026-05-24 22:48:12,550 | INFO     |   → 107/363: ✅ 139 взято | 🗑️ 114 мусор
2026-05-24 22:48:12,550 | INFO     |   → 108/363: ✅ 126 взято | 🗑️ 137 мусор
2026-05-24 22:48:12,550 | INFO     |   → 109/363: ✅ 130 взято | 🗑️ 736 мусор
2026-05-24 22:48:12,550 | INFO     |   → 110/363: ✅ 0 взято | 🗑️ 15 мусор
2026-05-24 22:48:12,550 | INFO     |   → 111/363: ✅ 309 взято | 🗑️ 3622 мусор
2026-05-24 22:48:12,550 | INFO     |   → 112/363: ✅ 24 взято | 🗑️ 170 мусор
2026-05-24 22:48:12,550 | INFO     |   → 113/363: ✅ 13 взято | 🗑️ 355 мусор
2026-05-24 22:48:12,550 | INFO     |   → 114/363: ✅ 7 взято | 🗑️ 261 мусор
2026-05-24 22:48:12,550 | INFO     |   → 115/363: ✅ 6 взято | 🗑️ 74 мусор
2026-05-24 22:48:12,550 | INFO     |   → 116/363 ❌ HTTP 404 — https://raw.githubusercontent.com/MhdiTaheri/V2rayCollector/raw/refs/heads/main/sub/mix
2026-05-24 22:48:12,550 | INFO     |   → 117/363: ✅ 53 взято | 🗑️ 267 мусор
2026-05-24 22:48:12,550 | INFO     |   → 118/363 ❌ HTTP 404 — https://raw.githubusercontent.com/MhdiTaheri/V2rayCollector_Py/raw/refs/heads/main/sub/Mix/mix.txt
2026-05-24 22:48:12,550 | INFO     |   → 119/363: ✅ 92 взято | 🗑️ 282 мусор
2026-05-24 22:48:12,550 | INFO     |   → 120/363: ✅ 0 взято | 🗑️ 3 мусор
2026-05-24 22:48:12,550 | INFO     |   → 121/363 ❌ HTTP 404 — https://raw.githubusercontent.com/MrMohebi/xray-proxy-grabber-telegram/master/collected-proxies/row-url/actives.txt
2026-05-24 22:48:12,550 | INFO     |   → 122/363 ❌ HTTP 404 — https://raw.githubusercontent.com/MrMohebi/xray-proxy-grabber-telegram/master/collected-proxies/row-url/all.txt
2026-05-24 22:48:12,550 | INFO     |   → 123/363: ✅ 66 взято | 🗑️ 123 мусор
2026-05-24 22:48:12,551 | INFO     |   → 124/363: ✅ 175 взято | 🗑️ 582 мусор
2026-05-24 22:48:12,551 | INFO     |   → 125/363 ❌ HTTP 404 — https://raw.githubusercontent.com/OpenCNLink/freevpn/3cfcff048bfdd1493ccffa52ecf30ce7f9fc6b28/src/list/vmess.txt
2026-05-24 22:48:12,551 | INFO     |   → 126/363: ✅ 0 взято | 🗑️ 20 мусор
2026-05-24 22:48:12,551 | INFO     |   → 127/363: ✅ 3 взято | 🗑️ 51 мусор
2026-05-24 22:48:12,551 | INFO     |   → 128/363 ❌ HTTP 404 — https://raw.githubusercontent.com/RKPchannel/RKP_bypass_configs/main/configs
2026-05-24 22:48:12,551 | INFO     |   → 129/363: ✅ 0 взято | 🗑️ 35 мусор
2026-05-24 22:48:12,551 | INFO     |   → 130/363: ✅ 0 взято | 🗑️ 0 мусор
2026-05-24 22:48:12,551 | INFO     |   → 131/363: ✅ 0 взято | 🗑️ 50 мусор
2026-05-24 22:48:12,551 | INFO     |   → 132/363 ❌ HTTP 404 — https://raw.githubusercontent.com/STR97/STRUGOV/main/BYPASS
2026-05-24 22:48:12,551 | INFO     |   → 133/363 ❌ HTTP 404 — https://raw.githubusercontent.com/STR97/STRUGOV/main/CUSTOM
2026-05-24 22:48:12,551 | INFO     |   → 134/363 ❌ HTTP 404 — https://raw.githubusercontent.com/STR97/STRUGOV/main/STR
2026-05-24 22:48:12,551 | INFO     |   → 135/363 ❌ HTTP 404 — https://raw.githubusercontent.com/STR97/STRUGOV/main/STR.BYPASS
2026-05-24 22:48:12,551 | INFO     |   → 136/363 ❌ HTTP 404 — https://raw.githubusercontent.com/STR97/STRUGOV/main/Vless
2026-05-24 22:48:12,551 | INFO     |   → 137/363 ❌ HTTP 404 — https://raw.githubusercontent.com/STR97/STRUGOV/refs/heads/main/STR.BYPASS
2026-05-24 22:48:12,551 | INFO     |   → 138/363: ✅ 4 взято | 🗑️ 34 мусор
2026-05-24 22:48:12,551 | INFO     |   → 139/363: ✅ 0 взято | 🗑️ 27 мусор
2026-05-24 22:48:12,551 | INFO     |   → 140/363: ✅ 140 взято | 🗑️ 1153 мусор
2026-05-24 22:48:12,551 | INFO     |   → 141/363: ✅ 64 взято | 🗑️ 2772 мусор
2026-05-24 22:48:12,551 | INFO     |   → 142/363: ✅ 13 взято | 🗑️ 971 мусор
2026-05-24 22:48:12,551 | INFO     |   → 143/363: ✅ 90 взято | 🗑️ 3062 мусор
2026-05-24 22:48:12,551 | INFO     |   → 144/363: ✅ 206 взято | 🗑️ 618 мусор
2026-05-24 22:48:12,551 | INFO     |   → 145/363: ✅ 65 взято | 🗑️ 4655 мусор
2026-05-24 22:48:12,551 | INFO     |   → 146/363: ✅ 76 взято | 🗑️ 362 мусор
2026-05-24 22:48:12,551 | INFO     |   → 147/363: ✅ 0 взято | 🗑️ 0 мусор
2026-05-24 22:48:12,551 | INFO     |   → 148/363: ✅ 0 взято | 🗑️ 0 мусор
2026-05-24 22:48:12,551 | INFO     |   → 149/363: ✅ 17 взято | 🗑️ 1395 мусор
2026-05-24 22:48:12,552 | INFO     |   → 150/363: ✅ 0 взято | 🗑️ 45 мусор
2026-05-24 22:48:12,552 | INFO     |   → 151/363: ✅ 0 взято | 🗑️ 1141 мусор
2026-05-24 22:48:12,552 | INFO     |   → 152/363: ✅ 0 взято | 🗑️ 64 мусор
2026-05-24 22:48:12,552 | INFO     |   → 153/363 ❌ HTTP 404 — https://raw.githubusercontent.com/Syavar/V2ray-Configs/main/OK_TLS_activision.com.txt
2026-05-24 22:48:12,552 | INFO     |   → 154/363: ✅ 3 взято | 🗑️ 1 мусор
2026-05-24 22:48:12,552 | INFO     |   → 155/363: ✅ 3 взято | 🗑️ 1 мусор
2026-05-24 22:48:12,552 | INFO     |   → 156/363: ✅ 3 взято | 🗑️ 1 мусор
2026-05-24 22:48:12,552 | INFO     |   → 157/363: ✅ 3 взято | 🗑️ 1 мусор
2026-05-24 22:48:12,552 | INFO     |   → 158/363 ❌ HTTP 404 — https://raw.githubusercontent.com/Syavar/V2ray-Configs/main/OK_TLS_viber.com.txt
2026-05-24 22:48:12,552 | INFO     |   → 159/363: ✅ 3 взято | 🗑️ 1 мусор
2026-05-24 22:48:12,552 | INFO     |   → 160/363: ✅ 3 взято | 🗑️ 1 мусор
2026-05-24 22:48:12,552 | INFO     |   → 161/363 ❌ HTTP 404 — https://raw.githubusercontent.com/Syavar/V2ray-Configs/main/OK_activision.com.txt
2026-05-24 22:48:12,552 | INFO     |   → 162/363 ❌ HTTP 404 — https://raw.githubusercontent.com/Syavar/V2ray-Configs/main/OK_css.rbxcdn.com.txt
2026-05-24 22:48:12,552 | INFO     |   → 163/363 ❌ HTTP 404 — https://raw.githubusercontent.com/Syavar/V2ray-Configs/main/OK_google.com.txt
2026-05-24 22:48:12,552 | INFO     |   → 164/363 ❌ HTTP 404 — https://raw.githubusercontent.com/Syavar/V2ray-Configs/main/OK_speedtest.tinkoff.ru.txt
2026-05-24 22:48:12,552 | INFO     |   → 165/363 ❌ HTTP 404 — https://raw.githubusercontent.com/Syavar/V2ray-Configs/main/OK_telegram.org.txt
2026-05-24 22:48:12,552 | INFO     |   → 166/363 ❌ HTTP 404 — https://raw.githubusercontent.com/Syavar/V2ray-Configs/main/OK_viber.com.txt
2026-05-24 22:48:12,552 | INFO     |   → 167/363 ❌ HTTP 404 — https://raw.githubusercontent.com/Syavar/V2ray-Configs/main/OK_vk.com.txt
2026-05-24 22:48:12,552 | INFO     |   → 168/363 ❌ HTTP 404 — https://raw.githubusercontent.com/Syavar/V2ray-Configs/main/OK_whatsapp.com.txt
2026-05-24 22:48:12,552 | INFO     |   → 169/363: ✅ 640 взято | 🗑️ 1015 мусор
2026-05-24 22:48:12,552 | INFO     |   → 170/363: ✅ 4 взято | 🗑️ 291 мусор
2026-05-24 22:48:12,552 | INFO     |   → 171/363: ✅ 10 взято | 🗑️ 10 мусор
2026-05-24 22:48:12,552 | INFO     |   → 172/363: ✅ 0 взято | 🗑️ 17 мусор
2026-05-24 22:48:12,552 | INFO     |   → 173/363: ✅ 4 взято | 🗑️ 10 мусор
2026-05-24 22:48:12,552 | INFO     |   → 174/363: ✅ 1 взято | 🗑️ 8 мусор
2026-05-24 22:48:12,552 | INFO     |   → 175/363: ✅ 2 взято | 🗑️ 13 мусор
2026-05-24 22:48:12,552 | INFO     |   → 176/363: ✅ 7 взято | 🗑️ 11 мусор
2026-05-24 22:48:12,553 | INFO     |   → 177/363: ✅ 0 взято | 🗑️ 17 мусор
2026-05-24 22:48:12,553 | INFO     |   → 178/363: ✅ 6 взято | 🗑️ 14 мусор
2026-05-24 22:48:12,553 | INFO     |   → 179/363: ✅ 3 взято | 🗑️ 14 мусор
2026-05-24 22:48:12,553 | INFO     |   → 180/363: ✅ 1 взято | 🗑️ 18 мусор
2026-05-24 22:48:12,553 | INFO     |   → 181/363: ✅ 49 взято | 🗑️ 90 мусор
2026-05-24 22:48:12,553 | INFO     |   → 182/363: ✅ 0 взято | 🗑️ 5 мусор
2026-05-24 22:48:12,553 | INFO     |   → 183/363: ✅ 12 взято | 🗑️ 76 мусор
2026-05-24 22:48:12,553 | INFO     |   → 184/363: ✅ 0 взято | 🗑️ 0 мусор
2026-05-24 22:48:12,553 | INFO     |   → 185/363: ✅ 3 взято | 🗑️ 322 мусор
2026-05-24 22:48:12,553 | INFO     |   → 186/363: ✅ 123 взято | 🗑️ 432 мусор
2026-05-24 22:48:12,553 | INFO     |   → 187/363: ✅ 4 взято | 🗑️ 114 мусор
2026-05-24 22:48:12,553 | INFO     |   → 188/363: ✅ 21 взято | 🗑️ 51 мусор
2026-05-24 22:48:12,553 | INFO     |   → 189/363: ✅ 0 взято | 🗑️ 1096 мусор
2026-05-24 22:48:12,553 | INFO     |   → 190/363: ✅ 0 взято | 🗑️ 932 мусор
2026-05-24 22:48:12,553 | INFO     |   → 191/363: ✅ 18 взято | 🗑️ 64 мусор
2026-05-24 22:48:12,553 | INFO     |   → 192/363 ❌ HTTP 404 — https://raw.githubusercontent.com/awesome-vpn/awesome-vpn/master/ss
2026-05-24 22:48:12,553 | INFO     |   → 193/363: ✅ 1 взято | 🗑️ 2878 мусор
2026-05-24 22:48:12,553 | INFO     |   → 194/363: ✅ 0 взято | 🗑️ 279 мусор
2026-05-24 22:48:12,553 | INFO     |   → 195/363: ✅ 0 взято | 🗑️ 2273 мусор
2026-05-24 22:48:12,553 | INFO     |   → 196/363: ✅ 0 взято | 🗑️ 126 мусор
2026-05-24 22:48:12,553 | INFO     |   → 197/363 ❌ HTTP 404 — https://raw.githubusercontent.com/barry-far/V2ray-Configs/ced94ddfff48276ec365b40227561f36b1b64bc8/Sub5.txt
2026-05-24 22:48:12,553 | INFO     |   → 198/363 ❌ HTTP 404 — https://raw.githubusercontent.com/barry-far/V2ray-Configs/main/Splitted-By-Protocol/vless.txt
2026-05-24 22:48:12,553 | INFO     |   → 199/363 ❌ HTTP 404 — https://raw.githubusercontent.com/barry-far/V2ray-Configs/main/Sub1.txt
2026-05-24 22:48:12,553 | INFO     |   → 200/363: ✅ 0 взято | 🗑️ 279 мусор
2026-05-24 22:48:12,553 | INFO     |   → 201/363: ✅ 0 взято | 🗑️ 2273 мусор
2026-05-24 22:48:12,553 | INFO     |   → 202/363: ✅ 0 взято | 🗑️ 126 мусор
2026-05-24 22:48:12,553 | INFO     |   → 203/363 ❌ HTTP 404 — https://raw.githubusercontent.com/bywarm/whitelists-vpns-etc/main/whitelists1-4pda.txt
2026-05-24 22:48:12,554 | INFO     |   → 204/363: ✅ 4 взято | 🗑️ 56 мусор
2026-05-24 22:48:12,554 | INFO     |   → 205/363 ❌ HTTP 404 — https://raw.githubusercontent.com/chxxyz2004/zd/17fca23b73c46b5dd73e9be49b14d219b5e5f836/sub/2401/240110.txt
2026-05-24 22:48:12,554 | INFO     |   → 206/363: ✅ 356 взято | 🗑️ 5284 мусор
2026-05-24 22:48:12,554 | INFO     |   → 207/363: ✅ 236 взято | 🗑️ 517 мусор
2026-05-24 22:48:12,554 | INFO     |   → 208/363: ✅ 6 взято | 🗑️ 78 мусор
2026-05-24 22:48:12,554 | INFO     |   → 209/363: ✅ 6 взято | 🗑️ 4 мусор
2026-05-24 22:48:12,554 | INFO     |   → 210/363: ✅ 3576 взято | 🗑️ 83266 мусор
2026-05-24 22:48:12,554 | INFO     |   → 211/363: ✅ 74 взято | 🗑️ 1199 мусор
2026-05-24 22:48:12,554 | INFO     |   → 212/363: ✅ 4029 взято | 🗑️ 92377 мусор
2026-05-24 22:48:12,554 | INFO     |   → 213/363: ✅ 2320 взято | 🗑️ 52593 мусор
2026-05-24 22:48:12,554 | INFO     |   → 214/363: ✅ 97 взято | 🗑️ 5889 мусор
2026-05-24 22:48:12,554 | INFO     |   → 215/363: ✅ 6 взято | 🗑️ 113 мусор
2026-05-24 22:48:12,554 | INFO     |   → 216/363: ✅ 2 взято | 🗑️ 80 мусор
2026-05-24 22:48:12,554 | INFO     |   → 217/363: ✅ 5 взято | 🗑️ 169 мусор
2026-05-24 22:48:12,554 | INFO     |   → 218/363: ✅ 34 взято | 🗑️ 121 мусор
2026-05-24 22:48:12,554 | INFO     |   → 219/363: ✅ 4 взято | 🗑️ 97 мусор
2026-05-24 22:48:12,554 | INFO     |   → 220/363 ❌ HTTP 404 — https://raw.githubusercontent.com/freev2rayconfig/V2RAY_SUB/3e6a7786a1601ee3723e8d043ae79e70dbdfd9a8/v2rayconfigs.txt
2026-05-24 22:48:12,554 | INFO     |   → 221/363: ✅ 0 взято | 🗑️ 5 мусор
2026-05-24 22:48:12,554 | INFO     |   → 222/363: ✅ 508 взято | 🗑️ 2695 мусор
2026-05-24 22:48:12,554 | INFO     |   → 223/363: ✅ 281 взято | 🗑️ 975 мусор
2026-05-24 22:48:12,554 | INFO     |   → 224/363: ✅ 284 взято | 🗑️ 5616 мусор
2026-05-24 22:48:12,554 | INFO     |   → 225/363: ✅ 96 взято | 🗑️ 2401 мусор
2026-05-24 22:48:12,554 | INFO     |   → 226/363 ❌ HTTP 404 — https://raw.githubusercontent.com/hameed-maleki/TVC/89a4522969c57dcc22458cae9898426e5c4f2679/lite/config.txt
2026-05-24 22:48:12,554 | INFO     |   → 227/363: ✅ 5 взято | 🗑️ 132 мусор
2026-05-24 22:48:12,554 | INFO     |   → 228/363 ❌ HTTP 404 — https://raw.githubusercontent.com/hkpc/Autoproxy/6cf946ddfc677a29062007e4b47d70674474baa7/sub/2401/240110.txt
2026-05-24 22:48:12,554 | INFO     |   → 229/363 ❌ HTTP 404 — https://raw.githubusercontent.com/hkpc/V2ray-Configs/7d9aa0dabf947af180a7dd6302818ed37950531a/Sub1.txt
2026-05-24 22:48:12,555 | INFO     |   → 230/363: ✅ 71 взято | 🗑️ 273 мусор
2026-05-24 22:48:12,555 | INFO     |   → 231/363: ✅ 0 взято | 🗑️ 12 мусор
2026-05-24 22:48:12,555 | INFO     |   → 232/363: ✅ 0 взято | 🗑️ 223 мусор
2026-05-24 22:48:12,555 | INFO     |   → 233/363: ✅ 0 взято | 🗑️ 19 мусор
2026-05-24 22:48:12,555 | INFO     |   → 234/363: ✅ 1173 взято | 🗑️ 86 мусор
2026-05-24 22:48:12,555 | INFO     |   → 235/363: ✅ 68 взято | 🗑️ 73 мусор
2026-05-24 22:48:12,555 | INFO     |   → 236/363: ✅ 1 взято | 🗑️ 0 мусор
2026-05-24 22:48:12,555 | INFO     |   → 237/363 ❌ HTTP 404 — https://raw.githubusercontent.com/igareck/vpn-configs-for-russia/refs/heads/main/Vless-Reality-White-Lists-Rus-Cable.txt
2026-05-24 22:48:12,555 | INFO     |   → 238/363: ✅ 35 взято | 🗑️ 9 мусор
2026-05-24 22:48:12,555 | INFO     |   → 239/363: ✅ 1 взято | 🗑️ 337 мусор
2026-05-24 22:48:12,555 | INFO     |   → 240/363 ❌ HTTP 404 — https://raw.githubusercontent.com/kismetpro/NodeSuber/main/Splitted-By-Protocol/vless.txt
2026-05-24 22:48:12,555 | INFO     |   → 241/363 ❌ HTTP 404 — https://raw.githubusercontent.com/kismetpro/NodeSuber/main/out/All_Configs_Sub.txt
2026-05-24 22:48:12,555 | INFO     |   → 242/363: ✅ 12239 взято | 🗑️ 98921 мусор
2026-05-24 22:48:12,555 | INFO     |   → 243/363: ✅ 224 взято | 🗑️ 176 мусор
2026-05-24 22:48:12,555 | INFO     |   → 244/363: ✅ 0 взято | 🗑️ 29 мусор
2026-05-24 22:48:12,555 | INFO     |   → 245/363 ❌ HTTP 404 — https://raw.githubusercontent.com/koteey/Ms.Kerosin-VPN/main/proxies.txt
2026-05-24 22:48:12,555 | INFO     |   → 246/363: ✅ 534 взято | 🗑️ 1494 мусор
2026-05-24 22:48:12,555 | INFO     |   → 247/363: ✅ 1 взято | 🗑️ 121 мусор
2026-05-24 22:48:12,555 | INFO     |   → 248/363: ✅ 0 взято | 🗑️ 0 мусор
2026-05-24 22:48:12,555 | INFO     |   → 249/363: ✅ 0 взято | 🗑️ 421 мусор
2026-05-24 22:48:12,555 | INFO     |   → 250/363: ✅ 213 взято | 🗑️ 1155 мусор
2026-05-24 22:48:12,555 | INFO     |   → 251/363: ✅ 0 взято | 🗑️ 53 мусор
2026-05-24 22:48:12,555 | INFO     |   → 252/363: ✅ 146 взято | 🗑️ 343 мусор
2026-05-24 22:48:12,555 | INFO     |   → 253/363: ✅ 0 взято | 🗑️ 133 мусор
2026-05-24 22:48:12,555 | INFO     |   → 254/363: ✅ 0 взято | 🗑️ 133 мусор
2026-05-24 22:48:12,555 | INFO     |   → 255/363: ✅ 0 взято | 🗑️ 3920 мусор
2026-05-24 22:48:12,555 | INFO     |   → 256/363: ✅ 0 взято | 🗑️ 0 мусор
2026-05-24 22:48:12,556 | INFO     |   → 257/363: ✅ 0 взято | 🗑️ 3920 мусор
2026-05-24 22:48:12,556 | INFO     |   → 258/363: ✅ 20 взято | 🗑️ 370 мусор
2026-05-24 22:48:12,556 | INFO     |   → 259/363: ✅ 0 взято | 🗑️ 370 мусор
2026-05-24 22:48:12,556 | INFO     |   → 260/363: ✅ 699 взято | 🗑️ 6258 мусор
2026-05-24 22:48:12,556 | INFO     |   → 261/363: ✅ 8 взято | 🗑️ 853 мусор
2026-05-24 22:48:12,556 | INFO     |   → 262/363 ❌ HTTP 404 — https://raw.githubusercontent.com/mfuu/v2ray/master/merge/merge.txt
2026-05-24 22:48:12,556 | INFO     |   → 263/363: ✅ 557 взято | 🗑️ 14913 мусор
2026-05-24 22:48:12,556 | INFO     |   → 264/363: ✅ 0 взято | 🗑️ 5265 мусор
2026-05-24 22:48:12,556 | INFO     |   → 265/363 ❌ HTTP 404 — https://raw.githubusercontent.com/miladtahanian/V2RayCFGDumper/refs/heads/main/config.txt
2026-05-24 22:48:12,556 | INFO     |   → 266/363 ❌ HTTP 404 — https://raw.githubusercontent.com/miladtahanian/multi-proxy-config-fetcher/refs/heads/main/configs/proxy_configs.txt
2026-05-24 22:48:12,556 | INFO     |   → 267/363: ✅ 0 взято | 🗑️ 0 мусор
2026-05-24 22:48:12,556 | INFO     |   → 268/363: ✅ 15 взято | 🗑️ 46 мусор
2026-05-24 22:48:12,556 | INFO     |   → 269/363: ✅ 0 взято | 🗑️ 9 мусор
2026-05-24 22:48:12,556 | INFO     |   → 270/363: ✅ 0 взято | 🗑️ 223 мусор
2026-05-24 22:48:12,556 | INFO     |   → 271/363: ✅ 0 взято | 🗑️ 15 мусор
2026-05-24 22:48:12,556 | INFO     |   → 272/363: ✅ 28 взято | 🗑️ 93 мусор
2026-05-24 22:48:12,556 | INFO     |   → 273/363: ✅ 74 взято | 🗑️ 425 мусор
2026-05-24 22:48:12,556 | INFO     |   → 274/363: ✅ 168 взято | 🗑️ 330 мусор
2026-05-24 22:48:12,556 | INFO     |   → 275/363: ✅ 15 взято | 🗑️ 70 мусор
2026-05-24 22:48:12,556 | INFO     |   → 276/363: ✅ 126 взято | 🗑️ 492 мусор
2026-05-24 22:48:12,556 | INFO     |   → 277/363: ✅ 0 взято | 🗑️ 190 мусор
2026-05-24 22:48:12,556 | INFO     |   → 278/363: ✅ 75 взято | 🗑️ 2757 мусор
2026-05-24 22:48:12,556 | INFO     |   → 279/363: ✅ 29 взято | 🗑️ 1560 мусор
2026-05-24 22:48:12,556 | INFO     |   → 280/363: ✅ 16 взято | 🗑️ 274 мусор
2026-05-24 22:48:12,556 | INFO     |   → 281/363: ✅ 5 взято | 🗑️ 770 мусор
2026-05-24 22:48:12,556 | INFO     |   → 282/363: ✅ 1181 взято | 🗑️ 177 мусор
2026-05-24 22:48:12,556 | INFO     |   → 283/363 ❌ HTTP 404 — https://raw.githubusercontent.com/op30mmd/things/909b38024ba14d69dc0f95c238f63bc6e930a00f/eut.txt
2026-05-24 22:48:12,557 | INFO     |   → 284/363: ✅ 7 взято | 🗑️ 200 мусор
2026-05-24 22:48:12,557 | INFO     |   → 285/363: ✅ 4 взято | 🗑️ 3 мусор
2026-05-24 22:48:12,557 | INFO     |   → 286/363: ✅ 6703 взято | 🗑️ 35561 мусор
2026-05-24 22:48:12,557 | INFO     |   → 287/363: ✅ 0 взято | 🗑️ 51 мусор
2026-05-24 22:48:12,557 | INFO     |   → 288/363: ✅ 0 взято | 🗑️ 1 мусор
2026-05-24 22:48:12,557 | INFO     |   → 289/363: ✅ 0 взято | 🗑️ 44 мусор
2026-05-24 22:48:12,557 | INFO     |   → 290/363: ✅ 63 взято | 🗑️ 521 мусор
2026-05-24 22:48:12,557 | INFO     |   → 291/363: ✅ 165 взято | 🗑️ 273 мусор
2026-05-24 22:48:12,557 | INFO     |   → 292/363: ✅ 13 взято | 🗑️ 211 мусор
2026-05-24 22:48:12,557 | INFO     |   → 293/363: ✅ 0 взято | 🗑️ 106 мусор
2026-05-24 22:48:12,557 | INFO     |   → 294/363 ❌ HTTP 404 — https://raw.githubusercontent.com/sajad-sajadi/V2ray-Collector/raw/main/output/protocols/vmess.txt
2026-05-24 22:48:12,557 | INFO     |   → 295/363: ✅ 6548 взято | 🗑️ 2909 мусор
2026-05-24 22:48:12,557 | INFO     |   → 296/363 ❌ HTTP 404 — https://raw.githubusercontent.com/sakha1370/OpenRay/raw/refs/heads/main/output/all_valid_proxies.txt
2026-05-24 22:48:12,557 | INFO     |   → 297/363: ✅ 2 взято | 🗑️ 399 мусор
2026-05-24 22:48:12,557 | INFO     |   → 298/363 ❌ HTTP 404 — https://raw.githubusercontent.com/satrom/V2SSR/master/SSR/Sub.txt
2026-05-24 22:48:12,557 | INFO     |   → 299/363 ❌ HTTP 404 — https://raw.githubusercontent.com/satrom/V2SSR/master/V2RAY/Sub.txt
2026-05-24 22:48:12,557 | INFO     |   → 300/363: ✅ 2326 взято | 🗑️ 67277 мусор
2026-05-24 22:48:12,557 | INFO     |   → 301/363: ✅ 3 взято | 🗑️ 49 мусор
2026-05-24 22:48:12,557 | INFO     |   → 302/363: ✅ 0 взято | 🗑️ 1239 мусор
2026-05-24 22:48:12,557 | INFO     |   → 303/363 ❌ HTTP 404 — https://raw.githubusercontent.com/soroushmirzaei/telegram-configs-collector/main/splitted/subscribe
2026-05-24 22:48:12,557 | INFO     |   → 304/363 ❌ HTTP 404 — https://raw.githubusercontent.com/ssrsub/ssr/master/vless.txt
2026-05-24 22:48:12,557 | INFO     |   → 305/363: ✅ 2 взято | 🗑️ 12 мусор
2026-05-24 22:48:12,557 | INFO     |   → 306/363: ✅ 0 взято | 🗑️ 13 мусор
2026-05-24 22:48:12,557 | INFO     |   → 307/363: ✅ 0 взято | 🗑️ 13 мусор
2026-05-24 22:48:12,557 | INFO     |   → 308/363: ✅ 57 взято | 🗑️ 243 мусор
2026-05-24 22:48:12,557 | INFO     |   → 309/363: ✅ 8 взято | 🗑️ 49 мусор
2026-05-24 22:48:12,557 | INFO     |   → 310/363: ✅ 4 взято | 🗑️ 24 мусор
2026-05-24 22:48:12,558 | INFO     |   → 311/363: ✅ 29 взято | 🗑️ 271 мусор
2026-05-24 22:48:12,558 | INFO     |   → 312/363: ✅ 21 взято | 🗑️ 54 мусор
2026-05-24 22:48:12,558 | INFO     |   → 313/363: ✅ 85 взято | 🗑️ 115 мусор
2026-05-24 22:48:12,558 | INFO     |   → 314/363: ✅ 39 взято | 🗑️ 156 мусор
2026-05-24 22:48:12,558 | INFO     |   → 315/363: ✅ 232 взято | 🗑️ 68 мусор
2026-05-24 22:48:12,558 | INFO     |   → 316/363: ✅ 5 взято | 🗑️ 111 мусор
2026-05-24 22:48:12,558 | INFO     |   → 317/363 ❌ HTTP 404 — https://raw.githubusercontent.com/v2clash/Autoproxy/a81f840ab2364124133572ec94e4b81fb0d4e58d/sub/2401/240104.txt
2026-05-24 22:48:12,558 | INFO     |   → 318/363 ❌ HTTP 404 — https://raw.githubusercontent.com/v2clash/V2ray-Configs/31f493c584d0c7b56350f4a34d80c53ad82bcc18/Sub9.txt
2026-05-24 22:48:12,558 | INFO     |   → 319/363: ✅ 36 взято | 🗑️ 303 мусор
2026-05-24 22:48:12,558 | INFO     |   → 320/363 ❌ HTTP 404 — https://raw.githubusercontent.com/vsevjik/OBSpiskov/main/wwh
2026-05-24 22:48:12,558 | INFO     |   → 321/363 ❌ HTTP 404 — https://raw.githubusercontent.com/vsevjik/OBSpiskov/main/wwhjk
2026-05-24 22:48:12,558 | INFO     |   → 322/363 ❌ HTTP 404 — https://raw.githubusercontent.com/vsevjik/OBSpiskov/main/wwhljjjkk
2026-05-24 22:48:12,558 | INFO     |   → 323/363: ✅ 0 взято | 🗑️ 10 мусор
2026-05-24 22:48:12,558 | INFO     |   → 324/363: ✅ 107 взято | 🗑️ 689 мусор
2026-05-24 22:48:12,558 | INFO     |   → 325/363: ✅ 49 взято | 🗑️ 841 мусор
2026-05-24 22:48:12,558 | INFO     |   → 326/363: ✅ 21 взято | 🗑️ 789 мусор
2026-05-24 22:48:12,558 | INFO     |   → 327/363: ✅ 24 взято | 🗑️ 774 мусор
2026-05-24 22:48:12,558 | INFO     |   → 328/363: ✅ 52 взято | 🗑️ 756 мусор
2026-05-24 22:48:12,558 | INFO     |   → 329/363: ✅ 191 взято | 🗑️ 745 мусор
2026-05-24 22:48:12,558 | INFO     |   → 330/363: ✅ 9 взято | 🗑️ 651 мусор
2026-05-24 22:48:12,558 | INFO     |   → 331/363: ✅ 185 взято | 🗑️ 388 мусор
2026-05-24 22:48:12,558 | INFO     |   → 332/363: ✅ 130 взято | 🗑️ 523 мусор
2026-05-24 22:48:12,558 | INFO     |   → 333/363: ✅ 67 взято | 🗑️ 533 мусор
2026-05-24 22:48:12,558 | INFO     |   → 334/363: ✅ 98 взято | 🗑️ 444 мусор
2026-05-24 22:48:12,558 | INFO     |   → 335/363: ✅ 102 взято | 🗑️ 670 мусор
2026-05-24 22:48:12,558 | INFO     |   → 336/363: ✅ 86 взято | 🗑️ 476 мусор
2026-05-24 22:48:12,559 | INFO     |   → 337/363: ✅ 95 взято | 🗑️ 657 мусор
2026-05-24 22:48:12,559 | INFO     |   → 338/363: ✅ 105 взято | 🗑️ 645 мусор
2026-05-24 22:48:12,559 | INFO     |   → 339/363: ✅ 115 взято | 🗑️ 985 мусор
2026-05-24 22:48:12,559 | INFO     |   → 340/363: ✅ 19 взято | 🗑️ 489 мусор
2026-05-24 22:48:12,559 | INFO     |   → 341/363: ✅ 5 взято | 🗑️ 10 мусор
2026-05-24 22:48:12,559 | INFO     |   → 342/363: ✅ 1 взято | 🗑️ 124 мусор
2026-05-24 22:48:12,559 | INFO     |   → 343/363: ✅ 78 взято | 🗑️ 88 мусор
2026-05-24 22:48:12,559 | INFO     |   → 344/363: ✅ 55 взято | 🗑️ 1548 мусор
2026-05-24 22:48:12,559 | INFO     |   → 345/363: ✅ 0 взято | 🗑️ 1510 мусор
2026-05-24 22:48:12,559 | INFO     |   → 346/363: ✅ 0 взято | 🗑️ 14 мусор
2026-05-24 22:48:12,559 | INFO     |   → 347/363 ❌ HTTP 404 — https://raw.githubusercontent.com/xiaozhu2007/xiaozhu2007/61a755a044dbaeea678bc2d1e20f21a21c6d7170/docs/fxxk.txt
2026-05-24 22:48:12,559 | INFO     |   → 348/363 ❌ HTTP 404 — https://raw.githubusercontent.com/yebekhe/TVC/0f745f92bf381e505f1245abbc7c145b19b11503/config.txt
2026-05-24 22:48:12,559 | INFO     |   → 349/363 ❌ HTTP 404 — https://raw.githubusercontent.com/yebekhe/TVC/9fac69239c69327fb7a61f5a8d79d107133889e1/lite/config.txt
2026-05-24 22:48:12,559 | INFO     |   → 350/363 ❌ HTTP 404 — https://raw.githubusercontent.com/yebekhe/TelegramV2rayCollector/main/sub/normal/mix
2026-05-24 22:48:12,559 | INFO     |   → 351/363 ❌ HTTP 404 — https://raw.githubusercontent.com/yebekhe/TelegramV2rayCollector/main/sub/normal/vless
2026-05-24 22:48:12,559 | INFO     |   → 352/363 ❌ HTTP 404 — https://raw.githubusercontent.com/yebekhe/V2Hub/main/Split/Normal/shadowsocks
2026-05-24 22:48:12,559 | INFO     |   → 353/363 ❌ HTTP 404 — https://raw.githubusercontent.com/yebekhe/V2Hub/main/merged
2026-05-24 22:48:12,559 | INFO     |   → 354/363: ✅ 369 взято | 🗑️ 7096 мусор
2026-05-24 22:48:12,559 | INFO     |   → 355/363: ✅ 0 взято | 🗑️ 7096 мусор
2026-05-24 22:48:12,559 | INFO     |   → 356/363: ✅ 6 взято | 🗑️ 342 мусор
2026-05-24 22:48:12,559 | INFO     |   → 357/363: ✅ 8 взято | 🗑️ 262 мусор
2026-05-24 22:48:12,559 | INFO     |   → 358/363: ✅ 0 взято | 🗑️ 1424 мусор
2026-05-24 22:48:12,559 | INFO     |   → 359/363 ❌ HTTP 404 — https://raw.githubusercontent.com/yyyr-otz/tele-providers-collector/019cb3e07ee52fddbc7caa54fc670c6b9bae6539/sub/proxies.txt
2026-05-24 22:48:12,559 | INFO     |   → 360/363 ❌ HTTP 404 — https://raw.githubusercontent.com/yyyr-otz/tele-providers-collector/b7a74ee98bcf02c5a507d688a1bed3aa9f7f4ed1/script/raw/protocols/mixed.txt
2026-05-24 22:48:12,559 | INFO     |   → 361/363: ✅ 544 взято | 🗑️ 36 мусор
2026-05-24 22:48:12,559 | INFO     |   → 362/363: ✅ 8 взято | 🗑️ 12 мусор
2026-05-24 22:48:12,559 | INFO     |   → 363/363: ✅ 0 взято | 🗑️ 0 мусор
2026-05-24 22:48:12,560 | INFO     |   → ✅ ГОТОВО!
2026-05-24 22:48:12,560 | INFO     |   →    📥 Всего ключей после фильтра: 66581
2026-05-24 22:48:12,560 | INFO     |   →    🔗 Уникальных IP:PORT:SCHEME: 25319
2026-05-24 22:48:12,560 | INFO     |   →    🗑️ Выброшено мусора: 737769
2026-05-24 22:48:12,560 | INFO     |   → 📊 По протоколам:
2026-05-24 22:48:12,560 | INFO     |   →    vless: 11056
2026-05-24 22:48:12,560 | INFO     |   →    vmess: 2611
2026-05-24 22:48:12,560 | INFO     |   →    trojan: 6539
2026-05-24 22:48:12,560 | INFO     |   →    ss: 4860
2026-05-24 22:48:12,560 | INFO     |   →    hysteria: 17
2026-05-24 22:48:12,560 | INFO     |   →    hysteria2: 106
2026-05-24 22:48:12,560 | INFO     |   →    hy2: 77
2026-05-24 22:48:12,560 | INFO     |   →    tuic: 53
2026-05-24 22:48:12,560 | INFO     | ✅ mirror.py завершён успешно
2026-05-24 22:48:12,560 | INFO     | 
2026-05-24 22:48:12,560 | INFO     | 
2026-05-24 22:48:12,560 | INFO     | ──────────────────────────────────────────────────────────────────────
2026-05-24 22:48:12,560 | INFO     | 📌 ЭТАП: Генерация 50 уникальных CF-VLESS
2026-05-24 22:48:12,560 | INFO     | ──────────────────────────────────────────────────────────────────────
2026-05-24 22:48:12,560 | INFO     | 🚀 Запуск generate_cf_vless.py (50 новых CF-VLESS)...
2026-05-24 22:48:13,555 | INFO     |   → ======================================================================
2026-05-24 22:48:13,555 | INFO     |   → 🗺️  Генератор свежих VLESS-конфигов на IP Cloudflare
2026-05-24 22:48:13,555 | INFO     |   → ======================================================================
2026-05-24 22:48:13,555 | INFO     |   →   → Загружаем актуальные IP-диапазоны Cloudflare: https://www.cloudflare.com/ips-v4
2026-05-24 22:48:13,555 | INFO     |   →   → Найдено 15 IPv4 CIDR-блоков. Преобразуем их в IP-адреса...
2026-05-24 22:48:13,555 | INFO     |   → ✅ Успешно загружено и подготовлено 7500 IP-адресов для ротации.
2026-05-24 22:48:13,556 | INFO     |   → ✨ Сгенерировано и сохранено 50 VLESS-конфигов.
2026-05-24 22:48:13,556 | INFO     |   → 📂 Файл: /home/runner/work/vpn-vless-configs-russia/vpn-vless-configs-russia/githubmirror/new/cf_fresh.txt
2026-05-24 22:48:13,556 | INFO     |   → ======================================================================
2026-05-24 22:48:13,556 | INFO     | ✅ generate_cf_vless.py завершён успешно
2026-05-24 22:48:13,556 | INFO     | 
2026-05-24 22:48:13,556 | INFO     | 
2026-05-24 22:48:13,556 | INFO     | ──────────────────────────────────────────────────────────────────────
2026-05-24 22:48:13,556 | INFO     | 📌 ЭТАП: Слияние CF с основным списком
2026-05-24 22:48:13,556 | INFO     | ──────────────────────────────────────────────────────────────────────
2026-05-24 22:48:13,694 | INFO     | 🔄 Добавлено 50 новых CF-VLESS в /home/runner/work/vpn-vless-configs-russia/vpn-vless-configs-russia/githubmirror/clean/vless.txt
2026-05-24 22:48:13,694 | INFO     | 📊 Всего в clean/vless.txt теперь: 11106
2026-05-24 22:48:13,697 | INFO     | 
2026-05-24 22:48:13,697 | INFO     | 
2026-05-24 22:48:13,697 | INFO     | ──────────────────────────────────────────────────────────────────────
2026-05-24 22:48:13,697 | INFO     | 📌 ЭТАП: Фильтрация по реальному SNI
2026-05-24 22:48:13,697 | INFO     | ──────────────────────────────────────────────────────────────────────
2026-05-24 22:48:13,697 | INFO     | 🚀 Запуск filter_ru_sni.py (Фильтр по реальному SNI (CDN+RU))...
2026-05-24 22:48:14,315 | INFO     |   → hy2.txt: 77 → 21 (SNI-filtered)
2026-05-24 22:48:14,315 | INFO     |   →   hysteria.txt: 17 → 0 (SNI-filtered)
2026-05-24 22:48:14,315 | INFO     |   →   hysteria2.txt: 106 → 17 (SNI-filtered)
2026-05-24 22:48:14,315 | INFO     |   →   ss.txt: 4860 → 245 (SNI-filtered)
2026-05-24 22:48:14,315 | INFO     |   →   trojan.txt: 6539 → 18 (SNI-filtered)
2026-05-24 22:48:14,315 | INFO     |   →   tuic.txt: 53 → 0 (SNI-filtered)
2026-05-24 22:48:14,315 | INFO     |   →   vless.txt: 11106 → 1746 (SNI-filtered)
2026-05-24 22:48:14,315 | INFO     |   →   vmess.txt: 2611 → 29 (SNI-filtered)
2026-05-24 22:48:14,315 | INFO     |   → ==================================================
2026-05-24 22:48:14,315 | INFO     |   →   Всего входных:  25369
2026-05-24 22:48:14,315 | INFO     |   →   Прошли фильтр:  2076
2026-05-24 22:48:14,315 | INFO     |   →   Отброшено:      23293
2026-05-24 22:48:14,315 | INFO     |   → ==================================================
2026-05-24 22:48:14,315 | INFO     |   → Готово → /home/runner/work/vpn-vless-configs-russia/vpn-vless-configs-russia/githubmirror/ru-sni
2026-05-24 22:48:14,315 | INFO     | ✅ filter_ru_sni.py завершён успешно
2026-05-24 22:48:14,315 | INFO     | 
2026-05-24 22:48:14,315 | INFO     | 
2026-05-24 22:48:14,315 | INFO     | ──────────────────────────────────────────────────────────────────────
2026-05-24 22:48:14,315 | INFO     | 📌 ЭТАП: Экспериментальный RU-SNI фильтр
2026-05-24 22:48:14,315 | INFO     | ──────────────────────────────────────────────────────────────────────
2026-05-24 22:48:14,315 | INFO     | 🚀 Запуск filter_ru_sni_local.py (Экспериментальный фильтр по RU-SNI (локальные домены))...
2026-05-24 22:48:14,726 | INFO     |   → hy2.txt: 77 → 0 (RU-SNI)
2026-05-24 22:48:14,726 | INFO     |   → hysteria.txt: 17 → 0 (RU-SNI)
2026-05-24 22:48:14,726 | INFO     |   → hysteria2.txt: 106 → 0 (RU-SNI)
2026-05-24 22:48:14,726 | INFO     |   → ss.txt: 4860 → 61 (RU-SNI)
2026-05-24 22:48:14,726 | INFO     |   → trojan.txt: 6539 → 3 (RU-SNI)
2026-05-24 22:48:14,726 | INFO     |   → tuic.txt: 53 → 0 (RU-SNI)
2026-05-24 22:48:14,726 | INFO     |   → vless.txt: 11106 → 811 (RU-SNI)
2026-05-24 22:48:14,726 | INFO     |   → vmess.txt: 2611 → 2 (RU-SNI)
2026-05-24 22:48:14,726 | INFO     |   → ==================================================
2026-05-24 22:48:14,726 | INFO     |   → Всего входных:  25369
2026-05-24 22:48:14,726 | INFO     |   → Прошли RU-SNI:  877
2026-05-24 22:48:14,726 | INFO     |   → Отброшено:      24492
2026-05-24 22:48:14,726 | INFO     |   → ==================================================
2026-05-24 22:48:14,726 | INFO     |   → Готово → /home/runner/work/vpn-vless-configs-russia/vpn-vless-configs-russia/githubmirror/ru-sni-local
2026-05-24 22:48:14,726 | INFO     | ✅ filter_ru_sni_local.py завершён успешно
2026-05-24 22:48:14,727 | INFO     | 
2026-05-24 22:48:14,727 | INFO     | 
2026-05-24 22:48:14,727 | INFO     | ──────────────────────────────────────────────────────────────────────
2026-05-24 22:48:14,727 | INFO     | 📌 ЭТАП: Сбор статистики
2026-05-24 22:48:14,727 | INFO     | ──────────────────────────────────────────────────────────────────────
2026-05-24 22:48:14,727 | INFO     | 📊 Сбор статистики...
2026-05-24 22:48:14,727 | INFO     |   📁 githubmirror/clean:
2026-05-24 22:48:14,727 | INFO     |     • hy2         :    77 конфигов
2026-05-24 22:48:14,727 | INFO     |     • hysteria    :    17 конфигов
2026-05-24 22:48:14,728 | INFO     |     • hysteria2   :   106 конфигов
2026-05-24 22:48:14,731 | INFO     |     • ss          :  4860 конфигов
2026-05-24 22:48:14,735 | INFO     |     • trojan      :  6539 конфигов
2026-05-24 22:48:14,736 | INFO     |     • tuic        :    53 конфигов
2026-05-24 22:48:14,747 | INFO     |     • vless       : 11106 конфигов
2026-05-24 22:48:14,749 | INFO     |     • vmess       :  2611 конфигов
2026-05-24 22:48:14,749 | INFO     |   📁 githubmirror/ru-sni:
2026-05-24 22:48:14,750 | INFO     |     • hy2         :    21 конфигов ( 27.3% от clean)
2026-05-24 22:48:14,750 | INFO     |     • hysteria    :     0 конфигов (  0.0% от clean)
2026-05-24 22:48:14,750 | INFO     |     • hysteria2   :    17 конфигов ( 16.0% от clean)
2026-05-24 22:48:14,750 | INFO     |     • ss          :   245 конфигов (  5.0% от clean)
2026-05-24 22:48:14,750 | INFO     |     • trojan      :    18 конфигов (  0.3% от clean)
2026-05-24 22:48:14,751 | INFO     |     • tuic        :     0 конфигов (  0.0% от clean)
2026-05-24 22:48:14,753 | INFO     |     • vless       :  1746 конфигов ( 15.7% от clean)
2026-05-24 22:48:14,753 | INFO     |     • vmess       :    29 конфигов (  1.1% от clean)
2026-05-24 22:48:14,753 | INFO     |   ✨ Новых CF-VLESS в этом запуске: 50
2026-05-24 22:48:14,753 | INFO     | 
2026-05-24 22:48:14,753 | INFO     |   ──────────────────────────────────────────────────
2026-05-24 22:48:14,753 | INFO     |   📈 ИТОГО:
2026-05-24 22:48:14,753 | INFO     |     Clean (после geo-фильтра):    25369
2026-05-24 22:48:14,753 | INFO     |     RU-SNI (после SNI-фильтра):    2076
2026-05-24 22:48:14,753 | INFO     |     Прошло фильтр:                  8.2%
2026-05-24 22:48:14,753 | INFO     |   ──────────────────────────────────────────────────
2026-05-24 22:48:14,754 | INFO     | ✅ Статистика сохранена: /home/runner/work/vpn-vless-configs-russia/vpn-vless-configs-russia/stats.json
2026-05-24 22:48:14,754 | INFO     | 
2026-05-24 22:48:14,754 | INFO     | ======================================================================
2026-05-24 22:48:14,754 | INFO     | 📊 ИТОГОВЫЙ ОТЧЁТ
2026-05-24 22:48:14,754 | INFO     | ======================================================================
2026-05-24 22:48:14,754 | INFO     |   ✅ OK         | Загрузка и geo-фильтрация
2026-05-24 22:48:14,754 | INFO     |   ✅ OK         | Генерация 50 уникальных CF-VLESS
2026-05-24 22:48:14,754 | INFO     |   ✅ OK         | Слияние CF с основным списком
2026-05-24 22:48:14,754 | INFO     |   ✅ OK         | Фильтрация по реальному SNI
2026-05-24 22:48:14,754 | INFO     |   ✅ OK         | Экспериментальный RU-SNI фильтр
2026-05-24 22:48:14,754 | INFO     |   ✅ OK         | Сбор статистики
2026-05-24 22:48:14,754 | INFO     | ──────────────────────────────────────────────────────────────────────
2026-05-24 22:48:14,754 | INFO     | ✅ ВСЕ ЭТАПЫ УСПЕШНЫ (6/6)
2026-05-24 22:48:14,754 | INFO     | ⏰ Время завершения: 2026-05-24 22:48:14
2026-05-24 22:48:14,754 | INFO     | ======================================================================
