2026-05-27 14:55:16,201 | INFO     | ======================================================================
2026-05-27 14:55:16,201 | INFO     | 🔍 VPN KEY CHECKER - Начало проверки
2026-05-27 14:55:16,201 | INFO     | ⏰ Время старта: 2026-05-27 14:55:16
2026-05-27 14:55:16,201 | INFO     | 📂 Рабочая директория: /home/runner/work/vpn-vless-configs-russia/vpn-vless-configs-russia
2026-05-27 14:55:16,201 | INFO     | ======================================================================
2026-05-27 14:55:16,201 | INFO     | 
2026-05-27 14:55:16,201 | INFO     | 🔍 Проверка наличия скриптов...
2026-05-27 14:55:16,202 | INFO     |   ✅ mirror.py
2026-05-27 14:55:16,202 | INFO     |   ✅ generate_cf_vless.py
2026-05-27 14:55:16,202 | INFO     |   ✅ filter_ru_sni.py
2026-05-27 14:55:16,202 | INFO     |   ✅ filter_ru_sni_local.py
2026-05-27 14:55:16,202 | INFO     | 
2026-05-27 14:55:16,202 | INFO     | 
2026-05-27 14:55:16,202 | INFO     | ──────────────────────────────────────────────────────────────────────
2026-05-27 14:55:16,202 | INFO     | 📌 ЭТАП: Загрузка и geo-фильтрация
2026-05-27 14:55:16,202 | INFO     | ──────────────────────────────────────────────────────────────────────
2026-05-27 14:55:16,202 | INFO     | 🚀 Запуск mirror.py (Загрузка и фильтрация по РФ/СНГ/Европа)...
2026-05-27 14:56:41,880 | INFO     |   → 🚀 Старт: всего источников (старые + новые): 361
2026-05-27 14:56:41,881 | INFO     |   → 1/361: ✅ 0 взято | 🗑️ 0 мусор
2026-05-27 14:56:41,881 | INFO     |   → 2/361: ✅ 0 взято | 🗑️ 0 мусор
2026-05-27 14:56:41,881 | INFO     |   → 3/361: ✅ 5 взято | 🗑️ 104 мусор
2026-05-27 14:56:41,881 | INFO     |   → 4/361: ✅ 0 взято | 🗑️ 0 мусор
2026-05-27 14:56:41,881 | INFO     |   → 5/361: ✅ 0 взято | 🗑️ 116 мусор
2026-05-27 14:56:41,881 | INFO     |   → 6/361: ✅ 0 взято | 🗑️ 0 мусор
2026-05-27 14:56:41,881 | INFO     |   → 7/361: ✅ 6 взято | 🗑️ 24 мусор
2026-05-27 14:56:41,881 | INFO     |   → 8/361: ✅ 0 взято | 🗑️ 24 мусор
2026-05-27 14:56:41,881 | INFO     |   → 9/361: ✅ 862 взято | 🗑️ 3046 мусор
2026-05-27 14:56:41,881 | INFO     |   → 10/361: ✅ 4 взято | 🗑️ 454 мусор
2026-05-27 14:56:41,881 | INFO     |   → 11/361: ✅ 624 взято | 🗑️ 2220 мусор
2026-05-27 14:56:41,881 | INFO     |   → 12/361: ✅ 554 взято | 🗑️ 1049 мусор
2026-05-27 14:56:41,881 | INFO     |   → 13/361: ✅ 32 взято | 🗑️ 5 мусор
2026-05-27 14:56:41,881 | INFO     |   → 14/361: ✅ 100 взято | 🗑️ 381 мусор
2026-05-27 14:56:41,881 | INFO     |   → 15/361: ✅ 57 взято | 🗑️ 243 мусор
2026-05-27 14:56:41,881 | INFO     |   → 16/361: ✅ 45 взято | 🗑️ 255 мусор
2026-05-27 14:56:41,881 | INFO     |   → 17/361: ✅ 20 взято | 🗑️ 101 мусор
2026-05-27 14:56:41,881 | INFO     |   → 18/361: ✅ 21 взято | 🗑️ 54 мусор
2026-05-27 14:56:41,881 | INFO     |   → 19/361: ✅ 85 взято | 🗑️ 115 мусор
2026-05-27 14:56:41,881 | INFO     |   → 20/361: ✅ 39 взято | 🗑️ 156 мусор
2026-05-27 14:56:41,882 | INFO     |   → 21/361: ✅ 295 взято | 🗑️ 5 мусор
2026-05-27 14:56:41,882 | INFO     |   → 22/361: ✅ 4 взято | 🗑️ 306 мусор
2026-05-27 14:56:41,882 | INFO     |   → 23/361: ✅ 19 взято | 🗑️ 81 мусор
2026-05-27 14:56:41,882 | INFO     |   → 24/361: ✅ 11 взято | 🗑️ 87 мусор
2026-05-27 14:56:41,882 | INFO     |   → 25/361: ✅ 27 взято | 🗑️ 73 мусор
2026-05-27 14:56:41,882 | INFO     |   → 26/361: ✅ 13 взято | 🗑️ 75 мусор
2026-05-27 14:56:41,882 | INFO     |   → 27/361: ✅ 10 взято | 🗑️ 83 мусор
2026-05-27 14:56:41,882 | INFO     |   → 28/361: ✅ 12 взято | 🗑️ 86 мусор
2026-05-27 14:56:41,882 | INFO     |   → 29/361: ✅ 11 взято | 🗑️ 87 мусор
2026-05-27 14:56:41,882 | INFO     |   → 30/361: ✅ 11 взято | 🗑️ 80 мусор
2026-05-27 14:56:41,882 | INFO     |   → 31/361: ✅ 9 взято | 🗑️ 82 мусор
2026-05-27 14:56:41,882 | INFO     |   → 32/361: ✅ 69 взято | 🗑️ 3 мусор
2026-05-27 14:56:41,882 | INFO     |   → 33/361: ✅ 3 взято | 🗑️ 75 мусор
2026-05-27 14:56:41,882 | INFO     |   → 34/361: ✅ 4 взято | 🗑️ 69 мусор
2026-05-27 14:56:41,882 | INFO     |   → 35/361: ✅ 4 взято | 🗑️ 80 мусор
2026-05-27 14:56:41,882 | INFO     |   → 36/361: ✅ 6 взято | 🗑️ 81 мусор
2026-05-27 14:56:41,882 | INFO     |   → 37/361: ✅ 5 взято | 🗑️ 79 мусор
2026-05-27 14:56:41,882 | INFO     |   → 38/361: ✅ 11 взято | 🗑️ 78 мусор
2026-05-27 14:56:41,882 | INFO     |   → 39/361: ✅ 3 взято | 🗑️ 83 мусор
2026-05-27 14:56:41,882 | INFO     |   → 40/361: ✅ 14 взято | 🗑️ 76 мусор
2026-05-27 14:56:41,882 | INFO     |   → 41/361: ✅ 12 взято | 🗑️ 78 мусор
2026-05-27 14:56:41,882 | INFO     |   → 42/361: ✅ 26 взято | 🗑️ 218 мусор
2026-05-27 14:56:41,882 | INFO     |   → 43/361: ✅ 44 взято | 🗑️ 141 мусор
2026-05-27 14:56:41,883 | INFO     |   → 44/361: ✅ 10 взято | 🗑️ 71 мусор
2026-05-27 14:56:41,883 | INFO     |   → 45/361: ✅ 2 взято | 🗑️ 88 мусор
2026-05-27 14:56:41,883 | INFO     |   → 46/361: ✅ 0 взято | 🗑️ 3 мусор
2026-05-27 14:56:41,883 | INFO     |   → 47/361: ✅ 14 взято | 🗑️ 4 мусор
2026-05-27 14:56:41,883 | INFO     |   → 48/361: ✅ 599 взято | 🗑️ 2465 мусор
2026-05-27 14:56:41,883 | INFO     |   → 49/361 ❌ HTTP 404 — https://raw.githubusercontent.com/AmirHDevo/temp2/7f15e7ddb311a6f8c5ab338bd1af0e1f2136a84b/configs.txt
2026-05-27 14:56:41,883 | INFO     |   → 50/361: ✅ 101 взято | 🗑️ 2299 мусор
2026-05-27 14:56:41,883 | INFO     |   → 51/361: ✅ 2 взято | 🗑️ 220 мусор
2026-05-27 14:56:41,883 | INFO     |   → 52/361: ✅ 2432 взято | 🗑️ 44449 мусор
2026-05-27 14:56:41,883 | INFO     |   → 53/361: ✅ 5 взято | 🗑️ 47 мусор
2026-05-27 14:56:41,883 | INFO     |   → 54/361: ✅ 50 взято | 🗑️ 540 мусор
2026-05-27 14:56:41,883 | INFO     |   → 55/361: ✅ 339 взято | 🗑️ 1542 мусор
2026-05-27 14:56:41,883 | INFO     |   → 56/361: ✅ 1 взято | 🗑️ 235 мусор
2026-05-27 14:56:41,883 | INFO     |   → 57/361: ✅ 49 взято | 🗑️ 86 мусор
2026-05-27 14:56:41,883 | INFO     |   → 58/361: ✅ 0 взято | 🗑️ 16 мусор
2026-05-27 14:56:41,883 | INFO     |   → 59/361: ✅ 6 взято | 🗑️ 17 мусор
2026-05-27 14:56:41,883 | INFO     |   → 60/361: ✅ 1 взято | 🗑️ 12 мусор
2026-05-27 14:56:41,883 | INFO     |   → 61/361: ✅ 0 взято | 🗑️ 17 мусор
2026-05-27 14:56:41,883 | INFO     |   → 62/361: ✅ 0 взято | 🗑️ 17 мусор
2026-05-27 14:56:41,883 | INFO     |   → 63/361: ✅ 26 взято | 🗑️ 331 мусор
2026-05-27 14:56:41,883 | INFO     |   → 64/361: ✅ 34 взято | 🗑️ 20 мусор
2026-05-27 14:56:41,883 | INFO     |   → 65/361: ✅ 80 взято | 🗑️ 1110 мусор
2026-05-27 14:56:41,883 | INFO     |   → 66/361: ✅ 17 взято | 🗑️ 1141 мусор
2026-05-27 14:56:41,884 | INFO     |   → 67/361 ❌ HTTP 404 — https://raw.githubusercontent.com/Egkaz/Proxy-list-20k-server/main/stable.txt
2026-05-27 14:56:41,884 | INFO     |   → 68/361: ✅ 5 взято | 🗑️ 13 мусор
2026-05-27 14:56:41,884 | INFO     |   → 69/361 ❌ HTTP 404 — https://raw.githubusercontent.com/Epodonios/v2ray-configs/raw/main/Splitted-By-Protocol/trojan.txt
2026-05-27 14:56:41,884 | INFO     |   → 70/361 ❌ HTTP 404 — https://raw.githubusercontent.com/Epodonios/v2ray-configs/raw/main/Splitted-By-Protocol/vmess.txt
2026-05-27 14:56:41,884 | INFO     |   → 71/361: ✅ 264 взято | 🗑️ 469 мусор
2026-05-27 14:56:41,884 | INFO     |   → 72/361: ✅ 0 взято | 🗑️ 123 мусор
2026-05-27 14:56:41,884 | INFO     |   → 73/361: ✅ 0 взято | 🗑️ 182 мусор
2026-05-27 14:56:41,884 | INFO     |   → 74/361: ✅ 460 взято | 🗑️ 127 мусор
2026-05-27 14:56:41,884 | INFO     |   → 75/361: ✅ 109 взято | 🗑️ 7 мусор
2026-05-27 14:56:41,884 | INFO     |   → 76/361: ✅ 14 взято | 🗑️ 762 мусор
2026-05-27 14:56:41,884 | INFO     |   → 77/361 ❌ HTTP 404 — https://raw.githubusercontent.com/Fido6/FreeNodes/57221e59caddde55ffdda21d491ae952cd608049/nodes/halekj.txt
2026-05-27 14:56:41,884 | INFO     |   → 78/361 ❌ HTTP 404 — https://raw.githubusercontent.com/Fido6/FreeNodes/57221e59caddde55ffdda21d491ae952cd608049/nodes/kkzui.txt
2026-05-27 14:56:41,884 | INFO     |   → 79/361 ❌ HTTP 404 — https://raw.githubusercontent.com/Fido6/FreeNodes/57221e59caddde55ffdda21d491ae952cd608049/nodes/wenode.txt
2026-05-27 14:56:41,884 | INFO     |   → 80/361: ✅ 65 взято | 🗑️ 406 мусор
2026-05-27 14:56:41,884 | INFO     |   → 81/361: ✅ 10 взято | 🗑️ 36 мусор
2026-05-27 14:56:41,884 | INFO     |   → 82/361: ✅ 196 взято | 🗑️ 1325 мусор
2026-05-27 14:56:41,884 | INFO     |   → 83/361: ✅ 185 взято | 🗑️ 651 мусор
2026-05-27 14:56:41,884 | INFO     |   → 84/361: ✅ 578 взято | 🗑️ 3956 мусор
2026-05-27 14:56:41,884 | INFO     |   → 85/361: ✅ 56 взято | 🗑️ 726 мусор
2026-05-27 14:56:41,884 | INFO     |   → 86/361: ✅ 14 взято | 🗑️ 250 мусор
2026-05-27 14:56:41,885 | INFO     |   → 87/361: ✅ 1 взято | 🗑️ 6 мусор
2026-05-27 14:56:41,885 | INFO     |   → 88/361: ✅ 15 взято | 🗑️ 0 мусор
2026-05-27 14:56:41,885 | INFO     |   → 89/361: ✅ 0 взято | 🗑️ 609 мусор
2026-05-27 14:56:41,885 | INFO     |   → 90/361: ✅ 18 взято | 🗑️ 63 мусор
2026-05-27 14:56:41,885 | INFO     |   → 91/361: ✅ 504 взято | 🗑️ 158 мусор
2026-05-27 14:56:41,885 | INFO     |   → 92/361: ✅ 155 взято | 🗑️ 538 мусор
2026-05-27 14:56:41,885 | INFO     |   → 93/361: ✅ 37 взято | 🗑️ 654 мусор
2026-05-27 14:56:41,885 | INFO     |   → 94/361: ✅ 5971 взято | 🗑️ 46237 мусор
2026-05-27 14:56:41,885 | INFO     |   → 95/361: ✅ 0 взято | 🗑️ 35 мусор
2026-05-27 14:56:41,885 | INFO     |   → 96/361: ✅ 0 взято | 🗑️ 9698 мусор
2026-05-27 14:56:41,885 | INFO     |   → 97/361: ✅ 0 взято | 🗑️ 31035 мусор
2026-05-27 14:56:41,885 | INFO     |   → 98/361: ✅ 0 взято | 🗑️ 5 мусор
2026-05-27 14:56:41,885 | INFO     |   → 99/361: ✅ 0 взято | 🗑️ 4 мусор
2026-05-27 14:56:41,885 | INFO     |   → 100/361: ✅ 1 взято | 🗑️ 51 мусор
2026-05-27 14:56:41,885 | INFO     |   → 101/361: ✅ 0 взято | 🗑️ 8 мусор
2026-05-27 14:56:41,885 | INFO     |   → 102/361 ❌ HTTP 404 — https://raw.githubusercontent.com/Kwinshadow/TelegramV2rayCollector/raw/refs/heads/main/sublinks/mix.txt
2026-05-27 14:56:41,885 | INFO     |   → 103/361 ❌ HTTP 404 — https://raw.githubusercontent.com/LalatinaHub/Mineral/raw/refs/heads/master/result/nodes
2026-05-27 14:56:41,885 | INFO     |   → 104/361: ✅ 3 взято | 🗑️ 1 мусор
2026-05-27 14:56:41,885 | INFO     |   → 105/361: ✅ 0 взято | 🗑️ 147 мусор
2026-05-27 14:56:41,885 | INFO     |   → 106/361 ❌ HTTP 404 — https://raw.githubusercontent.com/M-Mashreghi/free-config-collector/main/Splitted-By-Protocol/ssr.txt
2026-05-27 14:56:41,886 | INFO     |   → 107/361: ✅ 139 взято | 🗑️ 114 мусор
2026-05-27 14:56:41,886 | INFO     |   → 108/361: ✅ 126 взято | 🗑️ 137 мусор
2026-05-27 14:56:41,886 | INFO     |   → 109/361: ✅ 19 взято | 🗑️ 115 мусор
2026-05-27 14:56:41,886 | INFO     |   → 110/361: ✅ 0 взято | 🗑️ 112 мусор
2026-05-27 14:56:41,886 | INFO     |   → 111/361: ✅ 313 взято | 🗑️ 3621 мусор
2026-05-27 14:56:41,886 | INFO     |   → 112/361: ✅ 24 взято | 🗑️ 170 мусор
2026-05-27 14:56:41,886 | INFO     |   → 113/361: ✅ 27 взято | 🗑️ 608 мусор
2026-05-27 14:56:41,886 | INFO     |   → 114/361: ✅ 22 взято | 🗑️ 494 мусор
2026-05-27 14:56:41,886 | INFO     |   → 115/361: ✅ 6 взято | 🗑️ 83 мусор
2026-05-27 14:56:41,886 | INFO     |   → 116/361 ❌ HTTP 404 — https://raw.githubusercontent.com/MhdiTaheri/V2rayCollector/raw/refs/heads/main/sub/mix
2026-05-27 14:56:41,886 | INFO     |   → 117/361: ✅ 53 взято | 🗑️ 267 мусор
2026-05-27 14:56:41,886 | INFO     |   → 118/361 ❌ HTTP 404 — https://raw.githubusercontent.com/MhdiTaheri/V2rayCollector_Py/raw/refs/heads/main/sub/Mix/mix.txt
2026-05-27 14:56:41,886 | INFO     |   → 119/361: ✅ 92 взято | 🗑️ 282 мусор
2026-05-27 14:56:41,886 | INFO     |   → 120/361: ✅ 1 взято | 🗑️ 26 мусор
2026-05-27 14:56:41,886 | INFO     |   → 121/361 ❌ HTTP 404 — https://raw.githubusercontent.com/MrMohebi/xray-proxy-grabber-telegram/master/collected-proxies/row-url/actives.txt
2026-05-27 14:56:41,886 | INFO     |   → 122/361 ❌ HTTP 404 — https://raw.githubusercontent.com/MrMohebi/xray-proxy-grabber-telegram/master/collected-proxies/row-url/all.txt
2026-05-27 14:56:41,886 | INFO     |   → 123/361: ✅ 66 взято | 🗑️ 123 мусор
2026-05-27 14:56:41,886 | INFO     |   → 124/361: ✅ 175 взято | 🗑️ 582 мусор
2026-05-27 14:56:41,886 | INFO     |   → 125/361 ❌ HTTP 404 — https://raw.githubusercontent.com/OpenCNLink/freevpn/3cfcff048bfdd1493ccffa52ecf30ce7f9fc6b28/src/list/vmess.txt
2026-05-27 14:56:41,886 | INFO     |   → 126/361: ✅ 0 взято | 🗑️ 19 мусор
2026-05-27 14:56:41,886 | INFO     |   → 127/361: ✅ 30 взято | 🗑️ 80 мусор
2026-05-27 14:56:41,887 | INFO     |   → 128/361 ❌ HTTP 404 — https://raw.githubusercontent.com/RKPchannel/RKP_bypass_configs/main/configs
2026-05-27 14:56:41,887 | INFO     |   → 129/361: ✅ 0 взято | 🗑️ 35 мусор
2026-05-27 14:56:41,887 | INFO     |   → 130/361: ✅ 0 взято | 🗑️ 0 мусор
2026-05-27 14:56:41,887 | INFO     |   → 131/361: ✅ 0 взято | 🗑️ 50 мусор
2026-05-27 14:56:41,887 | INFO     |   → 132/361 ❌ HTTP 404 — https://raw.githubusercontent.com/STR97/STRUGOV/main/BYPASS
2026-05-27 14:56:41,887 | INFO     |   → 133/361 ❌ HTTP 404 — https://raw.githubusercontent.com/STR97/STRUGOV/main/CUSTOM
2026-05-27 14:56:41,887 | INFO     |   → 134/361 ❌ HTTP 404 — https://raw.githubusercontent.com/STR97/STRUGOV/main/STR
2026-05-27 14:56:41,887 | INFO     |   → 135/361 ❌ HTTP 404 — https://raw.githubusercontent.com/STR97/STRUGOV/main/STR.BYPASS
2026-05-27 14:56:41,887 | INFO     |   → 136/361 ❌ HTTP 404 — https://raw.githubusercontent.com/STR97/STRUGOV/main/Vless
2026-05-27 14:56:41,887 | INFO     |   → 137/361 ❌ HTTP 404 — https://raw.githubusercontent.com/STR97/STRUGOV/refs/heads/main/STR.BYPASS
2026-05-27 14:56:41,887 | INFO     |   → 138/361: ✅ 4 взято | 🗑️ 34 мусор
2026-05-27 14:56:41,887 | INFO     |   → 139/361: ✅ 0 взято | 🗑️ 27 мусор
2026-05-27 14:56:41,887 | INFO     |   → 140/361: ✅ 140 взято | 🗑️ 1153 мусор
2026-05-27 14:56:41,887 | INFO     |   → 141/361: ✅ 60 взято | 🗑️ 2517 мусор
2026-05-27 14:56:41,887 | INFO     |   → 142/361: ✅ 17 взято | 🗑️ 1226 мусор
2026-05-27 14:56:41,887 | INFO     |   → 143/361: ✅ 131 взято | 🗑️ 3521 мусор
2026-05-27 14:56:41,887 | INFO     |   → 144/361: ✅ 206 взято | 🗑️ 668 мусор
2026-05-27 14:56:41,887 | INFO     |   → 145/361: ✅ 65 взято | 🗑️ 5626 мусор
2026-05-27 14:56:41,887 | INFO     |   → 146/361: ✅ 76 взято | 🗑️ 362 мусор
2026-05-27 14:56:41,887 | INFO     |   → 147/361: ✅ 0 взято | 🗑️ 0 мусор
2026-05-27 14:56:41,887 | INFO     |   → 148/361: ✅ 0 взято | 🗑️ 0 мусор
2026-05-27 14:56:41,888 | INFO     |   → 149/361: ✅ 1 взято | 🗑️ 1477 мусор
2026-05-27 14:56:41,888 | INFO     |   → 150/361: ✅ 0 взято | 🗑️ 87 мусор
2026-05-27 14:56:41,888 | INFO     |   → 151/361: ✅ 0 взято | 🗑️ 1179 мусор
2026-05-27 14:56:41,888 | INFO     |   → 152/361: ✅ 0 взято | 🗑️ 74 мусор
2026-05-27 14:56:41,888 | INFO     |   → 153/361 ❌ HTTP 404 — https://raw.githubusercontent.com/Syavar/V2ray-Configs/main/OK_TLS_activision.com.txt
2026-05-27 14:56:41,888 | INFO     |   → 154/361: ✅ 3 взято | 🗑️ 1 мусор
2026-05-27 14:56:41,888 | INFO     |   → 155/361: ✅ 3 взято | 🗑️ 1 мусор
2026-05-27 14:56:41,888 | INFO     |   → 156/361: ✅ 3 взято | 🗑️ 1 мусор
2026-05-27 14:56:41,888 | INFO     |   → 157/361: ✅ 3 взято | 🗑️ 1 мусор
2026-05-27 14:56:41,888 | INFO     |   → 158/361 ❌ HTTP 404 — https://raw.githubusercontent.com/Syavar/V2ray-Configs/main/OK_TLS_viber.com.txt
2026-05-27 14:56:41,888 | INFO     |   → 159/361: ✅ 3 взято | 🗑️ 1 мусор
2026-05-27 14:56:41,888 | INFO     |   → 160/361: ✅ 3 взято | 🗑️ 1 мусор
2026-05-27 14:56:41,888 | INFO     |   → 161/361 ❌ HTTP 404 — https://raw.githubusercontent.com/Syavar/V2ray-Configs/main/OK_activision.com.txt
2026-05-27 14:56:41,888 | INFO     |   → 162/361 ❌ HTTP 404 — https://raw.githubusercontent.com/Syavar/V2ray-Configs/main/OK_css.rbxcdn.com.txt
2026-05-27 14:56:41,888 | INFO     |   → 163/361 ❌ HTTP 404 — https://raw.githubusercontent.com/Syavar/V2ray-Configs/main/OK_google.com.txt
2026-05-27 14:56:41,888 | INFO     |   → 164/361 ❌ HTTP 404 — https://raw.githubusercontent.com/Syavar/V2ray-Configs/main/OK_speedtest.tinkoff.ru.txt
2026-05-27 14:56:41,888 | INFO     |   → 165/361 ❌ HTTP 404 — https://raw.githubusercontent.com/Syavar/V2ray-Configs/main/OK_telegram.org.txt
2026-05-27 14:56:41,888 | INFO     |   → 166/361 ❌ HTTP 404 — https://raw.githubusercontent.com/Syavar/V2ray-Configs/main/OK_viber.com.txt
2026-05-27 14:56:41,888 | INFO     |   → 167/361 ❌ HTTP 404 — https://raw.githubusercontent.com/Syavar/V2ray-Configs/main/OK_vk.com.txt
2026-05-27 14:56:41,888 | INFO     |   → 168/361 ❌ HTTP 404 — https://raw.githubusercontent.com/Syavar/V2ray-Configs/main/OK_whatsapp.com.txt
2026-05-27 14:56:41,888 | INFO     |   → 169/361: ✅ 585 взято | 🗑️ 947 мусор
2026-05-27 14:56:41,888 | INFO     |   → 170/361: ✅ 4 взято | 🗑️ 291 мусор
2026-05-27 14:56:41,888 | INFO     |   → 171/361: ✅ 15 взято | 🗑️ 5 мусор
2026-05-27 14:56:41,888 | INFO     |   → 172/361: ✅ 7 взято | 🗑️ 8 мусор
2026-05-27 14:56:41,889 | INFO     |   → 173/361: ✅ 5 взято | 🗑️ 11 мусор
2026-05-27 14:56:41,889 | INFO     |   → 174/361: ✅ 8 взято | 🗑️ 12 мусор
2026-05-27 14:56:41,889 | INFO     |   → 175/361: ✅ 5 взято | 🗑️ 14 мусор
2026-05-27 14:56:41,889 | INFO     |   → 176/361: ✅ 5 взято | 🗑️ 12 мусор
2026-05-27 14:56:41,889 | INFO     |   → 177/361: ✅ 4 взято | 🗑️ 16 мусор
2026-05-27 14:56:41,889 | INFO     |   → 178/361: ✅ 9 взято | 🗑️ 8 мусор
2026-05-27 14:56:41,889 | INFO     |   → 179/361: ✅ 9 взято | 🗑️ 5 мусор
2026-05-27 14:56:41,889 | INFO     |   → 180/361: ✅ 2 взято | 🗑️ 12 мусор
2026-05-27 14:56:41,889 | INFO     |   → 181/361: ✅ 19 взято | 🗑️ 135 мусор
2026-05-27 14:56:41,889 | INFO     |   → 182/361: ✅ 0 взято | 🗑️ 5 мусор
2026-05-27 14:56:41,889 | INFO     |   → 183/361: ✅ 16 взято | 🗑️ 17 мусор
2026-05-27 14:56:41,889 | INFO     |   → 184/361: ✅ 123 взято | 🗑️ 432 мусор
2026-05-27 14:56:41,889 | INFO     |   → 185/361: ✅ 4 взято | 🗑️ 114 мусор
2026-05-27 14:56:41,889 | INFO     |   → 186/361: ✅ 21 взято | 🗑️ 51 мусор
2026-05-27 14:56:41,889 | INFO     |   → 187/361: ✅ 0 взято | 🗑️ 1096 мусор
2026-05-27 14:56:41,889 | INFO     |   → 188/361: ✅ 0 взято | 🗑️ 932 мусор
2026-05-27 14:56:41,889 | INFO     |   → 189/361: ✅ 18 взято | 🗑️ 56 мусор
2026-05-27 14:56:41,889 | INFO     |   → 190/361 ❌ HTTP 404 — https://raw.githubusercontent.com/awesome-vpn/awesome-vpn/master/ss
2026-05-27 14:56:41,889 | INFO     |   → 191/361: ✅ 13 взято | 🗑️ 3075 мусор
2026-05-27 14:56:41,889 | INFO     |   → 192/361: ✅ 0 взято | 🗑️ 330 мусор
2026-05-27 14:56:41,889 | INFO     |   → 193/361: ✅ 0 взято | 🗑️ 2414 мусор
2026-05-27 14:56:41,889 | INFO     |   → 194/361: ✅ 0 взято | 🗑️ 130 мусор
2026-05-27 14:56:41,889 | INFO     |   → 195/361 ❌ HTTP 404 — https://raw.githubusercontent.com/barry-far/V2ray-Configs/ced94ddfff48276ec365b40227561f36b1b64bc8/Sub5.txt
2026-05-27 14:56:41,889 | INFO     |   → 196/361 ❌ HTTP 404 — https://raw.githubusercontent.com/barry-far/V2ray-Configs/main/Splitted-By-Protocol/vless.txt
2026-05-27 14:56:41,889 | INFO     |   → 197/361 ❌ HTTP 404 — https://raw.githubusercontent.com/barry-far/V2ray-Configs/main/Sub1.txt
2026-05-27 14:56:41,889 | INFO     |   → 198/361: ✅ 0 взято | 🗑️ 330 мусор
2026-05-27 14:56:41,889 | INFO     |   → 199/361: ✅ 0 взято | 🗑️ 2414 мусор
2026-05-27 14:56:41,889 | INFO     |   → 200/361: ✅ 0 взято | 🗑️ 130 мусор
2026-05-27 14:56:41,889 | INFO     |   → 201/361 ❌ HTTP 404 — https://raw.githubusercontent.com/bywarm/whitelists-vpns-etc/main/whitelists1-4pda.txt
2026-05-27 14:56:41,889 | INFO     |   → 202/361: ✅ 7 взято | 🗑️ 66 мусор
2026-05-27 14:56:41,889 | INFO     |   → 203/361 ❌ HTTP 404 — https://raw.githubusercontent.com/chxxyz2004/zd/17fca23b73c46b5dd73e9be49b14d219b5e5f836/sub/2401/240110.txt
2026-05-27 14:56:41,890 | INFO     |   → 204/361: ✅ 356 взято | 🗑️ 5284 мусор
2026-05-27 14:56:41,890 | INFO     |   → 205/361: ✅ 236 взято | 🗑️ 517 мусор
2026-05-27 14:56:41,890 | INFO     |   → 206/361: ✅ 6 взято | 🗑️ 78 мусор
2026-05-27 14:56:41,890 | INFO     |   → 207/361: ✅ 6 взято | 🗑️ 4 мусор
2026-05-27 14:56:41,890 | INFO     |   → 208/361: ✅ 3928 взято | 🗑️ 92475 мусор
2026-05-27 14:56:41,890 | INFO     |   → 209/361: ✅ 78 взято | 🗑️ 1282 мусор
2026-05-27 14:56:41,890 | INFO     |   → 210/361: ✅ 4395 взято | 🗑️ 102113 мусор
2026-05-27 14:56:41,890 | INFO     |   → 211/361: ✅ 2669 взято | 🗑️ 60173 мусор
2026-05-27 14:56:41,890 | INFO     |   → 212/361: ✅ 87 взято | 🗑️ 5840 мусор
2026-05-27 14:56:41,890 | INFO     |   → 213/361: ✅ 6 взято | 🗑️ 113 мусор
2026-05-27 14:56:41,890 | INFO     |   → 214/361: ✅ 2 взято | 🗑️ 80 мусор
2026-05-27 14:56:41,890 | INFO     |   → 215/361: ✅ 5 взято | 🗑️ 169 мусор
2026-05-27 14:56:41,890 | INFO     |   → 216/361: ✅ 34 взято | 🗑️ 121 мусор
2026-05-27 14:56:41,890 | INFO     |   → 217/361: ✅ 4 взято | 🗑️ 97 мусор
2026-05-27 14:56:41,890 | INFO     |   → 218/361 ❌ HTTP 404 — https://raw.githubusercontent.com/freev2rayconfig/V2RAY_SUB/3e6a7786a1601ee3723e8d043ae79e70dbdfd9a8/v2rayconfigs.txt
2026-05-27 14:56:41,890 | INFO     |   → 219/361: ✅ 0 взято | 🗑️ 5 мусор
2026-05-27 14:56:41,890 | INFO     |   → 220/361: ✅ 470 взято | 🗑️ 2553 мусор
2026-05-27 14:56:41,890 | INFO     |   → 221/361: ✅ 310 взято | 🗑️ 943 мусор
2026-05-27 14:56:41,890 | INFO     |   → 222/361: ✅ 193 взято | 🗑️ 5054 мусор
2026-05-27 14:56:41,890 | INFO     |   → 223/361: ✅ 105 взято | 🗑️ 2177 мусор
2026-05-27 14:56:41,890 | INFO     |   → 224/361 ❌ HTTP 404 — https://raw.githubusercontent.com/hameed-maleki/TVC/89a4522969c57dcc22458cae9898426e5c4f2679/lite/config.txt
2026-05-27 14:56:41,890 | INFO     |   → 225/361: ✅ 5 взято | 🗑️ 132 мусор
2026-05-27 14:56:41,890 | INFO     |   → 226/361 ❌ HTTP 404 — https://raw.githubusercontent.com/hkpc/Autoproxy/6cf946ddfc677a29062007e4b47d70674474baa7/sub/2401/240110.txt
2026-05-27 14:56:41,890 | INFO     |   → 227/361 ❌ HTTP 404 — https://raw.githubusercontent.com/hkpc/V2ray-Configs/7d9aa0dabf947af180a7dd6302818ed37950531a/Sub1.txt
2026-05-27 14:56:41,890 | INFO     |   → 228/361: ✅ 101 взято | 🗑️ 296 мусор
2026-05-27 14:56:41,890 | INFO     |   → 229/361: ✅ 0 взято | 🗑️ 20 мусор
2026-05-27 14:56:41,890 | INFO     |   → 230/361: ✅ 0 взято | 🗑️ 244 мусор
2026-05-27 14:56:41,890 | INFO     |   → 231/361: ✅ 0 взято | 🗑️ 16 мусор
2026-05-27 14:56:41,891 | INFO     |   → 232/361: ✅ 4 взято | 🗑️ 3 мусор
2026-05-27 14:56:41,891 | INFO     |   → 233/361: ✅ 42 взято | 🗑️ 17 мусор
2026-05-27 14:56:41,891 | INFO     |   → 234/361: ✅ 0 взято | 🗑️ 20 мусор
2026-05-27 14:56:41,891 | INFO     |   → 235/361 ❌ HTTP 404 — https://raw.githubusercontent.com/igareck/vpn-configs-for-russia/refs/heads/main/Vless-Reality-White-Lists-Rus-Cable.txt
2026-05-27 14:56:41,891 | INFO     |   → 236/361: ✅ 28 взято | 🗑️ 0 мусор
2026-05-27 14:56:41,891 | INFO     |   → 237/361: ✅ 3 взято | 🗑️ 364 мусор
2026-05-27 14:56:41,891 | INFO     |   → 238/361 ❌ HTTP 404 — https://raw.githubusercontent.com/kismetpro/NodeSuber/main/Splitted-By-Protocol/vless.txt
2026-05-27 14:56:41,891 | INFO     |   → 239/361 ❌ HTTP 404 — https://raw.githubusercontent.com/kismetpro/NodeSuber/main/out/All_Configs_Sub.txt
2026-05-27 14:56:41,891 | INFO     |   → 240/361: ✅ 12250 взято | 🗑️ 98921 мусор
2026-05-27 14:56:41,891 | INFO     |   → 241/361: ✅ 224 взято | 🗑️ 176 мусор
2026-05-27 14:56:41,891 | INFO     |   → 242/361: ✅ 0 взято | 🗑️ 29 мусор
2026-05-27 14:56:41,891 | INFO     |   → 243/361 ❌ HTTP 404 — https://raw.githubusercontent.com/koteey/Ms.Kerosin-VPN/main/proxies.txt
2026-05-27 14:56:41,891 | INFO     |   → 244/361: ✅ 534 взято | 🗑️ 1494 мусор
2026-05-27 14:56:41,891 | INFO     |   → 245/361: ✅ 1 взято | 🗑️ 121 мусор
2026-05-27 14:56:41,891 | INFO     |   → 246/361: ✅ 0 взято | 🗑️ 0 мусор
2026-05-27 14:56:41,891 | INFO     |   → 247/361: ✅ 0 взято | 🗑️ 421 мусор
2026-05-27 14:56:41,892 | INFO     |   → 248/361: ✅ 213 взято | 🗑️ 1155 мусор
2026-05-27 14:56:41,892 | INFO     |   → 249/361: ✅ 0 взято | 🗑️ 53 мусор
2026-05-27 14:56:41,892 | INFO     |   → 250/361: ✅ 146 взято | 🗑️ 343 мусор
2026-05-27 14:56:41,892 | INFO     |   → 251/361: ✅ 0 взято | 🗑️ 130 мусор
2026-05-27 14:56:41,892 | INFO     |   → 252/361: ✅ 0 взято | 🗑️ 130 мусор
2026-05-27 14:56:41,892 | INFO     |   → 253/361: ✅ 0 взято | 🗑️ 3899 мусор
2026-05-27 14:56:41,892 | INFO     |   → 254/361: ✅ 0 взято | 🗑️ 0 мусор
2026-05-27 14:56:41,892 | INFO     |   → 255/361: ✅ 0 взято | 🗑️ 3899 мусор
2026-05-27 14:56:41,892 | INFO     |   → 256/361: ✅ 20 взято | 🗑️ 370 мусор
2026-05-27 14:56:41,892 | INFO     |   → 257/361: ✅ 0 взято | 🗑️ 370 мусор
2026-05-27 14:56:41,892 | INFO     |   → 258/361: ✅ 699 взято | 🗑️ 6258 мусор
2026-05-27 14:56:41,892 | INFO     |   → 259/361: ✅ 8 взято | 🗑️ 853 мусор
2026-05-27 14:56:41,892 | INFO     |   → 260/361 ❌ HTTP 404 — https://raw.githubusercontent.com/mfuu/v2ray/master/merge/merge.txt
2026-05-27 14:56:41,892 | INFO     |   → 261/361: ✅ 580 взято | 🗑️ 14943 мусор
2026-05-27 14:56:41,892 | INFO     |   → 262/361: ✅ 0 взято | 🗑️ 5510 мусор
2026-05-27 14:56:41,893 | INFO     |   → 263/361 ❌ HTTP 404 — https://raw.githubusercontent.com/miladtahanian/V2RayCFGDumper/refs/heads/main/config.txt
2026-05-27 14:56:41,893 | INFO     |   → 264/361 ❌ HTTP 404 — https://raw.githubusercontent.com/miladtahanian/multi-proxy-config-fetcher/refs/heads/main/configs/proxy_configs.txt
2026-05-27 14:56:41,893 | INFO     |   → 265/361: ✅ 0 взято | 🗑️ 0 мусор
2026-05-27 14:56:41,893 | INFO     |   → 266/361: ✅ 15 взято | 🗑️ 46 мусор
2026-05-27 14:56:41,893 | INFO     |   → 267/361: ✅ 0 взято | 🗑️ 10 мусор
2026-05-27 14:56:41,893 | INFO     |   → 268/361: ✅ 0 взято | 🗑️ 244 мусор
2026-05-27 14:56:41,893 | INFO     |   → 269/361: ✅ 0 взято | 🗑️ 38 мусор
2026-05-27 14:56:41,893 | INFO     |   → 270/361: ✅ 28 взято | 🗑️ 93 мусор
2026-05-27 14:56:41,893 | INFO     |   → 271/361: ✅ 74 взято | 🗑️ 425 мусор
2026-05-27 14:56:41,893 | INFO     |   → 272/361: ✅ 168 взято | 🗑️ 330 мусор
2026-05-27 14:56:41,893 | INFO     |   → 273/361: ✅ 15 взято | 🗑️ 70 мусор
2026-05-27 14:56:41,893 | INFO     |   → 274/361: ✅ 126 взято | 🗑️ 492 мусор
2026-05-27 14:56:41,893 | INFO     |   → 275/361: ✅ 0 взято | 🗑️ 190 мусор
2026-05-27 14:56:41,893 | INFO     |   → 276/361: ✅ 67 взято | 🗑️ 2527 мусор
2026-05-27 14:56:41,893 | INFO     |   → 277/361: ✅ 33 взято | 🗑️ 1449 мусор
2026-05-27 14:56:41,893 | INFO     |   → 278/361: ✅ 8 взято | 🗑️ 162 мусор
2026-05-27 14:56:41,893 | INFO     |   → 279/361: ✅ 16 взято | 🗑️ 937 мусор
2026-05-27 14:56:41,893 | INFO     |   → 280/361: ✅ 1181 взято | 🗑️ 177 мусор
2026-05-27 14:56:41,893 | INFO     |   → 281/361 ❌ HTTP 404 — https://raw.githubusercontent.com/op30mmd/things/909b38024ba14d69dc0f95c238f63bc6e930a00f/eut.txt
2026-05-27 14:56:41,893 | INFO     |   → 282/361: ✅ 0 взято | 🗑️ 145 мусор
2026-05-27 14:56:41,893 | INFO     |   → 283/361: ✅ 4 взято | 🗑️ 3 мусор
2026-05-27 14:56:41,893 | INFO     |   → 284/361: ✅ 6703 взято | 🗑️ 35561 мусор
2026-05-27 14:56:41,894 | INFO     |   → 285/361: ✅ 0 взято | 🗑️ 80 мусор
2026-05-27 14:56:41,894 | INFO     |   → 286/361: ✅ 0 взято | 🗑️ 5 мусор
2026-05-27 14:56:41,894 | INFO     |   → 287/361: ✅ 0 взято | 🗑️ 44 мусор
2026-05-27 14:56:41,894 | INFO     |   → 288/361: ✅ 63 взято | 🗑️ 521 мусор
2026-05-27 14:56:41,894 | INFO     |   → 289/361: ✅ 165 взято | 🗑️ 273 мусор
2026-05-27 14:56:41,894 | INFO     |   → 290/361: ✅ 13 взято | 🗑️ 211 мусор
2026-05-27 14:56:41,894 | INFO     |   → 291/361: ✅ 19 взято | 🗑️ 97 мусор
2026-05-27 14:56:41,894 | INFO     |   → 292/361 ❌ HTTP 404 — https://raw.githubusercontent.com/sajad-sajadi/V2ray-Collector/raw/main/output/protocols/vmess.txt
2026-05-27 14:56:41,894 | INFO     |   → 293/361: ✅ 6422 взято | 🗑️ 2978 мусор
2026-05-27 14:56:41,894 | INFO     |   → 294/361 ❌ HTTP 404 — https://raw.githubusercontent.com/sakha1370/OpenRay/raw/refs/heads/main/output/all_valid_proxies.txt
2026-05-27 14:56:41,894 | INFO     |   → 295/361: ✅ 2 взято | 🗑️ 399 мусор
2026-05-27 14:56:41,894 | INFO     |   → 296/361 ❌ HTTP 404 — https://raw.githubusercontent.com/satrom/V2SSR/master/SSR/Sub.txt
2026-05-27 14:56:41,894 | INFO     |   → 297/361 ❌ HTTP 404 — https://raw.githubusercontent.com/satrom/V2SSR/master/V2RAY/Sub.txt
2026-05-27 14:56:41,894 | INFO     |   → 298/361: ✅ 2938 взято | 🗑️ 75544 мусор
2026-05-27 14:56:41,894 | INFO     |   → 299/361: ✅ 3 взято | 🗑️ 49 мусор
2026-05-27 14:56:41,894 | INFO     |   → 300/361: ✅ 0 взято | 🗑️ 1177 мусор
2026-05-27 14:56:41,894 | INFO     |   → 301/361 ❌ HTTP 404 — https://raw.githubusercontent.com/soroushmirzaei/telegram-configs-collector/main/splitted/subscribe
2026-05-27 14:56:41,894 | INFO     |   → 302/361 ❌ HTTP 404 — https://raw.githubusercontent.com/ssrsub/ssr/master/vless.txt
2026-05-27 14:56:41,894 | INFO     |   → 303/361: ✅ 2 взято | 🗑️ 12 мусор
2026-05-27 14:56:41,894 | INFO     |   → 304/361: ✅ 0 взято | 🗑️ 13 мусор
2026-05-27 14:56:41,894 | INFO     |   → 305/361: ✅ 0 взято | 🗑️ 13 мусор
2026-05-27 14:56:41,894 | INFO     |   → 306/361: ✅ 57 взято | 🗑️ 243 мусор
2026-05-27 14:56:41,894 | INFO     |   → 307/361: ✅ 45 взято | 🗑️ 255 мусор
2026-05-27 14:56:41,894 | INFO     |   → 308/361: ✅ 20 взято | 🗑️ 101 мусор
2026-05-27 14:56:41,895 | INFO     |   → 309/361: ✅ 26 взято | 🗑️ 274 мусор
2026-05-27 14:56:41,895 | INFO     |   → 310/361: ✅ 21 взято | 🗑️ 54 мусор
2026-05-27 14:56:41,895 | INFO     |   → 311/361: ✅ 85 взято | 🗑️ 115 мусор
2026-05-27 14:56:41,895 | INFO     |   → 312/361: ✅ 39 взято | 🗑️ 156 мусор
2026-05-27 14:56:41,895 | INFO     |   → 313/361: ✅ 219 взято | 🗑️ 81 мусор
2026-05-27 14:56:41,895 | INFO     |   → 314/361: ✅ 5 взято | 🗑️ 111 мусор
2026-05-27 14:56:41,895 | INFO     |   → 315/361 ❌ HTTP 404 — https://raw.githubusercontent.com/v2clash/Autoproxy/a81f840ab2364124133572ec94e4b81fb0d4e58d/sub/2401/240104.txt
2026-05-27 14:56:41,895 | INFO     |   → 316/361 ❌ HTTP 404 — https://raw.githubusercontent.com/v2clash/V2ray-Configs/31f493c584d0c7b56350f4a34d80c53ad82bcc18/Sub9.txt
2026-05-27 14:56:41,895 | INFO     |   → 317/361: ✅ 36 взято | 🗑️ 303 мусор
2026-05-27 14:56:41,895 | INFO     |   → 318/361 ❌ HTTP 404 — https://raw.githubusercontent.com/vsevjik/OBSpiskov/main/wwh
2026-05-27 14:56:41,895 | INFO     |   → 319/361 ❌ HTTP 404 — https://raw.githubusercontent.com/vsevjik/OBSpiskov/main/wwhjk
2026-05-27 14:56:41,895 | INFO     |   → 320/361 ❌ HTTP 404 — https://raw.githubusercontent.com/vsevjik/OBSpiskov/main/wwhljjjkk
2026-05-27 14:56:41,895 | INFO     |   → 321/361: ✅ 0 взято | 🗑️ 10 мусор
2026-05-27 14:56:41,895 | INFO     |   → 322/361: ✅ 107 взято | 🗑️ 689 мусор
2026-05-27 14:56:41,895 | INFO     |   → 323/361: ✅ 49 взято | 🗑️ 841 мусор
2026-05-27 14:56:41,895 | INFO     |   → 324/361: ✅ 21 взято | 🗑️ 789 мусор
2026-05-27 14:56:41,895 | INFO     |   → 325/361: ✅ 24 взято | 🗑️ 774 мусор
2026-05-27 14:56:41,895 | INFO     |   → 326/361: ✅ 52 взято | 🗑️ 756 мусор
2026-05-27 14:56:41,895 | INFO     |   → 327/361: ✅ 191 взято | 🗑️ 745 мусор
2026-05-27 14:56:41,895 | INFO     |   → 328/361: ✅ 9 взято | 🗑️ 651 мусор
2026-05-27 14:56:41,895 | INFO     |   → 329/361: ✅ 185 взято | 🗑️ 388 мусор
2026-05-27 14:56:41,895 | INFO     |   → 330/361: ✅ 130 взято | 🗑️ 523 мусор
2026-05-27 14:56:41,895 | INFO     |   → 331/361: ✅ 67 взято | 🗑️ 533 мусор
2026-05-27 14:56:41,895 | INFO     |   → 332/361: ✅ 98 взято | 🗑️ 444 мусор
2026-05-27 14:56:41,896 | INFO     |   → 333/361: ✅ 102 взято | 🗑️ 670 мусор
2026-05-27 14:56:41,896 | INFO     |   → 334/361: ✅ 86 взято | 🗑️ 476 мусор
2026-05-27 14:56:41,896 | INFO     |   → 335/361: ✅ 95 взято | 🗑️ 657 мусор
2026-05-27 14:56:41,896 | INFO     |   → 336/361: ✅ 105 взято | 🗑️ 645 мусор
2026-05-27 14:56:41,896 | INFO     |   → 337/361: ✅ 115 взято | 🗑️ 985 мусор
2026-05-27 14:56:41,896 | INFO     |   → 338/361: ✅ 19 взято | 🗑️ 489 мусор
2026-05-27 14:56:41,896 | INFO     |   → 339/361: ✅ 5 взято | 🗑️ 10 мусор
2026-05-27 14:56:41,896 | INFO     |   → 340/361: ✅ 1 взято | 🗑️ 124 мусор
2026-05-27 14:56:41,896 | INFO     |   → 341/361: ✅ 104 взято | 🗑️ 94 мусор
2026-05-27 14:56:41,896 | INFO     |   → 342/361: ✅ 60 взято | 🗑️ 1580 мусор
2026-05-27 14:56:41,896 | INFO     |   → 343/361: ✅ 0 взято | 🗑️ 1544 мусор
2026-05-27 14:56:41,896 | INFO     |   → 344/361: ✅ 0 взято | 🗑️ 12 мусор
2026-05-27 14:56:41,896 | INFO     |   → 345/361 ❌ HTTP 404 — https://raw.githubusercontent.com/xiaozhu2007/xiaozhu2007/61a755a044dbaeea678bc2d1e20f21a21c6d7170/docs/fxxk.txt
2026-05-27 14:56:41,896 | INFO     |   → 346/361 ❌ HTTP 404 — https://raw.githubusercontent.com/yebekhe/TVC/0f745f92bf381e505f1245abbc7c145b19b11503/config.txt
2026-05-27 14:56:41,896 | INFO     |   → 347/361 ❌ HTTP 404 — https://raw.githubusercontent.com/yebekhe/TVC/9fac69239c69327fb7a61f5a8d79d107133889e1/lite/config.txt
2026-05-27 14:56:41,896 | INFO     |   → 348/361 ❌ HTTP 404 — https://raw.githubusercontent.com/yebekhe/TelegramV2rayCollector/main/sub/normal/mix
2026-05-27 14:56:41,896 | INFO     |   → 349/361 ❌ HTTP 404 — https://raw.githubusercontent.com/yebekhe/TelegramV2rayCollector/main/sub/normal/vless
2026-05-27 14:56:41,896 | INFO     |   → 350/361 ❌ HTTP 404 — https://raw.githubusercontent.com/yebekhe/V2Hub/main/Split/Normal/shadowsocks
2026-05-27 14:56:41,896 | INFO     |   → 351/361 ❌ HTTP 404 — https://raw.githubusercontent.com/yebekhe/V2Hub/main/merged
2026-05-27 14:56:41,896 | INFO     |   → 352/361: ✅ 365 взято | 🗑️ 8468 мусор
2026-05-27 14:56:41,896 | INFO     |   → 353/361: ✅ 0 взято | 🗑️ 8468 мусор
2026-05-27 14:56:41,896 | INFO     |   → 354/361: ✅ 13 взято | 🗑️ 655 мусор
2026-05-27 14:56:41,896 | INFO     |   → 355/361: ✅ 8 взято | 🗑️ 289 мусор
2026-05-27 14:56:41,896 | INFO     |   → 356/361: ✅ 118 взято | 🗑️ 1446 мусор
2026-05-27 14:56:41,897 | INFO     |   → 357/361 ❌ HTTP 404 — https://raw.githubusercontent.com/yyyr-otz/tele-providers-collector/019cb3e07ee52fddbc7caa54fc670c6b9bae6539/sub/proxies.txt
2026-05-27 14:56:41,897 | INFO     |   → 358/361 ❌ HTTP 404 — https://raw.githubusercontent.com/yyyr-otz/tele-providers-collector/b7a74ee98bcf02c5a507d688a1bed3aa9f7f4ed1/script/raw/protocols/mixed.txt
2026-05-27 14:56:41,897 | INFO     |   → 359/361: ✅ 435 взято | 🗑️ 23 мусор
2026-05-27 14:56:41,897 | INFO     |   → 360/361: ✅ 2 взято | 🗑️ 23 мусор
2026-05-27 14:56:41,897 | INFO     |   → 361/361: ✅ 0 взято | 🗑️ 0 мусор
2026-05-27 14:56:41,897 | INFO     |   → ✅ ГОТОВО!
2026-05-27 14:56:41,897 | INFO     |   →    📥 Всего ключей после фильтра: 67128
2026-05-27 14:56:41,897 | INFO     |   →    🔗 Уникальных IP:PORT:SCHEME: 25586
2026-05-27 14:56:41,897 | INFO     |   →    🗑️ Выброшено мусора: 780482
2026-05-27 14:56:41,897 | INFO     |   → 📊 По протоколам:
2026-05-27 14:56:41,897 | INFO     |   →    vless: 11224
2026-05-27 14:56:41,897 | INFO     |   →    vmess: 2549
2026-05-27 14:56:41,897 | INFO     |   →    trojan: 6447
2026-05-27 14:56:41,897 | INFO     |   →    ss: 5148
2026-05-27 14:56:41,897 | INFO     |   →    hysteria: 17
2026-05-27 14:56:41,897 | INFO     |   →    hysteria2: 71
2026-05-27 14:56:41,897 | INFO     |   →    hy2: 77
2026-05-27 14:56:41,897 | INFO     |   →    tuic: 53
2026-05-27 14:56:41,897 | INFO     | ✅ mirror.py завершён успешно
2026-05-27 14:56:41,897 | INFO     | 
2026-05-27 14:56:41,897 | INFO     | 
2026-05-27 14:56:41,897 | INFO     | ──────────────────────────────────────────────────────────────────────
2026-05-27 14:56:41,897 | INFO     | 📌 ЭТАП: Генерация 50 уникальных CF-VLESS
2026-05-27 14:56:41,897 | INFO     | ──────────────────────────────────────────────────────────────────────
2026-05-27 14:56:41,898 | INFO     | 🚀 Запуск generate_cf_vless.py (50 новых CF-VLESS)...
2026-05-27 14:56:42,950 | INFO     |   → ======================================================================
2026-05-27 14:56:42,950 | INFO     |   → 🗺️  Генератор свежих VLESS-конфигов на IP Cloudflare
2026-05-27 14:56:42,950 | INFO     |   → ======================================================================
2026-05-27 14:56:42,950 | INFO     |   →   → Загружаем актуальные IP-диапазоны Cloudflare: https://www.cloudflare.com/ips-v4
2026-05-27 14:56:42,950 | INFO     |   →   → Найдено 15 IPv4 CIDR-блоков. Преобразуем их в IP-адреса...
2026-05-27 14:56:42,950 | INFO     |   → ✅ Успешно загружено и подготовлено 7500 IP-адресов для ротации.
2026-05-27 14:56:42,950 | INFO     |   → ✨ Сгенерировано и сохранено 50 VLESS-конфигов.
2026-05-27 14:56:42,950 | INFO     |   → 📂 Файл: /home/runner/work/vpn-vless-configs-russia/vpn-vless-configs-russia/githubmirror/new/cf_fresh.txt
2026-05-27 14:56:42,950 | INFO     |   → ======================================================================
2026-05-27 14:56:42,950 | INFO     | ✅ generate_cf_vless.py завершён успешно
2026-05-27 14:56:42,950 | INFO     | 
2026-05-27 14:56:42,950 | INFO     | 
2026-05-27 14:56:42,950 | INFO     | ──────────────────────────────────────────────────────────────────────
2026-05-27 14:56:42,950 | INFO     | 📌 ЭТАП: Слияние CF с основным списком
2026-05-27 14:56:42,950 | INFO     | ──────────────────────────────────────────────────────────────────────
2026-05-27 14:56:43,089 | INFO     | 🔄 Добавлено 50 новых CF-VLESS в /home/runner/work/vpn-vless-configs-russia/vpn-vless-configs-russia/githubmirror/clean/vless.txt
2026-05-27 14:56:43,089 | INFO     | 📊 Всего в clean/vless.txt теперь: 11274
2026-05-27 14:56:43,091 | INFO     | 
2026-05-27 14:56:43,091 | INFO     | 
2026-05-27 14:56:43,091 | INFO     | ──────────────────────────────────────────────────────────────────────
2026-05-27 14:56:43,091 | INFO     | 📌 ЭТАП: Фильтрация по реальному SNI
2026-05-27 14:56:43,091 | INFO     | ──────────────────────────────────────────────────────────────────────
2026-05-27 14:56:43,092 | INFO     | 🚀 Запуск filter_ru_sni.py (Фильтр по реальному SNI (CDN+RU))...
2026-05-27 14:56:43,763 | INFO     |   → hy2.txt: 77 → 21 (SNI-filtered)
2026-05-27 14:56:43,763 | INFO     |   →   hysteria.txt: 17 → 0 (SNI-filtered)
2026-05-27 14:56:43,763 | INFO     |   →   hysteria2.txt: 71 → 15 (SNI-filtered)
2026-05-27 14:56:43,763 | INFO     |   →   ss.txt: 5148 → 291 (SNI-filtered)
2026-05-27 14:56:43,763 | INFO     |   →   trojan.txt: 6447 → 17 (SNI-filtered)
2026-05-27 14:56:43,763 | INFO     |   →   tuic.txt: 53 → 0 (SNI-filtered)
2026-05-27 14:56:43,763 | INFO     |   →   vless.txt: 11274 → 1788 (SNI-filtered)
2026-05-27 14:56:43,763 | INFO     |   →   vmess.txt: 2549 → 27 (SNI-filtered)
2026-05-27 14:56:43,763 | INFO     |   → ==================================================
2026-05-27 14:56:43,763 | INFO     |   →   Всего входных:  25636
2026-05-27 14:56:43,763 | INFO     |   →   Прошли фильтр:  2159
2026-05-27 14:56:43,763 | INFO     |   →   Отброшено:      23477
2026-05-27 14:56:43,763 | INFO     |   → ==================================================
2026-05-27 14:56:43,763 | INFO     |   → Готово → /home/runner/work/vpn-vless-configs-russia/vpn-vless-configs-russia/githubmirror/ru-sni
2026-05-27 14:56:43,763 | INFO     | ✅ filter_ru_sni.py завершён успешно
2026-05-27 14:56:43,764 | INFO     | 
2026-05-27 14:56:43,764 | INFO     | 
2026-05-27 14:56:43,764 | INFO     | ──────────────────────────────────────────────────────────────────────
2026-05-27 14:56:43,764 | INFO     | 📌 ЭТАП: Экспериментальный RU-SNI фильтр
2026-05-27 14:56:43,764 | INFO     | ──────────────────────────────────────────────────────────────────────
2026-05-27 14:56:43,764 | INFO     | 🚀 Запуск filter_ru_sni_local.py (Экспериментальный фильтр по RU-SNI (локальные домены))...
2026-05-27 14:56:44,200 | INFO     |   → hy2.txt: 77 → 0 (RU-SNI)
2026-05-27 14:56:44,200 | INFO     |   → hysteria.txt: 17 → 0 (RU-SNI)
2026-05-27 14:56:44,200 | INFO     |   → hysteria2.txt: 71 → 0 (RU-SNI)
2026-05-27 14:56:44,200 | INFO     |   → ss.txt: 5148 → 74 (RU-SNI)
2026-05-27 14:56:44,200 | INFO     |   → trojan.txt: 6447 → 3 (RU-SNI)
2026-05-27 14:56:44,201 | INFO     |   → tuic.txt: 53 → 0 (RU-SNI)
2026-05-27 14:56:44,201 | INFO     |   → vless.txt: 11274 → 837 (RU-SNI)
2026-05-27 14:56:44,201 | INFO     |   → vmess.txt: 2549 → 2 (RU-SNI)
2026-05-27 14:56:44,201 | INFO     |   → ==================================================
2026-05-27 14:56:44,201 | INFO     |   → Всего входных:  25636
2026-05-27 14:56:44,201 | INFO     |   → Прошли RU-SNI:  916
2026-05-27 14:56:44,201 | INFO     |   → Отброшено:      24720
2026-05-27 14:56:44,201 | INFO     |   → ==================================================
2026-05-27 14:56:44,201 | INFO     |   → Готово → /home/runner/work/vpn-vless-configs-russia/vpn-vless-configs-russia/githubmirror/ru-sni-local
2026-05-27 14:56:44,201 | INFO     | ✅ filter_ru_sni_local.py завершён успешно
2026-05-27 14:56:44,201 | INFO     | 
2026-05-27 14:56:44,201 | INFO     | 
2026-05-27 14:56:44,201 | INFO     | ──────────────────────────────────────────────────────────────────────
2026-05-27 14:56:44,201 | INFO     | 📌 ЭТАП: Сбор статистики
2026-05-27 14:56:44,201 | INFO     | ──────────────────────────────────────────────────────────────────────
2026-05-27 14:56:44,201 | INFO     | 📊 Сбор статистики...
2026-05-27 14:56:44,201 | INFO     |   📁 githubmirror/clean:
2026-05-27 14:56:44,202 | INFO     |     • hy2         :    77 конфигов
2026-05-27 14:56:44,202 | INFO     |     • hysteria    :    17 конфигов
2026-05-27 14:56:44,202 | INFO     |     • hysteria2   :    71 конфигов
2026-05-27 14:56:44,206 | INFO     |     • ss          :  5148 конфигов
2026-05-27 14:56:44,209 | INFO     |     • trojan      :  6447 конфигов
2026-05-27 14:56:44,210 | INFO     |     • tuic        :    53 конфигов
2026-05-27 14:56:44,220 | INFO     |     • vless       : 11274 конфигов
2026-05-27 14:56:44,222 | INFO     |     • vmess       :  2549 конфигов
2026-05-27 14:56:44,222 | INFO     |   📁 githubmirror/ru-sni:
2026-05-27 14:56:44,222 | INFO     |     • hy2         :    21 конфигов ( 27.3% от clean)
2026-05-27 14:56:44,223 | INFO     |     • hysteria    :     0 конфигов (  0.0% от clean)
2026-05-27 14:56:44,223 | INFO     |     • hysteria2   :    15 конфигов ( 21.1% от clean)
2026-05-27 14:56:44,223 | INFO     |     • ss          :   291 конфигов (  5.7% от clean)
2026-05-27 14:56:44,223 | INFO     |     • trojan      :    17 конфигов (  0.3% от clean)
2026-05-27 14:56:44,224 | INFO     |     • tuic        :     0 конфигов (  0.0% от clean)
2026-05-27 14:56:44,226 | INFO     |     • vless       :  1788 конфигов ( 15.9% от clean)
2026-05-27 14:56:44,226 | INFO     |     • vmess       :    27 конфигов (  1.1% от clean)
2026-05-27 14:56:44,226 | INFO     |   ✨ Новых CF-VLESS в этом запуске: 50
2026-05-27 14:56:44,226 | INFO     | 
2026-05-27 14:56:44,226 | INFO     |   ──────────────────────────────────────────────────
2026-05-27 14:56:44,226 | INFO     |   📈 ИТОГО:
2026-05-27 14:56:44,226 | INFO     |     Clean (после geo-фильтра):    25636
2026-05-27 14:56:44,226 | INFO     |     RU-SNI (после SNI-фильтра):    2159
2026-05-27 14:56:44,226 | INFO     |     Прошло фильтр:                  8.4%
2026-05-27 14:56:44,226 | INFO     |   ──────────────────────────────────────────────────
2026-05-27 14:56:44,227 | INFO     | ✅ Статистика сохранена: /home/runner/work/vpn-vless-configs-russia/vpn-vless-configs-russia/stats.json
2026-05-27 14:56:44,227 | INFO     | 
2026-05-27 14:56:44,227 | INFO     | ======================================================================
2026-05-27 14:56:44,227 | INFO     | 📊 ИТОГОВЫЙ ОТЧЁТ
2026-05-27 14:56:44,227 | INFO     | ======================================================================
2026-05-27 14:56:44,227 | INFO     |   ✅ OK         | Загрузка и geo-фильтрация
2026-05-27 14:56:44,227 | INFO     |   ✅ OK         | Генерация 50 уникальных CF-VLESS
2026-05-27 14:56:44,227 | INFO     |   ✅ OK         | Слияние CF с основным списком
2026-05-27 14:56:44,227 | INFO     |   ✅ OK         | Фильтрация по реальному SNI
2026-05-27 14:56:44,227 | INFO     |   ✅ OK         | Экспериментальный RU-SNI фильтр
2026-05-27 14:56:44,227 | INFO     |   ✅ OK         | Сбор статистики
2026-05-27 14:56:44,227 | INFO     | ──────────────────────────────────────────────────────────────────────
2026-05-27 14:56:44,227 | INFO     | ✅ ВСЕ ЭТАПЫ УСПЕШНЫ (6/6)
2026-05-27 14:56:44,227 | INFO     | ⏰ Время завершения: 2026-05-27 14:56:44
2026-05-27 14:56:44,227 | INFO     | ======================================================================
