2026-05-21 19:44:28,631 | INFO     | ======================================================================
2026-05-21 19:44:28,632 | INFO     | 🔍 VPN KEY CHECKER - Начало проверки
2026-05-21 19:44:28,632 | INFO     | ⏰ Время старта: 2026-05-21 19:44:28
2026-05-21 19:44:28,632 | INFO     | 📂 Рабочая директория: /home/runner/work/vpn-vless-configs-russia/vpn-vless-configs-russia
2026-05-21 19:44:28,632 | INFO     | ======================================================================
2026-05-21 19:44:28,632 | INFO     | 
2026-05-21 19:44:28,632 | INFO     | 🔍 Проверка наличия скриптов...
2026-05-21 19:44:28,632 | INFO     |   ✅ mirror.py
2026-05-21 19:44:28,632 | INFO     |   ✅ generate_cf_vless.py
2026-05-21 19:44:28,632 | INFO     |   ✅ filter_ru_sni.py
2026-05-21 19:44:28,632 | INFO     |   ✅ filter_ru_sni_local.py
2026-05-21 19:44:28,632 | INFO     | 
2026-05-21 19:44:28,632 | INFO     | 
2026-05-21 19:44:28,632 | INFO     | ──────────────────────────────────────────────────────────────────────
2026-05-21 19:44:28,632 | INFO     | 📌 ЭТАП: Загрузка и geo-фильтрация
2026-05-21 19:44:28,633 | INFO     | ──────────────────────────────────────────────────────────────────────
2026-05-21 19:44:28,633 | INFO     | 🚀 Запуск mirror.py (Загрузка и фильтрация по РФ/СНГ/Европа)...
2026-05-21 19:45:03,917 | INFO     |   → 🚀 Старт: всего источников (старые + новые): 359
2026-05-21 19:45:03,917 | INFO     |   → 1/359: ✅ 0 взято | 🗑️ 0 мусор
2026-05-21 19:45:03,917 | INFO     |   → 2/359: ✅ 0 взято | 🗑️ 0 мусор
2026-05-21 19:45:03,917 | INFO     |   → 3/359: ✅ 3 взято | 🗑️ 174 мусор
2026-05-21 19:45:03,917 | INFO     |   → 4/359: ✅ 0 взято | 🗑️ 0 мусор
2026-05-21 19:45:03,918 | INFO     |   → 5/359: ✅ 6 взято | 🗑️ 24 мусор
2026-05-21 19:45:03,918 | INFO     |   → 6/359: ✅ 0 взято | 🗑️ 24 мусор
2026-05-21 19:45:03,918 | INFO     |   → 7/359: ✅ 538 взято | 🗑️ 3607 мусор
2026-05-21 19:45:03,918 | INFO     |   → 8/359: ✅ 5 взято | 🗑️ 365 мусор
2026-05-21 19:45:03,918 | INFO     |   → 9/359: ✅ 296 взято | 🗑️ 2827 мусор
2026-05-21 19:45:03,918 | INFO     |   → 10/359: ✅ 581 взято | 🗑️ 1065 мусор
2026-05-21 19:45:03,918 | INFO     |   → 11/359: ✅ 32 взято | 🗑️ 5 мусор
2026-05-21 19:45:03,918 | INFO     |   → 12/359: ✅ 100 взято | 🗑️ 381 мусор
2026-05-21 19:45:03,918 | INFO     |   → 13/359: ✅ 62 взято | 🗑️ 286 мусор
2026-05-21 19:45:03,918 | INFO     |   → 14/359: ✅ 8 взято | 🗑️ 90 мусор
2026-05-21 19:45:03,918 | INFO     |   → 15/359: ✅ 4 взято | 🗑️ 24 мусор
2026-05-21 19:45:03,918 | INFO     |   → 16/359: ✅ 18 взято | 🗑️ 54 мусор
2026-05-21 19:45:03,918 | INFO     |   → 17/359: ✅ 85 взято | 🗑️ 156 мусор
2026-05-21 19:45:03,918 | INFO     |   → 18/359: ✅ 25 взято | 🗑️ 316 мусор
2026-05-21 19:45:03,918 | INFO     |   → 19/359: ✅ 161 взято | 🗑️ 107 мусор
2026-05-21 19:45:03,918 | INFO     |   → 20/359: ✅ 4 взято | 🗑️ 340 мусор
2026-05-21 19:45:03,918 | INFO     |   → 21/359: ✅ 19 взято | 🗑️ 81 мусор
2026-05-21 19:45:03,918 | INFO     |   → 22/359: ✅ 11 взято | 🗑️ 87 мусор
2026-05-21 19:45:03,919 | INFO     |   → 23/359: ✅ 27 взято | 🗑️ 73 мусор
2026-05-21 19:45:03,919 | INFO     |   → 24/359: ✅ 13 взято | 🗑️ 75 мусор
2026-05-21 19:45:03,919 | INFO     |   → 25/359: ✅ 10 взято | 🗑️ 83 мусор
2026-05-21 19:45:03,919 | INFO     |   → 26/359: ✅ 12 взято | 🗑️ 86 мусор
2026-05-21 19:45:03,919 | INFO     |   → 27/359: ✅ 11 взято | 🗑️ 87 мусор
2026-05-21 19:45:03,919 | INFO     |   → 28/359: ✅ 11 взято | 🗑️ 80 мусор
2026-05-21 19:45:03,919 | INFO     |   → 29/359: ✅ 9 взято | 🗑️ 82 мусор
2026-05-21 19:45:03,919 | INFO     |   → 30/359: ✅ 69 взято | 🗑️ 3 мусор
2026-05-21 19:45:03,919 | INFO     |   → 31/359: ✅ 3 взято | 🗑️ 75 мусор
2026-05-21 19:45:03,919 | INFO     |   → 32/359: ✅ 4 взято | 🗑️ 69 мусор
2026-05-21 19:45:03,919 | INFO     |   → 33/359: ✅ 4 взято | 🗑️ 80 мусор
2026-05-21 19:45:03,919 | INFO     |   → 34/359: ✅ 6 взято | 🗑️ 81 мусор
2026-05-21 19:45:03,919 | INFO     |   → 35/359: ✅ 5 взято | 🗑️ 79 мусор
2026-05-21 19:45:03,919 | INFO     |   → 36/359: ✅ 11 взято | 🗑️ 78 мусор
2026-05-21 19:45:03,919 | INFO     |   → 37/359: ✅ 3 взято | 🗑️ 83 мусор
2026-05-21 19:45:03,919 | INFO     |   → 38/359: ✅ 14 взято | 🗑️ 76 мусор
2026-05-21 19:45:03,919 | INFO     |   → 39/359: ✅ 12 взято | 🗑️ 78 мусор
2026-05-21 19:45:03,919 | INFO     |   → 40/359: ✅ 26 взято | 🗑️ 218 мусор
2026-05-21 19:45:03,919 | INFO     |   → 41/359: ✅ 44 взято | 🗑️ 141 мусор
2026-05-21 19:45:03,919 | INFO     |   → 42/359: ✅ 10 взято | 🗑️ 71 мусор
2026-05-21 19:45:03,919 | INFO     |   → 43/359: ✅ 2 взято | 🗑️ 88 мусор
2026-05-21 19:45:03,919 | INFO     |   → 44/359: ✅ 0 взято | 🗑️ 3 мусор
2026-05-21 19:45:03,920 | INFO     |   → 45/359: ✅ 14 взято | 🗑️ 4 мусор
2026-05-21 19:45:03,920 | INFO     |   → 46/359: ✅ 613 взято | 🗑️ 2508 мусор
2026-05-21 19:45:03,920 | INFO     |   → 47/359 ❌ HTTP 404 — https://raw.githubusercontent.com/AmirHDevo/temp2/7f15e7ddb311a6f8c5ab338bd1af0e1f2136a84b/configs.txt
2026-05-21 19:45:03,920 | INFO     |   → 48/359: ✅ 98 взято | 🗑️ 2209 мусор
2026-05-21 19:45:03,920 | INFO     |   → 49/359: ✅ 2 взято | 🗑️ 146 мусор
2026-05-21 19:45:03,920 | INFO     |   → 50/359: ✅ 1679 взято | 🗑️ 31835 мусор
2026-05-21 19:45:03,920 | INFO     |   → 51/359: ✅ 5 взято | 🗑️ 47 мусор
2026-05-21 19:45:03,920 | INFO     |   → 52/359: ✅ 49 взято | 🗑️ 504 мусор
2026-05-21 19:45:03,920 | INFO     |   → 53/359: ✅ 339 взято | 🗑️ 1542 мусор
2026-05-21 19:45:03,920 | INFO     |   → 54/359: ✅ 1 взято | 🗑️ 235 мусор
2026-05-21 19:45:03,920 | INFO     |   → 55/359: ✅ 49 взято | 🗑️ 86 мусор
2026-05-21 19:45:03,920 | INFO     |   → 56/359: ✅ 0 взято | 🗑️ 16 мусор
2026-05-21 19:45:03,920 | INFO     |   → 57/359: ✅ 6 взято | 🗑️ 17 мусор
2026-05-21 19:45:03,920 | INFO     |   → 58/359: ✅ 1 взято | 🗑️ 12 мусор
2026-05-21 19:45:03,920 | INFO     |   → 59/359: ✅ 0 взято | 🗑️ 17 мусор
2026-05-21 19:45:03,920 | INFO     |   → 60/359: ✅ 0 взято | 🗑️ 17 мусор
2026-05-21 19:45:03,920 | INFO     |   → 61/359: ✅ 26 взято | 🗑️ 331 мусор
2026-05-21 19:45:03,920 | INFO     |   → 62/359: ✅ 66 взято | 🗑️ 19 мусор
2026-05-21 19:45:03,920 | INFO     |   → 63/359: ✅ 80 взято | 🗑️ 1110 мусор
2026-05-21 19:45:03,920 | INFO     |   → 64/359: ✅ 18 взято | 🗑️ 1280 мусор
2026-05-21 19:45:03,920 | INFO     |   → 65/359 ❌ HTTP 404 — https://raw.githubusercontent.com/Egkaz/Proxy-list-20k-server/main/stable.txt
2026-05-21 19:45:03,920 | INFO     |   → 66/359: ✅ 5 взято | 🗑️ 13 мусор
2026-05-21 19:45:03,920 | INFO     |   → 67/359 ❌ HTTP 404 — https://raw.githubusercontent.com/Epodonios/v2ray-configs/raw/main/Splitted-By-Protocol/trojan.txt
2026-05-21 19:45:03,921 | INFO     |   → 68/359 ❌ HTTP 404 — https://raw.githubusercontent.com/Epodonios/v2ray-configs/raw/main/Splitted-By-Protocol/vmess.txt
2026-05-21 19:45:03,921 | INFO     |   → 69/359: ✅ 649 взято | 🗑️ 1062 мусор
2026-05-21 19:45:03,921 | INFO     |   → 70/359: ✅ 0 взято | 🗑️ 116 мусор
2026-05-21 19:45:03,921 | INFO     |   → 71/359: ✅ 0 взято | 🗑️ 731 мусор
2026-05-21 19:45:03,921 | INFO     |   → 72/359: ✅ 512 взято | 🗑️ 144 мусор
2026-05-21 19:45:03,921 | INFO     |   → 73/359: ✅ 109 взято | 🗑️ 7 мусор
2026-05-21 19:45:03,921 | INFO     |   → 74/359: ✅ 8 взято | 🗑️ 327 мусор
2026-05-21 19:45:03,921 | INFO     |   → 75/359 ❌ HTTP 404 — https://raw.githubusercontent.com/Fido6/FreeNodes/57221e59caddde55ffdda21d491ae952cd608049/nodes/halekj.txt
2026-05-21 19:45:03,921 | INFO     |   → 76/359 ❌ HTTP 404 — https://raw.githubusercontent.com/Fido6/FreeNodes/57221e59caddde55ffdda21d491ae952cd608049/nodes/kkzui.txt
2026-05-21 19:45:03,921 | INFO     |   → 77/359 ❌ HTTP 404 — https://raw.githubusercontent.com/Fido6/FreeNodes/57221e59caddde55ffdda21d491ae952cd608049/nodes/wenode.txt
2026-05-21 19:45:03,921 | INFO     |   → 78/359: ✅ 74 взято | 🗑️ 418 мусор
2026-05-21 19:45:03,921 | INFO     |   → 79/359: ✅ 7 взято | 🗑️ 65 мусор
2026-05-21 19:45:03,921 | INFO     |   → 80/359: ✅ 243 взято | 🗑️ 1557 мусор
2026-05-21 19:45:03,921 | INFO     |   → 81/359: ✅ 194 взято | 🗑️ 586 мусор
2026-05-21 19:45:03,921 | INFO     |   → 82/359: ✅ 476 взято | 🗑️ 4116 мусор
2026-05-21 19:45:03,921 | INFO     |   → 83/359: ✅ 60 взято | 🗑️ 748 мусор
2026-05-21 19:45:03,921 | INFO     |   → 84/359: ✅ 14 взято | 🗑️ 250 мусор
2026-05-21 19:45:03,921 | INFO     |   → 85/359: ✅ 1 взято | 🗑️ 9 мусор
2026-05-21 19:45:03,921 | INFO     |   → 86/359: ✅ 15 взято | 🗑️ 0 мусор
2026-05-21 19:45:03,921 | INFO     |   → 87/359: ✅ 0 взято | 🗑️ 609 мусор
2026-05-21 19:45:03,921 | INFO     |   → 88/359: ✅ 18 взято | 🗑️ 63 мусор
2026-05-21 19:45:03,921 | INFO     |   → 89/359: ✅ 467 взято | 🗑️ 140 мусор
2026-05-21 19:45:03,921 | INFO     |   → 90/359: ✅ 235 взято | 🗑️ 432 мусор
2026-05-21 19:45:03,921 | INFO     |   → 91/359: ✅ 36 взято | 🗑️ 625 мусор
2026-05-21 19:45:03,922 | INFO     |   → 92/359: ✅ 5972 взято | 🗑️ 46237 мусор
2026-05-21 19:45:03,922 | INFO     |   → 93/359: ✅ 0 взято | 🗑️ 35 мусор
2026-05-21 19:45:03,922 | INFO     |   → 94/359: ✅ 0 взято | 🗑️ 9698 мусор
2026-05-21 19:45:03,922 | INFO     |   → 95/359: ✅ 0 взято | 🗑️ 31035 мусор
2026-05-21 19:45:03,922 | INFO     |   → 96/359: ✅ 0 взято | 🗑️ 5 мусор
2026-05-21 19:45:03,922 | INFO     |   → 97/359: ✅ 0 взято | 🗑️ 4 мусор
2026-05-21 19:45:03,922 | INFO     |   → 98/359: ✅ 1 взято | 🗑️ 51 мусор
2026-05-21 19:45:03,922 | INFO     |   → 99/359: ✅ 0 взято | 🗑️ 8 мусор
2026-05-21 19:45:03,922 | INFO     |   → 100/359 ❌ HTTP 404 — https://raw.githubusercontent.com/Kwinshadow/TelegramV2rayCollector/raw/refs/heads/main/sublinks/mix.txt
2026-05-21 19:45:03,922 | INFO     |   → 101/359 ❌ HTTP 404 — https://raw.githubusercontent.com/LalatinaHub/Mineral/raw/refs/heads/master/result/nodes
2026-05-21 19:45:03,922 | INFO     |   → 102/359: ✅ 3 взято | 🗑️ 1 мусор
2026-05-21 19:45:03,922 | INFO     |   → 103/359: ✅ 0 взято | 🗑️ 147 мусор
2026-05-21 19:45:03,922 | INFO     |   → 104/359 ❌ HTTP 404 — https://raw.githubusercontent.com/M-Mashreghi/free-config-collector/main/Splitted-By-Protocol/ssr.txt
2026-05-21 19:45:03,922 | INFO     |   → 105/359: ✅ 139 взято | 🗑️ 114 мусор
2026-05-21 19:45:03,922 | INFO     |   → 106/359: ✅ 126 взято | 🗑️ 137 мусор
2026-05-21 19:45:03,922 | INFO     |   → 107/359: ✅ 30 взято | 🗑️ 122 мусор
2026-05-21 19:45:03,922 | INFO     |   → 108/359: ✅ 1 взято | 🗑️ 3 мусор
2026-05-21 19:45:03,922 | INFO     |   → 109/359: ✅ 307 взято | 🗑️ 3622 мусор
2026-05-21 19:45:03,922 | INFO     |   → 110/359: ✅ 24 взято | 🗑️ 170 мусор
2026-05-21 19:45:03,922 | INFO     |   → 111/359: ✅ 13 взято | 🗑️ 364 мусор
2026-05-21 19:45:03,922 | INFO     |   → 112/359: ✅ 7 взято | 🗑️ 272 мусор
2026-05-21 19:45:03,922 | INFO     |   → 113/359: ✅ 6 взято | 🗑️ 72 мусор
2026-05-21 19:45:03,922 | INFO     |   → 114/359 ❌ HTTP 404 — https://raw.githubusercontent.com/MhdiTaheri/V2rayCollector/raw/refs/heads/main/sub/mix
2026-05-21 19:45:03,923 | INFO     |   → 115/359: ✅ 53 взято | 🗑️ 267 мусор
2026-05-21 19:45:03,923 | INFO     |   → 116/359 ❌ HTTP 404 — https://raw.githubusercontent.com/MhdiTaheri/V2rayCollector_Py/raw/refs/heads/main/sub/Mix/mix.txt
2026-05-21 19:45:03,923 | INFO     |   → 117/359: ✅ 92 взято | 🗑️ 282 мусор
2026-05-21 19:45:03,923 | INFO     |   → 118/359: ✅ 1 взято | 🗑️ 5 мусор
2026-05-21 19:45:03,923 | INFO     |   → 119/359 ❌ HTTP 404 — https://raw.githubusercontent.com/MrMohebi/xray-proxy-grabber-telegram/master/collected-proxies/row-url/actives.txt
2026-05-21 19:45:03,923 | INFO     |   → 120/359 ❌ HTTP 404 — https://raw.githubusercontent.com/MrMohebi/xray-proxy-grabber-telegram/master/collected-proxies/row-url/all.txt
2026-05-21 19:45:03,923 | INFO     |   → 121/359: ✅ 66 взято | 🗑️ 123 мусор
2026-05-21 19:45:03,923 | INFO     |   → 122/359: ✅ 175 взято | 🗑️ 582 мусор
2026-05-21 19:45:03,923 | INFO     |   → 123/359 ❌ HTTP 404 — https://raw.githubusercontent.com/OpenCNLink/freevpn/3cfcff048bfdd1493ccffa52ecf30ce7f9fc6b28/src/list/vmess.txt
2026-05-21 19:45:03,923 | INFO     |   → 124/359: ✅ 0 взято | 🗑️ 20 мусор
2026-05-21 19:45:03,923 | INFO     |   → 125/359: ✅ 2 взято | 🗑️ 39 мусор
2026-05-21 19:45:03,923 | INFO     |   → 126/359 ❌ HTTP 404 — https://raw.githubusercontent.com/RKPchannel/RKP_bypass_configs/main/configs
2026-05-21 19:45:03,923 | INFO     |   → 127/359: ✅ 0 взято | 🗑️ 35 мусор
2026-05-21 19:45:03,923 | INFO     |   → 128/359: ✅ 0 взято | 🗑️ 0 мусор
2026-05-21 19:45:03,923 | INFO     |   → 129/359: ✅ 0 взято | 🗑️ 50 мусор
2026-05-21 19:45:03,923 | INFO     |   → 130/359 ❌ HTTP 404 — https://raw.githubusercontent.com/STR97/STRUGOV/main/BYPASS
2026-05-21 19:45:03,923 | INFO     |   → 131/359 ❌ HTTP 404 — https://raw.githubusercontent.com/STR97/STRUGOV/main/CUSTOM
2026-05-21 19:45:03,923 | INFO     |   → 132/359 ❌ HTTP 404 — https://raw.githubusercontent.com/STR97/STRUGOV/main/STR
2026-05-21 19:45:03,923 | INFO     |   → 133/359 ❌ HTTP 404 — https://raw.githubusercontent.com/STR97/STRUGOV/main/STR.BYPASS
2026-05-21 19:45:03,923 | INFO     |   → 134/359 ❌ HTTP 404 — https://raw.githubusercontent.com/STR97/STRUGOV/main/Vless
2026-05-21 19:45:03,923 | INFO     |   → 135/359 ❌ HTTP 404 — https://raw.githubusercontent.com/STR97/STRUGOV/refs/heads/main/STR.BYPASS
2026-05-21 19:45:03,923 | INFO     |   → 136/359: ✅ 4 взято | 🗑️ 34 мусор
2026-05-21 19:45:03,923 | INFO     |   → 137/359: ✅ 0 взято | 🗑️ 27 мусор
2026-05-21 19:45:03,924 | INFO     |   → 138/359: ✅ 140 взято | 🗑️ 1153 мусор
2026-05-21 19:45:03,924 | INFO     |   → 139/359: ✅ 73 взято | 🗑️ 2666 мусор
2026-05-21 19:45:03,924 | INFO     |   → 140/359: ✅ 9 взято | 🗑️ 959 мусор
2026-05-21 19:45:03,924 | INFO     |   → 141/359: ✅ 98 взято | 🗑️ 3418 мусор
2026-05-21 19:45:03,924 | INFO     |   → 142/359: ✅ 212 взято | 🗑️ 566 мусор
2026-05-21 19:45:03,924 | INFO     |   → 143/359: ✅ 72 взято | 🗑️ 4999 мусор
2026-05-21 19:45:03,924 | INFO     |   → 144/359: ✅ 76 взято | 🗑️ 362 мусор
2026-05-21 19:45:03,924 | INFO     |   → 145/359: ✅ 0 взято | 🗑️ 0 мусор
2026-05-21 19:45:03,924 | INFO     |   → 146/359: ✅ 0 взято | 🗑️ 0 мусор
2026-05-21 19:45:03,924 | INFO     |   → 147/359: ✅ 27 взято | 🗑️ 1632 мусор
2026-05-21 19:45:03,924 | INFO     |   → 148/359: ✅ 0 взято | 🗑️ 55 мусор
2026-05-21 19:45:03,924 | INFO     |   → 149/359: ✅ 0 взято | 🗑️ 1380 мусор
2026-05-21 19:45:03,924 | INFO     |   → 150/359: ✅ 0 взято | 🗑️ 85 мусор
2026-05-21 19:45:03,924 | INFO     |   → 151/359 ❌ HTTP 404 — https://raw.githubusercontent.com/Syavar/V2ray-Configs/main/OK_TLS_activision.com.txt
2026-05-21 19:45:03,924 | INFO     |   → 152/359: ✅ 3 взято | 🗑️ 1 мусор
2026-05-21 19:45:03,924 | INFO     |   → 153/359: ✅ 3 взято | 🗑️ 1 мусор
2026-05-21 19:45:03,924 | INFO     |   → 154/359: ✅ 3 взято | 🗑️ 1 мусор
2026-05-21 19:45:03,924 | INFO     |   → 155/359: ✅ 3 взято | 🗑️ 1 мусор
2026-05-21 19:45:03,924 | INFO     |   → 156/359 ❌ HTTP 404 — https://raw.githubusercontent.com/Syavar/V2ray-Configs/main/OK_TLS_viber.com.txt
2026-05-21 19:45:03,924 | INFO     |   → 157/359: ✅ 3 взято | 🗑️ 1 мусор
2026-05-21 19:45:03,924 | INFO     |   → 158/359: ✅ 3 взято | 🗑️ 1 мусор
2026-05-21 19:45:03,924 | INFO     |   → 159/359 ❌ HTTP 404 — https://raw.githubusercontent.com/Syavar/V2ray-Configs/main/OK_activision.com.txt
2026-05-21 19:45:03,924 | INFO     |   → 160/359 ❌ HTTP 404 — https://raw.githubusercontent.com/Syavar/V2ray-Configs/main/OK_css.rbxcdn.com.txt
2026-05-21 19:45:03,925 | INFO     |   → 161/359 ❌ HTTP 404 — https://raw.githubusercontent.com/Syavar/V2ray-Configs/main/OK_google.com.txt
2026-05-21 19:45:03,925 | INFO     |   → 162/359 ❌ HTTP 404 — https://raw.githubusercontent.com/Syavar/V2ray-Configs/main/OK_speedtest.tinkoff.ru.txt
2026-05-21 19:45:03,925 | INFO     |   → 163/359 ❌ HTTP 404 — https://raw.githubusercontent.com/Syavar/V2ray-Configs/main/OK_telegram.org.txt
2026-05-21 19:45:03,925 | INFO     |   → 164/359 ❌ HTTP 404 — https://raw.githubusercontent.com/Syavar/V2ray-Configs/main/OK_viber.com.txt
2026-05-21 19:45:03,925 | INFO     |   → 165/359 ❌ HTTP 404 — https://raw.githubusercontent.com/Syavar/V2ray-Configs/main/OK_vk.com.txt
2026-05-21 19:45:03,925 | INFO     |   → 166/359 ❌ HTTP 404 — https://raw.githubusercontent.com/Syavar/V2ray-Configs/main/OK_whatsapp.com.txt
2026-05-21 19:45:03,925 | INFO     |   → 167/359: ✅ 632 взято | 🗑️ 1112 мусор
2026-05-21 19:45:03,925 | INFO     |   → 168/359: ✅ 4 взято | 🗑️ 291 мусор
2026-05-21 19:45:03,925 | INFO     |   → 169/359: ✅ 6 взято | 🗑️ 14 мусор
2026-05-21 19:45:03,925 | INFO     |   → 170/359: ✅ 2 взято | 🗑️ 18 мусор
2026-05-21 19:45:03,925 | INFO     |   → 171/359: ✅ 5 взято | 🗑️ 14 мусор
2026-05-21 19:45:03,925 | INFO     |   → 172/359: ✅ 2 взято | 🗑️ 15 мусор
2026-05-21 19:45:03,925 | INFO     |   → 173/359: ✅ 2 взято | 🗑️ 16 мусор
2026-05-21 19:45:03,925 | INFO     |   → 174/359: ✅ 5 взято | 🗑️ 13 мусор
2026-05-21 19:45:03,925 | INFO     |   → 175/359: ✅ 4 взято | 🗑️ 15 мусор
2026-05-21 19:45:03,925 | INFO     |   → 176/359: ✅ 6 взято | 🗑️ 13 мусор
2026-05-21 19:45:03,925 | INFO     |   → 177/359: ✅ 6 взято | 🗑️ 12 мусор
2026-05-21 19:45:03,925 | INFO     |   → 178/359: ✅ 0 взято | 🗑️ 19 мусор
2026-05-21 19:45:03,925 | INFO     |   → 179/359: ✅ 31 взято | 🗑️ 95 мусор
2026-05-21 19:45:03,925 | INFO     |   → 180/359: ✅ 0 взято | 🗑️ 5 мусор
2026-05-21 19:45:03,925 | INFO     |   → 181/359: ✅ 12 взято | 🗑️ 76 мусор
2026-05-21 19:45:03,925 | INFO     |   → 182/359: ✅ 123 взято | 🗑️ 432 мусор
2026-05-21 19:45:03,926 | INFO     |   → 183/359: ✅ 4 взято | 🗑️ 114 мусор
2026-05-21 19:45:03,926 | INFO     |   → 184/359: ✅ 21 взято | 🗑️ 51 мусор
2026-05-21 19:45:03,926 | INFO     |   → 185/359: ✅ 0 взято | 🗑️ 1096 мусор
2026-05-21 19:45:03,926 | INFO     |   → 186/359: ✅ 0 взято | 🗑️ 932 мусор
2026-05-21 19:45:03,926 | INFO     |   → 187/359: ✅ 19 взято | 🗑️ 60 мусор
2026-05-21 19:45:03,926 | INFO     |   → 188/359 ❌ HTTP 404 — https://raw.githubusercontent.com/awesome-vpn/awesome-vpn/master/ss
2026-05-21 19:45:03,926 | INFO     |   → 189/359: ✅ 1 взято | 🗑️ 3086 мусор
2026-05-21 19:45:03,926 | INFO     |   → 190/359: ✅ 0 взято | 🗑️ 294 мусор
2026-05-21 19:45:03,926 | INFO     |   → 191/359: ✅ 0 взято | 🗑️ 2480 мусор
2026-05-21 19:45:03,926 | INFO     |   → 192/359: ✅ 0 взято | 🗑️ 144 мусор
2026-05-21 19:45:03,926 | INFO     |   → 193/359 ❌ HTTP 404 — https://raw.githubusercontent.com/barry-far/V2ray-Configs/ced94ddfff48276ec365b40227561f36b1b64bc8/Sub5.txt
2026-05-21 19:45:03,926 | INFO     |   → 194/359 ❌ HTTP 404 — https://raw.githubusercontent.com/barry-far/V2ray-Configs/main/Splitted-By-Protocol/vless.txt
2026-05-21 19:45:03,926 | INFO     |   → 195/359 ❌ HTTP 404 — https://raw.githubusercontent.com/barry-far/V2ray-Configs/main/Sub1.txt
2026-05-21 19:45:03,926 | INFO     |   → 196/359: ✅ 0 взято | 🗑️ 294 мусор
2026-05-21 19:45:03,926 | INFO     |   → 197/359: ✅ 0 взято | 🗑️ 2480 мусор
2026-05-21 19:45:03,926 | INFO     |   → 198/359: ✅ 0 взято | 🗑️ 144 мусор
2026-05-21 19:45:03,926 | INFO     |   → 199/359 ❌ HTTP 404 — https://raw.githubusercontent.com/bywarm/whitelists-vpns-etc/main/whitelists1-4pda.txt
2026-05-21 19:45:03,926 | INFO     |   → 200/359: ✅ 2 взято | 🗑️ 51 мусор
2026-05-21 19:45:03,926 | INFO     |   → 201/359 ❌ HTTP 404 — https://raw.githubusercontent.com/chxxyz2004/zd/17fca23b73c46b5dd73e9be49b14d219b5e5f836/sub/2401/240110.txt
2026-05-21 19:45:03,926 | INFO     |   → 202/359: ✅ 356 взято | 🗑️ 5284 мусор
2026-05-21 19:45:03,926 | INFO     |   → 203/359: ✅ 236 взято | 🗑️ 517 мусор
2026-05-21 19:45:03,926 | INFO     |   → 204/359: ✅ 6 взято | 🗑️ 78 мусор
2026-05-21 19:45:03,926 | INFO     |   → 205/359: ✅ 6 взято | 🗑️ 4 мусор
2026-05-21 19:45:03,927 | INFO     |   → 206/359: ✅ 3227 взято | 🗑️ 73088 мусор
2026-05-21 19:45:03,927 | INFO     |   → 207/359: ✅ 74 взято | 🗑️ 1209 мусор
2026-05-21 19:45:03,927 | INFO     |   → 208/359: ✅ 3665 взято | 🗑️ 82154 мусор
2026-05-21 19:45:03,927 | INFO     |   → 209/359: ✅ 2025 взято | 🗑️ 45140 мусор
2026-05-21 19:45:03,927 | INFO     |   → 210/359: ✅ 103 взято | 🗑️ 5891 мусор
2026-05-21 19:45:03,927 | INFO     |   → 211/359: ✅ 6 взято | 🗑️ 113 мусор
2026-05-21 19:45:03,927 | INFO     |   → 212/359: ✅ 2 взято | 🗑️ 80 мусор
2026-05-21 19:45:03,927 | INFO     |   → 213/359: ✅ 5 взято | 🗑️ 169 мусор
2026-05-21 19:45:03,927 | INFO     |   → 214/359: ✅ 34 взято | 🗑️ 121 мусор
2026-05-21 19:45:03,927 | INFO     |   → 215/359: ✅ 4 взято | 🗑️ 97 мусор
2026-05-21 19:45:03,927 | INFO     |   → 216/359 ❌ HTTP 404 — https://raw.githubusercontent.com/freev2rayconfig/V2RAY_SUB/3e6a7786a1601ee3723e8d043ae79e70dbdfd9a8/v2rayconfigs.txt
2026-05-21 19:45:03,927 | INFO     |   → 217/359: ✅ 0 взято | 🗑️ 5 мусор
2026-05-21 19:45:03,927 | INFO     |   → 218/359: ✅ 605 взято | 🗑️ 2808 мусор
2026-05-21 19:45:03,927 | INFO     |   → 219/359: ✅ 341 взято | 🗑️ 1018 мусор
2026-05-21 19:45:03,927 | INFO     |   → 220/359: ✅ 500 взято | 🗑️ 5781 мусор
2026-05-21 19:45:03,927 | INFO     |   → 221/359: ✅ 117 взято | 🗑️ 2401 мусор
2026-05-21 19:45:03,927 | INFO     |   → 222/359 ❌ HTTP 404 — https://raw.githubusercontent.com/hameed-maleki/TVC/89a4522969c57dcc22458cae9898426e5c4f2679/lite/config.txt
2026-05-21 19:45:03,927 | INFO     |   → 223/359: ✅ 5 взято | 🗑️ 132 мусор
2026-05-21 19:45:03,927 | INFO     |   → 224/359 ❌ HTTP 404 — https://raw.githubusercontent.com/hkpc/Autoproxy/6cf946ddfc677a29062007e4b47d70674474baa7/sub/2401/240110.txt
2026-05-21 19:45:03,927 | INFO     |   → 225/359 ❌ HTTP 404 — https://raw.githubusercontent.com/hkpc/V2ray-Configs/7d9aa0dabf947af180a7dd6302818ed37950531a/Sub1.txt
2026-05-21 19:45:03,927 | INFO     |   → 226/359: ✅ 75 взято | 🗑️ 266 мусор
2026-05-21 19:45:03,927 | INFO     |   → 227/359: ✅ 0 взято | 🗑️ 14 мусор
2026-05-21 19:45:03,927 | INFO     |   → 228/359: ✅ 0 взято | 🗑️ 221 мусор
2026-05-21 19:45:03,928 | INFO     |   → 229/359: ✅ 0 взято | 🗑️ 18 мусор
2026-05-21 19:45:03,928 | INFO     |   → 230/359: ✅ 5 взято | 🗑️ 1189 мусор
2026-05-21 19:45:03,928 | INFO     |   → 231/359: ✅ 39 взято | 🗑️ 17 мусор
2026-05-21 19:45:03,928 | INFO     |   → 232/359: ✅ 0 взято | 🗑️ 144 мусор
2026-05-21 19:45:03,928 | INFO     |   → 233/359 ❌ HTTP 404 — https://raw.githubusercontent.com/igareck/vpn-configs-for-russia/refs/heads/main/Vless-Reality-White-Lists-Rus-Cable.txt
2026-05-21 19:45:03,928 | INFO     |   → 234/359: ✅ 129 взято | 🗑️ 5 мусор
2026-05-21 19:45:03,928 | INFO     |   → 235/359: ✅ 9 взято | 🗑️ 329 мусор
2026-05-21 19:45:03,928 | INFO     |   → 236/359 ❌ HTTP 404 — https://raw.githubusercontent.com/kismetpro/NodeSuber/main/Splitted-By-Protocol/vless.txt
2026-05-21 19:45:03,928 | INFO     |   → 237/359 ❌ HTTP 404 — https://raw.githubusercontent.com/kismetpro/NodeSuber/main/out/All_Configs_Sub.txt
2026-05-21 19:45:03,928 | INFO     |   → 238/359: ✅ 12261 взято | 🗑️ 98921 мусор
2026-05-21 19:45:03,928 | INFO     |   → 239/359: ✅ 224 взято | 🗑️ 176 мусор
2026-05-21 19:45:03,928 | INFO     |   → 240/359: ✅ 0 взято | 🗑️ 29 мусор
2026-05-21 19:45:03,928 | INFO     |   → 241/359 ❌ HTTP 404 — https://raw.githubusercontent.com/koteey/Ms.Kerosin-VPN/main/proxies.txt
2026-05-21 19:45:03,928 | INFO     |   → 242/359: ✅ 534 взято | 🗑️ 1494 мусор
2026-05-21 19:45:03,928 | INFO     |   → 243/359: ✅ 1 взято | 🗑️ 121 мусор
2026-05-21 19:45:03,928 | INFO     |   → 244/359: ✅ 0 взято | 🗑️ 0 мусор
2026-05-21 19:45:03,928 | INFO     |   → 245/359: ✅ 0 взято | 🗑️ 421 мусор
2026-05-21 19:45:03,928 | INFO     |   → 246/359: ✅ 213 взято | 🗑️ 1155 мусор
2026-05-21 19:45:03,928 | INFO     |   → 247/359: ✅ 0 взято | 🗑️ 53 мусор
2026-05-21 19:45:03,928 | INFO     |   → 248/359: ✅ 146 взято | 🗑️ 343 мусор
2026-05-21 19:45:03,928 | INFO     |   → 249/359: ✅ 0 взято | 🗑️ 133 мусор
2026-05-21 19:45:03,928 | INFO     |   → 250/359: ✅ 0 взято | 🗑️ 133 мусор
2026-05-21 19:45:03,928 | INFO     |   → 251/359: ✅ 0 взято | 🗑️ 3978 мусор
2026-05-21 19:45:03,928 | INFO     |   → 252/359: ✅ 0 взято | 🗑️ 0 мусор
2026-05-21 19:45:03,929 | INFO     |   → 253/359: ✅ 0 взято | 🗑️ 3978 мусор
2026-05-21 19:45:03,929 | INFO     |   → 254/359: ✅ 20 взято | 🗑️ 370 мусор
2026-05-21 19:45:03,929 | INFO     |   → 255/359: ✅ 0 взято | 🗑️ 370 мусор
2026-05-21 19:45:03,929 | INFO     |   → 256/359: ✅ 699 взято | 🗑️ 6258 мусор
2026-05-21 19:45:03,929 | INFO     |   → 257/359: ✅ 8 взято | 🗑️ 853 мусор
2026-05-21 19:45:03,929 | INFO     |   → 258/359 ❌ HTTP 404 — https://raw.githubusercontent.com/mfuu/v2ray/master/merge/merge.txt
2026-05-21 19:45:03,929 | INFO     |   → 259/359: ✅ 555 взято | 🗑️ 15047 мусор
2026-05-21 19:45:03,929 | INFO     |   → 260/359: ✅ 0 взято | 🗑️ 5460 мусор
2026-05-21 19:45:03,929 | INFO     |   → 261/359 ❌ HTTP 404 — https://raw.githubusercontent.com/miladtahanian/V2RayCFGDumper/refs/heads/main/config.txt
2026-05-21 19:45:03,929 | INFO     |   → 262/359 ❌ HTTP 404 — https://raw.githubusercontent.com/miladtahanian/multi-proxy-config-fetcher/refs/heads/main/configs/proxy_configs.txt
2026-05-21 19:45:03,929 | INFO     |   → 263/359: ✅ 0 взято | 🗑️ 0 мусор
2026-05-21 19:45:03,929 | INFO     |   → 264/359: ✅ 15 взято | 🗑️ 46 мусор
2026-05-21 19:45:03,929 | INFO     |   → 265/359: ✅ 0 взято | 🗑️ 9 мусор
2026-05-21 19:45:03,929 | INFO     |   → 266/359: ✅ 0 взято | 🗑️ 221 мусор
2026-05-21 19:45:03,929 | INFO     |   → 267/359: ✅ 0 взято | 🗑️ 15 мусор
2026-05-21 19:45:03,929 | INFO     |   → 268/359: ✅ 28 взято | 🗑️ 93 мусор
2026-05-21 19:45:03,929 | INFO     |   → 269/359: ✅ 74 взято | 🗑️ 425 мусор
2026-05-21 19:45:03,929 | INFO     |   → 270/359: ✅ 168 взято | 🗑️ 330 мусор
2026-05-21 19:45:03,929 | INFO     |   → 271/359: ✅ 15 взято | 🗑️ 70 мусор
2026-05-21 19:45:03,929 | INFO     |   → 272/359: ✅ 126 взято | 🗑️ 492 мусор
2026-05-21 19:45:03,930 | INFO     |   → 273/359: ✅ 0 взято | 🗑️ 190 мусор
2026-05-21 19:45:03,930 | INFO     |   → 274/359: ✅ 62 взято | 🗑️ 2698 мусор
2026-05-21 19:45:03,930 | INFO     |   → 275/359: ✅ 34 взято | 🗑️ 1454 мусор
2026-05-21 19:45:03,930 | INFO     |   → 276/359: ✅ 12 взято | 🗑️ 182 мусор
2026-05-21 19:45:03,930 | INFO     |   → 277/359: ✅ 11 взято | 🗑️ 779 мусор
2026-05-21 19:45:03,930 | INFO     |   → 278/359: ✅ 1181 взято | 🗑️ 177 мусор
2026-05-21 19:45:03,930 | INFO     |   → 279/359 ❌ HTTP 404 — https://raw.githubusercontent.com/op30mmd/things/909b38024ba14d69dc0f95c238f63bc6e930a00f/eut.txt
2026-05-21 19:45:03,930 | INFO     |   → 280/359: ✅ 3 взято | 🗑️ 206 мусор
2026-05-21 19:45:03,930 | INFO     |   → 281/359: ✅ 4 взято | 🗑️ 3 мусор
2026-05-21 19:45:03,930 | INFO     |   → 282/359: ✅ 6703 взято | 🗑️ 35561 мусор
2026-05-21 19:45:03,930 | INFO     |   → 283/359: ✅ 0 взято | 🗑️ 39 мусор
2026-05-21 19:45:03,930 | INFO     |   → 284/359: ✅ 0 взято | 🗑️ 1 мусор
2026-05-21 19:45:03,930 | INFO     |   → 285/359: ✅ 0 взято | 🗑️ 44 мусор
2026-05-21 19:45:03,930 | INFO     |   → 286/359: ✅ 63 взято | 🗑️ 521 мусор
2026-05-21 19:45:03,930 | INFO     |   → 287/359: ✅ 165 взято | 🗑️ 273 мусор
2026-05-21 19:45:03,930 | INFO     |   → 288/359: ✅ 13 взято | 🗑️ 211 мусор
2026-05-21 19:45:03,930 | INFO     |   → 289/359: ✅ 5 взято | 🗑️ 116 мусор
2026-05-21 19:45:03,930 | INFO     |   → 290/359 ❌ HTTP 404 — https://raw.githubusercontent.com/sajad-sajadi/V2ray-Collector/raw/main/output/protocols/vmess.txt
2026-05-21 19:45:03,930 | INFO     |   → 291/359: ✅ 6238 взято | 🗑️ 2860 мусор
2026-05-21 19:45:03,930 | INFO     |   → 292/359 ❌ HTTP 404 — https://raw.githubusercontent.com/sakha1370/OpenRay/raw/refs/heads/main/output/all_valid_proxies.txt
2026-05-21 19:45:03,930 | INFO     |   → 293/359: ✅ 2 взято | 🗑️ 399 мусор
2026-05-21 19:45:03,930 | INFO     |   → 294/359 ❌ HTTP 404 — https://raw.githubusercontent.com/satrom/V2SSR/master/SSR/Sub.txt
2026-05-21 19:45:03,930 | INFO     |   → 295/359 ❌ HTTP 404 — https://raw.githubusercontent.com/satrom/V2SSR/master/V2RAY/Sub.txt
2026-05-21 19:45:03,931 | INFO     |   → 296/359: ✅ 2325 взято | 🗑️ 60513 мусор
2026-05-21 19:45:03,931 | INFO     |   → 297/359: ✅ 3 взято | 🗑️ 49 мусор
2026-05-21 19:45:03,931 | INFO     |   → 298/359: ✅ 0 взято | 🗑️ 1239 мусор
2026-05-21 19:45:03,931 | INFO     |   → 299/359 ❌ HTTP 404 — https://raw.githubusercontent.com/soroushmirzaei/telegram-configs-collector/main/splitted/subscribe
2026-05-21 19:45:03,931 | INFO     |   → 300/359 ❌ HTTP 404 — https://raw.githubusercontent.com/ssrsub/ssr/master/vless.txt
2026-05-21 19:45:03,931 | INFO     |   → 301/359: ✅ 2 взято | 🗑️ 12 мусор
2026-05-21 19:45:03,931 | INFO     |   → 302/359: ✅ 0 взято | 🗑️ 13 мусор
2026-05-21 19:45:03,931 | INFO     |   → 303/359: ✅ 0 взято | 🗑️ 13 мусор
2026-05-21 19:45:03,931 | INFO     |   → 304/359: ✅ 55 взято | 🗑️ 245 мусор
2026-05-21 19:45:03,931 | INFO     |   → 305/359: ✅ 8 взято | 🗑️ 49 мусор
2026-05-21 19:45:03,931 | INFO     |   → 306/359: ✅ 4 взято | 🗑️ 24 мусор
2026-05-21 19:45:03,931 | INFO     |   → 307/359: ✅ 29 взято | 🗑️ 271 мусор
2026-05-21 19:45:03,931 | INFO     |   → 308/359: ✅ 21 взято | 🗑️ 54 мусор
2026-05-21 19:45:03,931 | INFO     |   → 309/359: ✅ 85 взято | 🗑️ 115 мусор
2026-05-21 19:45:03,931 | INFO     |   → 310/359: ✅ 25 взято | 🗑️ 275 мусор
2026-05-21 19:45:03,931 | INFO     |   → 311/359: ✅ 208 взято | 🗑️ 92 мусор
2026-05-21 19:45:03,931 | INFO     |   → 312/359: ✅ 5 взято | 🗑️ 111 мусор
2026-05-21 19:45:03,931 | INFO     |   → 313/359 ❌ HTTP 404 — https://raw.githubusercontent.com/v2clash/Autoproxy/a81f840ab2364124133572ec94e4b81fb0d4e58d/sub/2401/240104.txt
2026-05-21 19:45:03,931 | INFO     |   → 314/359 ❌ HTTP 404 — https://raw.githubusercontent.com/v2clash/V2ray-Configs/31f493c584d0c7b56350f4a34d80c53ad82bcc18/Sub9.txt
2026-05-21 19:45:03,931 | INFO     |   → 315/359: ✅ 36 взято | 🗑️ 303 мусор
2026-05-21 19:45:03,931 | INFO     |   → 316/359 ❌ HTTP 404 — https://raw.githubusercontent.com/vsevjik/OBSpiskov/main/wwh
2026-05-21 19:45:03,931 | INFO     |   → 317/359 ❌ HTTP 404 — https://raw.githubusercontent.com/vsevjik/OBSpiskov/main/wwhjk
2026-05-21 19:45:03,931 | INFO     |   → 318/359 ❌ HTTP 404 — https://raw.githubusercontent.com/vsevjik/OBSpiskov/main/wwhljjjkk
2026-05-21 19:45:03,932 | INFO     |   → 319/359: ✅ 0 взято | 🗑️ 10 мусор
2026-05-21 19:45:03,932 | INFO     |   → 320/359: ✅ 107 взято | 🗑️ 689 мусор
2026-05-21 19:45:03,932 | INFO     |   → 321/359: ✅ 49 взято | 🗑️ 841 мусор
2026-05-21 19:45:03,932 | INFO     |   → 322/359: ✅ 21 взято | 🗑️ 789 мусор
2026-05-21 19:45:03,932 | INFO     |   → 323/359: ✅ 24 взято | 🗑️ 774 мусор
2026-05-21 19:45:03,932 | INFO     |   → 324/359: ✅ 52 взято | 🗑️ 756 мусор
2026-05-21 19:45:03,932 | INFO     |   → 325/359: ✅ 191 взято | 🗑️ 745 мусор
2026-05-21 19:45:03,932 | INFO     |   → 326/359: ✅ 9 взято | 🗑️ 651 мусор
2026-05-21 19:45:03,932 | INFO     |   → 327/359: ✅ 185 взято | 🗑️ 388 мусор
2026-05-21 19:45:03,932 | INFO     |   → 328/359: ✅ 130 взято | 🗑️ 523 мусор
2026-05-21 19:45:03,932 | INFO     |   → 329/359: ✅ 67 взято | 🗑️ 533 мусор
2026-05-21 19:45:03,932 | INFO     |   → 330/359: ✅ 98 взято | 🗑️ 444 мусор
2026-05-21 19:45:03,932 | INFO     |   → 331/359: ✅ 102 взято | 🗑️ 670 мусор
2026-05-21 19:45:03,932 | INFO     |   → 332/359: ✅ 86 взято | 🗑️ 476 мусор
2026-05-21 19:45:03,932 | INFO     |   → 333/359: ✅ 95 взято | 🗑️ 657 мусор
2026-05-21 19:45:03,932 | INFO     |   → 334/359: ✅ 105 взято | 🗑️ 645 мусор
2026-05-21 19:45:03,932 | INFO     |   → 335/359: ✅ 115 взято | 🗑️ 985 мусор
2026-05-21 19:45:03,932 | INFO     |   → 336/359: ✅ 19 взято | 🗑️ 489 мусор
2026-05-21 19:45:03,932 | INFO     |   → 337/359: ✅ 5 взято | 🗑️ 10 мусор
2026-05-21 19:45:03,932 | INFO     |   → 338/359: ✅ 1 взято | 🗑️ 124 мусор
2026-05-21 19:45:03,932 | INFO     |   → 339/359: ✅ 88 взято | 🗑️ 101 мусор
2026-05-21 19:45:03,932 | INFO     |   → 340/359: ✅ 66 взято | 🗑️ 1311 мусор
2026-05-21 19:45:03,932 | INFO     |   → 341/359: ✅ 0 взято | 🗑️ 1276 мусор
2026-05-21 19:45:03,933 | INFO     |   → 342/359: ✅ 0 взято | 🗑️ 11 мусор
2026-05-21 19:45:03,933 | INFO     |   → 343/359 ❌ HTTP 404 — https://raw.githubusercontent.com/xiaozhu2007/xiaozhu2007/61a755a044dbaeea678bc2d1e20f21a21c6d7170/docs/fxxk.txt
2026-05-21 19:45:03,933 | INFO     |   → 344/359 ❌ HTTP 404 — https://raw.githubusercontent.com/yebekhe/TVC/0f745f92bf381e505f1245abbc7c145b19b11503/config.txt
2026-05-21 19:45:03,933 | INFO     |   → 345/359 ❌ HTTP 404 — https://raw.githubusercontent.com/yebekhe/TVC/9fac69239c69327fb7a61f5a8d79d107133889e1/lite/config.txt
2026-05-21 19:45:03,933 | INFO     |   → 346/359 ❌ HTTP 404 — https://raw.githubusercontent.com/yebekhe/TelegramV2rayCollector/main/sub/normal/mix
2026-05-21 19:45:03,933 | INFO     |   → 347/359 ❌ HTTP 404 — https://raw.githubusercontent.com/yebekhe/TelegramV2rayCollector/main/sub/normal/vless
2026-05-21 19:45:03,933 | INFO     |   → 348/359 ❌ HTTP 404 — https://raw.githubusercontent.com/yebekhe/V2Hub/main/Split/Normal/shadowsocks
2026-05-21 19:45:03,933 | INFO     |   → 349/359 ❌ HTTP 404 — https://raw.githubusercontent.com/yebekhe/V2Hub/main/merged
2026-05-21 19:45:03,933 | INFO     |   → 350/359: ✅ 355 взято | 🗑️ 7104 мусор
2026-05-21 19:45:03,933 | INFO     |   → 351/359: ✅ 0 взято | 🗑️ 7104 мусор
2026-05-21 19:45:03,933 | INFO     |   → 352/359: ✅ 6 взято | 🗑️ 341 мусор
2026-05-21 19:45:03,933 | INFO     |   → 353/359: ✅ 7 взято | 🗑️ 280 мусор
2026-05-21 19:45:03,933 | INFO     |   → 354/359: ✅ 0 взято | 🗑️ 1441 мусор
2026-05-21 19:45:03,933 | INFO     |   → 355/359 ❌ HTTP 404 — https://raw.githubusercontent.com/yyyr-otz/tele-providers-collector/019cb3e07ee52fddbc7caa54fc670c6b9bae6539/sub/proxies.txt
2026-05-21 19:45:03,933 | INFO     |   → 356/359 ❌ HTTP 404 — https://raw.githubusercontent.com/yyyr-otz/tele-providers-collector/b7a74ee98bcf02c5a507d688a1bed3aa9f7f4ed1/script/raw/protocols/mixed.txt
2026-05-21 19:45:03,933 | INFO     |   → 357/359: ✅ 459 взято | 🗑️ 32 мусор
2026-05-21 19:45:03,933 | INFO     |   → 358/359: ✅ 4 взято | 🗑️ 17 мусор
2026-05-21 19:45:03,933 | INFO     |   → 359/359: ✅ 0 взято | 🗑️ 0 мусор
2026-05-21 19:45:03,933 | INFO     |   → ✅ ГОТОВО!
2026-05-21 19:45:03,933 | INFO     |   →    📥 Всего ключей после фильтра: 63476
2026-05-21 19:45:03,933 | INFO     |   →    🔗 Уникальных IP:PORT:SCHEME: 25160
2026-05-21 19:45:03,933 | INFO     |   →    🗑️ Выброшено мусора: 698579
2026-05-21 19:45:03,933 | INFO     |   → 📊 По протоколам:
2026-05-21 19:45:03,934 | INFO     |   →    vless: 10879
2026-05-21 19:45:03,934 | INFO     |   →    vmess: 2656
2026-05-21 19:45:03,934 | INFO     |   →    trojan: 6532
2026-05-21 19:45:03,934 | INFO     |   →    ss: 4868
2026-05-21 19:45:03,934 | INFO     |   →    hysteria: 17
2026-05-21 19:45:03,934 | INFO     |   →    hysteria2: 78
2026-05-21 19:45:03,934 | INFO     |   →    hy2: 77
2026-05-21 19:45:03,934 | INFO     |   →    tuic: 53
2026-05-21 19:45:03,934 | INFO     | ✅ mirror.py завершён успешно
2026-05-21 19:45:03,934 | INFO     | 
2026-05-21 19:45:03,934 | INFO     | 
2026-05-21 19:45:03,934 | INFO     | ──────────────────────────────────────────────────────────────────────
2026-05-21 19:45:03,934 | INFO     | 📌 ЭТАП: Генерация 50 уникальных CF-VLESS
2026-05-21 19:45:03,934 | INFO     | ──────────────────────────────────────────────────────────────────────
2026-05-21 19:45:03,934 | INFO     | 🚀 Запуск generate_cf_vless.py (50 новых CF-VLESS)...
2026-05-21 19:45:04,985 | INFO     |   → ======================================================================
2026-05-21 19:45:04,985 | INFO     |   → 🗺️  Генератор свежих VLESS-конфигов на IP Cloudflare
2026-05-21 19:45:04,986 | INFO     |   → ======================================================================
2026-05-21 19:45:04,986 | INFO     |   →   → Загружаем актуальные IP-диапазоны Cloudflare: https://www.cloudflare.com/ips-v4
2026-05-21 19:45:04,986 | INFO     |   →   → Найдено 15 IPv4 CIDR-блоков. Преобразуем их в IP-адреса...
2026-05-21 19:45:04,986 | INFO     |   → ✅ Успешно загружено и подготовлено 7500 IP-адресов для ротации.
2026-05-21 19:45:04,986 | INFO     |   → ✨ Сгенерировано и сохранено 50 VLESS-конфигов.
2026-05-21 19:45:04,986 | INFO     |   → 📂 Файл: /home/runner/work/vpn-vless-configs-russia/vpn-vless-configs-russia/githubmirror/new/cf_fresh.txt
2026-05-21 19:45:04,986 | INFO     |   → ======================================================================
2026-05-21 19:45:04,986 | INFO     | ✅ generate_cf_vless.py завершён успешно
2026-05-21 19:45:04,986 | INFO     | 
2026-05-21 19:45:04,986 | INFO     | 
2026-05-21 19:45:04,986 | INFO     | ──────────────────────────────────────────────────────────────────────
2026-05-21 19:45:04,986 | INFO     | 📌 ЭТАП: Слияние CF с основным списком
2026-05-21 19:45:04,986 | INFO     | ──────────────────────────────────────────────────────────────────────
2026-05-21 19:45:05,123 | INFO     | 🔄 Добавлено 50 новых CF-VLESS в /home/runner/work/vpn-vless-configs-russia/vpn-vless-configs-russia/githubmirror/clean/vless.txt
2026-05-21 19:45:05,124 | INFO     | 📊 Всего в clean/vless.txt теперь: 10929
2026-05-21 19:45:05,126 | INFO     | 
2026-05-21 19:45:05,126 | INFO     | 
2026-05-21 19:45:05,126 | INFO     | ──────────────────────────────────────────────────────────────────────
2026-05-21 19:45:05,126 | INFO     | 📌 ЭТАП: Фильтрация по реальному SNI
2026-05-21 19:45:05,126 | INFO     | ──────────────────────────────────────────────────────────────────────
2026-05-21 19:45:05,126 | INFO     | 🚀 Запуск filter_ru_sni.py (Фильтр по реальному SNI (CDN+RU))...
2026-05-21 19:45:05,797 | INFO     |   → hy2.txt: 77 → 21 (SNI-filtered)
2026-05-21 19:45:05,797 | INFO     |   →   hysteria.txt: 17 → 0 (SNI-filtered)
2026-05-21 19:45:05,797 | INFO     |   →   hysteria2.txt: 78 → 14 (SNI-filtered)
2026-05-21 19:45:05,797 | INFO     |   →   ss.txt: 4868 → 246 (SNI-filtered)
2026-05-21 19:45:05,797 | INFO     |   →   trojan.txt: 6532 → 17 (SNI-filtered)
2026-05-21 19:45:05,797 | INFO     |   →   tuic.txt: 53 → 0 (SNI-filtered)
2026-05-21 19:45:05,797 | INFO     |   →   vless.txt: 10929 → 1628 (SNI-filtered)
2026-05-21 19:45:05,797 | INFO     |   →   vmess.txt: 2656 → 29 (SNI-filtered)
2026-05-21 19:45:05,797 | INFO     |   → ==================================================
2026-05-21 19:45:05,797 | INFO     |   →   Всего входных:  25210
2026-05-21 19:45:05,797 | INFO     |   →   Прошли фильтр:  1955
2026-05-21 19:45:05,797 | INFO     |   →   Отброшено:      23255
2026-05-21 19:45:05,797 | INFO     |   → ==================================================
2026-05-21 19:45:05,798 | INFO     |   → Готово → /home/runner/work/vpn-vless-configs-russia/vpn-vless-configs-russia/githubmirror/ru-sni
2026-05-21 19:45:05,798 | INFO     | ✅ filter_ru_sni.py завершён успешно
2026-05-21 19:45:05,798 | INFO     | 
2026-05-21 19:45:05,798 | INFO     | 
2026-05-21 19:45:05,798 | INFO     | ──────────────────────────────────────────────────────────────────────
2026-05-21 19:45:05,798 | INFO     | 📌 ЭТАП: Экспериментальный RU-SNI фильтр
2026-05-21 19:45:05,798 | INFO     | ──────────────────────────────────────────────────────────────────────
2026-05-21 19:45:05,798 | INFO     | 🚀 Запуск filter_ru_sni_local.py (Экспериментальный фильтр по RU-SNI (локальные домены))...
2026-05-21 19:45:06,234 | INFO     |   → hy2.txt: 77 → 0 (RU-SNI)
2026-05-21 19:45:06,234 | INFO     |   → hysteria.txt: 17 → 0 (RU-SNI)
2026-05-21 19:45:06,235 | INFO     |   → hysteria2.txt: 78 → 0 (RU-SNI)
2026-05-21 19:45:06,235 | INFO     |   → ss.txt: 4868 → 64 (RU-SNI)
2026-05-21 19:45:06,235 | INFO     |   → trojan.txt: 6532 → 3 (RU-SNI)
2026-05-21 19:45:06,235 | INFO     |   → tuic.txt: 53 → 0 (RU-SNI)
2026-05-21 19:45:06,235 | INFO     |   → vless.txt: 10929 → 771 (RU-SNI)
2026-05-21 19:45:06,235 | INFO     |   → vmess.txt: 2656 → 2 (RU-SNI)
2026-05-21 19:45:06,235 | INFO     |   → ==================================================
2026-05-21 19:45:06,235 | INFO     |   → Всего входных:  25210
2026-05-21 19:45:06,235 | INFO     |   → Прошли RU-SNI:  840
2026-05-21 19:45:06,235 | INFO     |   → Отброшено:      24370
2026-05-21 19:45:06,235 | INFO     |   → ==================================================
2026-05-21 19:45:06,235 | INFO     |   → Готово → /home/runner/work/vpn-vless-configs-russia/vpn-vless-configs-russia/githubmirror/ru-sni-local
2026-05-21 19:45:06,235 | INFO     | ✅ filter_ru_sni_local.py завершён успешно
2026-05-21 19:45:06,235 | INFO     | 
2026-05-21 19:45:06,235 | INFO     | 
2026-05-21 19:45:06,235 | INFO     | ──────────────────────────────────────────────────────────────────────
2026-05-21 19:45:06,235 | INFO     | 📌 ЭТАП: Сбор статистики
2026-05-21 19:45:06,235 | INFO     | ──────────────────────────────────────────────────────────────────────
2026-05-21 19:45:06,236 | INFO     | 📊 Сбор статистики...
2026-05-21 19:45:06,236 | INFO     |   📁 githubmirror/clean:
2026-05-21 19:45:06,236 | INFO     |     • hy2         :    77 конфигов
2026-05-21 19:45:06,236 | INFO     |     • hysteria    :    17 конфигов
2026-05-21 19:45:06,237 | INFO     |     • hysteria2   :    78 конфигов
2026-05-21 19:45:06,241 | INFO     |     • ss          :  4868 конфигов
2026-05-21 19:45:06,244 | INFO     |     • trojan      :  6532 конфигов
2026-05-21 19:45:06,245 | INFO     |     • tuic        :    53 конфигов
2026-05-21 19:45:06,254 | INFO     |     • vless       : 10929 конфигов
2026-05-21 19:45:06,257 | INFO     |     • vmess       :  2656 конфигов
2026-05-21 19:45:06,257 | INFO     |   📁 githubmirror/ru-sni:
2026-05-21 19:45:06,257 | INFO     |     • hy2         :    21 конфигов ( 27.3% от clean)
2026-05-21 19:45:06,257 | INFO     |     • hysteria    :     0 конфигов (  0.0% от clean)
2026-05-21 19:45:06,257 | INFO     |     • hysteria2   :    14 конфигов ( 17.9% от clean)
2026-05-21 19:45:06,258 | INFO     |     • ss          :   246 конфигов (  5.1% от clean)
2026-05-21 19:45:06,258 | INFO     |     • trojan      :    17 конфигов (  0.3% от clean)
2026-05-21 19:45:06,258 | INFO     |     • tuic        :     0 конфигов (  0.0% от clean)
2026-05-21 19:45:06,260 | INFO     |     • vless       :  1628 конфигов ( 14.9% от clean)
2026-05-21 19:45:06,260 | INFO     |     • vmess       :    29 конфигов (  1.1% от clean)
2026-05-21 19:45:06,261 | INFO     |   ✨ Новых CF-VLESS в этом запуске: 50
2026-05-21 19:45:06,261 | INFO     | 
2026-05-21 19:45:06,261 | INFO     |   ──────────────────────────────────────────────────
2026-05-21 19:45:06,261 | INFO     |   📈 ИТОГО:
2026-05-21 19:45:06,261 | INFO     |     Clean (после geo-фильтра):    25210
2026-05-21 19:45:06,261 | INFO     |     RU-SNI (после SNI-фильтра):    1955
2026-05-21 19:45:06,261 | INFO     |     Прошло фильтр:                  7.8%
2026-05-21 19:45:06,261 | INFO     |   ──────────────────────────────────────────────────
2026-05-21 19:45:06,261 | INFO     | ✅ Статистика сохранена: /home/runner/work/vpn-vless-configs-russia/vpn-vless-configs-russia/stats.json
2026-05-21 19:45:06,261 | INFO     | 
2026-05-21 19:45:06,261 | INFO     | ======================================================================
2026-05-21 19:45:06,261 | INFO     | 📊 ИТОГОВЫЙ ОТЧЁТ
2026-05-21 19:45:06,262 | INFO     | ======================================================================
2026-05-21 19:45:06,262 | INFO     |   ✅ OK         | Загрузка и geo-фильтрация
2026-05-21 19:45:06,262 | INFO     |   ✅ OK         | Генерация 50 уникальных CF-VLESS
2026-05-21 19:45:06,262 | INFO     |   ✅ OK         | Слияние CF с основным списком
2026-05-21 19:45:06,262 | INFO     |   ✅ OK         | Фильтрация по реальному SNI
2026-05-21 19:45:06,262 | INFO     |   ✅ OK         | Экспериментальный RU-SNI фильтр
2026-05-21 19:45:06,262 | INFO     |   ✅ OK         | Сбор статистики
2026-05-21 19:45:06,262 | INFO     | ──────────────────────────────────────────────────────────────────────
2026-05-21 19:45:06,262 | INFO     | ✅ ВСЕ ЭТАПЫ УСПЕШНЫ (6/6)
2026-05-21 19:45:06,262 | INFO     | ⏰ Время завершения: 2026-05-21 19:45:06
2026-05-21 19:45:06,262 | INFO     | ======================================================================
