2026-05-06 03:42:55,139 | INFO     | ======================================================================
2026-05-06 03:42:55,139 | INFO     | 🔍 VPN KEY CHECKER - Начало проверки
2026-05-06 03:42:55,140 | INFO     | ⏰ Время старта: 2026-05-06 03:42:55
2026-05-06 03:42:55,140 | INFO     | 📂 Рабочая директория: /home/runner/work/vpn-vless-configs-russia/vpn-vless-configs-russia
2026-05-06 03:42:55,140 | INFO     | ======================================================================
2026-05-06 03:42:55,140 | INFO     | 
2026-05-06 03:42:55,140 | INFO     | 🔍 Проверка наличия скриптов...
2026-05-06 03:42:55,140 | INFO     |   ✅ mirror.py
2026-05-06 03:42:55,140 | INFO     |   ✅ filter_ru_sni.py
2026-05-06 03:42:55,140 | INFO     |   ✅ filter_ru_sni_local.py
2026-05-06 03:42:55,140 | INFO     | 
2026-05-06 03:42:55,140 | INFO     | 
2026-05-06 03:42:55,140 | INFO     | ──────────────────────────────────────────────────────────────────────
2026-05-06 03:42:55,140 | INFO     | 📌 ЭТАП: Загрузка и geo-фильтрация
2026-05-06 03:42:55,140 | INFO     | ──────────────────────────────────────────────────────────────────────
2026-05-06 03:42:55,140 | INFO     | 🚀 Запуск mirror.py (Загрузка и фильтрация по РФ/СНГ/Европа)...
2026-05-06 03:44:06,462 | INFO     |   → 🚀 Старт: всего источников (старые + новые): 357
2026-05-06 03:44:06,462 | INFO     |   → 1/357: ✅ 0 взято | 🗑️ 0 мусор
2026-05-06 03:44:06,462 | INFO     |   → 2/357: ✅ 0 взято | 🗑️ 0 мусор
2026-05-06 03:44:06,463 | INFO     |   → 3/357: ✅ 2 взято | 🗑️ 129 мусор
2026-05-06 03:44:06,463 | INFO     |   → 4/357: ✅ 0 взято | 🗑️ 0 мусор
2026-05-06 03:44:06,463 | INFO     |   → 5/357: ✅ 5 взято | 🗑️ 15 мусор
2026-05-06 03:44:06,463 | INFO     |   → 6/357: ✅ 0 взято | 🗑️ 15 мусор
2026-05-06 03:44:06,463 | INFO     |   → 7/357: ✅ 572 взято | 🗑️ 3914 мусор
2026-05-06 03:44:06,463 | INFO     |   → 8/357: ✅ 7 взято | 🗑️ 333 мусор
2026-05-06 03:44:06,463 | INFO     |   → 9/357: ✅ 328 взято | 🗑️ 3105 мусор
2026-05-06 03:44:06,463 | INFO     |   → 10/357: ✅ 460 взято | 🗑️ 1170 мусор
2026-05-06 03:44:06,463 | INFO     |   → 11/357: ✅ 32 взято | 🗑️ 5 мусор
2026-05-06 03:44:06,463 | INFO     |   → 12/357: ✅ 100 взято | 🗑️ 381 мусор
2026-05-06 03:44:06,463 | INFO     |   → 13/357: ✅ 53 взято | 🗑️ 444 мусор
2026-05-06 03:44:06,463 | INFO     |   → 14/357: ✅ 79 взято | 🗑️ 121 мусор
2026-05-06 03:44:06,463 | INFO     |   → 15/357: ✅ 27 взято | 🗑️ 173 мусор
2026-05-06 03:44:06,463 | INFO     |   → 16/357: ✅ 114 взято | 🗑️ 86 мусор
2026-05-06 03:44:06,463 | INFO     |   → 17/357: ✅ 93 взято | 🗑️ 107 мусор
2026-05-06 03:44:06,463 | INFO     |   → 18/357: ✅ 105 взято | 🗑️ 95 мусор
2026-05-06 03:44:06,463 | INFO     |   → 19/357: ✅ 97 взято | 🗑️ 103 мусор
2026-05-06 03:44:06,463 | INFO     |   → 20/357: ✅ 19 взято | 🗑️ 319 мусор
2026-05-06 03:44:06,463 | INFO     |   → 21/357: ✅ 19 взято | 🗑️ 81 мусор
2026-05-06 03:44:06,463 | INFO     |   → 22/357: ✅ 11 взято | 🗑️ 87 мусор
2026-05-06 03:44:06,464 | INFO     |   → 23/357: ✅ 27 взято | 🗑️ 73 мусор
2026-05-06 03:44:06,464 | INFO     |   → 24/357: ✅ 13 взято | 🗑️ 75 мусор
2026-05-06 03:44:06,464 | INFO     |   → 25/357: ✅ 10 взято | 🗑️ 83 мусор
2026-05-06 03:44:06,464 | INFO     |   → 26/357: ✅ 12 взято | 🗑️ 86 мусор
2026-05-06 03:44:06,464 | INFO     |   → 27/357: ✅ 11 взято | 🗑️ 87 мусор
2026-05-06 03:44:06,464 | INFO     |   → 28/357: ✅ 11 взято | 🗑️ 80 мусор
2026-05-06 03:44:06,464 | INFO     |   → 29/357: ✅ 9 взято | 🗑️ 82 мусор
2026-05-06 03:44:06,464 | INFO     |   → 30/357: ✅ 69 взято | 🗑️ 3 мусор
2026-05-06 03:44:06,464 | INFO     |   → 31/357: ✅ 3 взято | 🗑️ 75 мусор
2026-05-06 03:44:06,464 | INFO     |   → 32/357: ✅ 4 взято | 🗑️ 69 мусор
2026-05-06 03:44:06,464 | INFO     |   → 33/357: ✅ 4 взято | 🗑️ 80 мусор
2026-05-06 03:44:06,464 | INFO     |   → 34/357: ✅ 6 взято | 🗑️ 81 мусор
2026-05-06 03:44:06,464 | INFO     |   → 35/357: ✅ 5 взято | 🗑️ 79 мусор
2026-05-06 03:44:06,464 | INFO     |   → 36/357: ✅ 11 взято | 🗑️ 78 мусор
2026-05-06 03:44:06,464 | INFO     |   → 37/357: ✅ 3 взято | 🗑️ 83 мусор
2026-05-06 03:44:06,464 | INFO     |   → 38/357: ✅ 14 взято | 🗑️ 76 мусор
2026-05-06 03:44:06,464 | INFO     |   → 39/357: ✅ 12 взято | 🗑️ 78 мусор
2026-05-06 03:44:06,464 | INFO     |   → 40/357: ✅ 26 взято | 🗑️ 218 мусор
2026-05-06 03:44:06,464 | INFO     |   → 41/357: ✅ 44 взято | 🗑️ 141 мусор
2026-05-06 03:44:06,464 | INFO     |   → 42/357: ✅ 10 взято | 🗑️ 71 мусор
2026-05-06 03:44:06,464 | INFO     |   → 43/357: ✅ 2 взято | 🗑️ 88 мусор
2026-05-06 03:44:06,464 | INFO     |   → 44/357: ✅ 0 взято | 🗑️ 3 мусор
2026-05-06 03:44:06,464 | INFO     |   → 45/357: ✅ 14 взято | 🗑️ 4 мусор
2026-05-06 03:44:06,465 | INFO     |   → 46/357: ✅ 658 взято | 🗑️ 2580 мусор
2026-05-06 03:44:06,465 | INFO     |   → 47/357 ❌ HTTP 404 — https://raw.githubusercontent.com/AmirHDevo/temp2/7f15e7ddb311a6f8c5ab338bd1af0e1f2136a84b/configs.txt
2026-05-06 03:44:06,465 | INFO     |   → 48/357: ✅ 116 взято | 🗑️ 2130 мусор
2026-05-06 03:44:06,465 | INFO     |   → 49/357: ✅ 3 взято | 🗑️ 48 мусор
2026-05-06 03:44:06,465 | INFO     |   → 50/357: ✅ 965 взято | 🗑️ 20448 мусор
2026-05-06 03:44:06,465 | INFO     |   → 51/357: ✅ 5 взято | 🗑️ 47 мусор
2026-05-06 03:44:06,465 | INFO     |   → 52/357: ✅ 48 взято | 🗑️ 500 мусор
2026-05-06 03:44:06,465 | INFO     |   → 53/357: ✅ 339 взято | 🗑️ 1542 мусор
2026-05-06 03:44:06,465 | INFO     |   → 54/357: ✅ 1 взято | 🗑️ 235 мусор
2026-05-06 03:44:06,465 | INFO     |   → 55/357: ✅ 49 взято | 🗑️ 86 мусор
2026-05-06 03:44:06,465 | INFO     |   → 56/357: ✅ 0 взято | 🗑️ 16 мусор
2026-05-06 03:44:06,465 | INFO     |   → 57/357: ✅ 0 взято | 🗑️ 15 мусор
2026-05-06 03:44:06,465 | INFO     |   → 58/357: ✅ 4 взято | 🗑️ 163 мусор
2026-05-06 03:44:06,465 | INFO     |   → 59/357: ✅ 0 взято | 🗑️ 15 мусор
2026-05-06 03:44:06,465 | INFO     |   → 60/357: ✅ 0 взято | 🗑️ 15 мусор
2026-05-06 03:44:06,465 | INFO     |   → 61/357: ✅ 26 взято | 🗑️ 331 мусор
2026-05-06 03:44:06,465 | INFO     |   → 62/357: ✅ 66 взято | 🗑️ 19 мусор
2026-05-06 03:44:06,465 | INFO     |   → 63/357: ✅ 80 взято | 🗑️ 1110 мусор
2026-05-06 03:44:06,465 | INFO     |   → 64/357: ✅ 6 взято | 🗑️ 151 мусор
2026-05-06 03:44:06,465 | INFO     |   → 65/357 ❌ HTTP 404 — https://raw.githubusercontent.com/Egkaz/Proxy-list-20k-server/main/stable.txt
2026-05-06 03:44:06,466 | INFO     |   → 66/357: ✅ 5 взято | 🗑️ 13 мусор
2026-05-06 03:44:06,466 | INFO     |   → 67/357 ❌ HTTP 404 — https://raw.githubusercontent.com/Epodonios/v2ray-configs/raw/main/Splitted-By-Protocol/trojan.txt
2026-05-06 03:44:06,466 | INFO     |   → 68/357 ❌ HTTP 404 — https://raw.githubusercontent.com/Epodonios/v2ray-configs/raw/main/Splitted-By-Protocol/vmess.txt
2026-05-06 03:44:06,466 | INFO     |   → 69/357: ✅ 609 взято | 🗑️ 1059 мусор
2026-05-06 03:44:06,466 | INFO     |   → 70/357: ✅ 0 взято | 🗑️ 123 мусор
2026-05-06 03:44:06,466 | INFO     |   → 71/357: ✅ 0 взято | 🗑️ 845 мусор
2026-05-06 03:44:06,466 | INFO     |   → 72/357: ✅ 988 взято | 🗑️ 368 мусор
2026-05-06 03:44:06,466 | INFO     |   → 73/357: ✅ 109 взято | 🗑️ 7 мусор
2026-05-06 03:44:06,466 | INFO     |   → 74/357: ✅ 8 взято | 🗑️ 335 мусор
2026-05-06 03:44:06,466 | INFO     |   → 75/357 ❌ HTTP 404 — https://raw.githubusercontent.com/Fido6/FreeNodes/57221e59caddde55ffdda21d491ae952cd608049/nodes/halekj.txt
2026-05-06 03:44:06,466 | INFO     |   → 76/357 ❌ HTTP 404 — https://raw.githubusercontent.com/Fido6/FreeNodes/57221e59caddde55ffdda21d491ae952cd608049/nodes/kkzui.txt
2026-05-06 03:44:06,466 | INFO     |   → 77/357 ❌ HTTP 404 — https://raw.githubusercontent.com/Fido6/FreeNodes/57221e59caddde55ffdda21d491ae952cd608049/nodes/wenode.txt
2026-05-06 03:44:06,466 | INFO     |   → 78/357: ✅ 44 взято | 🗑️ 414 мусор
2026-05-06 03:44:06,466 | INFO     |   → 79/357: ✅ 8 взято | 🗑️ 43 мусор
2026-05-06 03:44:06,466 | INFO     |   → 80/357: ✅ 202 взято | 🗑️ 1443 мусор
2026-05-06 03:44:06,466 | INFO     |   → 81/357: ✅ 176 взято | 🗑️ 497 мусор
2026-05-06 03:44:06,466 | INFO     |   → 82/357: ✅ 264 взято | 🗑️ 3966 мусор
2026-05-06 03:44:06,466 | INFO     |   → 83/357: ✅ 47 взято | 🗑️ 715 мусор
2026-05-06 03:44:06,466 | INFO     |   → 84/357: ✅ 14 взято | 🗑️ 250 мусор
2026-05-06 03:44:06,466 | INFO     |   → 85/357: ✅ 4 взято | 🗑️ 22 мусор
2026-05-06 03:44:06,466 | INFO     |   → 86/357: ✅ 15 взято | 🗑️ 0 мусор
2026-05-06 03:44:06,467 | INFO     |   → 87/357: ✅ 0 взято | 🗑️ 609 мусор
2026-05-06 03:44:06,467 | INFO     |   → 88/357: ✅ 18 взято | 🗑️ 63 мусор
2026-05-06 03:44:06,467 | INFO     |   → 89/357: ✅ 557 взято | 🗑️ 97 мусор
2026-05-06 03:44:06,467 | INFO     |   → 90/357: ✅ 422 взято | 🗑️ 202 мусор
2026-05-06 03:44:06,467 | INFO     |   → 91/357: ✅ 363 взято | 🗑️ 296 мусор
2026-05-06 03:44:06,467 | INFO     |   → 92/357: ✅ 5973 взято | 🗑️ 46237 мусор
2026-05-06 03:44:06,467 | INFO     |   → 93/357: ✅ 0 взято | 🗑️ 35 мусор
2026-05-06 03:44:06,467 | INFO     |   → 94/357: ✅ 0 взято | 🗑️ 9698 мусор
2026-05-06 03:44:06,467 | INFO     |   → 95/357: ✅ 0 взято | 🗑️ 31035 мусор
2026-05-06 03:44:06,467 | INFO     |   → 96/357: ✅ 0 взято | 🗑️ 5 мусор
2026-05-06 03:44:06,467 | INFO     |   → 97/357: ✅ 0 взято | 🗑️ 4 мусор
2026-05-06 03:44:06,467 | INFO     |   → 98/357: ✅ 1 взято | 🗑️ 51 мусор
2026-05-06 03:44:06,467 | INFO     |   → 99/357: ✅ 0 взято | 🗑️ 8 мусор
2026-05-06 03:44:06,467 | INFO     |   → 100/357 ❌ HTTP 404 — https://raw.githubusercontent.com/Kwinshadow/TelegramV2rayCollector/raw/refs/heads/main/sublinks/mix.txt
2026-05-06 03:44:06,467 | INFO     |   → 101/357 ❌ HTTP 404 — https://raw.githubusercontent.com/LalatinaHub/Mineral/raw/refs/heads/master/result/nodes
2026-05-06 03:44:06,467 | INFO     |   → 102/357: ✅ 4 взято | 🗑️ 1 мусор
2026-05-06 03:44:06,467 | INFO     |   → 103/357: ✅ 0 взято | 🗑️ 147 мусор
2026-05-06 03:44:06,467 | INFO     |   → 104/357 ❌ HTTP 404 — https://raw.githubusercontent.com/M-Mashreghi/free-config-collector/main/Splitted-By-Protocol/ssr.txt
2026-05-06 03:44:06,467 | INFO     |   → 105/357: ✅ 139 взято | 🗑️ 114 мусор
2026-05-06 03:44:06,467 | INFO     |   → 106/357: ✅ 126 взято | 🗑️ 137 мусор
2026-05-06 03:44:06,467 | INFO     |   → 107/357: ✅ 44 взято | 🗑️ 246 мусор
2026-05-06 03:44:06,468 | INFO     |   → 108/357: ✅ 0 взято | 🗑️ 1 мусор
2026-05-06 03:44:06,468 | INFO     |   → 109/357: ✅ 325 взято | 🗑️ 3610 мусор
2026-05-06 03:44:06,468 | INFO     |   → 110/357: ✅ 24 взято | 🗑️ 170 мусор
2026-05-06 03:44:06,468 | INFO     |   → 111/357: ✅ 14 взято | 🗑️ 418 мусор
2026-05-06 03:44:06,468 | INFO     |   → 112/357: ✅ 8 взято | 🗑️ 299 мусор
2026-05-06 03:44:06,468 | INFO     |   → 113/357: ✅ 5 взято | 🗑️ 82 мусор
2026-05-06 03:44:06,468 | INFO     |   → 114/357 ❌ HTTP 404 — https://raw.githubusercontent.com/MhdiTaheri/V2rayCollector/raw/refs/heads/main/sub/mix
2026-05-06 03:44:06,468 | INFO     |   → 115/357: ✅ 53 взято | 🗑️ 267 мусор
2026-05-06 03:44:06,468 | INFO     |   → 116/357 ❌ HTTP 404 — https://raw.githubusercontent.com/MhdiTaheri/V2rayCollector_Py/raw/refs/heads/main/sub/Mix/mix.txt
2026-05-06 03:44:06,468 | INFO     |   → 117/357: ✅ 92 взято | 🗑️ 282 мусор
2026-05-06 03:44:06,468 | INFO     |   → 118/357: ✅ 2 взято | 🗑️ 8 мусор
2026-05-06 03:44:06,468 | INFO     |   → 119/357 ❌ HTTP 404 — https://raw.githubusercontent.com/MrMohebi/xray-proxy-grabber-telegram/master/collected-proxies/row-url/actives.txt
2026-05-06 03:44:06,468 | INFO     |   → 120/357 ❌ HTTP 404 — https://raw.githubusercontent.com/MrMohebi/xray-proxy-grabber-telegram/master/collected-proxies/row-url/all.txt
2026-05-06 03:44:06,468 | INFO     |   → 121/357: ✅ 66 взято | 🗑️ 123 мусор
2026-05-06 03:44:06,468 | INFO     |   → 122/357: ✅ 175 взято | 🗑️ 582 мусор
2026-05-06 03:44:06,468 | INFO     |   → 123/357 ❌ HTTP 404 — https://raw.githubusercontent.com/OpenCNLink/freevpn/3cfcff048bfdd1493ccffa52ecf30ce7f9fc6b28/src/list/vmess.txt
2026-05-06 03:44:06,468 | INFO     |   → 124/357: ✅ 0 взято | 🗑️ 9 мусор
2026-05-06 03:44:06,468 | INFO     |   → 125/357: ✅ 2 взято | 🗑️ 53 мусор
2026-05-06 03:44:06,468 | INFO     |   → 126/357 ❌ HTTP 404 — https://raw.githubusercontent.com/RKPchannel/RKP_bypass_configs/main/configs
2026-05-06 03:44:06,469 | INFO     |   → 127/357: ✅ 0 взято | 🗑️ 35 мусор
2026-05-06 03:44:06,469 | INFO     |   → 128/357: ✅ 0 взято | 🗑️ 0 мусор
2026-05-06 03:44:06,469 | INFO     |   → 129/357: ✅ 0 взято | 🗑️ 50 мусор
2026-05-06 03:44:06,469 | INFO     |   → 130/357 ❌ HTTP 404 — https://raw.githubusercontent.com/STR97/STRUGOV/main/BYPASS
2026-05-06 03:44:06,469 | INFO     |   → 131/357 ❌ HTTP 404 — https://raw.githubusercontent.com/STR97/STRUGOV/main/CUSTOM
2026-05-06 03:44:06,469 | INFO     |   → 132/357 ❌ HTTP 404 — https://raw.githubusercontent.com/STR97/STRUGOV/main/STR
2026-05-06 03:44:06,469 | INFO     |   → 133/357 ❌ HTTP 404 — https://raw.githubusercontent.com/STR97/STRUGOV/main/STR.BYPASS
2026-05-06 03:44:06,469 | INFO     |   → 134/357 ❌ HTTP 404 — https://raw.githubusercontent.com/STR97/STRUGOV/main/Vless
2026-05-06 03:44:06,469 | INFO     |   → 135/357 ❌ HTTP 404 — https://raw.githubusercontent.com/STR97/STRUGOV/refs/heads/main/STR.BYPASS
2026-05-06 03:44:06,469 | INFO     |   → 136/357: ✅ 4 взято | 🗑️ 34 мусор
2026-05-06 03:44:06,469 | INFO     |   → 137/357: ✅ 0 взято | 🗑️ 27 мусор
2026-05-06 03:44:06,469 | INFO     |   → 138/357: ✅ 140 взято | 🗑️ 1153 мусор
2026-05-06 03:44:06,469 | INFO     |   → 139/357: ✅ 66 взято | 🗑️ 2504 мусор
2026-05-06 03:44:06,469 | INFO     |   → 140/357: ✅ 11 взято | 🗑️ 976 мусор
2026-05-06 03:44:06,469 | INFO     |   → 141/357: ✅ 97 взято | 🗑️ 2985 мусор
2026-05-06 03:44:06,469 | INFO     |   → 142/357: ✅ 193 взято | 🗑️ 515 мусор
2026-05-06 03:44:06,469 | INFO     |   → 143/357: ✅ 68 взято | 🗑️ 4429 мусор
2026-05-06 03:44:06,469 | INFO     |   → 144/357: ✅ 76 взято | 🗑️ 362 мусор
2026-05-06 03:44:06,469 | INFO     |   → 145/357: ✅ 0 взято | 🗑️ 0 мусор
2026-05-06 03:44:06,470 | INFO     |   → 146/357: ✅ 0 взято | 🗑️ 0 мусор
2026-05-06 03:44:06,470 | INFO     |   → 147/357: ✅ 1 взято | 🗑️ 1230 мусор
2026-05-06 03:44:06,470 | INFO     |   → 148/357: ✅ 0 взято | 🗑️ 27 мусор
2026-05-06 03:44:06,470 | INFO     |   → 149/357: ✅ 0 взято | 🗑️ 1103 мусор
2026-05-06 03:44:06,470 | INFO     |   → 150/357: ✅ 0 взято | 🗑️ 49 мусор
2026-05-06 03:44:06,470 | INFO     |   → 151/357 ❌ HTTP 404 — https://raw.githubusercontent.com/Syavar/V2ray-Configs/main/OK_TLS_activision.com.txt
2026-05-06 03:44:06,470 | INFO     |   → 152/357: ✅ 4 взято | 🗑️ 5 мусор
2026-05-06 03:44:06,470 | INFO     |   → 153/357: ✅ 4 взято | 🗑️ 5 мусор
2026-05-06 03:44:06,470 | INFO     |   → 154/357: ✅ 4 взято | 🗑️ 5 мусор
2026-05-06 03:44:06,470 | INFO     |   → 155/357: ✅ 4 взято | 🗑️ 5 мусор
2026-05-06 03:44:06,470 | INFO     |   → 156/357 ❌ HTTP 404 — https://raw.githubusercontent.com/Syavar/V2ray-Configs/main/OK_TLS_viber.com.txt
2026-05-06 03:44:06,470 | INFO     |   → 157/357: ✅ 4 взято | 🗑️ 5 мусор
2026-05-06 03:44:06,470 | INFO     |   → 158/357: ✅ 4 взято | 🗑️ 5 мусор
2026-05-06 03:44:06,470 | INFO     |   → 159/357 ❌ HTTP 404 — https://raw.githubusercontent.com/Syavar/V2ray-Configs/main/OK_activision.com.txt
2026-05-06 03:44:06,470 | INFO     |   → 160/357 ❌ HTTP 404 — https://raw.githubusercontent.com/Syavar/V2ray-Configs/main/OK_css.rbxcdn.com.txt
2026-05-06 03:44:06,470 | INFO     |   → 161/357 ❌ HTTP 404 — https://raw.githubusercontent.com/Syavar/V2ray-Configs/main/OK_google.com.txt
2026-05-06 03:44:06,470 | INFO     |   → 162/357 ❌ HTTP 404 — https://raw.githubusercontent.com/Syavar/V2ray-Configs/main/OK_speedtest.tinkoff.ru.txt
2026-05-06 03:44:06,470 | INFO     |   → 163/357 ❌ HTTP 404 — https://raw.githubusercontent.com/Syavar/V2ray-Configs/main/OK_telegram.org.txt
2026-05-06 03:44:06,470 | INFO     |   → 164/357 ❌ HTTP 404 — https://raw.githubusercontent.com/Syavar/V2ray-Configs/main/OK_viber.com.txt
2026-05-06 03:44:06,471 | INFO     |   → 165/357 ❌ HTTP 404 — https://raw.githubusercontent.com/Syavar/V2ray-Configs/main/OK_vk.com.txt
2026-05-06 03:44:06,471 | INFO     |   → 166/357 ❌ HTTP 404 — https://raw.githubusercontent.com/Syavar/V2ray-Configs/main/OK_whatsapp.com.txt
2026-05-06 03:44:06,471 | INFO     |   → 167/357: ✅ 677 взято | 🗑️ 972 мусор
2026-05-06 03:44:06,471 | INFO     |   → 168/357: ✅ 4 взято | 🗑️ 291 мусор
2026-05-06 03:44:06,471 | INFO     |   → 169/357: ✅ 2 взято | 🗑️ 17 мусор
2026-05-06 03:44:06,471 | INFO     |   → 170/357: ✅ 7 взято | 🗑️ 13 мусор
2026-05-06 03:44:06,471 | INFO     |   → 171/357: ✅ 0 взято | 🗑️ 20 мусор
2026-05-06 03:44:06,471 | INFO     |   → 172/357: ✅ 2 взято | 🗑️ 18 мусор
2026-05-06 03:44:06,471 | INFO     |   → 173/357: ✅ 6 взято | 🗑️ 12 мусор
2026-05-06 03:44:06,471 | INFO     |   → 174/357: ✅ 4 взято | 🗑️ 13 мусор
2026-05-06 03:44:06,471 | INFO     |   → 175/357: ✅ 2 взято | 🗑️ 18 мусор
2026-05-06 03:44:06,471 | INFO     |   → 176/357: ✅ 5 взято | 🗑️ 14 мусор
2026-05-06 03:44:06,471 | INFO     |   → 177/357: ✅ 2 взято | 🗑️ 15 мусор
2026-05-06 03:44:06,471 | INFO     |   → 178/357: ✅ 9 взято | 🗑️ 5 мусор
2026-05-06 03:44:06,471 | INFO     |   → 179/357: ✅ 39 взято | 🗑️ 112 мусор
2026-05-06 03:44:06,471 | INFO     |   → 180/357: ✅ 0 взято | 🗑️ 5 мусор
2026-05-06 03:44:06,471 | INFO     |   → 181/357: ✅ 12 взято | 🗑️ 76 мусор
2026-05-06 03:44:06,471 | INFO     |   → 182/357: ✅ 123 взято | 🗑️ 432 мусор
2026-05-06 03:44:06,471 | INFO     |   → 183/357: ✅ 4 взято | 🗑️ 114 мусор
2026-05-06 03:44:06,471 | INFO     |   → 184/357: ✅ 21 взято | 🗑️ 51 мусор
2026-05-06 03:44:06,471 | INFO     |   → 185/357: ✅ 0 взято | 🗑️ 1060 мусор
2026-05-06 03:44:06,472 | INFO     |   → 186/357: ✅ 0 взято | 🗑️ 889 мусор
2026-05-06 03:44:06,472 | INFO     |   → 187/357: ✅ 23 взято | 🗑️ 70 мусор
2026-05-06 03:44:06,472 | INFO     |   → 188/357 ❌ HTTP 404 — https://raw.githubusercontent.com/awesome-vpn/awesome-vpn/master/ss
2026-05-06 03:44:06,472 | INFO     |   → 189/357: ✅ 32 взято | 🗑️ 2710 мусор
2026-05-06 03:44:06,472 | INFO     |   → 190/357: ✅ 0 взято | 🗑️ 258 мусор
2026-05-06 03:44:06,472 | INFO     |   → 191/357: ✅ 0 взято | 🗑️ 2213 мусор
2026-05-06 03:44:06,472 | INFO     |   → 192/357: ✅ 0 взято | 🗑️ 111 мусор
2026-05-06 03:44:06,472 | INFO     |   → 193/357 ❌ HTTP 404 — https://raw.githubusercontent.com/barry-far/V2ray-Configs/ced94ddfff48276ec365b40227561f36b1b64bc8/Sub5.txt
2026-05-06 03:44:06,472 | INFO     |   → 194/357 ❌ HTTP 404 — https://raw.githubusercontent.com/barry-far/V2ray-Configs/main/Splitted-By-Protocol/vless.txt
2026-05-06 03:44:06,472 | INFO     |   → 195/357 ❌ HTTP 404 — https://raw.githubusercontent.com/barry-far/V2ray-Configs/main/Sub1.txt
2026-05-06 03:44:06,472 | INFO     |   → 196/357: ✅ 0 взято | 🗑️ 258 мусор
2026-05-06 03:44:06,472 | INFO     |   → 197/357: ✅ 0 взято | 🗑️ 2213 мусор
2026-05-06 03:44:06,472 | INFO     |   → 198/357: ✅ 0 взято | 🗑️ 111 мусор
2026-05-06 03:44:06,472 | INFO     |   → 199/357 ❌ HTTP 404 — https://raw.githubusercontent.com/bywarm/whitelists-vpns-etc/main/whitelists1-4pda.txt
2026-05-06 03:44:06,472 | INFO     |   → 200/357: ✅ 4 взято | 🗑️ 46 мусор
2026-05-06 03:44:06,472 | INFO     |   → 201/357 ❌ HTTP 404 — https://raw.githubusercontent.com/chxxyz2004/zd/17fca23b73c46b5dd73e9be49b14d219b5e5f836/sub/2401/240110.txt
2026-05-06 03:44:06,472 | INFO     |   → 202/357: ✅ 356 взято | 🗑️ 5284 мусор
2026-05-06 03:44:06,472 | INFO     |   → 203/357: ✅ 236 взято | 🗑️ 517 мусор
2026-05-06 03:44:06,472 | INFO     |   → 204/357: ✅ 6 взято | 🗑️ 78 мусор
2026-05-06 03:44:06,472 | INFO     |   → 205/357: ✅ 6 взято | 🗑️ 4 мусор
2026-05-06 03:44:06,472 | INFO     |   → 206/357: ✅ 62 взято | 🗑️ 3306 мусор
2026-05-06 03:44:06,473 | INFO     |   → 207/357: ✅ 52 взято | 🗑️ 89 мусор
2026-05-06 03:44:06,473 | INFO     |   → 208/357: ✅ 1577 взято | 🗑️ 33625 мусор
2026-05-06 03:44:06,473 | INFO     |   → 209/357: ✅ 0 взято | 🗑️ 17951 мусор
2026-05-06 03:44:06,473 | INFO     |   → 210/357: ✅ 0 взято | 🗑️ 2486 мусор
2026-05-06 03:44:06,473 | INFO     |   → 211/357: ✅ 6 взято | 🗑️ 113 мусор
2026-05-06 03:44:06,473 | INFO     |   → 212/357: ✅ 2 взято | 🗑️ 80 мусор
2026-05-06 03:44:06,473 | INFO     |   → 213/357: ✅ 5 взято | 🗑️ 169 мусор
2026-05-06 03:44:06,473 | INFO     |   → 214/357: ✅ 34 взято | 🗑️ 121 мусор
2026-05-06 03:44:06,473 | INFO     |   → 215/357: ✅ 4 взято | 🗑️ 97 мусор
2026-05-06 03:44:06,473 | INFO     |   → 216/357 ❌ HTTP 404 — https://raw.githubusercontent.com/freev2rayconfig/V2RAY_SUB/3e6a7786a1601ee3723e8d043ae79e70dbdfd9a8/v2rayconfigs.txt
2026-05-06 03:44:06,473 | INFO     |   → 217/357: ✅ 0 взято | 🗑️ 5 мусор
2026-05-06 03:44:06,473 | INFO     |   → 218/357: ✅ 557 взято | 🗑️ 2670 мусор
2026-05-06 03:44:06,473 | INFO     |   → 219/357: ✅ 198 взято | 🗑️ 864 мусор
2026-05-06 03:44:06,473 | INFO     |   → 220/357: ✅ 507 взято | 🗑️ 5500 мусор
2026-05-06 03:44:06,473 | INFO     |   → 221/357: ✅ 106 взято | 🗑️ 2208 мусор
2026-05-06 03:44:06,473 | INFO     |   → 222/357 ❌ HTTP 404 — https://raw.githubusercontent.com/hameed-maleki/TVC/89a4522969c57dcc22458cae9898426e5c4f2679/lite/config.txt
2026-05-06 03:44:06,473 | INFO     |   → 223/357: ✅ 5 взято | 🗑️ 132 мусор
2026-05-06 03:44:06,473 | INFO     |   → 224/357 ❌ HTTP 404 — https://raw.githubusercontent.com/hkpc/Autoproxy/6cf946ddfc677a29062007e4b47d70674474baa7/sub/2401/240110.txt
2026-05-06 03:44:06,473 | INFO     |   → 225/357 ❌ HTTP 404 — https://raw.githubusercontent.com/hkpc/V2ray-Configs/7d9aa0dabf947af180a7dd6302818ed37950531a/Sub1.txt
2026-05-06 03:44:06,474 | INFO     |   → 226/357: ✅ 81 взято | 🗑️ 299 мусор
2026-05-06 03:44:06,474 | INFO     |   → 227/357: ✅ 0 взято | 🗑️ 12 мусор
2026-05-06 03:44:06,474 | INFO     |   → 228/357: ✅ 0 взято | 🗑️ 255 мусор
2026-05-06 03:44:06,474 | INFO     |   → 229/357: ✅ 0 взято | 🗑️ 23 мусор
2026-05-06 03:44:06,474 | INFO     |   → 230/357: ✅ 39 взято | 🗑️ 33 мусор
2026-05-06 03:44:06,474 | INFO     |   → 231/357: ✅ 62 взято | 🗑️ 230 мусор
2026-05-06 03:44:06,474 | INFO     |   → 232/357: ✅ 0 взято | 🗑️ 91 мусор
2026-05-06 03:44:06,474 | INFO     |   → 233/357 ❌ HTTP 404 — https://raw.githubusercontent.com/igareck/vpn-configs-for-russia/refs/heads/main/Vless-Reality-White-Lists-Rus-Cable.txt
2026-05-06 03:44:06,474 | INFO     |   → 234/357: ✅ 106 взято | 🗑️ 24 мусор
2026-05-06 03:44:06,474 | INFO     |   → 235/357: ✅ 2 взято | 🗑️ 348 мусор
2026-05-06 03:44:06,474 | INFO     |   → 236/357 ❌ HTTP 404 — https://raw.githubusercontent.com/kismetpro/NodeSuber/main/Splitted-By-Protocol/vless.txt
2026-05-06 03:44:06,474 | INFO     |   → 237/357 ❌ HTTP 404 — https://raw.githubusercontent.com/kismetpro/NodeSuber/main/out/All_Configs_Sub.txt
2026-05-06 03:44:06,474 | INFO     |   → 238/357: ✅ 11774 взято | 🗑️ 98921 мусор
2026-05-06 03:44:06,474 | INFO     |   → 239/357: ✅ 224 взято | 🗑️ 176 мусор
2026-05-06 03:44:06,474 | INFO     |   → 240/357: ✅ 0 взято | 🗑️ 29 мусор
2026-05-06 03:44:06,474 | INFO     |   → 241/357 ❌ HTTP 404 — https://raw.githubusercontent.com/koteey/Ms.Kerosin-VPN/main/proxies.txt
2026-05-06 03:44:06,474 | INFO     |   → 242/357: ✅ 534 взято | 🗑️ 1494 мусор
2026-05-06 03:44:06,474 | INFO     |   → 243/357: ✅ 1 взято | 🗑️ 121 мусор
2026-05-06 03:44:06,474 | INFO     |   → 244/357: ✅ 0 взято | 🗑️ 0 мусор
2026-05-06 03:44:06,474 | INFO     |   → 245/357: ✅ 0 взято | 🗑️ 421 мусор
2026-05-06 03:44:06,475 | INFO     |   → 246/357: ✅ 59 взято | 🗑️ 1399 мусор
2026-05-06 03:44:06,475 | INFO     |   → 247/357: ✅ 0 взято | 🗑️ 53 мусор
2026-05-06 03:44:06,475 | INFO     |   → 248/357: ✅ 146 взято | 🗑️ 343 мусор
2026-05-06 03:44:06,475 | INFO     |   → 249/357: ✅ 0 взято | 🗑️ 131 мусор
2026-05-06 03:44:06,475 | INFO     |   → 250/357: ✅ 0 взято | 🗑️ 131 мусор
2026-05-06 03:44:06,475 | INFO     |   → 251/357: ✅ 0 взято | 🗑️ 3967 мусор
2026-05-06 03:44:06,475 | INFO     |   → 252/357: ✅ 0 взято | 🗑️ 0 мусор
2026-05-06 03:44:06,475 | INFO     |   → 253/357: ✅ 0 взято | 🗑️ 3967 мусор
2026-05-06 03:44:06,475 | INFO     |   → 254/357: ✅ 20 взято | 🗑️ 370 мусор
2026-05-06 03:44:06,475 | INFO     |   → 255/357: ✅ 0 взято | 🗑️ 370 мусор
2026-05-06 03:44:06,475 | INFO     |   → 256/357: ✅ 699 взято | 🗑️ 6258 мусор
2026-05-06 03:44:06,475 | INFO     |   → 257/357: ✅ 8 взято | 🗑️ 853 мусор
2026-05-06 03:44:06,475 | INFO     |   → 258/357: ✅ 0 взято | 🗑️ 57 мусор
2026-05-06 03:44:06,475 | INFO     |   → 259/357: ✅ 494 взято | 🗑️ 13083 мусор
2026-05-06 03:44:06,475 | INFO     |   → 260/357: ✅ 0 взято | 🗑️ 4373 мусор
2026-05-06 03:44:06,475 | INFO     |   → 261/357 ❌ HTTP 404 — https://raw.githubusercontent.com/miladtahanian/V2RayCFGDumper/refs/heads/main/config.txt
2026-05-06 03:44:06,475 | INFO     |   → 262/357 ❌ HTTP 404 — https://raw.githubusercontent.com/miladtahanian/multi-proxy-config-fetcher/refs/heads/main/configs/proxy_configs.txt
2026-05-06 03:44:06,475 | INFO     |   → 263/357: ✅ 0 взято | 🗑️ 0 мусор
2026-05-06 03:44:06,475 | INFO     |   → 264/357: ✅ 15 взято | 🗑️ 46 мусор
2026-05-06 03:44:06,476 | INFO     |   → 265/357: ✅ 0 взято | 🗑️ 9 мусор
2026-05-06 03:44:06,476 | INFO     |   → 266/357: ✅ 0 взято | 🗑️ 255 мусор
2026-05-06 03:44:06,476 | INFO     |   → 267/357: ✅ 0 взято | 🗑️ 19 мусор
2026-05-06 03:44:06,476 | INFO     |   → 268/357: ✅ 28 взято | 🗑️ 93 мусор
2026-05-06 03:44:06,476 | INFO     |   → 269/357: ✅ 74 взято | 🗑️ 425 мусор
2026-05-06 03:44:06,476 | INFO     |   → 270/357: ✅ 168 взято | 🗑️ 330 мусор
2026-05-06 03:44:06,476 | INFO     |   → 271/357: ✅ 15 взято | 🗑️ 70 мусор
2026-05-06 03:44:06,476 | INFO     |   → 272/357: ✅ 126 взято | 🗑️ 492 мусор
2026-05-06 03:44:06,476 | INFO     |   → 273/357: ✅ 0 взято | 🗑️ 190 мусор
2026-05-06 03:44:06,476 | INFO     |   → 274/357: ✅ 3 взято | 🗑️ 2514 мусор
2026-05-06 03:44:06,476 | INFO     |   → 275/357: ✅ 39 взято | 🗑️ 1315 мусор
2026-05-06 03:44:06,476 | INFO     |   → 276/357: ✅ 9 взято | 🗑️ 148 мусор
2026-05-06 03:44:06,476 | INFO     |   → 277/357: ✅ 5 взято | 🗑️ 736 мусор
2026-05-06 03:44:06,476 | INFO     |   → 278/357: ✅ 1181 взято | 🗑️ 177 мусор
2026-05-06 03:44:06,476 | INFO     |   → 279/357 ❌ HTTP 404 — https://raw.githubusercontent.com/op30mmd/things/909b38024ba14d69dc0f95c238f63bc6e930a00f/eut.txt
2026-05-06 03:44:06,476 | INFO     |   → 280/357: ✅ 4 взято | 🗑️ 184 мусор
2026-05-06 03:44:06,476 | INFO     |   → 281/357: ✅ 4 взято | 🗑️ 3 мусор
2026-05-06 03:44:06,476 | INFO     |   → 282/357: ✅ 6703 взято | 🗑️ 35561 мусор
2026-05-06 03:44:06,476 | INFO     |   → 283/357: ✅ 0 взято | 🗑️ 53 мусор
2026-05-06 03:44:06,477 | INFO     |   → 284/357: ✅ 0 взято | 🗑️ 1 мусор
2026-05-06 03:44:06,477 | INFO     |   → 285/357: ✅ 0 взято | 🗑️ 44 мусор
2026-05-06 03:44:06,477 | INFO     |   → 286/357: ✅ 63 взято | 🗑️ 521 мусор
2026-05-06 03:44:06,477 | INFO     |   → 287/357: ✅ 165 взято | 🗑️ 273 мусор
2026-05-06 03:44:06,477 | INFO     |   → 288/357: ✅ 13 взято | 🗑️ 211 мусор
2026-05-06 03:44:06,477 | INFO     |   → 289/357: ✅ 0 взято | 🗑️ 96 мусор
2026-05-06 03:44:06,477 | INFO     |   → 290/357 ❌ HTTP 404 — https://raw.githubusercontent.com/sajad-sajadi/V2ray-Collector/raw/main/output/protocols/vmess.txt
2026-05-06 03:44:06,477 | INFO     |   → 291/357: ✅ 6514 взято | 🗑️ 2470 мусор
2026-05-06 03:44:06,477 | INFO     |   → 292/357 ❌ HTTP 404 — https://raw.githubusercontent.com/sakha1370/OpenRay/raw/refs/heads/main/output/all_valid_proxies.txt
2026-05-06 03:44:06,477 | INFO     |   → 293/357: ✅ 2 взято | 🗑️ 399 мусор
2026-05-06 03:44:06,477 | INFO     |   → 294/357 ❌ HTTP 404 — https://raw.githubusercontent.com/satrom/V2SSR/master/SSR/Sub.txt
2026-05-06 03:44:06,477 | INFO     |   → 295/357 ❌ HTTP 404 — https://raw.githubusercontent.com/satrom/V2SSR/master/V2RAY/Sub.txt
2026-05-06 03:44:06,477 | INFO     |   → 296/357: ✅ 588 взято | 🗑️ 21081 мусор
2026-05-06 03:44:06,477 | INFO     |   → 297/357: ✅ 3 взято | 🗑️ 49 мусор
2026-05-06 03:44:06,477 | INFO     |   → 298/357: ✅ 0 взято | 🗑️ 1383 мусор
2026-05-06 03:44:06,477 | INFO     |   → 299/357 ❌ HTTP 404 — https://raw.githubusercontent.com/soroushmirzaei/telegram-configs-collector/main/splitted/subscribe
2026-05-06 03:44:06,477 | INFO     |   → 300/357 ❌ HTTP 404 — https://raw.githubusercontent.com/ssrsub/ssr/master/vless.txt
2026-05-06 03:44:06,477 | INFO     |   → 301/357: ✅ 2 взято | 🗑️ 12 мусор
2026-05-06 03:44:06,477 | INFO     |   → 302/357: ✅ 0 взято | 🗑️ 13 мусор
2026-05-06 03:44:06,477 | INFO     |   → 303/357: ✅ 0 взято | 🗑️ 13 мусор
2026-05-06 03:44:06,477 | INFO     |   → 304/357: ✅ 53 взято | 🗑️ 444 мусор
2026-05-06 03:44:06,478 | INFO     |   → 305/357: ✅ 79 взято | 🗑️ 121 мусор
2026-05-06 03:44:06,478 | INFO     |   → 306/357: ✅ 27 взято | 🗑️ 173 мусор
2026-05-06 03:44:06,478 | INFO     |   → 307/357: ✅ 114 взято | 🗑️ 86 мусор
2026-05-06 03:44:06,478 | INFO     |   → 308/357: ✅ 0 взято | 🗑️ 86 мусор
2026-05-06 03:44:06,478 | INFO     |   → 309/357: ✅ 93 взято | 🗑️ 107 мусор
2026-05-06 03:44:06,478 | INFO     |   → 310/357: ✅ 105 взято | 🗑️ 95 мусор
2026-05-06 03:44:06,478 | INFO     |   → 311/357: ✅ 97 взято | 🗑️ 103 мусор
2026-05-06 03:44:06,478 | INFO     |   → 312/357: ✅ 5 взято | 🗑️ 111 мусор
2026-05-06 03:44:06,478 | INFO     |   → 313/357 ❌ HTTP 404 — https://raw.githubusercontent.com/v2clash/Autoproxy/a81f840ab2364124133572ec94e4b81fb0d4e58d/sub/2401/240104.txt
2026-05-06 03:44:06,478 | INFO     |   → 314/357 ❌ HTTP 404 — https://raw.githubusercontent.com/v2clash/V2ray-Configs/31f493c584d0c7b56350f4a34d80c53ad82bcc18/Sub9.txt
2026-05-06 03:44:06,478 | INFO     |   → 315/357: ✅ 36 взято | 🗑️ 303 мусор
2026-05-06 03:44:06,478 | INFO     |   → 316/357 ❌ HTTP 404 — https://raw.githubusercontent.com/vsevjik/OBSpiskov/main/wwh
2026-05-06 03:44:06,478 | INFO     |   → 317/357 ❌ HTTP 404 — https://raw.githubusercontent.com/vsevjik/OBSpiskov/main/wwhjk
2026-05-06 03:44:06,478 | INFO     |   → 318/357 ❌ HTTP 404 — https://raw.githubusercontent.com/vsevjik/OBSpiskov/main/wwhljjjkk
2026-05-06 03:44:06,478 | INFO     |   → 319/357: ✅ 0 взято | 🗑️ 10 мусор
2026-05-06 03:44:06,478 | INFO     |   → 320/357: ✅ 107 взято | 🗑️ 689 мусор
2026-05-06 03:44:06,478 | INFO     |   → 321/357: ✅ 49 взято | 🗑️ 841 мусор
2026-05-06 03:44:06,478 | INFO     |   → 322/357: ✅ 21 взято | 🗑️ 789 мусор
2026-05-06 03:44:06,478 | INFO     |   → 323/357: ✅ 24 взято | 🗑️ 774 мусор
2026-05-06 03:44:06,478 | INFO     |   → 324/357: ✅ 52 взято | 🗑️ 756 мусор
2026-05-06 03:44:06,478 | INFO     |   → 325/357: ✅ 191 взято | 🗑️ 745 мусор
2026-05-06 03:44:06,478 | INFO     |   → 326/357: ✅ 9 взято | 🗑️ 651 мусор
2026-05-06 03:44:06,479 | INFO     |   → 327/357: ✅ 185 взято | 🗑️ 388 мусор
2026-05-06 03:44:06,479 | INFO     |   → 328/357: ✅ 130 взято | 🗑️ 523 мусор
2026-05-06 03:44:06,479 | INFO     |   → 329/357: ✅ 67 взято | 🗑️ 533 мусор
2026-05-06 03:44:06,479 | INFO     |   → 330/357: ✅ 98 взято | 🗑️ 444 мусор
2026-05-06 03:44:06,479 | INFO     |   → 331/357: ✅ 102 взято | 🗑️ 670 мусор
2026-05-06 03:44:06,479 | INFO     |   → 332/357: ✅ 86 взято | 🗑️ 476 мусор
2026-05-06 03:44:06,479 | INFO     |   → 333/357: ✅ 95 взято | 🗑️ 657 мусор
2026-05-06 03:44:06,479 | INFO     |   → 334/357: ✅ 105 взято | 🗑️ 645 мусор
2026-05-06 03:44:06,479 | INFO     |   → 335/357: ✅ 115 взято | 🗑️ 985 мусор
2026-05-06 03:44:06,479 | INFO     |   → 336/357: ✅ 19 взято | 🗑️ 489 мусор
2026-05-06 03:44:06,479 | INFO     |   → 337/357: ✅ 5 взято | 🗑️ 10 мусор
2026-05-06 03:44:06,479 | INFO     |   → 338/357: ✅ 1 взято | 🗑️ 124 мусор
2026-05-06 03:44:06,479 | INFO     |   → 339/357: ✅ 79 взято | 🗑️ 94 мусор
2026-05-06 03:44:06,479 | INFO     |   → 340/357: ✅ 24 взято | 🗑️ 489 мусор
2026-05-06 03:44:06,479 | INFO     |   → 341/357: ✅ 0 взято | 🗑️ 466 мусор
2026-05-06 03:44:06,479 | INFO     |   → 342/357: ✅ 0 взято | 🗑️ 8 мусор
2026-05-06 03:44:06,479 | INFO     |   → 343/357 ❌ HTTP 404 — https://raw.githubusercontent.com/xiaozhu2007/xiaozhu2007/61a755a044dbaeea678bc2d1e20f21a21c6d7170/docs/fxxk.txt
2026-05-06 03:44:06,479 | INFO     |   → 344/357 ❌ HTTP 404 — https://raw.githubusercontent.com/yebekhe/TVC/0f745f92bf381e505f1245abbc7c145b19b11503/config.txt
2026-05-06 03:44:06,479 | INFO     |   → 345/357 ❌ HTTP 404 — https://raw.githubusercontent.com/yebekhe/TVC/9fac69239c69327fb7a61f5a8d79d107133889e1/lite/config.txt
2026-05-06 03:44:06,480 | INFO     |   → 346/357 ❌ HTTP 404 — https://raw.githubusercontent.com/yebekhe/TelegramV2rayCollector/main/sub/normal/mix
2026-05-06 03:44:06,480 | INFO     |   → 347/357 ❌ HTTP 404 — https://raw.githubusercontent.com/yebekhe/TelegramV2rayCollector/main/sub/normal/vless
2026-05-06 03:44:06,480 | INFO     |   → 348/357 ❌ HTTP 404 — https://raw.githubusercontent.com/yebekhe/V2Hub/main/Split/Normal/shadowsocks
2026-05-06 03:44:06,480 | INFO     |   → 349/357 ❌ HTTP 404 — https://raw.githubusercontent.com/yebekhe/V2Hub/main/merged
2026-05-06 03:44:06,480 | INFO     |   → 350/357: ✅ 408 взято | 🗑️ 7392 мусор
2026-05-06 03:44:06,480 | INFO     |   → 351/357: ✅ 0 взято | 🗑️ 7392 мусор
2026-05-06 03:44:06,480 | INFO     |   → 352/357: ✅ 8 взято | 🗑️ 343 мусор
2026-05-06 03:44:06,480 | INFO     |   → 353/357: ✅ 7 взято | 🗑️ 280 мусор
2026-05-06 03:44:06,480 | INFO     |   → 354/357: ✅ 113 взято | 🗑️ 1593 мусор
2026-05-06 03:44:06,480 | INFO     |   → 355/357 ❌ HTTP 404 — https://raw.githubusercontent.com/yyyr-otz/tele-providers-collector/019cb3e07ee52fddbc7caa54fc670c6b9bae6539/sub/proxies.txt
2026-05-06 03:44:06,480 | INFO     |   → 356/357 ❌ HTTP 404 — https://raw.githubusercontent.com/yyyr-otz/tele-providers-collector/b7a74ee98bcf02c5a507d688a1bed3aa9f7f4ed1/script/raw/protocols/mixed.txt
2026-05-06 03:44:06,480 | INFO     |   → 357/357: ✅ 440 взято | 🗑️ 35 мусор
2026-05-06 03:44:06,480 | INFO     |   → ✅ ГОТОВО!
2026-05-06 03:44:06,480 | INFO     |   →    📥 Всего ключей после фильтра: 54214
2026-05-06 03:44:06,480 | INFO     |   →    🔗 Уникальных IP:PORT:SCHEME: 25407
2026-05-06 03:44:06,480 | INFO     |   →    🗑️ Выброшено мусора: 487799
2026-05-06 03:44:06,480 | INFO     |   → 📊 По протоколам:
2026-05-06 03:44:06,480 | INFO     |   →    vless: 11247
2026-05-06 03:44:06,480 | INFO     |   →    vmess: 2635
2026-05-06 03:44:06,480 | INFO     |   →    trojan: 6417
2026-05-06 03:44:06,480 | INFO     |   →    ss: 4877
2026-05-06 03:44:06,480 | INFO     |   →    hysteria: 17
2026-05-06 03:44:06,480 | INFO     |   →    hysteria2: 84
2026-05-06 03:44:06,480 | INFO     |   →    hy2: 77
2026-05-06 03:44:06,480 | INFO     |   →    tuic: 53
2026-05-06 03:44:06,480 | INFO     | ✅ mirror.py завершён успешно
2026-05-06 03:44:06,481 | INFO     | 
2026-05-06 03:44:06,481 | INFO     | 
2026-05-06 03:44:06,481 | INFO     | ──────────────────────────────────────────────────────────────────────
2026-05-06 03:44:06,481 | INFO     | 📌 ЭТАП: Фильтрация по реальному SNI
2026-05-06 03:44:06,481 | INFO     | ──────────────────────────────────────────────────────────────────────
2026-05-06 03:44:06,481 | INFO     | 🚀 Запуск filter_ru_sni.py (Фильтр по реальному SNI (CDN+RU))...
2026-05-06 03:44:07,143 | INFO     |   → hy2.txt: 77 → 21 (SNI-filtered)
2026-05-06 03:44:07,143 | INFO     |   →   hysteria.txt: 17 → 0 (SNI-filtered)
2026-05-06 03:44:07,143 | INFO     |   →   hysteria2.txt: 84 → 27 (SNI-filtered)
2026-05-06 03:44:07,143 | INFO     |   →   ss.txt: 4877 → 244 (SNI-filtered)
2026-05-06 03:44:07,143 | INFO     |   →   trojan.txt: 6417 → 16 (SNI-filtered)
2026-05-06 03:44:07,143 | INFO     |   →   tuic.txt: 53 → 0 (SNI-filtered)
2026-05-06 03:44:07,143 | INFO     |   →   vless.txt: 11247 → 1778 (SNI-filtered)
2026-05-06 03:44:07,143 | INFO     |   →   vmess.txt: 2635 → 30 (SNI-filtered)
2026-05-06 03:44:07,143 | INFO     |   → ==================================================
2026-05-06 03:44:07,143 | INFO     |   →   Всего входных:  25407
2026-05-06 03:44:07,143 | INFO     |   →   Прошли фильтр:  2116
2026-05-06 03:44:07,143 | INFO     |   →   Отброшено:      23291
2026-05-06 03:44:07,143 | INFO     |   → ==================================================
2026-05-06 03:44:07,143 | INFO     |   → Готово → /home/runner/work/vpn-vless-configs-russia/vpn-vless-configs-russia/githubmirror/ru-sni
2026-05-06 03:44:07,143 | INFO     | ✅ filter_ru_sni.py завершён успешно
2026-05-06 03:44:07,143 | INFO     | 
2026-05-06 03:44:07,143 | INFO     | 
2026-05-06 03:44:07,143 | INFO     | ──────────────────────────────────────────────────────────────────────
2026-05-06 03:44:07,143 | INFO     | 📌 ЭТАП: Экспериментальный RU-SNI фильтр
2026-05-06 03:44:07,144 | INFO     | ──────────────────────────────────────────────────────────────────────
2026-05-06 03:44:07,144 | INFO     | 🚀 Запуск filter_ru_sni_local.py (Экспериментальный фильтр по RU-SNI (локальные домены))...
2026-05-06 03:44:07,575 | INFO     |   → hy2.txt: 77 → 0 (RU-SNI)
2026-05-06 03:44:07,575 | INFO     |   → hysteria.txt: 17 → 0 (RU-SNI)
2026-05-06 03:44:07,575 | INFO     |   → hysteria2.txt: 84 → 0 (RU-SNI)
2026-05-06 03:44:07,575 | INFO     |   → ss.txt: 4877 → 60 (RU-SNI)
2026-05-06 03:44:07,575 | INFO     |   → trojan.txt: 6417 → 7 (RU-SNI)
2026-05-06 03:44:07,575 | INFO     |   → tuic.txt: 53 → 0 (RU-SNI)
2026-05-06 03:44:07,576 | INFO     |   → vless.txt: 11247 → 796 (RU-SNI)
2026-05-06 03:44:07,576 | INFO     |   → vmess.txt: 2635 → 2 (RU-SNI)
2026-05-06 03:44:07,576 | INFO     |   → ==================================================
2026-05-06 03:44:07,576 | INFO     |   → Всего входных:  25407
2026-05-06 03:44:07,576 | INFO     |   → Прошли RU-SNI:  865
2026-05-06 03:44:07,576 | INFO     |   → Отброшено:      24542
2026-05-06 03:44:07,576 | INFO     |   → ==================================================
2026-05-06 03:44:07,576 | INFO     |   → Готово → /home/runner/work/vpn-vless-configs-russia/vpn-vless-configs-russia/githubmirror/ru-sni-local
2026-05-06 03:44:07,576 | INFO     | ✅ filter_ru_sni_local.py завершён успешно
2026-05-06 03:44:07,576 | INFO     | 
2026-05-06 03:44:07,576 | INFO     | 
2026-05-06 03:44:07,576 | INFO     | ──────────────────────────────────────────────────────────────────────
2026-05-06 03:44:07,576 | INFO     | 📌 ЭТАП: Сбор статистики
2026-05-06 03:44:07,576 | INFO     | ──────────────────────────────────────────────────────────────────────
2026-05-06 03:44:07,576 | INFO     | 📊 Сбор статистики...
2026-05-06 03:44:07,576 | INFO     |   📁 githubmirror/clean:
2026-05-06 03:44:07,577 | INFO     |     • hy2         :    77 конфигов
2026-05-06 03:44:07,577 | INFO     |     • hysteria    :    17 конфигов
2026-05-06 03:44:07,577 | INFO     |     • hysteria2   :    84 конфигов
2026-05-06 03:44:07,581 | INFO     |     • ss          :  4877 конфигов
2026-05-06 03:44:07,584 | INFO     |     • trojan      :  6417 конфигов
2026-05-06 03:44:07,585 | INFO     |     • tuic        :    53 конфигов
2026-05-06 03:44:07,596 | INFO     |     • vless       : 11247 конфигов
2026-05-06 03:44:07,600 | INFO     |     • vmess       :  2635 конфигов
2026-05-06 03:44:07,601 | INFO     |   📁 githubmirror/ru-sni:
2026-05-06 03:44:07,601 | INFO     |     • hy2         :    21 конфигов ( 27.3% от clean)
2026-05-06 03:44:07,601 | INFO     |     • hysteria    :     0 конфигов (  0.0% от clean)
2026-05-06 03:44:07,601 | INFO     |     • hysteria2   :    27 конфигов ( 32.1% от clean)
2026-05-06 03:44:07,602 | INFO     |     • ss          :   244 конфигов (  5.0% от clean)
2026-05-06 03:44:07,602 | INFO     |     • trojan      :    16 конфигов (  0.2% от clean)
2026-05-06 03:44:07,602 | INFO     |     • tuic        :     0 конфигов (  0.0% от clean)
2026-05-06 03:44:07,604 | INFO     |     • vless       :  1778 конфигов ( 15.8% от clean)
2026-05-06 03:44:07,604 | INFO     |     • vmess       :    30 конфигов (  1.1% от clean)
2026-05-06 03:44:07,604 | INFO     | 
2026-05-06 03:44:07,604 | INFO     |   ──────────────────────────────────────────────────
2026-05-06 03:44:07,604 | INFO     |   📈 ИТОГО:
2026-05-06 03:44:07,605 | INFO     |     Clean (после geo-фильтра):    25407
2026-05-06 03:44:07,605 | INFO     |     RU-SNI (после SNI-фильтра):    2116
2026-05-06 03:44:07,605 | INFO     |     Прошло фильтр:                  8.3%
2026-05-06 03:44:07,605 | INFO     |   ──────────────────────────────────────────────────
2026-05-06 03:44:07,605 | INFO     | ✅ Статистика сохранена: /home/runner/work/vpn-vless-configs-russia/vpn-vless-configs-russia/stats.json
2026-05-06 03:44:07,605 | INFO     | 
2026-05-06 03:44:07,605 | INFO     | ======================================================================
2026-05-06 03:44:07,605 | INFO     | 📊 ИТОГОВЫЙ ОТЧЁТ
2026-05-06 03:44:07,605 | INFO     | ======================================================================
2026-05-06 03:44:07,605 | INFO     |   ✅ OK         | Загрузка и geo-фильтрация
2026-05-06 03:44:07,605 | INFO     |   ✅ OK         | Фильтрация по реальному SNI
2026-05-06 03:44:07,605 | INFO     |   ✅ OK         | Экспериментальный RU-SNI фильтр
2026-05-06 03:44:07,605 | INFO     |   ✅ OK         | Сбор статистики
2026-05-06 03:44:07,605 | INFO     | ──────────────────────────────────────────────────────────────────────
2026-05-06 03:44:07,605 | INFO     | ✅ ВСЕ ЭТАПЫ УСПЕШНЫ (4/4)
2026-05-06 03:44:07,606 | INFO     | ⏰ Время завершения: 2026-05-06 03:44:07
2026-05-06 03:44:07,606 | INFO     | ======================================================================
