2026-05-13 14:48:56,598 | INFO     | ======================================================================
2026-05-13 14:48:56,598 | INFO     | 🔍 VPN KEY CHECKER - Начало проверки
2026-05-13 14:48:56,598 | INFO     | ⏰ Время старта: 2026-05-13 14:48:56
2026-05-13 14:48:56,598 | INFO     | 📂 Рабочая директория: /home/runner/work/vpn-vless-configs-russia/vpn-vless-configs-russia
2026-05-13 14:48:56,598 | INFO     | ======================================================================
2026-05-13 14:48:56,598 | INFO     | 
2026-05-13 14:48:56,598 | INFO     | 🔍 Проверка наличия скриптов...
2026-05-13 14:48:56,598 | INFO     |   ✅ mirror.py
2026-05-13 14:48:56,598 | INFO     |   ✅ generate_cf_vless.py
2026-05-13 14:48:56,598 | INFO     |   ✅ filter_ru_sni.py
2026-05-13 14:48:56,598 | INFO     |   ✅ filter_ru_sni_local.py
2026-05-13 14:48:56,599 | INFO     | 
2026-05-13 14:48:56,599 | INFO     | 
2026-05-13 14:48:56,599 | INFO     | ──────────────────────────────────────────────────────────────────────
2026-05-13 14:48:56,599 | INFO     | 📌 ЭТАП: Загрузка и geo-фильтрация
2026-05-13 14:48:56,599 | INFO     | ──────────────────────────────────────────────────────────────────────
2026-05-13 14:48:56,599 | INFO     | 🚀 Запуск mirror.py (Загрузка и фильтрация по РФ/СНГ/Европа)...
2026-05-13 14:49:25,804 | INFO     |   → 🚀 Старт: всего источников (старые + новые): 357
2026-05-13 14:49:25,804 | INFO     |   → 1/357: ✅ 0 взято | 🗑️ 0 мусор
2026-05-13 14:49:25,804 | INFO     |   → 2/357: ✅ 0 взято | 🗑️ 0 мусор
2026-05-13 14:49:25,804 | INFO     |   → 3/357: ✅ 2 взято | 🗑️ 232 мусор
2026-05-13 14:49:25,804 | INFO     |   → 4/357: ✅ 0 взято | 🗑️ 0 мусор
2026-05-13 14:49:25,804 | INFO     |   → 5/357: ✅ 14 взято | 🗑️ 14 мусор
2026-05-13 14:49:25,804 | INFO     |   → 6/357: ✅ 0 взято | 🗑️ 14 мусор
2026-05-13 14:49:25,804 | INFO     |   → 7/357: ✅ 533 взято | 🗑️ 3761 мусор
2026-05-13 14:49:25,804 | INFO     |   → 8/357: ✅ 5 взято | 🗑️ 400 мусор
2026-05-13 14:49:25,804 | INFO     |   → 9/357: ✅ 306 взято | 🗑️ 2953 мусор
2026-05-13 14:49:25,804 | INFO     |   → 10/357: ✅ 576 взято | 🗑️ 1131 мусор
2026-05-13 14:49:25,804 | INFO     |   → 11/357: ✅ 32 взято | 🗑️ 5 мусор
2026-05-13 14:49:25,804 | INFO     |   → 12/357: ✅ 100 взято | 🗑️ 381 мусор
2026-05-13 14:49:25,804 | INFO     |   → 13/357: ✅ 53 взято | 🗑️ 444 мусор
2026-05-13 14:49:25,804 | INFO     |   → 14/357: ✅ 79 взято | 🗑️ 221 мусор
2026-05-13 14:49:25,804 | INFO     |   → 15/357: ✅ 27 взято | 🗑️ 173 мусор
2026-05-13 14:49:25,804 | INFO     |   → 16/357: ✅ 114 взято | 🗑️ 86 мусор
2026-05-13 14:49:25,805 | INFO     |   → 17/357: ✅ 85 взято | 🗑️ 115 мусор
2026-05-13 14:49:25,805 | INFO     |   → 18/357: ✅ 105 взято | 🗑️ 95 мусор
2026-05-13 14:49:25,805 | INFO     |   → 19/357: ✅ 53 взято | 🗑️ 0 мусор
2026-05-13 14:49:25,805 | INFO     |   → 20/357: ✅ 19 взято | 🗑️ 319 мусор
2026-05-13 14:49:25,805 | INFO     |   → 21/357: ✅ 19 взято | 🗑️ 81 мусор
2026-05-13 14:49:25,805 | INFO     |   → 22/357: ✅ 11 взято | 🗑️ 87 мусор
2026-05-13 14:49:25,805 | INFO     |   → 23/357: ✅ 27 взято | 🗑️ 73 мусор
2026-05-13 14:49:25,805 | INFO     |   → 24/357: ✅ 13 взято | 🗑️ 75 мусор
2026-05-13 14:49:25,805 | INFO     |   → 25/357: ✅ 10 взято | 🗑️ 83 мусор
2026-05-13 14:49:25,805 | INFO     |   → 26/357: ✅ 12 взято | 🗑️ 86 мусор
2026-05-13 14:49:25,805 | INFO     |   → 27/357: ✅ 11 взято | 🗑️ 87 мусор
2026-05-13 14:49:25,805 | INFO     |   → 28/357: ✅ 11 взято | 🗑️ 80 мусор
2026-05-13 14:49:25,805 | INFO     |   → 29/357: ✅ 9 взято | 🗑️ 82 мусор
2026-05-13 14:49:25,805 | INFO     |   → 30/357: ✅ 69 взято | 🗑️ 3 мусор
2026-05-13 14:49:25,805 | INFO     |   → 31/357: ✅ 3 взято | 🗑️ 75 мусор
2026-05-13 14:49:25,805 | INFO     |   → 32/357: ✅ 4 взято | 🗑️ 69 мусор
2026-05-13 14:49:25,805 | INFO     |   → 33/357: ✅ 4 взято | 🗑️ 80 мусор
2026-05-13 14:49:25,805 | INFO     |   → 34/357: ✅ 6 взято | 🗑️ 81 мусор
2026-05-13 14:49:25,805 | INFO     |   → 35/357: ✅ 5 взято | 🗑️ 79 мусор
2026-05-13 14:49:25,805 | INFO     |   → 36/357: ✅ 11 взято | 🗑️ 78 мусор
2026-05-13 14:49:25,805 | INFO     |   → 37/357: ✅ 3 взято | 🗑️ 83 мусор
2026-05-13 14:49:25,806 | INFO     |   → 38/357: ✅ 14 взято | 🗑️ 76 мусор
2026-05-13 14:49:25,806 | INFO     |   → 39/357: ✅ 12 взято | 🗑️ 78 мусор
2026-05-13 14:49:25,806 | INFO     |   → 40/357: ✅ 26 взято | 🗑️ 218 мусор
2026-05-13 14:49:25,806 | INFO     |   → 41/357: ✅ 44 взято | 🗑️ 141 мусор
2026-05-13 14:49:25,806 | INFO     |   → 42/357: ✅ 10 взято | 🗑️ 71 мусор
2026-05-13 14:49:25,806 | INFO     |   → 43/357: ✅ 2 взято | 🗑️ 88 мусор
2026-05-13 14:49:25,806 | INFO     |   → 44/357: ✅ 0 взято | 🗑️ 3 мусор
2026-05-13 14:49:25,806 | INFO     |   → 45/357: ✅ 14 взято | 🗑️ 4 мусор
2026-05-13 14:49:25,806 | INFO     |   → 46/357: ✅ 670 взято | 🗑️ 2568 мусор
2026-05-13 14:49:25,806 | INFO     |   → 47/357 ❌ HTTP 404 — https://raw.githubusercontent.com/AmirHDevo/temp2/7f15e7ddb311a6f8c5ab338bd1af0e1f2136a84b/configs.txt
2026-05-13 14:49:25,806 | INFO     |   → 48/357: ✅ 141 взято | 🗑️ 2055 мусор
2026-05-13 14:49:25,806 | INFO     |   → 49/357: ✅ 3 взято | 🗑️ 39 мусор
2026-05-13 14:49:25,806 | INFO     |   → 50/357: ✅ 1188 взято | 🗑️ 18230 мусор
2026-05-13 14:49:25,806 | INFO     |   → 51/357: ✅ 5 взято | 🗑️ 47 мусор
2026-05-13 14:49:25,806 | INFO     |   → 52/357: ✅ 48 взято | 🗑️ 503 мусор
2026-05-13 14:49:25,806 | INFO     |   → 53/357: ✅ 339 взято | 🗑️ 1542 мусор
2026-05-13 14:49:25,806 | INFO     |   → 54/357: ✅ 1 взято | 🗑️ 235 мусор
2026-05-13 14:49:25,806 | INFO     |   → 55/357: ✅ 49 взято | 🗑️ 86 мусор
2026-05-13 14:49:25,807 | INFO     |   → 56/357: ✅ 0 взято | 🗑️ 16 мусор
2026-05-13 14:49:25,807 | INFO     |   → 57/357: ✅ 0 взято | 🗑️ 14 мусор
2026-05-13 14:49:25,807 | INFO     |   → 58/357: ✅ 6 взято | 🗑️ 121 мусор
2026-05-13 14:49:25,807 | INFO     |   → 59/357: ✅ 0 взято | 🗑️ 14 мусор
2026-05-13 14:49:25,807 | INFO     |   → 60/357: ✅ 0 взято | 🗑️ 14 мусор
2026-05-13 14:49:25,807 | INFO     |   → 61/357: ✅ 26 взято | 🗑️ 331 мусор
2026-05-13 14:49:25,807 | INFO     |   → 62/357: ✅ 66 взято | 🗑️ 19 мусор
2026-05-13 14:49:25,807 | INFO     |   → 63/357: ✅ 80 взято | 🗑️ 1110 мусор
2026-05-13 14:49:25,807 | INFO     |   → 64/357: ✅ 17 взято | 🗑️ 1012 мусор
2026-05-13 14:49:25,807 | INFO     |   → 65/357 ❌ HTTP 404 — https://raw.githubusercontent.com/Egkaz/Proxy-list-20k-server/main/stable.txt
2026-05-13 14:49:25,807 | INFO     |   → 66/357: ✅ 5 взято | 🗑️ 13 мусор
2026-05-13 14:49:25,807 | INFO     |   → 67/357 ❌ HTTP 404 — https://raw.githubusercontent.com/Epodonios/v2ray-configs/raw/main/Splitted-By-Protocol/trojan.txt
2026-05-13 14:49:25,807 | INFO     |   → 68/357 ❌ HTTP 404 — https://raw.githubusercontent.com/Epodonios/v2ray-configs/raw/main/Splitted-By-Protocol/vmess.txt
2026-05-13 14:49:25,807 | INFO     |   → 69/357: ✅ 782 взято | 🗑️ 1159 мусор
2026-05-13 14:49:25,807 | INFO     |   → 70/357: ✅ 0 взято | 🗑️ 125 мусор
2026-05-13 14:49:25,807 | INFO     |   → 71/357: ✅ 0 взято | 🗑️ 710 мусор
2026-05-13 14:49:25,807 | INFO     |   → 72/357: ✅ 503 взято | 🗑️ 168 мусор
2026-05-13 14:49:25,807 | INFO     |   → 73/357: ✅ 109 взято | 🗑️ 7 мусор
2026-05-13 14:49:25,808 | INFO     |   → 74/357: ✅ 8 взято | 🗑️ 332 мусор
2026-05-13 14:49:25,808 | INFO     |   → 75/357 ❌ HTTP 404 — https://raw.githubusercontent.com/Fido6/FreeNodes/57221e59caddde55ffdda21d491ae952cd608049/nodes/halekj.txt
2026-05-13 14:49:25,808 | INFO     |   → 76/357 ❌ HTTP 404 — https://raw.githubusercontent.com/Fido6/FreeNodes/57221e59caddde55ffdda21d491ae952cd608049/nodes/kkzui.txt
2026-05-13 14:49:25,808 | INFO     |   → 77/357 ❌ HTTP 404 — https://raw.githubusercontent.com/Fido6/FreeNodes/57221e59caddde55ffdda21d491ae952cd608049/nodes/wenode.txt
2026-05-13 14:49:25,808 | INFO     |   → 78/357: ✅ 59 взято | 🗑️ 418 мусор
2026-05-13 14:49:25,808 | INFO     |   → 79/357: ✅ 5 взято | 🗑️ 35 мусор
2026-05-13 14:49:25,808 | INFO     |   → 80/357: ✅ 332 взято | 🗑️ 1503 мусор
2026-05-13 14:49:25,808 | INFO     |   → 81/357: ✅ 214 взято | 🗑️ 570 мусор
2026-05-13 14:49:25,808 | INFO     |   → 82/357: ✅ 515 взято | 🗑️ 4169 мусор
2026-05-13 14:49:25,808 | INFO     |   → 83/357: ✅ 58 взято | 🗑️ 884 мусор
2026-05-13 14:49:25,808 | INFO     |   → 84/357: ✅ 14 взято | 🗑️ 250 мусор
2026-05-13 14:49:25,808 | INFO     |   → 85/357: ✅ 0 взято | 🗑️ 14 мусор
2026-05-13 14:49:25,808 | INFO     |   → 86/357: ✅ 15 взято | 🗑️ 0 мусор
2026-05-13 14:49:25,808 | INFO     |   → 87/357: ✅ 0 взято | 🗑️ 609 мусор
2026-05-13 14:49:25,808 | INFO     |   → 88/357: ✅ 18 взято | 🗑️ 63 мусор
2026-05-13 14:49:25,808 | INFO     |   → 89/357: ✅ 422 взято | 🗑️ 93 мусор
2026-05-13 14:49:25,808 | INFO     |   → 90/357: ✅ 210 взято | 🗑️ 327 мусор
2026-05-13 14:49:25,808 | INFO     |   → 91/357: ✅ 31 взято | 🗑️ 538 мусор
2026-05-13 14:49:25,808 | INFO     |   → 92/357: ✅ 5973 взято | 🗑️ 46237 мусор
2026-05-13 14:49:25,808 | INFO     |   → 93/357: ✅ 0 взято | 🗑️ 35 мусор
2026-05-13 14:49:25,809 | INFO     |   → 94/357: ✅ 0 взято | 🗑️ 9698 мусор
2026-05-13 14:49:25,809 | INFO     |   → 95/357: ✅ 0 взято | 🗑️ 31035 мусор
2026-05-13 14:49:25,809 | INFO     |   → 96/357: ✅ 0 взято | 🗑️ 5 мусор
2026-05-13 14:49:25,809 | INFO     |   → 97/357: ✅ 0 взято | 🗑️ 4 мусор
2026-05-13 14:49:25,809 | INFO     |   → 98/357: ✅ 1 взято | 🗑️ 51 мусор
2026-05-13 14:49:25,809 | INFO     |   → 99/357: ✅ 0 взято | 🗑️ 8 мусор
2026-05-13 14:49:25,809 | INFO     |   → 100/357 ❌ HTTP 404 — https://raw.githubusercontent.com/Kwinshadow/TelegramV2rayCollector/raw/refs/heads/main/sublinks/mix.txt
2026-05-13 14:49:25,809 | INFO     |   → 101/357 ❌ HTTP 404 — https://raw.githubusercontent.com/LalatinaHub/Mineral/raw/refs/heads/master/result/nodes
2026-05-13 14:49:25,809 | INFO     |   → 102/357: ✅ 3 взято | 🗑️ 1 мусор
2026-05-13 14:49:25,809 | INFO     |   → 103/357: ✅ 0 взято | 🗑️ 147 мусор
2026-05-13 14:49:25,809 | INFO     |   → 104/357 ❌ HTTP 404 — https://raw.githubusercontent.com/M-Mashreghi/free-config-collector/main/Splitted-By-Protocol/ssr.txt
2026-05-13 14:49:25,809 | INFO     |   → 105/357: ✅ 139 взято | 🗑️ 114 мусор
2026-05-13 14:49:25,809 | INFO     |   → 106/357: ✅ 126 взято | 🗑️ 137 мусор
2026-05-13 14:49:25,809 | INFO     |   → 107/357: ✅ 41 взято | 🗑️ 410 мусор
2026-05-13 14:49:25,809 | INFO     |   → 108/357: ✅ 0 взято | 🗑️ 1 мусор
2026-05-13 14:49:25,809 | INFO     |   → 109/357: ✅ 296 взято | 🗑️ 3643 мусор
2026-05-13 14:49:25,809 | INFO     |   → 110/357: ✅ 24 взято | 🗑️ 170 мусор
2026-05-13 14:49:25,809 | INFO     |   → 111/357: ✅ 14 взято | 🗑️ 427 мусор
2026-05-13 14:49:25,809 | INFO     |   → 112/357: ✅ 7 взято | 🗑️ 314 мусор
2026-05-13 14:49:25,809 | INFO     |   → 113/357: ✅ 6 взято | 🗑️ 77 мусор
2026-05-13 14:49:25,809 | INFO     |   → 114/357 ❌ HTTP 404 — https://raw.githubusercontent.com/MhdiTaheri/V2rayCollector/raw/refs/heads/main/sub/mix
2026-05-13 14:49:25,809 | INFO     |   → 115/357: ✅ 53 взято | 🗑️ 267 мусор
2026-05-13 14:49:25,809 | INFO     |   → 116/357 ❌ HTTP 404 — https://raw.githubusercontent.com/MhdiTaheri/V2rayCollector_Py/raw/refs/heads/main/sub/Mix/mix.txt
2026-05-13 14:49:25,809 | INFO     |   → 117/357: ✅ 92 взято | 🗑️ 282 мусор
2026-05-13 14:49:25,810 | INFO     |   → 118/357: ✅ 1 взято | 🗑️ 10 мусор
2026-05-13 14:49:25,810 | INFO     |   → 119/357 ❌ HTTP 404 — https://raw.githubusercontent.com/MrMohebi/xray-proxy-grabber-telegram/master/collected-proxies/row-url/actives.txt
2026-05-13 14:49:25,810 | INFO     |   → 120/357 ❌ HTTP 404 — https://raw.githubusercontent.com/MrMohebi/xray-proxy-grabber-telegram/master/collected-proxies/row-url/all.txt
2026-05-13 14:49:25,810 | INFO     |   → 121/357: ✅ 66 взято | 🗑️ 123 мусор
2026-05-13 14:49:25,810 | INFO     |   → 122/357: ✅ 175 взято | 🗑️ 582 мусор
2026-05-13 14:49:25,810 | INFO     |   → 123/357 ❌ HTTP 404 — https://raw.githubusercontent.com/OpenCNLink/freevpn/3cfcff048bfdd1493ccffa52ecf30ce7f9fc6b28/src/list/vmess.txt
2026-05-13 14:49:25,810 | INFO     |   → 124/357: ✅ 0 взято | 🗑️ 11 мусор
2026-05-13 14:49:25,810 | INFO     |   → 125/357: ✅ 1 взято | 🗑️ 54 мусор
2026-05-13 14:49:25,810 | INFO     |   → 126/357 ❌ HTTP 404 — https://raw.githubusercontent.com/RKPchannel/RKP_bypass_configs/main/configs
2026-05-13 14:49:25,810 | INFO     |   → 127/357: ✅ 0 взято | 🗑️ 35 мусор
2026-05-13 14:49:25,810 | INFO     |   → 128/357: ✅ 0 взято | 🗑️ 0 мусор
2026-05-13 14:49:25,810 | INFO     |   → 129/357: ✅ 0 взято | 🗑️ 50 мусор
2026-05-13 14:49:25,810 | INFO     |   → 130/357 ❌ HTTP 404 — https://raw.githubusercontent.com/STR97/STRUGOV/main/BYPASS
2026-05-13 14:49:25,810 | INFO     |   → 131/357 ❌ HTTP 404 — https://raw.githubusercontent.com/STR97/STRUGOV/main/CUSTOM
2026-05-13 14:49:25,810 | INFO     |   → 132/357 ❌ HTTP 404 — https://raw.githubusercontent.com/STR97/STRUGOV/main/STR
2026-05-13 14:49:25,810 | INFO     |   → 133/357 ❌ HTTP 404 — https://raw.githubusercontent.com/STR97/STRUGOV/main/STR.BYPASS
2026-05-13 14:49:25,810 | INFO     |   → 134/357 ❌ HTTP 404 — https://raw.githubusercontent.com/STR97/STRUGOV/main/Vless
2026-05-13 14:49:25,810 | INFO     |   → 135/357 ❌ HTTP 404 — https://raw.githubusercontent.com/STR97/STRUGOV/refs/heads/main/STR.BYPASS
2026-05-13 14:49:25,810 | INFO     |   → 136/357: ✅ 4 взято | 🗑️ 34 мусор
2026-05-13 14:49:25,810 | INFO     |   → 137/357: ✅ 0 взято | 🗑️ 27 мусор
2026-05-13 14:49:25,810 | INFO     |   → 138/357: ✅ 140 взято | 🗑️ 1153 мусор
2026-05-13 14:49:25,810 | INFO     |   → 139/357: ✅ 55 взято | 🗑️ 2612 мусор
2026-05-13 14:49:25,810 | INFO     |   → 140/357: ✅ 14 взято | 🗑️ 1012 мусор
2026-05-13 14:49:25,810 | INFO     |   → 141/357: ✅ 98 взято | 🗑️ 3248 мусор
2026-05-13 14:49:25,810 | INFO     |   → 142/357: ✅ 202 взято | 🗑️ 634 мусор
2026-05-13 14:49:25,810 | INFO     |   → 143/357: ✅ 71 взято | 🗑️ 4991 мусор
2026-05-13 14:49:25,811 | INFO     |   → 144/357: ✅ 76 взято | 🗑️ 362 мусор
2026-05-13 14:49:25,811 | INFO     |   → 145/357: ✅ 0 взято | 🗑️ 0 мусор
2026-05-13 14:49:25,811 | INFO     |   → 146/357: ✅ 0 взято | 🗑️ 0 мусор
2026-05-13 14:49:25,811 | INFO     |   → 147/357: ✅ 1 взято | 🗑️ 1513 мусор
2026-05-13 14:49:25,811 | INFO     |   → 148/357: ✅ 3 взято | 🗑️ 61 мусор
2026-05-13 14:49:25,811 | INFO     |   → 149/357: ✅ 28 взято | 🗑️ 1340 мусор
2026-05-13 14:49:25,811 | INFO     |   → 150/357: ✅ 0 взято | 🗑️ 56 мусор
2026-05-13 14:49:25,811 | INFO     |   → 151/357 ❌ HTTP 404 — https://raw.githubusercontent.com/Syavar/V2ray-Configs/main/OK_TLS_activision.com.txt
2026-05-13 14:49:25,811 | INFO     |   → 152/357: ✅ 4 взято | 🗑️ 5 мусор
2026-05-13 14:49:25,811 | INFO     |   → 153/357: ✅ 4 взято | 🗑️ 5 мусор
2026-05-13 14:49:25,811 | INFO     |   → 154/357: ✅ 4 взято | 🗑️ 5 мусор
2026-05-13 14:49:25,811 | INFO     |   → 155/357: ✅ 4 взято | 🗑️ 5 мусор
2026-05-13 14:49:25,811 | INFO     |   → 156/357 ❌ HTTP 404 — https://raw.githubusercontent.com/Syavar/V2ray-Configs/main/OK_TLS_viber.com.txt
2026-05-13 14:49:25,811 | INFO     |   → 157/357: ✅ 4 взято | 🗑️ 5 мусор
2026-05-13 14:49:25,811 | INFO     |   → 158/357: ✅ 4 взято | 🗑️ 5 мусор
2026-05-13 14:49:25,811 | INFO     |   → 159/357 ❌ HTTP 404 — https://raw.githubusercontent.com/Syavar/V2ray-Configs/main/OK_activision.com.txt
2026-05-13 14:49:25,811 | INFO     |   → 160/357 ❌ HTTP 404 — https://raw.githubusercontent.com/Syavar/V2ray-Configs/main/OK_css.rbxcdn.com.txt
2026-05-13 14:49:25,811 | INFO     |   → 161/357 ❌ HTTP 404 — https://raw.githubusercontent.com/Syavar/V2ray-Configs/main/OK_google.com.txt
2026-05-13 14:49:25,811 | INFO     |   → 162/357 ❌ HTTP 404 — https://raw.githubusercontent.com/Syavar/V2ray-Configs/main/OK_speedtest.tinkoff.ru.txt
2026-05-13 14:49:25,811 | INFO     |   → 163/357 ❌ HTTP 404 — https://raw.githubusercontent.com/Syavar/V2ray-Configs/main/OK_telegram.org.txt
2026-05-13 14:49:25,811 | INFO     |   → 164/357 ❌ HTTP 404 — https://raw.githubusercontent.com/Syavar/V2ray-Configs/main/OK_viber.com.txt
2026-05-13 14:49:25,811 | INFO     |   → 165/357 ❌ HTTP 404 — https://raw.githubusercontent.com/Syavar/V2ray-Configs/main/OK_vk.com.txt
2026-05-13 14:49:25,811 | INFO     |   → 166/357 ❌ HTTP 404 — https://raw.githubusercontent.com/Syavar/V2ray-Configs/main/OK_whatsapp.com.txt
2026-05-13 14:49:25,811 | INFO     |   → 167/357: ✅ 717 взято | 🗑️ 923 мусор
2026-05-13 14:49:25,812 | INFO     |   → 168/357: ✅ 4 взято | 🗑️ 291 мусор
2026-05-13 14:49:25,812 | INFO     |   → 169/357: ✅ 4 взято | 🗑️ 16 мусор
2026-05-13 14:49:25,812 | INFO     |   → 170/357: ✅ 5 взято | 🗑️ 15 мусор
2026-05-13 14:49:25,812 | INFO     |   → 171/357: ✅ 1 взято | 🗑️ 17 мусор
2026-05-13 14:49:25,812 | INFO     |   → 172/357: ✅ 1 взято | 🗑️ 18 мусор
2026-05-13 14:49:25,812 | INFO     |   → 173/357: ✅ 4 взято | 🗑️ 16 мусор
2026-05-13 14:49:25,812 | INFO     |   → 174/357: ✅ 0 взято | 🗑️ 19 мусор
2026-05-13 14:49:25,812 | INFO     |   → 175/357: ✅ 0 взято | 🗑️ 20 мусор
2026-05-13 14:49:25,812 | INFO     |   → 176/357: ✅ 0 взято | 🗑️ 20 мусор
2026-05-13 14:49:25,812 | INFO     |   → 177/357: ✅ 0 взято | 🗑️ 20 мусор
2026-05-13 14:49:25,812 | INFO     |   → 178/357: ✅ 0 взято | 🗑️ 17 мусор
2026-05-13 14:49:25,812 | INFO     |   → 179/357: ✅ 14 взято | 🗑️ 188 мусор
2026-05-13 14:49:25,812 | INFO     |   → 180/357: ✅ 0 взято | 🗑️ 5 мусор
2026-05-13 14:49:25,812 | INFO     |   → 181/357: ✅ 12 взято | 🗑️ 76 мусор
2026-05-13 14:49:25,812 | INFO     |   → 182/357: ✅ 123 взято | 🗑️ 432 мусор
2026-05-13 14:49:25,812 | INFO     |   → 183/357: ✅ 4 взято | 🗑️ 114 мусор
2026-05-13 14:49:25,812 | INFO     |   → 184/357: ✅ 21 взято | 🗑️ 51 мусор
2026-05-13 14:49:25,812 | INFO     |   → 185/357: ✅ 0 взято | 🗑️ 1096 мусор
2026-05-13 14:49:25,812 | INFO     |   → 186/357: ✅ 0 взято | 🗑️ 932 мусор
2026-05-13 14:49:25,812 | INFO     |   → 187/357: ✅ 26 взято | 🗑️ 56 мусор
2026-05-13 14:49:25,812 | INFO     |   → 188/357 ❌ HTTP 404 — https://raw.githubusercontent.com/awesome-vpn/awesome-vpn/master/ss
2026-05-13 14:49:25,812 | INFO     |   → 189/357: ✅ 62 взято | 🗑️ 3150 мусор
2026-05-13 14:49:25,812 | INFO     |   → 190/357: ✅ 1 взято | 🗑️ 322 мусор
2026-05-13 14:49:25,813 | INFO     |   → 191/357: ✅ 46 взято | 🗑️ 2475 мусор
2026-05-13 14:49:25,813 | INFO     |   → 192/357: ✅ 0 взято | 🗑️ 101 мусор
2026-05-13 14:49:25,813 | INFO     |   → 193/357 ❌ HTTP 404 — https://raw.githubusercontent.com/barry-far/V2ray-Configs/ced94ddfff48276ec365b40227561f36b1b64bc8/Sub5.txt
2026-05-13 14:49:25,813 | INFO     |   → 194/357 ❌ HTTP 404 — https://raw.githubusercontent.com/barry-far/V2ray-Configs/main/Splitted-By-Protocol/vless.txt
2026-05-13 14:49:25,813 | INFO     |   → 195/357 ❌ HTTP 404 — https://raw.githubusercontent.com/barry-far/V2ray-Configs/main/Sub1.txt
2026-05-13 14:49:25,813 | INFO     |   → 196/357: ✅ 0 взято | 🗑️ 322 мусор
2026-05-13 14:49:25,813 | INFO     |   → 197/357: ✅ 0 взято | 🗑️ 2475 мусор
2026-05-13 14:49:25,813 | INFO     |   → 198/357: ✅ 0 взято | 🗑️ 101 мусор
2026-05-13 14:49:25,813 | INFO     |   → 199/357 ❌ HTTP 404 — https://raw.githubusercontent.com/bywarm/whitelists-vpns-etc/main/whitelists1-4pda.txt
2026-05-13 14:49:25,813 | INFO     |   → 200/357: ✅ 5 взято | 🗑️ 68 мусор
2026-05-13 14:49:25,813 | INFO     |   → 201/357 ❌ HTTP 404 — https://raw.githubusercontent.com/chxxyz2004/zd/17fca23b73c46b5dd73e9be49b14d219b5e5f836/sub/2401/240110.txt
2026-05-13 14:49:25,813 | INFO     |   → 202/357: ✅ 356 взято | 🗑️ 5284 мусор
2026-05-13 14:49:25,813 | INFO     |   → 203/357: ✅ 236 взято | 🗑️ 517 мусор
2026-05-13 14:49:25,813 | INFO     |   → 204/357: ✅ 6 взято | 🗑️ 78 мусор
2026-05-13 14:49:25,813 | INFO     |   → 205/357: ✅ 6 взято | 🗑️ 4 мусор
2026-05-13 14:49:25,813 | INFO     |   → 206/357: ✅ 140 взято | 🗑️ 3934 мусор
2026-05-13 14:49:25,813 | INFO     |   → 207/357: ✅ 62 взято | 🗑️ 84 мусор
2026-05-13 14:49:25,813 | INFO     |   → 208/357: ✅ 2491 взято | 🗑️ 40663 мусор
2026-05-13 14:49:25,813 | INFO     |   → 209/357: ✅ 0 взято | 🗑️ 23293 мусор
2026-05-13 14:49:25,813 | INFO     |   → 210/357: ✅ 0 взято | 🗑️ 3607 мусор
2026-05-13 14:49:25,813 | INFO     |   → 211/357: ✅ 6 взято | 🗑️ 113 мусор
2026-05-13 14:49:25,813 | INFO     |   → 212/357: ✅ 2 взято | 🗑️ 80 мусор
2026-05-13 14:49:25,813 | INFO     |   → 213/357: ✅ 5 взято | 🗑️ 169 мусор
2026-05-13 14:49:25,814 | INFO     |   → 214/357: ✅ 34 взято | 🗑️ 121 мусор
2026-05-13 14:49:25,814 | INFO     |   → 215/357: ✅ 4 взято | 🗑️ 97 мусор
2026-05-13 14:49:25,814 | INFO     |   → 216/357 ❌ HTTP 404 — https://raw.githubusercontent.com/freev2rayconfig/V2RAY_SUB/3e6a7786a1601ee3723e8d043ae79e70dbdfd9a8/v2rayconfigs.txt
2026-05-13 14:49:25,814 | INFO     |   → 217/357: ✅ 0 взято | 🗑️ 5 мусор
2026-05-13 14:49:25,814 | INFO     |   → 218/357: ✅ 586 взято | 🗑️ 2794 мусор
2026-05-13 14:49:25,814 | INFO     |   → 219/357: ✅ 255 взято | 🗑️ 1103 мусор
2026-05-13 14:49:25,814 | INFO     |   → 220/357: ✅ 522 взято | 🗑️ 6720 мусор
2026-05-13 14:49:25,814 | INFO     |   → 221/357: ✅ 111 взято | 🗑️ 2399 мусор
2026-05-13 14:49:25,814 | INFO     |   → 222/357 ❌ HTTP 404 — https://raw.githubusercontent.com/hameed-maleki/TVC/89a4522969c57dcc22458cae9898426e5c4f2679/lite/config.txt
2026-05-13 14:49:25,814 | INFO     |   → 223/357: ✅ 5 взято | 🗑️ 132 мусор
2026-05-13 14:49:25,814 | INFO     |   → 224/357 ❌ HTTP 404 — https://raw.githubusercontent.com/hkpc/Autoproxy/6cf946ddfc677a29062007e4b47d70674474baa7/sub/2401/240110.txt
2026-05-13 14:49:25,814 | INFO     |   → 225/357 ❌ HTTP 404 — https://raw.githubusercontent.com/hkpc/V2ray-Configs/7d9aa0dabf947af180a7dd6302818ed37950531a/Sub1.txt
2026-05-13 14:49:25,814 | INFO     |   → 226/357: ✅ 81 взято | 🗑️ 292 мусор
2026-05-13 14:49:25,814 | INFO     |   → 227/357: ✅ 0 взято | 🗑️ 14 мусор
2026-05-13 14:49:25,814 | INFO     |   → 228/357: ✅ 0 взято | 🗑️ 243 мусор
2026-05-13 14:49:25,814 | INFO     |   → 229/357: ✅ 0 взято | 🗑️ 21 мусор
2026-05-13 14:49:25,814 | INFO     |   → 230/357: ✅ 83 взято | 🗑️ 74 мусор
2026-05-13 14:49:25,814 | INFO     |   → 231/357: ✅ 9 взято | 🗑️ 26 мусор
2026-05-13 14:49:25,814 | INFO     |   → 232/357: ✅ 0 взято | 🗑️ 73 мусор
2026-05-13 14:49:25,814 | INFO     |   → 233/357 ❌ HTTP 404 — https://raw.githubusercontent.com/igareck/vpn-configs-for-russia/refs/heads/main/Vless-Reality-White-Lists-Rus-Cable.txt
2026-05-13 14:49:25,814 | INFO     |   → 234/357: ✅ 49 взято | 🗑️ 6 мусор
2026-05-13 14:49:25,814 | INFO     |   → 235/357: ✅ 8 взято | 🗑️ 343 мусор
2026-05-13 14:49:25,814 | INFO     |   → 236/357 ❌ HTTP 404 — https://raw.githubusercontent.com/kismetpro/NodeSuber/main/Splitted-By-Protocol/vless.txt
2026-05-13 14:49:25,814 | INFO     |   → 237/357 ❌ HTTP 404 — https://raw.githubusercontent.com/kismetpro/NodeSuber/main/out/All_Configs_Sub.txt
2026-05-13 14:49:25,814 | INFO     |   → 238/357: ✅ 12201 взято | 🗑️ 98921 мусор
2026-05-13 14:49:25,814 | INFO     |   → 239/357: ✅ 224 взято | 🗑️ 176 мусор
2026-05-13 14:49:25,814 | INFO     |   → 240/357: ✅ 0 взято | 🗑️ 29 мусор
2026-05-13 14:49:25,814 | INFO     |   → 241/357 ❌ HTTP 404 — https://raw.githubusercontent.com/koteey/Ms.Kerosin-VPN/main/proxies.txt
2026-05-13 14:49:25,815 | INFO     |   → 242/357: ✅ 533 взято | 🗑️ 1494 мусор
2026-05-13 14:49:25,815 | INFO     |   → 243/357: ✅ 1 взято | 🗑️ 121 мусор
2026-05-13 14:49:25,815 | INFO     |   → 244/357: ✅ 0 взято | 🗑️ 0 мусор
2026-05-13 14:49:25,815 | INFO     |   → 245/357: ✅ 0 взято | 🗑️ 421 мусор
2026-05-13 14:49:25,815 | INFO     |   → 246/357: ✅ 213 взято | 🗑️ 1155 мусор
2026-05-13 14:49:25,815 | INFO     |   → 247/357: ✅ 0 взято | 🗑️ 53 мусор
2026-05-13 14:49:25,815 | INFO     |   → 248/357: ✅ 146 взято | 🗑️ 343 мусор
2026-05-13 14:49:25,815 | INFO     |   → 249/357: ✅ 0 взято | 🗑️ 125 мусор
2026-05-13 14:49:25,815 | INFO     |   → 250/357: ✅ 0 взято | 🗑️ 125 мусор
2026-05-13 14:49:25,815 | INFO     |   → 251/357: ✅ 0 взято | 🗑️ 4041 мусор
2026-05-13 14:49:25,815 | INFO     |   → 252/357: ✅ 0 взято | 🗑️ 0 мусор
2026-05-13 14:49:25,815 | INFO     |   → 253/357: ✅ 0 взято | 🗑️ 4041 мусор
2026-05-13 14:49:25,815 | INFO     |   → 254/357: ✅ 20 взято | 🗑️ 370 мусор
2026-05-13 14:49:25,815 | INFO     |   → 255/357: ✅ 0 взято | 🗑️ 370 мусор
2026-05-13 14:49:25,815 | INFO     |   → 256/357: ✅ 699 взято | 🗑️ 6258 мусор
2026-05-13 14:49:25,815 | INFO     |   → 257/357: ✅ 8 взято | 🗑️ 853 мусор
2026-05-13 14:49:25,815 | INFO     |   → 258/357 ❌ HTTP 404 — https://raw.githubusercontent.com/mfuu/v2ray/master/merge/merge.txt
2026-05-13 14:49:25,815 | INFO     |   → 259/357: ✅ 492 взято | 🗑️ 13888 мусор
2026-05-13 14:49:25,815 | INFO     |   → 260/357: ✅ 0 взято | 🗑️ 4606 мусор
2026-05-13 14:49:25,815 | INFO     |   → 261/357 ❌ HTTP 404 — https://raw.githubusercontent.com/miladtahanian/V2RayCFGDumper/refs/heads/main/config.txt
2026-05-13 14:49:25,815 | INFO     |   → 262/357 ❌ HTTP 404 — https://raw.githubusercontent.com/miladtahanian/multi-proxy-config-fetcher/refs/heads/main/configs/proxy_configs.txt
2026-05-13 14:49:25,815 | INFO     |   → 263/357: ✅ 0 взято | 🗑️ 0 мусор
2026-05-13 14:49:25,815 | INFO     |   → 264/357: ✅ 15 взято | 🗑️ 46 мусор
2026-05-13 14:49:25,815 | INFO     |   → 265/357: ✅ 0 взято | 🗑️ 9 мусор
2026-05-13 14:49:25,815 | INFO     |   → 266/357: ✅ 0 взято | 🗑️ 243 мусор
2026-05-13 14:49:25,815 | INFO     |   → 267/357: ✅ 0 взято | 🗑️ 15 мусор
2026-05-13 14:49:25,816 | INFO     |   → 268/357: ✅ 28 взято | 🗑️ 93 мусор
2026-05-13 14:49:25,816 | INFO     |   → 269/357: ✅ 74 взято | 🗑️ 425 мусор
2026-05-13 14:49:25,816 | INFO     |   → 270/357: ✅ 168 взято | 🗑️ 330 мусор
2026-05-13 14:49:25,816 | INFO     |   → 271/357: ✅ 15 взято | 🗑️ 70 мусор
2026-05-13 14:49:25,816 | INFO     |   → 272/357: ✅ 126 взято | 🗑️ 492 мусор
2026-05-13 14:49:25,816 | INFO     |   → 273/357: ✅ 0 взято | 🗑️ 190 мусор
2026-05-13 14:49:25,816 | INFO     |   → 274/357: ✅ 69 взято | 🗑️ 2590 мусор
2026-05-13 14:49:25,816 | INFO     |   → 275/357: ✅ 45 взято | 🗑️ 1445 мусор
2026-05-13 14:49:25,816 | INFO     |   → 276/357: ✅ 8 взято | 🗑️ 179 мусор
2026-05-13 14:49:25,816 | INFO     |   → 277/357: ✅ 5 взято | 🗑️ 1036 мусор
2026-05-13 14:49:25,816 | INFO     |   → 278/357: ✅ 1181 взято | 🗑️ 177 мусор
2026-05-13 14:49:25,816 | INFO     |   → 279/357 ❌ HTTP 404 — https://raw.githubusercontent.com/op30mmd/things/909b38024ba14d69dc0f95c238f63bc6e930a00f/eut.txt
2026-05-13 14:49:25,816 | INFO     |   → 280/357: ✅ 18 взято | 🗑️ 222 мусор
2026-05-13 14:49:25,816 | INFO     |   → 281/357: ✅ 4 взято | 🗑️ 3 мусор
2026-05-13 14:49:25,816 | INFO     |   → 282/357: ✅ 6703 взято | 🗑️ 35561 мусор
2026-05-13 14:49:25,816 | INFO     |   → 283/357: ✅ 0 взято | 🗑️ 54 мусор
2026-05-13 14:49:25,816 | INFO     |   → 284/357: ✅ 0 взято | 🗑️ 1 мусор
2026-05-13 14:49:25,816 | INFO     |   → 285/357: ✅ 0 взято | 🗑️ 44 мусор
2026-05-13 14:49:25,816 | INFO     |   → 286/357: ✅ 63 взято | 🗑️ 521 мусор
2026-05-13 14:49:25,816 | INFO     |   → 287/357: ✅ 165 взято | 🗑️ 273 мусор
2026-05-13 14:49:25,816 | INFO     |   → 288/357: ✅ 13 взято | 🗑️ 211 мусор
2026-05-13 14:49:25,816 | INFO     |   → 289/357: ✅ 4 взято | 🗑️ 86 мусор
2026-05-13 14:49:25,816 | INFO     |   → 290/357 ❌ HTTP 404 — https://raw.githubusercontent.com/sajad-sajadi/V2ray-Collector/raw/main/output/protocols/vmess.txt
2026-05-13 14:49:25,816 | INFO     |   → 291/357: ✅ 6380 взято | 🗑️ 2464 мусор
2026-05-13 14:49:25,816 | INFO     |   → 292/357 ❌ HTTP 404 — https://raw.githubusercontent.com/sakha1370/OpenRay/raw/refs/heads/main/output/all_valid_proxies.txt
2026-05-13 14:49:25,817 | INFO     |   → 293/357: ✅ 2 взято | 🗑️ 399 мусор
2026-05-13 14:49:25,817 | INFO     |   → 294/357 ❌ HTTP 404 — https://raw.githubusercontent.com/satrom/V2SSR/master/SSR/Sub.txt
2026-05-13 14:49:25,817 | INFO     |   → 295/357 ❌ HTTP 404 — https://raw.githubusercontent.com/satrom/V2SSR/master/V2RAY/Sub.txt
2026-05-13 14:49:25,817 | INFO     |   → 296/357: ✅ 717 взято | 🗑️ 24335 мусор
2026-05-13 14:49:25,817 | INFO     |   → 297/357: ✅ 3 взято | 🗑️ 49 мусор
2026-05-13 14:49:25,817 | INFO     |   → 298/357: ✅ 0 взято | 🗑️ 1309 мусор
2026-05-13 14:49:25,817 | INFO     |   → 299/357 ❌ HTTP 404 — https://raw.githubusercontent.com/soroushmirzaei/telegram-configs-collector/main/splitted/subscribe
2026-05-13 14:49:25,817 | INFO     |   → 300/357 ❌ HTTP 404 — https://raw.githubusercontent.com/ssrsub/ssr/master/vless.txt
2026-05-13 14:49:25,817 | INFO     |   → 301/357: ✅ 2 взято | 🗑️ 12 мусор
2026-05-13 14:49:25,817 | INFO     |   → 302/357: ✅ 0 взято | 🗑️ 13 мусор
2026-05-13 14:49:25,817 | INFO     |   → 303/357: ✅ 0 взято | 🗑️ 13 мусор
2026-05-13 14:49:25,817 | INFO     |   → 304/357: ✅ 53 взято | 🗑️ 444 мусор
2026-05-13 14:49:25,817 | INFO     |   → 305/357: ✅ 79 взято | 🗑️ 221 мусор
2026-05-13 14:49:25,817 | INFO     |   → 306/357: ✅ 27 взято | 🗑️ 173 мусор
2026-05-13 14:49:25,817 | INFO     |   → 307/357: ✅ 26 взято | 🗑️ 274 мусор
2026-05-13 14:49:25,817 | INFO     |   → 308/357: ✅ 114 взято | 🗑️ 86 мусор
2026-05-13 14:49:25,817 | INFO     |   → 309/357: ✅ 85 взято | 🗑️ 115 мусор
2026-05-13 14:49:25,817 | INFO     |   → 310/357: ✅ 80 взято | 🗑️ 119 мусор
2026-05-13 14:49:25,817 | INFO     |   → 311/357: ✅ 53 взято | 🗑️ 0 мусор
2026-05-13 14:49:25,817 | INFO     |   → 312/357: ✅ 5 взято | 🗑️ 111 мусор
2026-05-13 14:49:25,817 | INFO     |   → 313/357 ❌ HTTP 404 — https://raw.githubusercontent.com/v2clash/Autoproxy/a81f840ab2364124133572ec94e4b81fb0d4e58d/sub/2401/240104.txt
2026-05-13 14:49:25,817 | INFO     |   → 314/357 ❌ HTTP 404 — https://raw.githubusercontent.com/v2clash/V2ray-Configs/31f493c584d0c7b56350f4a34d80c53ad82bcc18/Sub9.txt
2026-05-13 14:49:25,817 | INFO     |   → 315/357: ✅ 36 взято | 🗑️ 303 мусор
2026-05-13 14:49:25,817 | INFO     |   → 316/357 ❌ HTTP 404 — https://raw.githubusercontent.com/vsevjik/OBSpiskov/main/wwh
2026-05-13 14:49:25,817 | INFO     |   → 317/357 ❌ HTTP 404 — https://raw.githubusercontent.com/vsevjik/OBSpiskov/main/wwhjk
2026-05-13 14:49:25,817 | INFO     |   → 318/357 ❌ HTTP 404 — https://raw.githubusercontent.com/vsevjik/OBSpiskov/main/wwhljjjkk
2026-05-13 14:49:25,817 | INFO     |   → 319/357: ✅ 0 взято | 🗑️ 10 мусор
2026-05-13 14:49:25,817 | INFO     |   → 320/357: ✅ 107 взято | 🗑️ 689 мусор
2026-05-13 14:49:25,817 | INFO     |   → 321/357: ✅ 49 взято | 🗑️ 841 мусор
2026-05-13 14:49:25,817 | INFO     |   → 322/357: ✅ 21 взято | 🗑️ 789 мусор
2026-05-13 14:49:25,818 | INFO     |   → 323/357: ✅ 24 взято | 🗑️ 774 мусор
2026-05-13 14:49:25,818 | INFO     |   → 324/357: ✅ 52 взято | 🗑️ 756 мусор
2026-05-13 14:49:25,818 | INFO     |   → 325/357: ✅ 191 взято | 🗑️ 745 мусор
2026-05-13 14:49:25,818 | INFO     |   → 326/357: ✅ 9 взято | 🗑️ 651 мусор
2026-05-13 14:49:25,818 | INFO     |   → 327/357: ✅ 185 взято | 🗑️ 388 мусор
2026-05-13 14:49:25,818 | INFO     |   → 328/357: ✅ 130 взято | 🗑️ 523 мусор
2026-05-13 14:49:25,818 | INFO     |   → 329/357: ✅ 67 взято | 🗑️ 533 мусор
2026-05-13 14:49:25,818 | INFO     |   → 330/357: ✅ 98 взято | 🗑️ 444 мусор
2026-05-13 14:49:25,818 | INFO     |   → 331/357: ✅ 102 взято | 🗑️ 670 мусор
2026-05-13 14:49:25,818 | INFO     |   → 332/357: ✅ 86 взято | 🗑️ 476 мусор
2026-05-13 14:49:25,818 | INFO     |   → 333/357: ✅ 95 взято | 🗑️ 657 мусор
2026-05-13 14:49:25,818 | INFO     |   → 334/357: ✅ 105 взято | 🗑️ 645 мусор
2026-05-13 14:49:25,818 | INFO     |   → 335/357: ✅ 115 взято | 🗑️ 985 мусор
2026-05-13 14:49:25,818 | INFO     |   → 336/357: ✅ 19 взято | 🗑️ 489 мусор
2026-05-13 14:49:25,818 | INFO     |   → 337/357: ✅ 5 взято | 🗑️ 10 мусор
2026-05-13 14:49:25,818 | INFO     |   → 338/357: ✅ 1 взято | 🗑️ 124 мусор
2026-05-13 14:49:25,818 | INFO     |   → 339/357: ✅ 104 взято | 🗑️ 86 мусор
2026-05-13 14:49:25,818 | INFO     |   → 340/357: ✅ 39 взято | 🗑️ 472 мусор
2026-05-13 14:49:25,818 | INFO     |   → 341/357: ✅ 0 взято | 🗑️ 452 мусор
2026-05-13 14:49:25,818 | INFO     |   → 342/357: ✅ 0 взято | 🗑️ 6 мусор
2026-05-13 14:49:25,819 | INFO     |   → 343/357 ❌ HTTP 404 — https://raw.githubusercontent.com/xiaozhu2007/xiaozhu2007/61a755a044dbaeea678bc2d1e20f21a21c6d7170/docs/fxxk.txt
2026-05-13 14:49:25,819 | INFO     |   → 344/357 ❌ HTTP 404 — https://raw.githubusercontent.com/yebekhe/TVC/0f745f92bf381e505f1245abbc7c145b19b11503/config.txt
2026-05-13 14:49:25,819 | INFO     |   → 345/357 ❌ HTTP 404 — https://raw.githubusercontent.com/yebekhe/TVC/9fac69239c69327fb7a61f5a8d79d107133889e1/lite/config.txt
2026-05-13 14:49:25,819 | INFO     |   → 346/357 ❌ HTTP 404 — https://raw.githubusercontent.com/yebekhe/TelegramV2rayCollector/main/sub/normal/mix
2026-05-13 14:49:25,819 | INFO     |   → 347/357 ❌ HTTP 404 — https://raw.githubusercontent.com/yebekhe/TelegramV2rayCollector/main/sub/normal/vless
2026-05-13 14:49:25,819 | INFO     |   → 348/357 ❌ HTTP 404 — https://raw.githubusercontent.com/yebekhe/V2Hub/main/Split/Normal/shadowsocks
2026-05-13 14:49:25,819 | INFO     |   → 349/357 ❌ HTTP 404 — https://raw.githubusercontent.com/yebekhe/V2Hub/main/merged
2026-05-13 14:49:25,819 | INFO     |   → 350/357: ✅ 373 взято | 🗑️ 7453 мусор
2026-05-13 14:49:25,819 | INFO     |   → 351/357: ✅ 0 взято | 🗑️ 7453 мусор
2026-05-13 14:49:25,819 | INFO     |   → 352/357: ✅ 6 взято | 🗑️ 342 мусор
2026-05-13 14:49:25,819 | INFO     |   → 353/357: ✅ 7 взято | 🗑️ 256 мусор
2026-05-13 14:49:25,819 | INFO     |   → 354/357: ✅ 0 взято | 🗑️ 1564 мусор
2026-05-13 14:49:25,819 | INFO     |   → 355/357 ❌ HTTP 404 — https://raw.githubusercontent.com/yyyr-otz/tele-providers-collector/019cb3e07ee52fddbc7caa54fc670c6b9bae6539/sub/proxies.txt
2026-05-13 14:49:25,819 | INFO     |   → 356/357 ❌ HTTP 404 — https://raw.githubusercontent.com/yyyr-otz/tele-providers-collector/b7a74ee98bcf02c5a507d688a1bed3aa9f7f4ed1/script/raw/protocols/mixed.txt
2026-05-13 14:49:25,819 | INFO     |   → 357/357: ✅ 398 взято | 🗑️ 42 мусор
2026-05-13 14:49:25,819 | INFO     |   → ✅ ГОТОВО!
2026-05-13 14:49:25,819 | INFO     |   →    📥 Всего ключей после фильтра: 55524
2026-05-13 14:49:25,819 | INFO     |   →    🔗 Уникальных IP:PORT:SCHEME: 25156
2026-05-13 14:49:25,820 | INFO     |   →    🗑️ Выброшено мусора: 510365
2026-05-13 14:49:25,820 | INFO     |   → 📊 По протоколам:
2026-05-13 14:49:25,820 | INFO     |   →    vless: 10859
2026-05-13 14:49:25,820 | INFO     |   →    vmess: 2787
2026-05-13 14:49:25,820 | INFO     |   →    trojan: 6350
2026-05-13 14:49:25,820 | INFO     |   →    ss: 4914
2026-05-13 14:49:25,820 | INFO     |   →    hysteria: 17
2026-05-13 14:49:25,820 | INFO     |   →    hysteria2: 99
2026-05-13 14:49:25,820 | INFO     |   →    hy2: 77
2026-05-13 14:49:25,820 | INFO     |   →    tuic: 53
2026-05-13 14:49:25,820 | INFO     | ✅ mirror.py завершён успешно
2026-05-13 14:49:25,820 | INFO     | 
2026-05-13 14:49:25,820 | INFO     | 
2026-05-13 14:49:25,820 | INFO     | ──────────────────────────────────────────────────────────────────────
2026-05-13 14:49:25,820 | INFO     | 📌 ЭТАП: Генерация 50 уникальных CF-VLESS
2026-05-13 14:49:25,820 | INFO     | ──────────────────────────────────────────────────────────────────────
2026-05-13 14:49:25,820 | INFO     | 🚀 Запуск generate_cf_vless.py (50 новых CF-VLESS)...
2026-05-13 14:49:26,789 | INFO     |   → ======================================================================
2026-05-13 14:49:26,789 | INFO     |   → 🗺️  Генератор свежих VLESS-конфигов на IP Cloudflare
2026-05-13 14:49:26,789 | INFO     |   → ======================================================================
2026-05-13 14:49:26,789 | INFO     |   →   → Загружаем актуальные IP-диапазоны Cloudflare: https://www.cloudflare.com/ips-v4
2026-05-13 14:49:26,789 | INFO     |   →   → Найдено 15 IPv4 CIDR-блоков. Преобразуем их в IP-адреса...
2026-05-13 14:49:26,789 | INFO     |   → ✅ Успешно загружено и подготовлено 7500 IP-адресов для ротации.
2026-05-13 14:49:26,789 | INFO     |   → ✨ Сгенерировано и сохранено 50 VLESS-конфигов.
2026-05-13 14:49:26,789 | INFO     |   → 📂 Файл: /home/runner/work/vpn-vless-configs-russia/vpn-vless-configs-russia/githubmirror/new/cf_fresh.txt
2026-05-13 14:49:26,790 | INFO     |   → ======================================================================
2026-05-13 14:49:26,790 | INFO     | ✅ generate_cf_vless.py завершён успешно
2026-05-13 14:49:26,790 | INFO     | 
2026-05-13 14:49:26,790 | INFO     | 
2026-05-13 14:49:26,790 | INFO     | ──────────────────────────────────────────────────────────────────────
2026-05-13 14:49:26,790 | INFO     | 📌 ЭТАП: Слияние CF с основным списком
2026-05-13 14:49:26,790 | INFO     | ──────────────────────────────────────────────────────────────────────
2026-05-13 14:49:26,921 | INFO     | 🔄 Добавлено 50 новых CF-VLESS в /home/runner/work/vpn-vless-configs-russia/vpn-vless-configs-russia/githubmirror/clean/vless.txt
2026-05-13 14:49:26,921 | INFO     | 📊 Всего в clean/vless.txt теперь: 10909
2026-05-13 14:49:26,923 | INFO     | 
2026-05-13 14:49:26,923 | INFO     | 
2026-05-13 14:49:26,923 | INFO     | ──────────────────────────────────────────────────────────────────────
2026-05-13 14:49:26,923 | INFO     | 📌 ЭТАП: Фильтрация по реальному SNI
2026-05-13 14:49:26,923 | INFO     | ──────────────────────────────────────────────────────────────────────
2026-05-13 14:49:26,923 | INFO     | 🚀 Запуск filter_ru_sni.py (Фильтр по реальному SNI (CDN+RU))...
2026-05-13 14:49:27,570 | INFO     |   → hy2.txt: 77 → 21 (SNI-filtered)
2026-05-13 14:49:27,570 | INFO     |   →   hysteria.txt: 17 → 0 (SNI-filtered)
2026-05-13 14:49:27,570 | INFO     |   →   hysteria2.txt: 99 → 31 (SNI-filtered)
2026-05-13 14:49:27,570 | INFO     |   →   ss.txt: 4914 → 254 (SNI-filtered)
2026-05-13 14:49:27,570 | INFO     |   →   trojan.txt: 6350 → 13 (SNI-filtered)
2026-05-13 14:49:27,570 | INFO     |   →   tuic.txt: 53 → 0 (SNI-filtered)
2026-05-13 14:49:27,570 | INFO     |   →   vless.txt: 10909 → 1580 (SNI-filtered)
2026-05-13 14:49:27,570 | INFO     |   →   vmess.txt: 2787 → 31 (SNI-filtered)
2026-05-13 14:49:27,570 | INFO     |   → ==================================================
2026-05-13 14:49:27,570 | INFO     |   →   Всего входных:  25206
2026-05-13 14:49:27,570 | INFO     |   →   Прошли фильтр:  1930
2026-05-13 14:49:27,570 | INFO     |   →   Отброшено:      23276
2026-05-13 14:49:27,571 | INFO     |   → ==================================================
2026-05-13 14:49:27,571 | INFO     |   → Готово → /home/runner/work/vpn-vless-configs-russia/vpn-vless-configs-russia/githubmirror/ru-sni
2026-05-13 14:49:27,571 | INFO     | ✅ filter_ru_sni.py завершён успешно
2026-05-13 14:49:27,571 | INFO     | 
2026-05-13 14:49:27,571 | INFO     | 
2026-05-13 14:49:27,571 | INFO     | ──────────────────────────────────────────────────────────────────────
2026-05-13 14:49:27,571 | INFO     | 📌 ЭТАП: Экспериментальный RU-SNI фильтр
2026-05-13 14:49:27,571 | INFO     | ──────────────────────────────────────────────────────────────────────
2026-05-13 14:49:27,571 | INFO     | 🚀 Запуск filter_ru_sni_local.py (Экспериментальный фильтр по RU-SNI (локальные домены))...
2026-05-13 14:49:27,992 | INFO     |   → hy2.txt: 77 → 0 (RU-SNI)
2026-05-13 14:49:27,992 | INFO     |   → hysteria.txt: 17 → 0 (RU-SNI)
2026-05-13 14:49:27,992 | INFO     |   → hysteria2.txt: 99 → 0 (RU-SNI)
2026-05-13 14:49:27,992 | INFO     |   → ss.txt: 4914 → 62 (RU-SNI)
2026-05-13 14:49:27,992 | INFO     |   → trojan.txt: 6350 → 3 (RU-SNI)
2026-05-13 14:49:27,992 | INFO     |   → tuic.txt: 53 → 0 (RU-SNI)
2026-05-13 14:49:27,992 | INFO     |   → vless.txt: 10909 → 743 (RU-SNI)
2026-05-13 14:49:27,992 | INFO     |   → vmess.txt: 2787 → 2 (RU-SNI)
2026-05-13 14:49:27,992 | INFO     |   → ==================================================
2026-05-13 14:49:27,992 | INFO     |   → Всего входных:  25206
2026-05-13 14:49:27,992 | INFO     |   → Прошли RU-SNI:  810
2026-05-13 14:49:27,992 | INFO     |   → Отброшено:      24396
2026-05-13 14:49:27,992 | INFO     |   → ==================================================
2026-05-13 14:49:27,992 | INFO     |   → Готово → /home/runner/work/vpn-vless-configs-russia/vpn-vless-configs-russia/githubmirror/ru-sni-local
2026-05-13 14:49:27,992 | INFO     | ✅ filter_ru_sni_local.py завершён успешно
2026-05-13 14:49:27,992 | INFO     | 
2026-05-13 14:49:27,992 | INFO     | 
2026-05-13 14:49:27,992 | INFO     | ──────────────────────────────────────────────────────────────────────
2026-05-13 14:49:27,992 | INFO     | 📌 ЭТАП: Сбор статистики
2026-05-13 14:49:27,992 | INFO     | ──────────────────────────────────────────────────────────────────────
2026-05-13 14:49:27,992 | INFO     | 📊 Сбор статистики...
2026-05-13 14:49:27,992 | INFO     |   📁 githubmirror/clean:
2026-05-13 14:49:27,993 | INFO     |     • hy2         :    77 конфигов
2026-05-13 14:49:27,993 | INFO     |     • hysteria    :    17 конфигов
2026-05-13 14:49:27,993 | INFO     |     • hysteria2   :    99 конфигов
2026-05-13 14:49:27,996 | INFO     |     • ss          :  4914 конфигов
2026-05-13 14:49:27,999 | INFO     |     • trojan      :  6350 конфигов
2026-05-13 14:49:28,000 | INFO     |     • tuic        :    53 конфигов
2026-05-13 14:49:28,009 | INFO     |     • vless       : 10909 конфигов
2026-05-13 14:49:28,012 | INFO     |     • vmess       :  2787 конфигов
2026-05-13 14:49:28,012 | INFO     |   📁 githubmirror/ru-sni:
2026-05-13 14:49:28,012 | INFO     |     • hy2         :    21 конфигов ( 27.3% от clean)
2026-05-13 14:49:28,012 | INFO     |     • hysteria    :     0 конфигов (  0.0% от clean)
2026-05-13 14:49:28,012 | INFO     |     • hysteria2   :    31 конфигов ( 31.3% от clean)
2026-05-13 14:49:28,013 | INFO     |     • ss          :   254 конфигов (  5.2% от clean)
2026-05-13 14:49:28,013 | INFO     |     • trojan      :    13 конфигов (  0.2% от clean)
2026-05-13 14:49:28,013 | INFO     |     • tuic        :     0 конфигов (  0.0% от clean)
2026-05-13 14:49:28,015 | INFO     |     • vless       :  1580 конфигов ( 14.5% от clean)
2026-05-13 14:49:28,015 | INFO     |     • vmess       :    31 конфигов (  1.1% от clean)
2026-05-13 14:49:28,015 | INFO     |   ✨ Новых CF-VLESS в этом запуске: 50
2026-05-13 14:49:28,015 | INFO     | 
2026-05-13 14:49:28,015 | INFO     |   ──────────────────────────────────────────────────
2026-05-13 14:49:28,015 | INFO     |   📈 ИТОГО:
2026-05-13 14:49:28,015 | INFO     |     Clean (после geo-фильтра):    25206
2026-05-13 14:49:28,015 | INFO     |     RU-SNI (после SNI-фильтра):    1930
2026-05-13 14:49:28,016 | INFO     |     Прошло фильтр:                  7.7%
2026-05-13 14:49:28,016 | INFO     |   ──────────────────────────────────────────────────
2026-05-13 14:49:28,016 | INFO     | ✅ Статистика сохранена: /home/runner/work/vpn-vless-configs-russia/vpn-vless-configs-russia/stats.json
2026-05-13 14:49:28,016 | INFO     | 
2026-05-13 14:49:28,016 | INFO     | ======================================================================
2026-05-13 14:49:28,016 | INFO     | 📊 ИТОГОВЫЙ ОТЧЁТ
2026-05-13 14:49:28,016 | INFO     | ======================================================================
2026-05-13 14:49:28,016 | INFO     |   ✅ OK         | Загрузка и geo-фильтрация
2026-05-13 14:49:28,016 | INFO     |   ✅ OK         | Генерация 50 уникальных CF-VLESS
2026-05-13 14:49:28,016 | INFO     |   ✅ OK         | Слияние CF с основным списком
2026-05-13 14:49:28,016 | INFO     |   ✅ OK         | Фильтрация по реальному SNI
2026-05-13 14:49:28,016 | INFO     |   ✅ OK         | Экспериментальный RU-SNI фильтр
2026-05-13 14:49:28,016 | INFO     |   ✅ OK         | Сбор статистики
2026-05-13 14:49:28,016 | INFO     | ──────────────────────────────────────────────────────────────────────
2026-05-13 14:49:28,016 | INFO     | ✅ ВСЕ ЭТАПЫ УСПЕШНЫ (6/6)
2026-05-13 14:49:28,016 | INFO     | ⏰ Время завершения: 2026-05-13 14:49:28
2026-05-13 14:49:28,017 | INFO     | ======================================================================
