2026-06-05 02:08:04,091 | INFO     | ======================================================================
2026-06-05 02:08:04,091 | INFO     | 🔍 VPN KEY CHECKER - Начало проверки
2026-06-05 02:08:04,091 | INFO     | ⏰ Время старта: 2026-06-05 02:08:04
2026-06-05 02:08:04,091 | INFO     | 📂 Рабочая директория: /home/runner/work/vpn-vless-configs-russia/vpn-vless-configs-russia
2026-06-05 02:08:04,091 | INFO     | ======================================================================
2026-06-05 02:08:04,091 | INFO     | 
2026-06-05 02:08:04,091 | INFO     | 🔍 Проверка наличия скриптов...
2026-06-05 02:08:04,091 | INFO     |   ✅ mirror.py
2026-06-05 02:08:04,091 | INFO     |   ✅ generate_cf_vless.py
2026-06-05 02:08:04,091 | INFO     |   ✅ filter_ru_sni.py
2026-06-05 02:08:04,091 | INFO     |   ✅ filter_ru_sni_local.py
2026-06-05 02:08:04,091 | INFO     | 
2026-06-05 02:08:04,091 | INFO     | ──────────────────────────────────────────────────────────────────────
2026-06-05 02:08:04,091 | INFO     | 📌 ЭТАП: Загрузка и geo-фильтрация
2026-06-05 02:08:04,092 | INFO     | ──────────────────────────────────────────────────────────────────────
2026-06-05 02:08:04,092 | INFO     | 🚀 Запуск mirror.py (Загрузка и фильтрация по РФ/СНГ/Европа)...
2026-06-05 02:08:07,985 | INFO     |   → DEBUG: mirror.py started
2026-06-05 02:08:07,985 | INFO     |   → DEBUG: BASE_PATH = /home/runner/work/vpn-vless-configs-russia/vpn-vless-configs-russia
2026-06-05 02:08:07,985 | INFO     |   → DEBUG: CONFIG_SOURCES_FILE = /home/runner/work/vpn-vless-configs-russia/vpn-vless-configs-russia/data/config_sources.json
2026-06-05 02:08:07,985 | INFO     |   → 📂 Загружено 10 источников из /home/runner/work/vpn-vless-configs-russia/vpn-vless-configs-russia/data/config_sources.json
2026-06-05 02:08:07,985 | INFO     |   → 🚀 Старт: всего источников: 10
2026-06-05 02:08:07,985 | INFO     |   → 1/10: ✅ 0 взято | 🗑️ 0 мусор
2026-06-05 02:08:07,985 | INFO     |   → 2/10: ✅ 0 взято | 🗑️ 0 мусор
2026-06-05 02:08:07,985 | INFO     |   → 3/10: ✅ 0 взято | 🗑️ 0 мусор
2026-06-05 02:08:07,985 | INFO     |   → 4/10: ✅ 0 взято | 🗑️ 0 мусор
2026-06-05 02:08:07,985 | INFO     |   → 5/10: ✅ 10 взято | 🗑️ 151 мусор
2026-06-05 02:08:07,986 | INFO     |   → 6/10: ✅ 0 взято | 🗑️ 0 мусор
2026-06-05 02:08:07,986 | INFO     |   → 7/10: ✅ 3 взято | 🗑️ 145 мусор
2026-06-05 02:08:07,986 | INFO     |   → 8/10: ✅ 0 взято | 🗑️ 0 мусор
2026-06-05 02:08:07,986 | INFO     |   → 9/10: ✅ 13 взято | 🗑️ 7 мусор
2026-06-05 02:08:07,986 | INFO     |   → 10/10: ✅ 0 взято | 🗑️ 7 мусор
2026-06-05 02:08:07,986 | INFO     |   → 📡 С sstap.org получено 0 ключей
2026-06-05 02:08:07,986 | INFO     |   → 📡 С sstap.org не добавлено ни одного ключа (все 0 отклонены фильтром)
2026-06-05 02:08:07,986 | INFO     |   → ✅ ГОТОВО!
2026-06-05 02:08:07,986 | INFO     |   →    📥 Всего ключей после фильтра: 26
2026-06-05 02:08:07,986 | INFO     |   →    🔗 Уникальных IP:PORT:SCHEME: 21
2026-06-05 02:08:07,986 | INFO     |   →    🗑️ Выброшено мусора: 310
2026-06-05 02:08:07,986 | INFO     |   → 📊 По протоколам:
2026-06-05 02:08:07,986 | INFO     |   →    vless: 13
2026-06-05 02:08:07,986 | INFO     |   →    vmess: 1
2026-06-05 02:08:07,986 | INFO     |   →    trojan: 4
2026-06-05 02:08:07,986 | INFO     |   →    ss: 3
2026-06-05 02:08:07,986 | INFO     | ✅ mirror.py завершён успешно
2026-06-05 02:08:07,986 | INFO     | 
2026-06-05 02:08:07,986 | INFO     | 
2026-06-05 02:08:07,986 | INFO     | ──────────────────────────────────────────────────────────────────────
2026-06-05 02:08:07,986 | INFO     | 📌 ЭТАП: Генерация 50 уникальных CF-VLESS
2026-06-05 02:08:07,986 | INFO     | ──────────────────────────────────────────────────────────────────────
2026-06-05 02:08:07,987 | INFO     | 🚀 Запуск generate_cf_vless.py (50 новых CF-VLESS)...
2026-06-05 02:08:08,200 | INFO     |   → === Генератор свежих VLESS-конфигов на IP Cloudflare ===
2026-06-05 02:08:08,200 | INFO     |   → ✅ Сгенерировано и сохранено 50 VLESS-конфигов.
2026-06-05 02:08:08,200 | INFO     |   → 📂 Файл: /home/runner/work/vpn-vless-configs-russia/vpn-vless-configs-russia/data/githubmirror/new/cf_fresh.txt
2026-06-05 02:08:08,200 | INFO     | ✅ generate_cf_vless.py завершён успешно
2026-06-05 02:08:08,200 | INFO     | 
2026-06-05 02:08:08,200 | INFO     | 
2026-06-05 02:08:08,200 | INFO     | ──────────────────────────────────────────────────────────────────────
2026-06-05 02:08:08,200 | INFO     | 📌 ЭТАП: Слияние CF с основным списком
2026-06-05 02:08:08,200 | INFO     | ──────────────────────────────────────────────────────────────────────
2026-06-05 02:08:08,201 | INFO     | 🔄 Добавлено 50 новых CF-VLESS в /home/runner/work/vpn-vless-configs-russia/vpn-vless-configs-russia/data/githubmirror/clean/vless.txt
2026-06-05 02:08:08,201 | INFO     | 📊 Всего в clean/vless.txt теперь: 63
2026-06-05 02:08:08,201 | INFO     | 
2026-06-05 02:08:08,201 | INFO     | 
2026-06-05 02:08:08,201 | INFO     | ──────────────────────────────────────────────────────────────────────
2026-06-05 02:08:08,202 | INFO     | 📌 ЭТАП: Фильтрация по реальному SNI
2026-06-05 02:08:08,202 | INFO     | ──────────────────────────────────────────────────────────────────────
2026-06-05 02:08:08,202 | INFO     | 🚀 Запуск filter_ru_sni.py (Фильтр по реальному SNI (CDN+RU))...
2026-06-05 02:08:08,229 | INFO     |   → ss.txt: 3 → 0 (SNI-filtered)
2026-06-05 02:08:08,229 | INFO     |   →   trojan.txt: 4 → 0 (SNI-filtered)
2026-06-05 02:08:08,229 | INFO     |   →   vless.txt: 63 → 54 (SNI-filtered)
2026-06-05 02:08:08,229 | INFO     |   →   vmess.txt: 1 → 0 (SNI-filtered)
2026-06-05 02:08:08,229 | INFO     |   → ==================================================
2026-06-05 02:08:08,229 | INFO     |   →   Всего входных:  71
2026-06-05 02:08:08,229 | INFO     |   →   Прошли фильтр:  54
2026-06-05 02:08:08,229 | INFO     |   →   Отброшено:      17
2026-06-05 02:08:08,229 | INFO     |   → ==================================================
2026-06-05 02:08:08,229 | INFO     |   → Готово → /home/runner/work/vpn-vless-configs-russia/vpn-vless-configs-russia/data/githubmirror/ru-sni
2026-06-05 02:08:08,229 | INFO     | ✅ filter_ru_sni.py завершён успешно
2026-06-05 02:08:08,229 | INFO     | 
2026-06-05 02:08:08,229 | INFO     | 
2026-06-05 02:08:08,229 | INFO     | ──────────────────────────────────────────────────────────────────────
2026-06-05 02:08:08,229 | INFO     | 📌 ЭТАП: Экспериментальный RU-SNI фильтр
2026-06-05 02:08:08,229 | INFO     | ──────────────────────────────────────────────────────────────────────
2026-06-05 02:08:08,229 | INFO     | 🚀 Запуск filter_ru_sni_local.py (Экспериментальный фильтр по RU-SNI)...
2026-06-05 02:08:08,257 | INFO     |   → ss.txt: 3 → 0 (RU-SNI)
2026-06-05 02:08:08,257 | INFO     |   → trojan.txt: 4 → 0 (RU-SNI)
2026-06-05 02:08:08,257 | INFO     |   → vless.txt: 63 → 1 (RU-SNI)
2026-06-05 02:08:08,257 | INFO     |   → vmess.txt: 1 → 0 (RU-SNI)
2026-06-05 02:08:08,257 | INFO     |   → ==================================================
2026-06-05 02:08:08,257 | INFO     |   → Всего входных:  71
2026-06-05 02:08:08,257 | INFO     |   → Прошли RU-SNI:  1
2026-06-05 02:08:08,257 | INFO     |   → Отброшено:      70
2026-06-05 02:08:08,257 | INFO     |   → ==================================================
2026-06-05 02:08:08,257 | INFO     |   → Готово → /home/runner/work/vpn-vless-configs-russia/vpn-vless-configs-russia/data/githubmirror/ru-sni-local
2026-06-05 02:08:08,258 | INFO     | ✅ filter_ru_sni_local.py завершён успешно
2026-06-05 02:08:08,258 | INFO     | 
2026-06-05 02:08:08,258 | INFO     | 
2026-06-05 02:08:08,258 | INFO     | ──────────────────────────────────────────────────────────────────────
2026-06-05 02:08:08,258 | INFO     | 📌 ЭТАП: Сбор статистики
2026-06-05 02:08:08,258 | INFO     | ──────────────────────────────────────────────────────────────────────
2026-06-05 02:08:08,258 | INFO     | 📊 Сбор статистики...
2026-06-05 02:08:08,258 | INFO     |   📁 githubmirror/clean:
2026-06-05 02:08:08,258 | INFO     |     • ss          :     3 конфигов
2026-06-05 02:08:08,259 | INFO     |     • trojan      :     4 конфигов
2026-06-05 02:08:08,259 | INFO     |     • vless       :    63 конфигов
2026-06-05 02:08:08,259 | INFO     |     • vmess       :     1 конфигов
2026-06-05 02:08:08,259 | INFO     |   📁 githubmirror/ru-sni:
2026-06-05 02:08:08,259 | INFO     |     • ss          :     0 конфигов (  0.0% от clean)
2026-06-05 02:08:08,259 | INFO     |     • trojan      :     0 конфигов (  0.0% от clean)
2026-06-05 02:08:08,259 | INFO     |     • vless       :    54 конфигов ( 85.7% от clean)
2026-06-05 02:08:08,259 | INFO     |     • vmess       :     0 конфигов (  0.0% от clean)
2026-06-05 02:08:08,260 | INFO     |   ✨ Новых CF-VLESS в этом запуске: 50
2026-06-05 02:08:08,260 | INFO     | 
2026-06-05 02:08:08,260 | INFO     |   ──────────────────────────────────────────────────
2026-06-05 02:08:08,260 | INFO     |   📈 ИТОГО:
2026-06-05 02:08:08,260 | INFO     |     Clean (после geo-фильтра):       71
2026-06-05 02:08:08,260 | INFO     |     RU-SNI (после SNI-фильтра):      54
2026-06-05 02:08:08,260 | INFO     |     Прошло фильтр:                 76.1%
2026-06-05 02:08:08,260 | INFO     |   ──────────────────────────────────────────────────
2026-06-05 02:08:08,260 | INFO     | ✅ Статистика сохранена: /home/runner/work/vpn-vless-configs-russia/vpn-vless-configs-russia/data/stats.json
2026-06-05 02:08:08,260 | INFO     | 
2026-06-05 02:08:08,260 | INFO     | ======================================================================
2026-06-05 02:08:08,260 | INFO     | 📊 ИТОГОВЫЙ ОТЧЁТ
2026-06-05 02:08:08,261 | INFO     | ======================================================================
2026-06-05 02:08:08,261 | INFO     |   ✅ OK         | Загрузка и geo-фильтрация
2026-06-05 02:08:08,261 | INFO     |   ✅ OK         | Генерация 50 уникальных CF-VLESS
2026-06-05 02:08:08,261 | INFO     |   ✅ OK         | Слияние CF с основным списком
2026-06-05 02:08:08,261 | INFO     |   ✅ OK         | Фильтрация по реальному SNI
2026-06-05 02:08:08,261 | INFO     |   ✅ OK         | Экспериментальный RU-SNI фильтр
2026-06-05 02:08:08,261 | INFO     |   ✅ OK         | Сбор статистики
2026-06-05 02:08:08,261 | INFO     | ──────────────────────────────────────────────────────────────────────
2026-06-05 02:08:08,261 | INFO     | ✅ ВСЕ ЭТАПЫ УСПЕШНЫ (6/6)
2026-06-05 02:08:08,261 | INFO     | ⏰ Время завершения: 2026-06-05 02:08:08
2026-06-05 02:08:08,261 | INFO     | ======================================================================
