2026-06-27 08:26:51,023 | INFO     | ======================================================================
2026-06-27 08:26:51,023 | INFO     | 🔍 VPN KEY CHECKER - Начало проверки
2026-06-27 08:26:51,023 | INFO     | ⏰ Время старта: 2026-06-27 08:26:51
2026-06-27 08:26:51,023 | INFO     | 📂 Рабочая директория: /home/runner/work/vpn-vless-configs-russia/vpn-vless-configs-russia
2026-06-27 08:26:51,023 | INFO     | ======================================================================
2026-06-27 08:26:51,023 | INFO     | 
2026-06-27 08:26:51,024 | INFO     | 🔍 Проверка наличия скриптов...
2026-06-27 08:26:51,024 | INFO     |   ✅ mirror.py
2026-06-27 08:26:51,024 | INFO     |   ✅ generate_cf_vless.py
2026-06-27 08:26:51,024 | INFO     |   ✅ filter_ru_sni.py
2026-06-27 08:26:51,024 | INFO     |   ✅ filter_ru_sni_local.py
2026-06-27 08:26:51,024 | INFO     | 
2026-06-27 08:26:51,024 | INFO     | ──────────────────────────────────────────────────────────────────────
2026-06-27 08:26:51,024 | INFO     | 📌 ЭТАП: Загрузка и geo-фильтрация
2026-06-27 08:26:51,024 | INFO     | ──────────────────────────────────────────────────────────────────────
2026-06-27 08:26:51,024 | INFO     | 🚀 Запуск mirror.py (Загрузка и фильтрация по РФ/СНГ/Европа)...
2026-06-27 08:27:35,493 | INFO     |   → DEBUG: mirror.py started
2026-06-27 08:27:35,494 | INFO     |   → DEBUG: BASE_PATH = /home/runner/work/vpn-vless-configs-russia/vpn-vless-configs-russia
2026-06-27 08:27:35,494 | INFO     |   → DEBUG: CONFIG_SOURCES_FILE = /home/runner/work/vpn-vless-configs-russia/vpn-vless-configs-russia/data/config_sources.json
2026-06-27 08:27:35,494 | INFO     |   → 📂 Загружено 125 источников из /home/runner/work/vpn-vless-configs-russia/vpn-vless-configs-russia/data/config_sources.json
2026-06-27 08:27:35,494 | INFO     |   → 🚀 Старт: всего источников: 125
2026-06-27 08:27:35,494 | INFO     |   → 1/125: ✅ 0 взято | 🗑️ 0 мусор
2026-06-27 08:27:35,494 | INFO     |   → 2/125: ✅ 0 взято | 🗑️ 0 мусор
2026-06-27 08:27:35,494 | INFO     |   → 3/125: ✅ 0 взято | 🗑️ 0 мусор
2026-06-27 08:27:35,494 | INFO     |   → 4/125: ✅ 0 взято | 🗑️ 0 мусор
2026-06-27 08:27:35,494 | INFO     |   → 5/125: ✅ 0 взято | 🗑️ 0 мусор
2026-06-27 08:27:35,494 | INFO     |   → 6/125: ✅ 0 взято | 🗑️ 0 мусор
2026-06-27 08:27:35,494 | INFO     |   → 7/125: ✅ 0 взято | 🗑️ 0 мусор
2026-06-27 08:27:35,494 | INFO     |   → 8/125: ✅ 0 взято | 🗑️ 0 мусор
2026-06-27 08:27:35,494 | INFO     |   → 9/125: ✅ 0 взято | 🗑️ 0 мусор
2026-06-27 08:27:35,494 | INFO     |   → 10/125: ✅ 0 взято | 🗑️ 0 мусор
2026-06-27 08:27:35,494 | INFO     |   → 11/125: ✅ 0 взято | 🗑️ 0 мусор
2026-06-27 08:27:35,494 | INFO     |   → 12/125: ✅ 0 взято | 🗑️ 0 мусор
2026-06-27 08:27:35,494 | INFO     |   → 13/125: ✅ 0 взято | 🗑️ 0 мусор
2026-06-27 08:27:35,494 | INFO     |   → 14/125: ✅ 0 взято | 🗑️ 0 мусор
2026-06-27 08:27:35,494 | INFO     |   → 15/125: ✅ 0 взято | 🗑️ 0 мусор
2026-06-27 08:27:35,494 | INFO     |   → 16/125: ✅ 0 взято | 🗑️ 0 мусор
2026-06-27 08:27:35,494 | INFO     |   → 17/125: ✅ 0 взято | 🗑️ 0 мусор
2026-06-27 08:27:35,494 | INFO     |   → 18/125: ✅ 0 взято | 🗑️ 0 мусор
2026-06-27 08:27:35,494 | INFO     |   → 19/125: ✅ 0 взято | 🗑️ 0 мусор
2026-06-27 08:27:35,494 | INFO     |   → 20/125: ✅ 0 взято | 🗑️ 0 мусор
2026-06-27 08:27:35,494 | INFO     |   → 21/125: ✅ 0 взято | 🗑️ 0 мусор
2026-06-27 08:27:35,495 | INFO     |   → 22/125: ✅ 0 взято | 🗑️ 0 мусор
2026-06-27 08:27:35,495 | INFO     |   → 23/125: ✅ 0 взято | 🗑️ 0 мусор
2026-06-27 08:27:35,495 | INFO     |   → 24/125: ✅ 0 взято | 🗑️ 0 мусор
2026-06-27 08:27:35,495 | INFO     |   → 25/125: ✅ 0 взято | 🗑️ 0 мусор
2026-06-27 08:27:35,495 | INFO     |   → 26/125: ✅ 0 взято | 🗑️ 0 мусор
2026-06-27 08:27:35,495 | INFO     |   → 27/125: ✅ 0 взято | 🗑️ 0 мусор
2026-06-27 08:27:35,495 | INFO     |   → 28/125: ✅ 0 взято | 🗑️ 0 мусор
2026-06-27 08:27:35,495 | INFO     |   → 29/125: ✅ 0 взято | 🗑️ 0 мусор
2026-06-27 08:27:35,495 | INFO     |   → 30/125: ✅ 0 взято | 🗑️ 0 мусор
2026-06-27 08:27:35,495 | INFO     |   → 31/125: ✅ 0 взято | 🗑️ 0 мусор
2026-06-27 08:27:35,495 | INFO     |   → 32/125: ✅ 5 взято | 🗑️ 133 мусор
2026-06-27 08:27:35,495 | INFO     |   → 33/125: ✅ 5 взято | 🗑️ 166 мусор
2026-06-27 08:27:35,495 | INFO     |   → 34/125: ✅ 0 взято | 🗑️ 115 мусор
2026-06-27 08:27:35,495 | INFO     |   → 35/125: ✅ 0 взято | 🗑️ 0 мусор
2026-06-27 08:27:35,495 | INFO     |   → 36/125: ✅ 0 взято | 🗑️ 0 мусор
2026-06-27 08:27:35,495 | INFO     |   → 37/125: ✅ 0 взято | 🗑️ 0 мусор
2026-06-27 08:27:35,496 | INFO     |   → 38/125: ✅ 1 взято | 🗑️ 226 мусор
2026-06-27 08:27:35,496 | INFO     |   → 39/125: ✅ 0 взято | 🗑️ 0 мусор
2026-06-27 08:27:35,496 | INFO     |   → 40/125: ✅ 1 взято | 🗑️ 169 мусор
2026-06-27 08:27:35,496 | INFO     |   → 41/125: ✅ 0 взято | 🗑️ 0 мусор
2026-06-27 08:27:35,496 | INFO     |   → 42/125: ✅ 1 взято | 🗑️ 213 мусор
2026-06-27 08:27:35,496 | INFO     |   → 43/125: ✅ 0 взято | 🗑️ 0 мусор
2026-06-27 08:27:35,496 | INFO     |   → 44/125: ✅ 0 взято | 🗑️ 0 мусор
2026-06-27 08:27:35,496 | INFO     |   → 45/125: ✅ 0 взято | 🗑️ 0 мусор
2026-06-27 08:27:35,496 | INFO     |   → 46/125: ✅ 3 взято | 🗑️ 99 мусор
2026-06-27 08:27:35,496 | INFO     |   → 47/125: ✅ 0 взято | 🗑️ 0 мусор
2026-06-27 08:27:35,496 | INFO     |   → 48/125: ✅ 0 взято | 🗑️ 0 мусор
2026-06-27 08:27:35,496 | INFO     |   → 49/125: ✅ 1 взято | 🗑️ 96 мусор
2026-06-27 08:27:35,496 | INFO     |   → 50/125: ✅ 0 взято | 🗑️ 117 мусор
2026-06-27 08:27:35,496 | INFO     |   → 51/125: ✅ 11 взято | 🗑️ 225 мусор
2026-06-27 08:27:35,496 | INFO     |   → 52/125: ✅ 1 взято | 🗑️ 141 мусор
2026-06-27 08:27:35,497 | INFO     |   → 53/125: ✅ 0 взято | 🗑️ 96 мусор
2026-06-27 08:27:35,497 | INFO     |   → 54/125: ✅ 0 взято | 🗑️ 263 мусор
2026-06-27 08:27:35,497 | INFO     |   → 55/125: ✅ 0 взято | 🗑️ 0 мусор
2026-06-27 08:27:35,497 | INFO     |   → 56/125: ✅ 0 взято | 🗑️ 0 мусор
2026-06-27 08:27:35,497 | INFO     |   → 57/125: ✅ 0 взято | 🗑️ 137 мусор
2026-06-27 08:27:35,497 | INFO     |   → 58/125: ✅ 0 взято | 🗑️ 0 мусор
2026-06-27 08:27:35,497 | INFO     |   → 59/125: ✅ 0 взято | 🗑️ 112 мусор
2026-06-27 08:27:35,497 | INFO     |   → 60/125: ✅ 0 взято | 🗑️ 0 мусор
2026-06-27 08:27:35,497 | INFO     |   → 61/125: ✅ 3 взято | 🗑️ 100 мусор
2026-06-27 08:27:35,497 | INFO     |   → 62/125: ✅ 0 взято | 🗑️ 0 мусор
2026-06-27 08:27:35,497 | INFO     |   → 63/125: ✅ 1 взято | 🗑️ 171 мусор
2026-06-27 08:27:35,497 | INFO     |   → 64/125: ✅ 0 взято | 🗑️ 0 мусор
2026-06-27 08:27:35,497 | INFO     |   → 65/125: ✅ 0 взято | 🗑️ 202 мусор
2026-06-27 08:27:35,497 | INFO     |   → 66/125: ✅ 0 взято | 🗑️ 0 мусор
2026-06-27 08:27:35,497 | INFO     |   → 67/125: ✅ 0 взято | 🗑️ 138 мусор
2026-06-27 08:27:35,497 | INFO     |   → 68/125: ✅ 0 взято | 🗑️ 0 мусор
2026-06-27 08:27:35,497 | INFO     |   → 69/125: ✅ 0 взято | 🗑️ 236 мусор
2026-06-27 08:27:35,498 | INFO     |   → 70/125: ✅ 0 взято | 🗑️ 0 мусор
2026-06-27 08:27:35,498 | INFO     |   → 71/125: ✅ 0 взято | 🗑️ 192 мусор
2026-06-27 08:27:35,498 | INFO     |   → 72/125: ✅ 0 взято | 🗑️ 0 мусор
2026-06-27 08:27:35,498 | INFO     |   → 73/125: ✅ 1 взято | 🗑️ 174 мусор
2026-06-27 08:27:35,498 | INFO     |   → 74/125: ✅ 0 взято | 🗑️ 0 мусор
2026-06-27 08:27:35,498 | INFO     |   → 75/125: ✅ 1 взято | 🗑️ 149 мусор
2026-06-27 08:27:35,498 | INFO     |   → 76/125: ✅ 0 взято | 🗑️ 0 мусор
2026-06-27 08:27:35,498 | INFO     |   → 77/125: ✅ 3 взято | 🗑️ 147 мусор
2026-06-27 08:27:35,498 | INFO     |   → 78/125: ✅ 0 взято | 🗑️ 0 мусор
2026-06-27 08:27:35,498 | INFO     |   → 79/125: ✅ 2 взято | 🗑️ 196 мусор
2026-06-27 08:27:35,498 | INFO     |   → 80/125: ✅ 0 взято | 🗑️ 0 мусор
2026-06-27 08:27:35,498 | INFO     |   → 81/125: ✅ 2 взято | 🗑️ 277 мусор
2026-06-27 08:27:35,498 | INFO     |   → 82/125: ✅ 0 взято | 🗑️ 0 мусор
2026-06-27 08:27:35,498 | INFO     |   → 83/125: ✅ 0 взято | 🗑️ 211 мусор
2026-06-27 08:27:35,498 | INFO     |   → 84/125: ✅ 0 взято | 🗑️ 0 мусор
2026-06-27 08:27:35,498 | INFO     |   → 85/125: ✅ 1 взято | 🗑️ 229 мусор
2026-06-27 08:27:35,498 | INFO     |   → 86/125: ✅ 0 взято | 🗑️ 0 мусор
2026-06-27 08:27:35,498 | INFO     |   → 87/125: ✅ 1 взято | 🗑️ 131 мусор
2026-06-27 08:27:35,498 | INFO     |   → 88/125: ✅ 0 взято | 🗑️ 0 мусор
2026-06-27 08:27:35,498 | INFO     |   → 89/125: ✅ 3 взято | 🗑️ 257 мусор
2026-06-27 08:27:35,499 | INFO     |   → 90/125: ✅ 0 взято | 🗑️ 0 мусор
2026-06-27 08:27:35,499 | INFO     |   → 91/125: ✅ 5 взято | 🗑️ 9 мусор
2026-06-27 08:27:35,499 | INFO     |   → 92/125: ✅ 0 взято | 🗑️ 9 мусор
2026-06-27 08:27:35,499 | INFO     |   → 93/125: ✅ 0 взято | 🗑️ 9 мусор
2026-06-27 08:27:35,499 | INFO     |   → 94/125: ✅ 0 взято | 🗑️ 9 мусор
2026-06-27 08:27:35,499 | INFO     |   → 95/125: ✅ 0 взято | 🗑️ 9 мусор
2026-06-27 08:27:35,499 | INFO     |   → 96/125: ✅ 0 взято | 🗑️ 9 мусор
2026-06-27 08:27:35,499 | INFO     |   → 97/125: ✅ 0 взято | 🗑️ 9 мусор
2026-06-27 08:27:35,499 | INFO     |   → 98/125: ✅ 0 взято | 🗑️ 9 мусор
2026-06-27 08:27:35,499 | INFO     |   → 99/125: ✅ 13 взято | 🗑️ 10 мусор
2026-06-27 08:27:35,499 | INFO     |   → 100/125: ✅ 0 взято | 🗑️ 10 мусор
2026-06-27 08:27:35,499 | INFO     |   → 101/125: ✅ 0 взято | 🗑️ 10 мусор
2026-06-27 08:27:35,499 | INFO     |   → 102/125: ✅ 0 взято | 🗑️ 10 мусор
2026-06-27 08:27:35,499 | INFO     |   → 103/125: ✅ 0 взято | 🗑️ 10 мусор
2026-06-27 08:27:35,499 | INFO     |   → 104/125: ✅ 0 взято | 🗑️ 10 мусор
2026-06-27 08:27:35,499 | INFO     |   → 105/125: ✅ 0 взято | 🗑️ 10 мусор
2026-06-27 08:27:35,499 | INFO     |   → 106/125: ✅ 0 взято | 🗑️ 9 мусор
2026-06-27 08:27:35,499 | INFO     |   → 107/125: ✅ 0 взято | 🗑️ 9 мусор
2026-06-27 08:27:35,499 | INFO     |   → 108/125: ✅ 0 взято | 🗑️ 9 мусор
2026-06-27 08:27:35,499 | INFO     |   → 109/125: ✅ 0 взято | 🗑️ 9 мусор
2026-06-27 08:27:35,500 | INFO     |   → 110/125: ✅ 0 взято | 🗑️ 9 мусор
2026-06-27 08:27:35,500 | INFO     |   → 111/125: ✅ 0 взято | 🗑️ 9 мусор
2026-06-27 08:27:35,500 | INFO     |   → 112/125: ✅ 0 взято | 🗑️ 9 мусор
2026-06-27 08:27:35,500 | INFO     |   → 113/125: ✅ 0 взято | 🗑️ 9 мусор
2026-06-27 08:27:35,500 | INFO     |   → 114/125: ✅ 0 взято | 🗑️ 10 мусор
2026-06-27 08:27:35,500 | INFO     |   → 115/125: ✅ 0 взято | 🗑️ 10 мусор
2026-06-27 08:27:35,500 | INFO     |   → 116/125: ✅ 0 взято | 🗑️ 10 мусор
2026-06-27 08:27:35,500 | INFO     |   → 117/125: ✅ 0 взято | 🗑️ 10 мусор
2026-06-27 08:27:35,500 | INFO     |   → 118/125: ✅ 0 взято | 🗑️ 10 мусор
2026-06-27 08:27:35,500 | INFO     |   → 119/125: ✅ 0 взято | 🗑️ 10 мусор
2026-06-27 08:27:35,500 | INFO     |   → 120/125: ✅ 0 взято | 🗑️ 0 мусор
2026-06-27 08:27:35,500 | INFO     |   → 121/125: ✅ 4 взято | 🗑️ 458 мусор
2026-06-27 08:27:35,500 | INFO     |   → 122/125: ✅ 0 взято | 🗑️ 0 мусор
2026-06-27 08:27:35,500 | INFO     |   → 123/125: ✅ 1 взято | 🗑️ 164 мусор
2026-06-27 08:27:35,500 | INFO     |   → 124/125: ✅ 0 взято | 🗑️ 0 мусор
2026-06-27 08:27:35,500 | INFO     |   → 125/125: ✅ 6 взято | 🗑️ 221 мусор
2026-06-27 08:27:35,500 | INFO     |   → 📡 С sstap.org получено 0 ключей
2026-06-27 08:27:35,500 | INFO     |   → 📡 С sstap.org не добавлено ни одного ключа (все 0 отклонены фильтром)
2026-06-27 08:27:35,500 | INFO     |   → ✅ ГОТОВО!
2026-06-27 08:27:35,500 | INFO     |   →    📥 Всего ключей после фильтра: 76
2026-06-27 08:27:35,500 | INFO     |   →    🔗 Уникальных IP:PORT:SCHEME: 57
2026-06-27 08:27:35,500 | INFO     |   →    🗑️ Выброшено мусора: 6235
2026-06-27 08:27:35,500 | INFO     |   → 📊 По протоколам:
2026-06-27 08:27:35,500 | INFO     |   →    vless: 46
2026-06-27 08:27:35,500 | INFO     |   →    vmess: 1
2026-06-27 08:27:35,500 | INFO     |   →    trojan: 8
2026-06-27 08:27:35,500 | INFO     |   →    hysteria2: 2
2026-06-27 08:27:35,500 | INFO     | ✅ mirror.py завершён успешно
2026-06-27 08:27:35,500 | INFO     | 
2026-06-27 08:27:35,500 | INFO     | 
2026-06-27 08:27:35,501 | INFO     | ──────────────────────────────────────────────────────────────────────
2026-06-27 08:27:35,501 | INFO     | 📌 ЭТАП: Генерация 50 уникальных CF-VLESS
2026-06-27 08:27:35,501 | INFO     | ──────────────────────────────────────────────────────────────────────
2026-06-27 08:27:35,501 | INFO     | 🚀 Запуск generate_cf_vless.py (50 новых CF-VLESS)...
2026-06-27 08:27:35,690 | INFO     |   → === Генератор свежих VLESS-конфигов на IP Cloudflare ===
2026-06-27 08:27:35,690 | INFO     |   → ✅ Сгенерировано и сохранено 50 VLESS-конфигов.
2026-06-27 08:27:35,690 | INFO     |   → 📂 Файл: /home/runner/work/vpn-vless-configs-russia/vpn-vless-configs-russia/data/githubmirror/new/cf_fresh.txt
2026-06-27 08:27:35,690 | INFO     | ✅ generate_cf_vless.py завершён успешно
2026-06-27 08:27:35,690 | INFO     | 
2026-06-27 08:27:35,690 | INFO     | 
2026-06-27 08:27:35,690 | INFO     | ──────────────────────────────────────────────────────────────────────
2026-06-27 08:27:35,690 | INFO     | 📌 ЭТАП: Слияние CF с основным списком
2026-06-27 08:27:35,690 | INFO     | ──────────────────────────────────────────────────────────────────────
2026-06-27 08:27:35,692 | INFO     | 🔄 Добавлено 50 новых CF-VLESS в /home/runner/work/vpn-vless-configs-russia/vpn-vless-configs-russia/data/githubmirror/clean/vless.txt
2026-06-27 08:27:35,692 | INFO     | 📊 Всего в clean/vless.txt теперь: 96
2026-06-27 08:27:35,692 | INFO     | 
2026-06-27 08:27:35,692 | INFO     | 
2026-06-27 08:27:35,692 | INFO     | ──────────────────────────────────────────────────────────────────────
2026-06-27 08:27:35,692 | INFO     | 📌 ЭТАП: Фильтрация по реальному SNI
2026-06-27 08:27:35,692 | INFO     | ──────────────────────────────────────────────────────────────────────
2026-06-27 08:27:35,692 | INFO     | 🚀 Запуск filter_ru_sni.py (Фильтр по реальному SNI (CDN+RU))...
2026-06-27 08:27:35,722 | INFO     |   → hysteria2.txt: 2 → 0 (SNI-filtered)
2026-06-27 08:27:35,722 | INFO     |   →   trojan.txt: 8 → 0 (SNI-filtered)
2026-06-27 08:27:35,722 | INFO     |   →   vless.txt: 96 → 55 (SNI-filtered)
2026-06-27 08:27:35,722 | INFO     |   →   vmess.txt: 1 → 0 (SNI-filtered)
2026-06-27 08:27:35,722 | INFO     |   → ==================================================
2026-06-27 08:27:35,722 | INFO     |   →   Всего входных:  107
2026-06-27 08:27:35,722 | INFO     |   →   Прошли фильтр:  55
2026-06-27 08:27:35,722 | INFO     |   →   Отброшено:      52
2026-06-27 08:27:35,722 | INFO     |   → ==================================================
2026-06-27 08:27:35,722 | INFO     |   → Готово → /home/runner/work/vpn-vless-configs-russia/vpn-vless-configs-russia/data/githubmirror/ru-sni
2026-06-27 08:27:35,722 | INFO     | ✅ filter_ru_sni.py завершён успешно
2026-06-27 08:27:35,723 | INFO     | 
2026-06-27 08:27:35,723 | INFO     | 
2026-06-27 08:27:35,723 | INFO     | ──────────────────────────────────────────────────────────────────────
2026-06-27 08:27:35,723 | INFO     | 📌 ЭТАП: Экспериментальный RU-SNI фильтр
2026-06-27 08:27:35,723 | INFO     | ──────────────────────────────────────────────────────────────────────
2026-06-27 08:27:35,723 | INFO     | 🚀 Запуск filter_ru_sni_local.py (Экспериментальный фильтр по RU-SNI)...
2026-06-27 08:27:35,753 | INFO     |   → hysteria2.txt: 2 → 0 (RU-SNI)
2026-06-27 08:27:35,754 | INFO     |   → trojan.txt: 8 → 0 (RU-SNI)
2026-06-27 08:27:35,754 | INFO     |   → vless.txt: 96 → 0 (RU-SNI)
2026-06-27 08:27:35,754 | INFO     |   → vmess.txt: 1 → 0 (RU-SNI)
2026-06-27 08:27:35,754 | INFO     |   → ==================================================
2026-06-27 08:27:35,754 | INFO     |   → Всего входных:  107
2026-06-27 08:27:35,754 | INFO     |   → Прошли RU-SNI:  0
2026-06-27 08:27:35,754 | INFO     |   → Отброшено:      107
2026-06-27 08:27:35,754 | INFO     |   → ==================================================
2026-06-27 08:27:35,754 | INFO     |   → Готово → /home/runner/work/vpn-vless-configs-russia/vpn-vless-configs-russia/data/githubmirror/ru-sni-local
2026-06-27 08:27:35,754 | INFO     | ✅ filter_ru_sni_local.py завершён успешно
2026-06-27 08:27:35,754 | INFO     | 
2026-06-27 08:27:35,754 | INFO     | 
2026-06-27 08:27:35,754 | INFO     | ──────────────────────────────────────────────────────────────────────
2026-06-27 08:27:35,754 | INFO     | 📌 ЭТАП: Сбор статистики
2026-06-27 08:27:35,754 | INFO     | ──────────────────────────────────────────────────────────────────────
2026-06-27 08:27:35,754 | INFO     | 📊 Сбор статистики...
2026-06-27 08:27:35,754 | INFO     |   📁 githubmirror/clean:
2026-06-27 08:27:35,755 | INFO     |     • hysteria2   :     2 конфигов
2026-06-27 08:27:35,755 | INFO     |     • trojan      :     8 конфигов
2026-06-27 08:27:35,755 | INFO     |     • vless       :    96 конфигов
2026-06-27 08:27:35,755 | INFO     |     • vmess       :     1 конфигов
2026-06-27 08:27:35,755 | INFO     |   📁 githubmirror/ru-sni:
2026-06-27 08:27:35,755 | INFO     |     • hysteria2   :     0 конфигов (  0.0% от clean)
2026-06-27 08:27:35,756 | INFO     |     • trojan      :     0 конфигов (  0.0% от clean)
2026-06-27 08:27:35,756 | INFO     |     • vless       :    55 конфигов ( 57.3% от clean)
2026-06-27 08:27:35,756 | INFO     |     • vmess       :     0 конфигов (  0.0% от clean)
2026-06-27 08:27:35,756 | INFO     |   ✨ Новых CF-VLESS в этом запуске: 50
2026-06-27 08:27:35,756 | INFO     | 
2026-06-27 08:27:35,756 | INFO     |   ──────────────────────────────────────────────────
2026-06-27 08:27:35,756 | INFO     |   📈 ИТОГО:
2026-06-27 08:27:35,756 | INFO     |     Clean (после geo-фильтра):      107
2026-06-27 08:27:35,756 | INFO     |     RU-SNI (после SNI-фильтра):      55
2026-06-27 08:27:35,756 | INFO     |     Прошло фильтр:                 51.4%
2026-06-27 08:27:35,756 | INFO     |   ──────────────────────────────────────────────────
2026-06-27 08:27:35,757 | INFO     | ✅ Статистика сохранена: /home/runner/work/vpn-vless-configs-russia/vpn-vless-configs-russia/data/stats.json
2026-06-27 08:27:35,757 | INFO     | 
2026-06-27 08:27:35,757 | INFO     | ======================================================================
2026-06-27 08:27:35,757 | INFO     | 📊 ИТОГОВЫЙ ОТЧЁТ
2026-06-27 08:27:35,757 | INFO     | ======================================================================
2026-06-27 08:27:35,757 | INFO     |   ✅ OK         | Загрузка и geo-фильтрация
2026-06-27 08:27:35,757 | INFO     |   ✅ OK         | Генерация 50 уникальных CF-VLESS
2026-06-27 08:27:35,757 | INFO     |   ✅ OK         | Слияние CF с основным списком
2026-06-27 08:27:35,757 | INFO     |   ✅ OK         | Фильтрация по реальному SNI
2026-06-27 08:27:35,757 | INFO     |   ✅ OK         | Экспериментальный RU-SNI фильтр
2026-06-27 08:27:35,757 | INFO     |   ✅ OK         | Сбор статистики
2026-06-27 08:27:35,757 | INFO     | ──────────────────────────────────────────────────────────────────────
2026-06-27 08:27:35,757 | INFO     | ✅ ВСЕ ЭТАПЫ УСПЕШНЫ (6/6)
2026-06-27 08:27:35,757 | INFO     | ⏰ Время завершения: 2026-06-27 08:27:35
2026-06-27 08:27:35,757 | INFO     | ======================================================================
