2026-06-28 07:45:03,442 | INFO     | ======================================================================
2026-06-28 07:45:03,442 | INFO     | 🔍 VPN KEY CHECKER - Начало проверки
2026-06-28 07:45:03,442 | INFO     | ⏰ Время старта: 2026-06-28 07:45:03
2026-06-28 07:45:03,442 | INFO     | 📂 Рабочая директория: /home/runner/work/vpn-vless-configs-russia/vpn-vless-configs-russia
2026-06-28 07:45:03,442 | INFO     | ======================================================================
2026-06-28 07:45:03,442 | INFO     | 
2026-06-28 07:45:03,442 | INFO     | 🔍 Проверка наличия скриптов...
2026-06-28 07:45:03,442 | INFO     |   ✅ mirror.py
2026-06-28 07:45:03,442 | INFO     |   ✅ generate_cf_vless.py
2026-06-28 07:45:03,443 | INFO     |   ✅ filter_ru_sni.py
2026-06-28 07:45:03,443 | INFO     |   ✅ filter_ru_sni_local.py
2026-06-28 07:45:03,443 | INFO     | 
2026-06-28 07:45:03,443 | INFO     | ──────────────────────────────────────────────────────────────────────
2026-06-28 07:45:03,443 | INFO     | 📌 ЭТАП: Загрузка и geo-фильтрация
2026-06-28 07:45:03,443 | INFO     | ──────────────────────────────────────────────────────────────────────
2026-06-28 07:45:03,443 | INFO     | 🚀 Запуск mirror.py (Загрузка и фильтрация по РФ/СНГ/Европа)...
2026-06-28 07:45:41,840 | INFO     |   → DEBUG: mirror.py started
2026-06-28 07:45:41,840 | INFO     |   → DEBUG: BASE_PATH = /home/runner/work/vpn-vless-configs-russia/vpn-vless-configs-russia
2026-06-28 07:45:41,840 | INFO     |   → DEBUG: CONFIG_SOURCES_FILE = /home/runner/work/vpn-vless-configs-russia/vpn-vless-configs-russia/data/config_sources.json
2026-06-28 07:45:41,840 | INFO     |   → 📂 Загружено 134 источников из /home/runner/work/vpn-vless-configs-russia/vpn-vless-configs-russia/data/config_sources.json
2026-06-28 07:45:41,840 | INFO     |   → 🚀 Старт: всего источников: 134
2026-06-28 07:45:41,840 | INFO     |   → 1/134: ✅ 0 взято | 🗑️ 0 мусор
2026-06-28 07:45:41,840 | INFO     |   → 2/134: ✅ 0 взято | 🗑️ 0 мусор
2026-06-28 07:45:41,840 | INFO     |   → 3/134: ✅ 0 взято | 🗑️ 0 мусор
2026-06-28 07:45:41,841 | INFO     |   → 4/134: ✅ 0 взято | 🗑️ 0 мусор
2026-06-28 07:45:41,841 | INFO     |   → 5/134: ✅ 0 взято | 🗑️ 0 мусор
2026-06-28 07:45:41,841 | INFO     |   → 6/134: ✅ 0 взято | 🗑️ 0 мусор
2026-06-28 07:45:41,841 | INFO     |   → 7/134: ✅ 0 взято | 🗑️ 0 мусор
2026-06-28 07:45:41,841 | INFO     |   → 8/134: ✅ 0 взято | 🗑️ 0 мусор
2026-06-28 07:45:41,841 | INFO     |   → 9/134: ✅ 0 взято | 🗑️ 0 мусор
2026-06-28 07:45:41,841 | INFO     |   → 10/134: ✅ 0 взято | 🗑️ 0 мусор
2026-06-28 07:45:41,841 | INFO     |   → 11/134: ✅ 0 взято | 🗑️ 0 мусор
2026-06-28 07:45:41,841 | INFO     |   → 12/134: ✅ 0 взято | 🗑️ 0 мусор
2026-06-28 07:45:41,841 | INFO     |   → 13/134: ✅ 0 взято | 🗑️ 0 мусор
2026-06-28 07:45:41,841 | INFO     |   → 14/134: ✅ 0 взято | 🗑️ 0 мусор
2026-06-28 07:45:41,841 | INFO     |   → 15/134: ✅ 0 взято | 🗑️ 0 мусор
2026-06-28 07:45:41,841 | INFO     |   → 16/134: ✅ 0 взято | 🗑️ 0 мусор
2026-06-28 07:45:41,841 | INFO     |   → 17/134: ✅ 0 взято | 🗑️ 0 мусор
2026-06-28 07:45:41,841 | INFO     |   → 18/134: ✅ 0 взято | 🗑️ 0 мусор
2026-06-28 07:45:41,841 | INFO     |   → 19/134: ✅ 0 взято | 🗑️ 0 мусор
2026-06-28 07:45:41,841 | INFO     |   → 20/134: ✅ 0 взято | 🗑️ 0 мусор
2026-06-28 07:45:41,841 | INFO     |   → 21/134: ✅ 0 взято | 🗑️ 0 мусор
2026-06-28 07:45:41,841 | INFO     |   → 22/134: ✅ 0 взято | 🗑️ 0 мусор
2026-06-28 07:45:41,841 | INFO     |   → 23/134: ✅ 0 взято | 🗑️ 0 мусор
2026-06-28 07:45:41,842 | INFO     |   → 24/134: ✅ 0 взято | 🗑️ 0 мусор
2026-06-28 07:45:41,842 | INFO     |   → 25/134: ✅ 0 взято | 🗑️ 0 мусор
2026-06-28 07:45:41,842 | INFO     |   → 26/134: ✅ 0 взято | 🗑️ 0 мусор
2026-06-28 07:45:41,842 | INFO     |   → 27/134: ✅ 0 взято | 🗑️ 0 мусор
2026-06-28 07:45:41,842 | INFO     |   → 28/134: ✅ 0 взято | 🗑️ 0 мусор
2026-06-28 07:45:41,842 | INFO     |   → 29/134: ✅ 0 взято | 🗑️ 0 мусор
2026-06-28 07:45:41,842 | INFO     |   → 30/134: ✅ 0 взято | 🗑️ 0 мусор
2026-06-28 07:45:41,842 | INFO     |   → 31/134: ✅ 0 взято | 🗑️ 0 мусор
2026-06-28 07:45:41,842 | INFO     |   → 32/134: ✅ 0 взято | 🗑️ 0 мусор
2026-06-28 07:45:41,842 | INFO     |   → 33/134: ✅ 0 взято | 🗑️ 0 мусор
2026-06-28 07:45:41,842 | INFO     |   → 34/134: ✅ 5 взято | 🗑️ 133 мусор
2026-06-28 07:45:41,842 | INFO     |   → 35/134: ✅ 5 взято | 🗑️ 166 мусор
2026-06-28 07:45:41,842 | INFO     |   → 36/134: ✅ 0 взято | 🗑️ 115 мусор
2026-06-28 07:45:41,842 | INFO     |   → 37/134: ✅ 0 взято | 🗑️ 0 мусор
2026-06-28 07:45:41,842 | INFO     |   → 38/134: ✅ 0 взято | 🗑️ 0 мусор
2026-06-28 07:45:41,842 | INFO     |   → 39/134: ✅ 0 взято | 🗑️ 0 мусор
2026-06-28 07:45:41,842 | INFO     |   → 40/134: ✅ 1 взято | 🗑️ 226 мусор
2026-06-28 07:45:41,842 | INFO     |   → 41/134: ✅ 0 взято | 🗑️ 0 мусор
2026-06-28 07:45:41,842 | INFO     |   → 42/134: ✅ 1 взято | 🗑️ 169 мусор
2026-06-28 07:45:41,842 | INFO     |   → 43/134: ✅ 0 взято | 🗑️ 0 мусор
2026-06-28 07:45:41,842 | INFO     |   → 44/134: ✅ 1 взято | 🗑️ 213 мусор
2026-06-28 07:45:41,842 | INFO     |   → 45/134: ✅ 0 взято | 🗑️ 0 мусор
2026-06-28 07:45:41,843 | INFO     |   → 46/134: ✅ 0 взято | 🗑️ 0 мусор
2026-06-28 07:45:41,843 | INFO     |   → 47/134: ✅ 2 взято | 🗑️ 60 мусор
2026-06-28 07:45:41,843 | INFO     |   → 48/134: ✅ 0 взято | 🗑️ 0 мусор
2026-06-28 07:45:41,843 | INFO     |   → 49/134: ✅ 3 взято | 🗑️ 99 мусор
2026-06-28 07:45:41,843 | INFO     |   → 50/134: ✅ 0 взято | 🗑️ 0 мусор
2026-06-28 07:45:41,843 | INFO     |   → 51/134: ✅ 0 взято | 🗑️ 0 мусор
2026-06-28 07:45:41,843 | INFO     |   → 52/134: ✅ 1 взято | 🗑️ 96 мусор
2026-06-28 07:45:41,843 | INFO     |   → 53/134: ✅ 0 взято | 🗑️ 117 мусор
2026-06-28 07:45:41,843 | INFO     |   → 54/134: ✅ 11 взято | 🗑️ 225 мусор
2026-06-28 07:45:41,843 | INFO     |   → 55/134: ✅ 1 взято | 🗑️ 141 мусор
2026-06-28 07:45:41,843 | INFO     |   → 56/134: ✅ 0 взято | 🗑️ 96 мусор
2026-06-28 07:45:41,843 | INFO     |   → 57/134: ✅ 0 взято | 🗑️ 263 мусор
2026-06-28 07:45:41,843 | INFO     |   → 58/134: ✅ 0 взято | 🗑️ 0 мусор
2026-06-28 07:45:41,843 | INFO     |   → 59/134: ✅ 0 взято | 🗑️ 0 мусор
2026-06-28 07:45:41,843 | INFO     |   → 60/134: ✅ 0 взято | 🗑️ 0 мусор
2026-06-28 07:45:41,843 | INFO     |   → 61/134: ✅ 0 взято | 🗑️ 137 мусор
2026-06-28 07:45:41,843 | INFO     |   → 62/134: ✅ 0 взято | 🗑️ 0 мусор
2026-06-28 07:45:41,843 | INFO     |   → 63/134: ✅ 0 взято | 🗑️ 112 мусор
2026-06-28 07:45:41,843 | INFO     |   → 64/134: ✅ 0 взято | 🗑️ 0 мусор
2026-06-28 07:45:41,843 | INFO     |   → 65/134: ✅ 3 взято | 🗑️ 100 мусор
2026-06-28 07:45:41,843 | INFO     |   → 66/134: ✅ 0 взято | 🗑️ 0 мусор
2026-06-28 07:45:41,843 | INFO     |   → 67/134: ✅ 1 взято | 🗑️ 171 мусор
2026-06-28 07:45:41,843 | INFO     |   → 68/134: ✅ 0 взято | 🗑️ 0 мусор
2026-06-28 07:45:41,843 | INFO     |   → 69/134: ✅ 0 взято | 🗑️ 202 мусор
2026-06-28 07:45:41,843 | INFO     |   → 70/134: ✅ 0 взято | 🗑️ 0 мусор
2026-06-28 07:45:41,843 | INFO     |   → 71/134: ✅ 0 взято | 🗑️ 138 мусор
2026-06-28 07:45:41,843 | INFO     |   → 72/134: ✅ 0 взято | 🗑️ 0 мусор
2026-06-28 07:45:41,843 | INFO     |   → 73/134: ✅ 0 взято | 🗑️ 236 мусор
2026-06-28 07:45:41,843 | INFO     |   → 74/134: ✅ 0 взято | 🗑️ 0 мусор
2026-06-28 07:45:41,843 | INFO     |   → 75/134: ✅ 0 взято | 🗑️ 192 мусор
2026-06-28 07:45:41,844 | INFO     |   → 76/134: ✅ 0 взято | 🗑️ 0 мусор
2026-06-28 07:45:41,844 | INFO     |   → 77/134: ✅ 1 взято | 🗑️ 174 мусор
2026-06-28 07:45:41,844 | INFO     |   → 78/134: ✅ 0 взято | 🗑️ 0 мусор
2026-06-28 07:45:41,844 | INFO     |   → 79/134: ✅ 1 взято | 🗑️ 149 мусор
2026-06-28 07:45:41,844 | INFO     |   → 80/134: ✅ 0 взято | 🗑️ 0 мусор
2026-06-28 07:45:41,844 | INFO     |   → 81/134: ✅ 3 взято | 🗑️ 147 мусор
2026-06-28 07:45:41,844 | INFO     |   → 82/134: ✅ 0 взято | 🗑️ 0 мусор
2026-06-28 07:45:41,844 | INFO     |   → 83/134: ✅ 2 взято | 🗑️ 196 мусор
2026-06-28 07:45:41,844 | INFO     |   → 84/134: ✅ 0 взято | 🗑️ 0 мусор
2026-06-28 07:45:41,844 | INFO     |   → 85/134: ✅ 2 взято | 🗑️ 277 мусор
2026-06-28 07:45:41,844 | INFO     |   → 86/134: ✅ 0 взято | 🗑️ 0 мусор
2026-06-28 07:45:41,844 | INFO     |   → 87/134: ✅ 0 взято | 🗑️ 211 мусор
2026-06-28 07:45:41,844 | INFO     |   → 88/134: ✅ 0 взято | 🗑️ 0 мусор
2026-06-28 07:45:41,844 | INFO     |   → 89/134: ✅ 1 взято | 🗑️ 229 мусор
2026-06-28 07:45:41,844 | INFO     |   → 90/134: ✅ 0 взято | 🗑️ 0 мусор
2026-06-28 07:45:41,844 | INFO     |   → 91/134: ✅ 1 взято | 🗑️ 131 мусор
2026-06-28 07:45:41,844 | INFO     |   → 92/134: ✅ 0 взято | 🗑️ 0 мусор
2026-06-28 07:45:41,844 | INFO     |   → 93/134: ✅ 3 взято | 🗑️ 257 мусор
2026-06-28 07:45:41,844 | INFO     |   → 94/134: ✅ 0 взято | 🗑️ 0 мусор
2026-06-28 07:45:41,844 | INFO     |   → 95/134: ✅ 0 взято | 🗑️ 180 мусор
2026-06-28 07:45:41,844 | INFO     |   → 96/134: ✅ 0 взято | 🗑️ 0 мусор
2026-06-28 07:45:41,844 | INFO     |   → 97/134: ✅ 5 взято | 🗑️ 9 мусор
2026-06-28 07:45:41,844 | INFO     |   → 98/134: ✅ 0 взято | 🗑️ 9 мусор
2026-06-28 07:45:41,844 | INFO     |   → 99/134: ✅ 0 взято | 🗑️ 9 мусор
2026-06-28 07:45:41,844 | INFO     |   → 100/134: ✅ 0 взято | 🗑️ 9 мусор
2026-06-28 07:45:41,844 | INFO     |   → 101/134: ✅ 0 взято | 🗑️ 9 мусор
2026-06-28 07:45:41,844 | INFO     |   → 102/134: ✅ 0 взято | 🗑️ 9 мусор
2026-06-28 07:45:41,844 | INFO     |   → 103/134: ✅ 0 взято | 🗑️ 9 мусор
2026-06-28 07:45:41,844 | INFO     |   → 104/134: ✅ 0 взято | 🗑️ 9 мусор
2026-06-28 07:45:41,844 | INFO     |   → 105/134: ✅ 13 взято | 🗑️ 10 мусор
2026-06-28 07:45:41,844 | INFO     |   → 106/134: ✅ 0 взято | 🗑️ 10 мусор
2026-06-28 07:45:41,844 | INFO     |   → 107/134: ✅ 0 взято | 🗑️ 10 мусор
2026-06-28 07:45:41,844 | INFO     |   → 108/134: ✅ 0 взято | 🗑️ 10 мусор
2026-06-28 07:45:41,844 | INFO     |   → 109/134: ✅ 0 взято | 🗑️ 10 мусор
2026-06-28 07:45:41,844 | INFO     |   → 110/134: ✅ 0 взято | 🗑️ 10 мусор
2026-06-28 07:45:41,845 | INFO     |   → 111/134: ✅ 0 взято | 🗑️ 10 мусор
2026-06-28 07:45:41,845 | INFO     |   → 112/134: ✅ 0 взято | 🗑️ 10 мусор
2026-06-28 07:45:41,845 | INFO     |   → 113/134: ✅ 0 взято | 🗑️ 9 мусор
2026-06-28 07:45:41,845 | INFO     |   → 114/134: ✅ 0 взято | 🗑️ 9 мусор
2026-06-28 07:45:41,845 | INFO     |   → 115/134: ✅ 0 взято | 🗑️ 9 мусор
2026-06-28 07:45:41,845 | INFO     |   → 116/134: ✅ 0 взято | 🗑️ 9 мусор
2026-06-28 07:45:41,845 | INFO     |   → 117/134: ✅ 0 взято | 🗑️ 9 мусор
2026-06-28 07:45:41,845 | INFO     |   → 118/134: ✅ 0 взято | 🗑️ 9 мусор
2026-06-28 07:45:41,845 | INFO     |   → 119/134: ✅ 0 взято | 🗑️ 9 мусор
2026-06-28 07:45:41,845 | INFO     |   → 120/134: ✅ 0 взято | 🗑️ 9 мусор
2026-06-28 07:45:41,845 | INFO     |   → 121/134: ✅ 0 взято | 🗑️ 10 мусор
2026-06-28 07:45:41,845 | INFO     |   → 122/134: ✅ 0 взято | 🗑️ 10 мусор
2026-06-28 07:45:41,845 | INFO     |   → 123/134: ✅ 0 взято | 🗑️ 10 мусор
2026-06-28 07:45:41,845 | INFO     |   → 124/134: ✅ 0 взято | 🗑️ 10 мусор
2026-06-28 07:45:41,845 | INFO     |   → 125/134: ✅ 0 взято | 🗑️ 10 мусор
2026-06-28 07:45:41,845 | INFO     |   → 126/134: ✅ 0 взято | 🗑️ 10 мусор
2026-06-28 07:45:41,845 | INFO     |   → 127/134: ✅ 0 взято | 🗑️ 10 мусор
2026-06-28 07:45:41,845 | INFO     |   → 128/134: ✅ 0 взято | 🗑️ 10 мусор
2026-06-28 07:45:41,845 | INFO     |   → 129/134: ✅ 0 взято | 🗑️ 0 мусор
2026-06-28 07:45:41,845 | INFO     |   → 130/134: ✅ 4 взято | 🗑️ 458 мусор
2026-06-28 07:45:41,845 | INFO     |   → 131/134: ✅ 0 взято | 🗑️ 0 мусор
2026-06-28 07:45:41,845 | INFO     |   → 132/134: ✅ 1 взято | 🗑️ 164 мусор
2026-06-28 07:45:41,845 | INFO     |   → 133/134: ✅ 0 взято | 🗑️ 0 мусор
2026-06-28 07:45:41,845 | INFO     |   → 134/134: ✅ 6 взято | 🗑️ 221 мусор
2026-06-28 07:45:41,845 | INFO     |   → 📡 С sstap.org получено 0 ключей
2026-06-28 07:45:41,845 | INFO     |   → 📡 С sstap.org не добавлено ни одного ключа (все 0 отклонены фильтром)
2026-06-28 07:45:41,845 | INFO     |   → ✅ ГОТОВО!
2026-06-28 07:45:41,845 | INFO     |   →    📥 Всего ключей после фильтра: 78
2026-06-28 07:45:41,845 | INFO     |   →    🔗 Уникальных IP:PORT:SCHEME: 59
2026-06-28 07:45:41,845 | INFO     |   →    🗑️ Выброшено мусора: 6505
2026-06-28 07:45:41,845 | INFO     |   → 📊 По протоколам:
2026-06-28 07:45:41,845 | INFO     |   →    vless: 47
2026-06-28 07:45:41,845 | INFO     |   →    vmess: 1
2026-06-28 07:45:41,845 | INFO     |   →    trojan: 9
2026-06-28 07:45:41,845 | INFO     |   →    hysteria2: 2
2026-06-28 07:45:41,845 | INFO     | ✅ mirror.py завершён успешно
2026-06-28 07:45:41,845 | INFO     | 
2026-06-28 07:45:41,845 | INFO     | 
2026-06-28 07:45:41,845 | INFO     | ──────────────────────────────────────────────────────────────────────
2026-06-28 07:45:41,845 | INFO     | 📌 ЭТАП: Генерация 50 уникальных CF-VLESS
2026-06-28 07:45:41,846 | INFO     | ──────────────────────────────────────────────────────────────────────
2026-06-28 07:45:41,846 | INFO     | 🚀 Запуск generate_cf_vless.py (50 новых CF-VLESS)...
2026-06-28 07:45:42,022 | INFO     |   → === Генератор свежих VLESS-конфигов на IP Cloudflare ===
2026-06-28 07:45:42,022 | INFO     |   → ✅ Сгенерировано и сохранено 50 VLESS-конфигов.
2026-06-28 07:45:42,022 | INFO     |   → 📂 Файл: /home/runner/work/vpn-vless-configs-russia/vpn-vless-configs-russia/data/githubmirror/new/cf_fresh.txt
2026-06-28 07:45:42,022 | INFO     | ✅ generate_cf_vless.py завершён успешно
2026-06-28 07:45:42,022 | INFO     | 
2026-06-28 07:45:42,022 | INFO     | 
2026-06-28 07:45:42,022 | INFO     | ──────────────────────────────────────────────────────────────────────
2026-06-28 07:45:42,022 | INFO     | 📌 ЭТАП: Слияние CF с основным списком
2026-06-28 07:45:42,022 | INFO     | ──────────────────────────────────────────────────────────────────────
2026-06-28 07:45:42,024 | INFO     | 🔄 Добавлено 50 новых CF-VLESS в /home/runner/work/vpn-vless-configs-russia/vpn-vless-configs-russia/data/githubmirror/clean/vless.txt
2026-06-28 07:45:42,024 | INFO     | 📊 Всего в clean/vless.txt теперь: 97
2026-06-28 07:45:42,024 | INFO     | 
2026-06-28 07:45:42,024 | INFO     | 
2026-06-28 07:45:42,024 | INFO     | ──────────────────────────────────────────────────────────────────────
2026-06-28 07:45:42,024 | INFO     | 📌 ЭТАП: Фильтрация по реальному SNI
2026-06-28 07:45:42,024 | INFO     | ──────────────────────────────────────────────────────────────────────
2026-06-28 07:45:42,024 | INFO     | 🚀 Запуск filter_ru_sni.py (Фильтр по реальному SNI (CDN+RU))...
2026-06-28 07:45:42,054 | INFO     |   → hysteria2.txt: 2 → 0 (SNI-filtered)
2026-06-28 07:45:42,054 | INFO     |   →   trojan.txt: 9 → 0 (SNI-filtered)
2026-06-28 07:45:42,054 | INFO     |   →   vless.txt: 97 → 55 (SNI-filtered)
2026-06-28 07:45:42,054 | INFO     |   →   vmess.txt: 1 → 0 (SNI-filtered)
2026-06-28 07:45:42,054 | INFO     |   → ==================================================
2026-06-28 07:45:42,054 | INFO     |   →   Всего входных:  109
2026-06-28 07:45:42,054 | INFO     |   →   Прошли фильтр:  55
2026-06-28 07:45:42,054 | INFO     |   →   Отброшено:      54
2026-06-28 07:45:42,054 | INFO     |   → ==================================================
2026-06-28 07:45:42,054 | INFO     |   → Готово → /home/runner/work/vpn-vless-configs-russia/vpn-vless-configs-russia/data/githubmirror/ru-sni
2026-06-28 07:45:42,054 | INFO     | ✅ filter_ru_sni.py завершён успешно
2026-06-28 07:45:42,054 | INFO     | 
2026-06-28 07:45:42,054 | INFO     | 
2026-06-28 07:45:42,054 | INFO     | ──────────────────────────────────────────────────────────────────────
2026-06-28 07:45:42,054 | INFO     | 📌 ЭТАП: Экспериментальный RU-SNI фильтр
2026-06-28 07:45:42,054 | INFO     | ──────────────────────────────────────────────────────────────────────
2026-06-28 07:45:42,055 | INFO     | 🚀 Запуск filter_ru_sni_local.py (Экспериментальный фильтр по RU-SNI)...
2026-06-28 07:45:42,084 | INFO     |   → hysteria2.txt: 2 → 0 (RU-SNI)
2026-06-28 07:45:42,084 | INFO     |   → trojan.txt: 9 → 0 (RU-SNI)
2026-06-28 07:45:42,084 | INFO     |   → vless.txt: 97 → 0 (RU-SNI)
2026-06-28 07:45:42,084 | INFO     |   → vmess.txt: 1 → 0 (RU-SNI)
2026-06-28 07:45:42,084 | INFO     |   → ==================================================
2026-06-28 07:45:42,084 | INFO     |   → Всего входных:  109
2026-06-28 07:45:42,084 | INFO     |   → Прошли RU-SNI:  0
2026-06-28 07:45:42,084 | INFO     |   → Отброшено:      109
2026-06-28 07:45:42,085 | INFO     |   → ==================================================
2026-06-28 07:45:42,085 | INFO     |   → Готово → /home/runner/work/vpn-vless-configs-russia/vpn-vless-configs-russia/data/githubmirror/ru-sni-local
2026-06-28 07:45:42,085 | INFO     | ✅ filter_ru_sni_local.py завершён успешно
2026-06-28 07:45:42,085 | INFO     | 
2026-06-28 07:45:42,085 | INFO     | 
2026-06-28 07:45:42,085 | INFO     | ──────────────────────────────────────────────────────────────────────
2026-06-28 07:45:42,085 | INFO     | 📌 ЭТАП: Сбор статистики
2026-06-28 07:45:42,085 | INFO     | ──────────────────────────────────────────────────────────────────────
2026-06-28 07:45:42,085 | INFO     | 📊 Сбор статистики...
2026-06-28 07:45:42,085 | INFO     |   📁 githubmirror/clean:
2026-06-28 07:45:42,086 | INFO     |     • hysteria2   :     2 конфигов
2026-06-28 07:45:42,086 | INFO     |     • trojan      :     9 конфигов
2026-06-28 07:45:42,086 | INFO     |     • vless       :    97 конфигов
2026-06-28 07:45:42,086 | INFO     |     • vmess       :     1 конфигов
2026-06-28 07:45:42,086 | INFO     |   📁 githubmirror/ru-sni:
2026-06-28 07:45:42,086 | INFO     |     • hysteria2   :     0 конфигов (  0.0% от clean)
2026-06-28 07:45:42,086 | INFO     |     • trojan      :     0 конфигов (  0.0% от clean)
2026-06-28 07:45:42,086 | INFO     |     • vless       :    55 конфигов ( 56.7% от clean)
2026-06-28 07:45:42,087 | INFO     |     • vmess       :     0 конфигов (  0.0% от clean)
2026-06-28 07:45:42,087 | INFO     |   ✨ Новых CF-VLESS в этом запуске: 50
2026-06-28 07:45:42,087 | INFO     | 
2026-06-28 07:45:42,087 | INFO     |   ──────────────────────────────────────────────────
2026-06-28 07:45:42,087 | INFO     |   📈 ИТОГО:
2026-06-28 07:45:42,087 | INFO     |     Clean (после geo-фильтра):      109
2026-06-28 07:45:42,087 | INFO     |     RU-SNI (после SNI-фильтра):      55
2026-06-28 07:45:42,087 | INFO     |     Прошло фильтр:                 50.5%
2026-06-28 07:45:42,087 | INFO     |   ──────────────────────────────────────────────────
2026-06-28 07:45:42,087 | INFO     | ✅ Статистика сохранена: /home/runner/work/vpn-vless-configs-russia/vpn-vless-configs-russia/data/stats.json
2026-06-28 07:45:42,087 | INFO     | 
2026-06-28 07:45:42,087 | INFO     | ======================================================================
2026-06-28 07:45:42,088 | INFO     | 📊 ИТОГОВЫЙ ОТЧЁТ
2026-06-28 07:45:42,088 | INFO     | ======================================================================
2026-06-28 07:45:42,088 | INFO     |   ✅ OK         | Загрузка и geo-фильтрация
2026-06-28 07:45:42,088 | INFO     |   ✅ OK         | Генерация 50 уникальных CF-VLESS
2026-06-28 07:45:42,088 | INFO     |   ✅ OK         | Слияние CF с основным списком
2026-06-28 07:45:42,088 | INFO     |   ✅ OK         | Фильтрация по реальному SNI
2026-06-28 07:45:42,088 | INFO     |   ✅ OK         | Экспериментальный RU-SNI фильтр
2026-06-28 07:45:42,088 | INFO     |   ✅ OK         | Сбор статистики
2026-06-28 07:45:42,088 | INFO     | ──────────────────────────────────────────────────────────────────────
2026-06-28 07:45:42,088 | INFO     | ✅ ВСЕ ЭТАПЫ УСПЕШНЫ (6/6)
2026-06-28 07:45:42,088 | INFO     | ⏰ Время завершения: 2026-06-28 07:45:42
2026-06-28 07:45:42,088 | INFO     | ======================================================================
