2026-06-27 20:50:11,846 | INFO     | ======================================================================
2026-06-27 20:50:11,846 | INFO     | 🔍 VPN KEY CHECKER - Начало проверки
2026-06-27 20:50:11,846 | INFO     | ⏰ Время старта: 2026-06-27 20:50:11
2026-06-27 20:50:11,846 | INFO     | 📂 Рабочая директория: /home/runner/work/vpn-vless-configs-russia/vpn-vless-configs-russia
2026-06-27 20:50:11,847 | INFO     | ======================================================================
2026-06-27 20:50:11,847 | INFO     | 
2026-06-27 20:50:11,847 | INFO     | 🔍 Проверка наличия скриптов...
2026-06-27 20:50:11,847 | INFO     |   ✅ mirror.py
2026-06-27 20:50:11,847 | INFO     |   ✅ generate_cf_vless.py
2026-06-27 20:50:11,847 | INFO     |   ✅ filter_ru_sni.py
2026-06-27 20:50:11,847 | INFO     |   ✅ filter_ru_sni_local.py
2026-06-27 20:50:11,847 | INFO     | 
2026-06-27 20:50:11,847 | INFO     | ──────────────────────────────────────────────────────────────────────
2026-06-27 20:50:11,847 | INFO     | 📌 ЭТАП: Загрузка и geo-фильтрация
2026-06-27 20:50:11,847 | INFO     | ──────────────────────────────────────────────────────────────────────
2026-06-27 20:50:11,847 | INFO     | 🚀 Запуск mirror.py (Загрузка и фильтрация по РФ/СНГ/Европа)...
2026-06-27 20:50:52,919 | INFO     |   → DEBUG: mirror.py started
2026-06-27 20:50:52,919 | INFO     |   → DEBUG: BASE_PATH = /home/runner/work/vpn-vless-configs-russia/vpn-vless-configs-russia
2026-06-27 20:50:52,919 | INFO     |   → DEBUG: CONFIG_SOURCES_FILE = /home/runner/work/vpn-vless-configs-russia/vpn-vless-configs-russia/data/config_sources.json
2026-06-27 20:50:52,919 | INFO     |   → 📂 Загружено 126 источников из /home/runner/work/vpn-vless-configs-russia/vpn-vless-configs-russia/data/config_sources.json
2026-06-27 20:50:52,919 | INFO     |   → 🚀 Старт: всего источников: 126
2026-06-27 20:50:52,919 | INFO     |   → 1/126: ✅ 0 взято | 🗑️ 0 мусор
2026-06-27 20:50:52,919 | INFO     |   → 2/126: ✅ 0 взято | 🗑️ 0 мусор
2026-06-27 20:50:52,919 | INFO     |   → 3/126: ✅ 0 взято | 🗑️ 0 мусор
2026-06-27 20:50:52,919 | INFO     |   → 4/126: ✅ 0 взято | 🗑️ 0 мусор
2026-06-27 20:50:52,919 | INFO     |   → 5/126: ✅ 0 взято | 🗑️ 0 мусор
2026-06-27 20:50:52,919 | INFO     |   → 6/126: ✅ 0 взято | 🗑️ 0 мусор
2026-06-27 20:50:52,919 | INFO     |   → 7/126: ✅ 0 взято | 🗑️ 0 мусор
2026-06-27 20:50:52,920 | INFO     |   → 8/126: ✅ 0 взято | 🗑️ 0 мусор
2026-06-27 20:50:52,920 | INFO     |   → 9/126: ✅ 0 взято | 🗑️ 0 мусор
2026-06-27 20:50:52,920 | INFO     |   → 10/126: ✅ 0 взято | 🗑️ 0 мусор
2026-06-27 20:50:52,920 | INFO     |   → 11/126: ✅ 0 взято | 🗑️ 0 мусор
2026-06-27 20:50:52,920 | INFO     |   → 12/126: ✅ 0 взято | 🗑️ 0 мусор
2026-06-27 20:50:52,920 | INFO     |   → 13/126: ✅ 0 взято | 🗑️ 0 мусор
2026-06-27 20:50:52,920 | INFO     |   → 14/126: ✅ 0 взято | 🗑️ 0 мусор
2026-06-27 20:50:52,920 | INFO     |   → 15/126: ✅ 0 взято | 🗑️ 0 мусор
2026-06-27 20:50:52,920 | INFO     |   → 16/126: ✅ 0 взято | 🗑️ 0 мусор
2026-06-27 20:50:52,920 | INFO     |   → 17/126: ✅ 0 взято | 🗑️ 0 мусор
2026-06-27 20:50:52,920 | INFO     |   → 18/126: ✅ 0 взято | 🗑️ 0 мусор
2026-06-27 20:50:52,920 | INFO     |   → 19/126: ✅ 0 взято | 🗑️ 0 мусор
2026-06-27 20:50:52,920 | INFO     |   → 20/126: ✅ 0 взято | 🗑️ 0 мусор
2026-06-27 20:50:52,920 | INFO     |   → 21/126: ✅ 0 взято | 🗑️ 0 мусор
2026-06-27 20:50:52,920 | INFO     |   → 22/126: ✅ 0 взято | 🗑️ 0 мусор
2026-06-27 20:50:52,920 | INFO     |   → 23/126: ✅ 0 взято | 🗑️ 0 мусор
2026-06-27 20:50:52,921 | INFO     |   → 24/126: ✅ 0 взято | 🗑️ 0 мусор
2026-06-27 20:50:52,921 | INFO     |   → 25/126: ✅ 0 взято | 🗑️ 0 мусор
2026-06-27 20:50:52,921 | INFO     |   → 26/126: ✅ 0 взято | 🗑️ 0 мусор
2026-06-27 20:50:52,921 | INFO     |   → 27/126: ✅ 0 взято | 🗑️ 0 мусор
2026-06-27 20:50:52,921 | INFO     |   → 28/126: ✅ 0 взято | 🗑️ 0 мусор
2026-06-27 20:50:52,921 | INFO     |   → 29/126: ✅ 0 взято | 🗑️ 0 мусор
2026-06-27 20:50:52,921 | INFO     |   → 30/126: ✅ 0 взято | 🗑️ 0 мусор
2026-06-27 20:50:52,921 | INFO     |   → 31/126: ✅ 0 взято | 🗑️ 0 мусор
2026-06-27 20:50:52,921 | INFO     |   → 32/126: ✅ 5 взято | 🗑️ 133 мусор
2026-06-27 20:50:52,921 | INFO     |   → 33/126: ✅ 5 взято | 🗑️ 166 мусор
2026-06-27 20:50:52,921 | INFO     |   → 34/126: ✅ 0 взято | 🗑️ 115 мусор
2026-06-27 20:50:52,921 | INFO     |   → 35/126: ✅ 0 взято | 🗑️ 0 мусор
2026-06-27 20:50:52,921 | INFO     |   → 36/126: ✅ 0 взято | 🗑️ 0 мусор
2026-06-27 20:50:52,921 | INFO     |   → 37/126: ✅ 0 взято | 🗑️ 0 мусор
2026-06-27 20:50:52,921 | INFO     |   → 38/126: ✅ 1 взято | 🗑️ 226 мусор
2026-06-27 20:50:52,921 | INFO     |   → 39/126: ✅ 0 взято | 🗑️ 0 мусор
2026-06-27 20:50:52,921 | INFO     |   → 40/126: ✅ 1 взято | 🗑️ 169 мусор
2026-06-27 20:50:52,921 | INFO     |   → 41/126: ✅ 0 взято | 🗑️ 0 мусор
2026-06-27 20:50:52,922 | INFO     |   → 42/126: ✅ 1 взято | 🗑️ 213 мусор
2026-06-27 20:50:52,922 | INFO     |   → 43/126: ✅ 0 взято | 🗑️ 0 мусор
2026-06-27 20:50:52,922 | INFO     |   → 44/126: ✅ 0 взято | 🗑️ 0 мусор
2026-06-27 20:50:52,922 | INFO     |   → 45/126: ✅ 0 взято | 🗑️ 0 мусор
2026-06-27 20:50:52,922 | INFO     |   → 46/126: ✅ 3 взято | 🗑️ 99 мусор
2026-06-27 20:50:52,922 | INFO     |   → 47/126: ✅ 0 взято | 🗑️ 0 мусор
2026-06-27 20:50:52,922 | INFO     |   → 48/126: ✅ 0 взято | 🗑️ 0 мусор
2026-06-27 20:50:52,922 | INFO     |   → 49/126: ✅ 1 взято | 🗑️ 96 мусор
2026-06-27 20:50:52,922 | INFO     |   → 50/126: ✅ 0 взято | 🗑️ 117 мусор
2026-06-27 20:50:52,922 | INFO     |   → 51/126: ✅ 11 взято | 🗑️ 225 мусор
2026-06-27 20:50:52,922 | INFO     |   → 52/126: ✅ 1 взято | 🗑️ 141 мусор
2026-06-27 20:50:52,922 | INFO     |   → 53/126: ✅ 0 взято | 🗑️ 96 мусор
2026-06-27 20:50:52,922 | INFO     |   → 54/126: ✅ 0 взято | 🗑️ 263 мусор
2026-06-27 20:50:52,922 | INFO     |   → 55/126: ✅ 0 взято | 🗑️ 0 мусор
2026-06-27 20:50:52,922 | INFO     |   → 56/126: ✅ 0 взято | 🗑️ 0 мусор
2026-06-27 20:50:52,922 | INFO     |   → 57/126: ✅ 0 взято | 🗑️ 137 мусор
2026-06-27 20:50:52,922 | INFO     |   → 58/126: ✅ 0 взято | 🗑️ 0 мусор
2026-06-27 20:50:52,922 | INFO     |   → 59/126: ✅ 0 взято | 🗑️ 112 мусор
2026-06-27 20:50:52,922 | INFO     |   → 60/126: ✅ 0 взято | 🗑️ 0 мусор
2026-06-27 20:50:52,923 | INFO     |   → 61/126: ✅ 3 взято | 🗑️ 100 мусор
2026-06-27 20:50:52,923 | INFO     |   → 62/126: ✅ 0 взято | 🗑️ 0 мусор
2026-06-27 20:50:52,923 | INFO     |   → 63/126: ✅ 1 взято | 🗑️ 171 мусор
2026-06-27 20:50:52,923 | INFO     |   → 64/126: ✅ 0 взято | 🗑️ 0 мусор
2026-06-27 20:50:52,923 | INFO     |   → 65/126: ✅ 0 взято | 🗑️ 202 мусор
2026-06-27 20:50:52,923 | INFO     |   → 66/126: ✅ 0 взято | 🗑️ 0 мусор
2026-06-27 20:50:52,923 | INFO     |   → 67/126: ✅ 0 взято | 🗑️ 138 мусор
2026-06-27 20:50:52,923 | INFO     |   → 68/126: ✅ 0 взято | 🗑️ 0 мусор
2026-06-27 20:50:52,923 | INFO     |   → 69/126: ✅ 0 взято | 🗑️ 236 мусор
2026-06-27 20:50:52,923 | INFO     |   → 70/126: ✅ 0 взято | 🗑️ 0 мусор
2026-06-27 20:50:52,923 | INFO     |   → 71/126: ✅ 0 взято | 🗑️ 192 мусор
2026-06-27 20:50:52,923 | INFO     |   → 72/126: ✅ 0 взято | 🗑️ 0 мусор
2026-06-27 20:50:52,923 | INFO     |   → 73/126: ✅ 1 взято | 🗑️ 174 мусор
2026-06-27 20:50:52,923 | INFO     |   → 74/126: ✅ 0 взято | 🗑️ 0 мусор
2026-06-27 20:50:52,923 | INFO     |   → 75/126: ✅ 1 взято | 🗑️ 149 мусор
2026-06-27 20:50:52,923 | INFO     |   → 76/126: ✅ 0 взято | 🗑️ 0 мусор
2026-06-27 20:50:52,923 | INFO     |   → 77/126: ✅ 3 взято | 🗑️ 147 мусор
2026-06-27 20:50:52,923 | INFO     |   → 78/126: ✅ 0 взято | 🗑️ 0 мусор
2026-06-27 20:50:52,923 | INFO     |   → 79/126: ✅ 2 взято | 🗑️ 196 мусор
2026-06-27 20:50:52,924 | INFO     |   → 80/126: ✅ 0 взято | 🗑️ 0 мусор
2026-06-27 20:50:52,924 | INFO     |   → 81/126: ✅ 2 взято | 🗑️ 277 мусор
2026-06-27 20:50:52,924 | INFO     |   → 82/126: ✅ 0 взято | 🗑️ 0 мусор
2026-06-27 20:50:52,924 | INFO     |   → 83/126: ✅ 0 взято | 🗑️ 211 мусор
2026-06-27 20:50:52,924 | INFO     |   → 84/126: ✅ 0 взято | 🗑️ 0 мусор
2026-06-27 20:50:52,924 | INFO     |   → 85/126: ✅ 1 взято | 🗑️ 229 мусор
2026-06-27 20:50:52,924 | INFO     |   → 86/126: ✅ 0 взято | 🗑️ 0 мусор
2026-06-27 20:50:52,924 | INFO     |   → 87/126: ✅ 1 взято | 🗑️ 131 мусор
2026-06-27 20:50:52,924 | INFO     |   → 88/126: ✅ 0 взято | 🗑️ 0 мусор
2026-06-27 20:50:52,924 | INFO     |   → 89/126: ✅ 3 взято | 🗑️ 257 мусор
2026-06-27 20:50:52,924 | INFO     |   → 90/126: ✅ 0 взято | 🗑️ 0 мусор
2026-06-27 20:50:52,924 | INFO     |   → 91/126: ✅ 5 взято | 🗑️ 9 мусор
2026-06-27 20:50:52,924 | INFO     |   → 92/126: ✅ 0 взято | 🗑️ 9 мусор
2026-06-27 20:50:52,924 | INFO     |   → 93/126: ✅ 0 взято | 🗑️ 9 мусор
2026-06-27 20:50:52,924 | INFO     |   → 94/126: ✅ 0 взято | 🗑️ 9 мусор
2026-06-27 20:50:52,924 | INFO     |   → 95/126: ✅ 0 взято | 🗑️ 9 мусор
2026-06-27 20:50:52,924 | INFO     |   → 96/126: ✅ 0 взято | 🗑️ 9 мусор
2026-06-27 20:50:52,924 | INFO     |   → 97/126: ✅ 0 взято | 🗑️ 9 мусор
2026-06-27 20:50:52,924 | INFO     |   → 98/126: ✅ 0 взято | 🗑️ 9 мусор
2026-06-27 20:50:52,924 | INFO     |   → 99/126: ✅ 13 взято | 🗑️ 10 мусор
2026-06-27 20:50:52,924 | INFO     |   → 100/126: ✅ 0 взято | 🗑️ 10 мусор
2026-06-27 20:50:52,924 | INFO     |   → 101/126: ✅ 0 взято | 🗑️ 10 мусор
2026-06-27 20:50:52,924 | INFO     |   → 102/126: ✅ 0 взято | 🗑️ 10 мусор
2026-06-27 20:50:52,924 | INFO     |   → 103/126: ✅ 0 взято | 🗑️ 10 мусор
2026-06-27 20:50:52,924 | INFO     |   → 104/126: ✅ 0 взято | 🗑️ 10 мусор
2026-06-27 20:50:52,924 | INFO     |   → 105/126: ✅ 0 взято | 🗑️ 10 мусор
2026-06-27 20:50:52,924 | INFO     |   → 106/126: ✅ 0 взято | 🗑️ 9 мусор
2026-06-27 20:50:52,924 | INFO     |   → 107/126: ✅ 0 взято | 🗑️ 9 мусор
2026-06-27 20:50:52,924 | INFO     |   → 108/126: ✅ 0 взято | 🗑️ 9 мусор
2026-06-27 20:50:52,924 | INFO     |   → 109/126: ✅ 0 взято | 🗑️ 9 мусор
2026-06-27 20:50:52,924 | INFO     |   → 110/126: ✅ 0 взято | 🗑️ 9 мусор
2026-06-27 20:50:52,925 | INFO     |   → 111/126: ✅ 0 взято | 🗑️ 9 мусор
2026-06-27 20:50:52,925 | INFO     |   → 112/126: ✅ 0 взято | 🗑️ 9 мусор
2026-06-27 20:50:52,925 | INFO     |   → 113/126: ✅ 0 взято | 🗑️ 9 мусор
2026-06-27 20:50:52,925 | INFO     |   → 114/126: ✅ 0 взято | 🗑️ 10 мусор
2026-06-27 20:50:52,925 | INFO     |   → 115/126: ✅ 0 взято | 🗑️ 10 мусор
2026-06-27 20:50:52,925 | INFO     |   → 116/126: ✅ 0 взято | 🗑️ 10 мусор
2026-06-27 20:50:52,925 | INFO     |   → 117/126: ✅ 0 взято | 🗑️ 10 мусор
2026-06-27 20:50:52,925 | INFO     |   → 118/126: ✅ 0 взято | 🗑️ 10 мусор
2026-06-27 20:50:52,925 | INFO     |   → 119/126: ✅ 0 взято | 🗑️ 10 мусор
2026-06-27 20:50:52,925 | INFO     |   → 120/126: ✅ 0 взято | 🗑️ 10 мусор
2026-06-27 20:50:52,925 | INFO     |   → 121/126: ✅ 0 взято | 🗑️ 0 мусор
2026-06-27 20:50:52,925 | INFO     |   → 122/126: ✅ 4 взято | 🗑️ 458 мусор
2026-06-27 20:50:52,925 | INFO     |   → 123/126: ✅ 0 взято | 🗑️ 0 мусор
2026-06-27 20:50:52,925 | INFO     |   → 124/126: ✅ 1 взято | 🗑️ 164 мусор
2026-06-27 20:50:52,925 | INFO     |   → 125/126: ✅ 0 взято | 🗑️ 0 мусор
2026-06-27 20:50:52,925 | INFO     |   → 126/126: ✅ 6 взято | 🗑️ 221 мусор
2026-06-27 20:50:52,925 | INFO     |   → 📡 С sstap.org получено 0 ключей
2026-06-27 20:50:52,925 | INFO     |   → 📡 С sstap.org не добавлено ни одного ключа (все 0 отклонены фильтром)
2026-06-27 20:50:52,925 | INFO     |   → ✅ ГОТОВО!
2026-06-27 20:50:52,925 | INFO     |   →    📥 Всего ключей после фильтра: 76
2026-06-27 20:50:52,925 | INFO     |   →    🔗 Уникальных IP:PORT:SCHEME: 57
2026-06-27 20:50:52,925 | INFO     |   →    🗑️ Выброшено мусора: 6245
2026-06-27 20:50:52,926 | INFO     |   → 📊 По протоколам:
2026-06-27 20:50:52,926 | INFO     |   →    vless: 46
2026-06-27 20:50:52,926 | INFO     |   →    vmess: 1
2026-06-27 20:50:52,926 | INFO     |   →    trojan: 8
2026-06-27 20:50:52,926 | INFO     |   →    hysteria2: 2
2026-06-27 20:50:52,926 | INFO     | ✅ mirror.py завершён успешно
2026-06-27 20:50:52,926 | INFO     | 
2026-06-27 20:50:52,926 | INFO     | 
2026-06-27 20:50:52,926 | INFO     | ──────────────────────────────────────────────────────────────────────
2026-06-27 20:50:52,926 | INFO     | 📌 ЭТАП: Генерация 50 уникальных CF-VLESS
2026-06-27 20:50:52,926 | INFO     | ──────────────────────────────────────────────────────────────────────
2026-06-27 20:50:52,926 | INFO     | 🚀 Запуск generate_cf_vless.py (50 новых CF-VLESS)...
2026-06-27 20:50:53,103 | INFO     |   → === Генератор свежих VLESS-конфигов на IP Cloudflare ===
2026-06-27 20:50:53,103 | INFO     |   → ✅ Сгенерировано и сохранено 50 VLESS-конфигов.
2026-06-27 20:50:53,103 | INFO     |   → 📂 Файл: /home/runner/work/vpn-vless-configs-russia/vpn-vless-configs-russia/data/githubmirror/new/cf_fresh.txt
2026-06-27 20:50:53,103 | INFO     | ✅ generate_cf_vless.py завершён успешно
2026-06-27 20:50:53,103 | INFO     | 
2026-06-27 20:50:53,103 | INFO     | 
2026-06-27 20:50:53,103 | INFO     | ──────────────────────────────────────────────────────────────────────
2026-06-27 20:50:53,104 | INFO     | 📌 ЭТАП: Слияние CF с основным списком
2026-06-27 20:50:53,104 | INFO     | ──────────────────────────────────────────────────────────────────────
2026-06-27 20:50:53,105 | INFO     | 🔄 Добавлено 50 новых CF-VLESS в /home/runner/work/vpn-vless-configs-russia/vpn-vless-configs-russia/data/githubmirror/clean/vless.txt
2026-06-27 20:50:53,105 | INFO     | 📊 Всего в clean/vless.txt теперь: 96
2026-06-27 20:50:53,105 | INFO     | 
2026-06-27 20:50:53,105 | INFO     | 
2026-06-27 20:50:53,105 | INFO     | ──────────────────────────────────────────────────────────────────────
2026-06-27 20:50:53,105 | INFO     | 📌 ЭТАП: Фильтрация по реальному SNI
2026-06-27 20:50:53,105 | INFO     | ──────────────────────────────────────────────────────────────────────
2026-06-27 20:50:53,105 | INFO     | 🚀 Запуск filter_ru_sni.py (Фильтр по реальному SNI (CDN+RU))...
2026-06-27 20:50:53,135 | INFO     |   → hysteria2.txt: 2 → 0 (SNI-filtered)
2026-06-27 20:50:53,135 | INFO     |   →   trojan.txt: 8 → 0 (SNI-filtered)
2026-06-27 20:50:53,135 | INFO     |   →   vless.txt: 96 → 55 (SNI-filtered)
2026-06-27 20:50:53,135 | INFO     |   →   vmess.txt: 1 → 0 (SNI-filtered)
2026-06-27 20:50:53,135 | INFO     |   → ==================================================
2026-06-27 20:50:53,135 | INFO     |   →   Всего входных:  107
2026-06-27 20:50:53,135 | INFO     |   →   Прошли фильтр:  55
2026-06-27 20:50:53,135 | INFO     |   →   Отброшено:      52
2026-06-27 20:50:53,135 | INFO     |   → ==================================================
2026-06-27 20:50:53,135 | INFO     |   → Готово → /home/runner/work/vpn-vless-configs-russia/vpn-vless-configs-russia/data/githubmirror/ru-sni
2026-06-27 20:50:53,135 | INFO     | ✅ filter_ru_sni.py завершён успешно
2026-06-27 20:50:53,135 | INFO     | 
2026-06-27 20:50:53,135 | INFO     | 
2026-06-27 20:50:53,135 | INFO     | ──────────────────────────────────────────────────────────────────────
2026-06-27 20:50:53,135 | INFO     | 📌 ЭТАП: Экспериментальный RU-SNI фильтр
2026-06-27 20:50:53,135 | INFO     | ──────────────────────────────────────────────────────────────────────
2026-06-27 20:50:53,136 | INFO     | 🚀 Запуск filter_ru_sni_local.py (Экспериментальный фильтр по RU-SNI)...
2026-06-27 20:50:53,165 | INFO     |   → hysteria2.txt: 2 → 0 (RU-SNI)
2026-06-27 20:50:53,165 | INFO     |   → trojan.txt: 8 → 0 (RU-SNI)
2026-06-27 20:50:53,165 | INFO     |   → vless.txt: 96 → 0 (RU-SNI)
2026-06-27 20:50:53,165 | INFO     |   → vmess.txt: 1 → 0 (RU-SNI)
2026-06-27 20:50:53,165 | INFO     |   → ==================================================
2026-06-27 20:50:53,165 | INFO     |   → Всего входных:  107
2026-06-27 20:50:53,165 | INFO     |   → Прошли RU-SNI:  0
2026-06-27 20:50:53,165 | INFO     |   → Отброшено:      107
2026-06-27 20:50:53,166 | INFO     |   → ==================================================
2026-06-27 20:50:53,166 | INFO     |   → Готово → /home/runner/work/vpn-vless-configs-russia/vpn-vless-configs-russia/data/githubmirror/ru-sni-local
2026-06-27 20:50:53,166 | INFO     | ✅ filter_ru_sni_local.py завершён успешно
2026-06-27 20:50:53,166 | INFO     | 
2026-06-27 20:50:53,166 | INFO     | 
2026-06-27 20:50:53,166 | INFO     | ──────────────────────────────────────────────────────────────────────
2026-06-27 20:50:53,166 | INFO     | 📌 ЭТАП: Сбор статистики
2026-06-27 20:50:53,166 | INFO     | ──────────────────────────────────────────────────────────────────────
2026-06-27 20:50:53,166 | INFO     | 📊 Сбор статистики...
2026-06-27 20:50:53,166 | INFO     |   📁 githubmirror/clean:
2026-06-27 20:50:53,166 | INFO     |     • hysteria2   :     2 конфигов
2026-06-27 20:50:53,167 | INFO     |     • trojan      :     8 конфигов
2026-06-27 20:50:53,167 | INFO     |     • vless       :    96 конфигов
2026-06-27 20:50:53,167 | INFO     |     • vmess       :     1 конфигов
2026-06-27 20:50:53,167 | INFO     |   📁 githubmirror/ru-sni:
2026-06-27 20:50:53,167 | INFO     |     • hysteria2   :     0 конфигов (  0.0% от clean)
2026-06-27 20:50:53,167 | INFO     |     • trojan      :     0 конфигов (  0.0% от clean)
2026-06-27 20:50:53,167 | INFO     |     • vless       :    55 конфигов ( 57.3% от clean)
2026-06-27 20:50:53,167 | INFO     |     • vmess       :     0 конфигов (  0.0% от clean)
2026-06-27 20:50:53,168 | INFO     |   ✨ Новых CF-VLESS в этом запуске: 50
2026-06-27 20:50:53,168 | INFO     | 
2026-06-27 20:50:53,168 | INFO     |   ──────────────────────────────────────────────────
2026-06-27 20:50:53,168 | INFO     |   📈 ИТОГО:
2026-06-27 20:50:53,168 | INFO     |     Clean (после geo-фильтра):      107
2026-06-27 20:50:53,168 | INFO     |     RU-SNI (после SNI-фильтра):      55
2026-06-27 20:50:53,168 | INFO     |     Прошло фильтр:                 51.4%
2026-06-27 20:50:53,168 | INFO     |   ──────────────────────────────────────────────────
2026-06-27 20:50:53,168 | INFO     | ✅ Статистика сохранена: /home/runner/work/vpn-vless-configs-russia/vpn-vless-configs-russia/data/stats.json
2026-06-27 20:50:53,168 | INFO     | 
2026-06-27 20:50:53,168 | INFO     | ======================================================================
2026-06-27 20:50:53,168 | INFO     | 📊 ИТОГОВЫЙ ОТЧЁТ
2026-06-27 20:50:53,168 | INFO     | ======================================================================
2026-06-27 20:50:53,168 | INFO     |   ✅ OK         | Загрузка и geo-фильтрация
2026-06-27 20:50:53,168 | INFO     |   ✅ OK         | Генерация 50 уникальных CF-VLESS
2026-06-27 20:50:53,168 | INFO     |   ✅ OK         | Слияние CF с основным списком
2026-06-27 20:50:53,168 | INFO     |   ✅ OK         | Фильтрация по реальному SNI
2026-06-27 20:50:53,169 | INFO     |   ✅ OK         | Экспериментальный RU-SNI фильтр
2026-06-27 20:50:53,169 | INFO     |   ✅ OK         | Сбор статистики
2026-06-27 20:50:53,169 | INFO     | ──────────────────────────────────────────────────────────────────────
2026-06-27 20:50:53,169 | INFO     | ✅ ВСЕ ЭТАПЫ УСПЕШНЫ (6/6)
2026-06-27 20:50:53,169 | INFO     | ⏰ Время завершения: 2026-06-27 20:50:53
2026-06-27 20:50:53,169 | INFO     | ======================================================================
