2026-06-22 02:36:28,861 | INFO     | ======================================================================
2026-06-22 02:36:28,861 | INFO     | 🔍 VPN KEY CHECKER - Начало проверки
2026-06-22 02:36:28,861 | INFO     | ⏰ Время старта: 2026-06-22 02:36:28
2026-06-22 02:36:28,861 | INFO     | 📂 Рабочая директория: /home/runner/work/vpn-vless-configs-russia/vpn-vless-configs-russia
2026-06-22 02:36:28,861 | INFO     | ======================================================================
2026-06-22 02:36:28,861 | INFO     | 
2026-06-22 02:36:28,861 | INFO     | 🔍 Проверка наличия скриптов...
2026-06-22 02:36:28,861 | INFO     |   ✅ mirror.py
2026-06-22 02:36:28,862 | INFO     |   ✅ generate_cf_vless.py
2026-06-22 02:36:28,862 | INFO     |   ✅ filter_ru_sni.py
2026-06-22 02:36:28,862 | INFO     |   ✅ filter_ru_sni_local.py
2026-06-22 02:36:28,862 | INFO     | 
2026-06-22 02:36:28,862 | INFO     | ──────────────────────────────────────────────────────────────────────
2026-06-22 02:36:28,862 | INFO     | 📌 ЭТАП: Загрузка и geo-фильтрация
2026-06-22 02:36:28,862 | INFO     | ──────────────────────────────────────────────────────────────────────
2026-06-22 02:36:28,862 | INFO     | 🚀 Запуск mirror.py (Загрузка и фильтрация по РФ/СНГ/Европа)...
2026-06-22 02:36:54,246 | INFO     |   → DEBUG: mirror.py started
2026-06-22 02:36:54,246 | INFO     |   → DEBUG: BASE_PATH = /home/runner/work/vpn-vless-configs-russia/vpn-vless-configs-russia
2026-06-22 02:36:54,246 | INFO     |   → DEBUG: CONFIG_SOURCES_FILE = /home/runner/work/vpn-vless-configs-russia/vpn-vless-configs-russia/data/config_sources.json
2026-06-22 02:36:54,246 | INFO     |   → 📂 Загружено 80 источников из /home/runner/work/vpn-vless-configs-russia/vpn-vless-configs-russia/data/config_sources.json
2026-06-22 02:36:54,246 | INFO     |   → 🚀 Старт: всего источников: 80
2026-06-22 02:36:54,246 | INFO     |   → 1/80: ✅ 0 взято | 🗑️ 0 мусор
2026-06-22 02:36:54,247 | INFO     |   → 2/80: ✅ 0 взято | 🗑️ 0 мусор
2026-06-22 02:36:54,247 | INFO     |   → 3/80: ✅ 0 взято | 🗑️ 0 мусор
2026-06-22 02:36:54,247 | INFO     |   → 4/80: ✅ 0 взято | 🗑️ 0 мусор
2026-06-22 02:36:54,247 | INFO     |   → 5/80: ✅ 0 взято | 🗑️ 0 мусор
2026-06-22 02:36:54,247 | INFO     |   → 6/80: ✅ 0 взято | 🗑️ 0 мусор
2026-06-22 02:36:54,247 | INFO     |   → 7/80: ✅ 0 взято | 🗑️ 0 мусор
2026-06-22 02:36:54,247 | INFO     |   → 8/80: ✅ 0 взято | 🗑️ 0 мусор
2026-06-22 02:36:54,247 | INFO     |   → 9/80: ✅ 0 взято | 🗑️ 0 мусор
2026-06-22 02:36:54,247 | INFO     |   → 10/80: ✅ 0 взято | 🗑️ 0 мусор
2026-06-22 02:36:54,247 | INFO     |   → 11/80: ✅ 0 взято | 🗑️ 0 мусор
2026-06-22 02:36:54,247 | INFO     |   → 12/80: ✅ 0 взято | 🗑️ 0 мусор
2026-06-22 02:36:54,247 | INFO     |   → 13/80: ✅ 0 взято | 🗑️ 0 мусор
2026-06-22 02:36:54,247 | INFO     |   → 14/80: ✅ 0 взято | 🗑️ 0 мусор
2026-06-22 02:36:54,247 | INFO     |   → 15/80: ✅ 0 взято | 🗑️ 0 мусор
2026-06-22 02:36:54,247 | INFO     |   → 16/80: ✅ 0 взято | 🗑️ 0 мусор
2026-06-22 02:36:54,247 | INFO     |   → 17/80: ✅ 0 взято | 🗑️ 0 мусор
2026-06-22 02:36:54,247 | INFO     |   → 18/80: ✅ 0 взято | 🗑️ 0 мусор
2026-06-22 02:36:54,247 | INFO     |   → 19/80: ✅ 0 взято | 🗑️ 0 мусор
2026-06-22 02:36:54,247 | INFO     |   → 20/80: ✅ 0 взято | 🗑️ 0 мусор
2026-06-22 02:36:54,247 | INFO     |   → 21/80: ✅ 5 взято | 🗑️ 166 мусор
2026-06-22 02:36:54,247 | INFO     |   → 22/80: ✅ 0 взято | 🗑️ 115 мусор
2026-06-22 02:36:54,247 | INFO     |   → 23/80: ✅ 0 взято | 🗑️ 0 мусор
2026-06-22 02:36:54,248 | INFO     |   → 24/80: ✅ 0 взято | 🗑️ 0 мусор
2026-06-22 02:36:54,248 | INFO     |   → 25/80: ✅ 0 взято | 🗑️ 0 мусор
2026-06-22 02:36:54,248 | INFO     |   → 26/80: ✅ 1 взято | 🗑️ 169 мусор
2026-06-22 02:36:54,248 | INFO     |   → 27/80: ✅ 0 взято | 🗑️ 0 мусор
2026-06-22 02:36:54,248 | INFO     |   → 28/80: ✅ 1 взято | 🗑️ 213 мусор
2026-06-22 02:36:54,248 | INFO     |   → 29/80: ✅ 0 взято | 🗑️ 0 мусор
2026-06-22 02:36:54,248 | INFO     |   → 30/80: ✅ 0 взято | 🗑️ 0 мусор
2026-06-22 02:36:54,248 | INFO     |   → 31/80: ✅ 0 взято | 🗑️ 117 мусор
2026-06-22 02:36:54,248 | INFO     |   → 32/80: ✅ 12 взято | 🗑️ 225 мусор
2026-06-22 02:36:54,248 | INFO     |   → 33/80: ✅ 1 взято | 🗑️ 141 мусор
2026-06-22 02:36:54,248 | INFO     |   → 34/80: ✅ 0 взято | 🗑️ 0 мусор
2026-06-22 02:36:54,248 | INFO     |   → 35/80: ✅ 0 взято | 🗑️ 0 мусор
2026-06-22 02:36:54,248 | INFO     |   → 36/80: ✅ 0 взято | 🗑️ 137 мусор
2026-06-22 02:36:54,248 | INFO     |   → 37/80: ✅ 0 взято | 🗑️ 112 мусор
2026-06-22 02:36:54,248 | INFO     |   → 38/80: ✅ 0 взято | 🗑️ 0 мусор
2026-06-22 02:36:54,248 | INFO     |   → 39/80: ✅ 3 взято | 🗑️ 100 мусор
2026-06-22 02:36:54,248 | INFO     |   → 40/80: ✅ 0 взято | 🗑️ 0 мусор
2026-06-22 02:36:54,248 | INFO     |   → 41/80: ✅ 1 взято | 🗑️ 171 мусор
2026-06-22 02:36:54,248 | INFO     |   → 42/80: ✅ 0 взято | 🗑️ 0 мусор
2026-06-22 02:36:54,248 | INFO     |   → 43/80: ✅ 0 взято | 🗑️ 202 мусор
2026-06-22 02:36:54,248 | INFO     |   → 44/80: ✅ 0 взято | 🗑️ 0 мусор
2026-06-22 02:36:54,248 | INFO     |   → 45/80: ✅ 0 взято | 🗑️ 138 мусор
2026-06-22 02:36:54,248 | INFO     |   → 46/80: ✅ 0 взято | 🗑️ 0 мусор
2026-06-22 02:36:54,248 | INFO     |   → 47/80: ✅ 0 взято | 🗑️ 236 мусор
2026-06-22 02:36:54,248 | INFO     |   → 48/80: ✅ 0 взято | 🗑️ 0 мусор
2026-06-22 02:36:54,249 | INFO     |   → 49/80: ✅ 0 взято | 🗑️ 192 мусор
2026-06-22 02:36:54,249 | INFO     |   → 50/80: ✅ 0 взято | 🗑️ 0 мусор
2026-06-22 02:36:54,249 | INFO     |   → 51/80: ✅ 1 взято | 🗑️ 174 мусор
2026-06-22 02:36:54,249 | INFO     |   → 52/80: ✅ 0 взято | 🗑️ 0 мусор
2026-06-22 02:36:54,249 | INFO     |   → 53/80: ✅ 1 взято | 🗑️ 149 мусор
2026-06-22 02:36:54,249 | INFO     |   → 54/80: ✅ 0 взято | 🗑️ 0 мусор
2026-06-22 02:36:54,249 | INFO     |   → 55/80: ✅ 3 взято | 🗑️ 147 мусор
2026-06-22 02:36:54,249 | INFO     |   → 56/80: ✅ 0 взято | 🗑️ 0 мусор
2026-06-22 02:36:54,249 | INFO     |   → 57/80: ✅ 5 взято | 🗑️ 9 мусор
2026-06-22 02:36:54,249 | INFO     |   → 58/80: ✅ 0 взято | 🗑️ 9 мусор
2026-06-22 02:36:54,249 | INFO     |   → 59/80: ✅ 0 взято | 🗑️ 9 мусор
2026-06-22 02:36:54,249 | INFO     |   → 60/80: ✅ 0 взято | 🗑️ 9 мусор
2026-06-22 02:36:54,249 | INFO     |   → 61/80: ✅ 0 взято | 🗑️ 9 мусор
2026-06-22 02:36:54,249 | INFO     |   → 62/80: ✅ 0 взято | 🗑️ 9 мусор
2026-06-22 02:36:54,249 | INFO     |   → 63/80: ✅ 0 взято | 🗑️ 9 мусор
2026-06-22 02:36:54,249 | INFO     |   → 64/80: ✅ 0 взято | 🗑️ 9 мусор
2026-06-22 02:36:54,249 | INFO     |   → 65/80: ✅ 13 взято | 🗑️ 10 мусор
2026-06-22 02:36:54,249 | INFO     |   → 66/80: ✅ 0 взято | 🗑️ 9 мусор
2026-06-22 02:36:54,249 | INFO     |   → 67/80: ✅ 0 взято | 🗑️ 9 мусор
2026-06-22 02:36:54,249 | INFO     |   → 68/80: ✅ 0 взято | 🗑️ 9 мусор
2026-06-22 02:36:54,249 | INFO     |   → 69/80: ✅ 0 взято | 🗑️ 9 мусор
2026-06-22 02:36:54,249 | INFO     |   → 70/80: ✅ 0 взято | 🗑️ 9 мусор
2026-06-22 02:36:54,250 | INFO     |   → 71/80: ✅ 0 взято | 🗑️ 9 мусор
2026-06-22 02:36:54,250 | INFO     |   → 72/80: ✅ 0 взято | 🗑️ 9 мусор
2026-06-22 02:36:54,250 | INFO     |   → 73/80: ✅ 0 взято | 🗑️ 9 мусор
2026-06-22 02:36:54,250 | INFO     |   → 74/80: ✅ 0 взято | 🗑️ 10 мусор
2026-06-22 02:36:54,250 | INFO     |   → 75/80: ✅ 0 взято | 🗑️ 0 мусор
2026-06-22 02:36:54,250 | INFO     |   → 76/80: ✅ 4 взято | 🗑️ 458 мусор
2026-06-22 02:36:54,250 | INFO     |   → 77/80: ✅ 0 взято | 🗑️ 0 мусор
2026-06-22 02:36:54,250 | INFO     |   → 78/80: ✅ 1 взято | 🗑️ 164 мусор
2026-06-22 02:36:54,250 | INFO     |   → 79/80: ✅ 0 взято | 🗑️ 0 мусор
2026-06-22 02:36:54,250 | INFO     |   → 80/80: ✅ 6 взято | 🗑️ 221 мусор
2026-06-22 02:36:54,250 | INFO     |   → 📡 С sstap.org получено 0 ключей
2026-06-22 02:36:54,250 | INFO     |   → 📡 С sstap.org не добавлено ни одного ключа (все 0 отклонены фильтром)
2026-06-22 02:36:54,250 | INFO     |   → ✅ ГОТОВО!
2026-06-22 02:36:54,250 | INFO     |   →    📥 Всего ключей после фильтра: 58
2026-06-22 02:36:54,250 | INFO     |   →    🔗 Уникальных IP:PORT:SCHEME: 46
2026-06-22 02:36:54,250 | INFO     |   →    🗑️ Выброшено мусора: 3911
2026-06-22 02:36:54,250 | INFO     |   → 📊 По протоколам:
2026-06-22 02:36:54,250 | INFO     |   →    vless: 37
2026-06-22 02:36:54,250 | INFO     |   →    vmess: 1
2026-06-22 02:36:54,250 | INFO     |   →    trojan: 7
2026-06-22 02:36:54,250 | INFO     |   →    hysteria2: 1
2026-06-22 02:36:54,250 | INFO     | ✅ mirror.py завершён успешно
2026-06-22 02:36:54,250 | INFO     | 
2026-06-22 02:36:54,251 | INFO     | 
2026-06-22 02:36:54,251 | INFO     | ──────────────────────────────────────────────────────────────────────
2026-06-22 02:36:54,251 | INFO     | 📌 ЭТАП: Генерация 50 уникальных CF-VLESS
2026-06-22 02:36:54,251 | INFO     | ──────────────────────────────────────────────────────────────────────
2026-06-22 02:36:54,251 | INFO     | 🚀 Запуск generate_cf_vless.py (50 новых CF-VLESS)...
2026-06-22 02:36:54,439 | INFO     |   → === Генератор свежих VLESS-конфигов на IP Cloudflare ===
2026-06-22 02:36:54,439 | INFO     |   → ✅ Сгенерировано и сохранено 50 VLESS-конфигов.
2026-06-22 02:36:54,439 | INFO     |   → 📂 Файл: /home/runner/work/vpn-vless-configs-russia/vpn-vless-configs-russia/data/githubmirror/new/cf_fresh.txt
2026-06-22 02:36:54,439 | INFO     | ✅ generate_cf_vless.py завершён успешно
2026-06-22 02:36:54,439 | INFO     | 
2026-06-22 02:36:54,439 | INFO     | 
2026-06-22 02:36:54,439 | INFO     | ──────────────────────────────────────────────────────────────────────
2026-06-22 02:36:54,439 | INFO     | 📌 ЭТАП: Слияние CF с основным списком
2026-06-22 02:36:54,439 | INFO     | ──────────────────────────────────────────────────────────────────────
2026-06-22 02:36:54,441 | INFO     | 🔄 Добавлено 50 новых CF-VLESS в /home/runner/work/vpn-vless-configs-russia/vpn-vless-configs-russia/data/githubmirror/clean/vless.txt
2026-06-22 02:36:54,441 | INFO     | 📊 Всего в clean/vless.txt теперь: 87
2026-06-22 02:36:54,441 | INFO     | 
2026-06-22 02:36:54,441 | INFO     | 
2026-06-22 02:36:54,441 | INFO     | ──────────────────────────────────────────────────────────────────────
2026-06-22 02:36:54,441 | INFO     | 📌 ЭТАП: Фильтрация по реальному SNI
2026-06-22 02:36:54,441 | INFO     | ──────────────────────────────────────────────────────────────────────
2026-06-22 02:36:54,441 | INFO     | 🚀 Запуск filter_ru_sni.py (Фильтр по реальному SNI (CDN+RU))...
2026-06-22 02:36:54,470 | INFO     |   → hysteria2.txt: 1 → 0 (SNI-filtered)
2026-06-22 02:36:54,470 | INFO     |   →   trojan.txt: 7 → 0 (SNI-filtered)
2026-06-22 02:36:54,470 | INFO     |   →   vless.txt: 87 → 52 (SNI-filtered)
2026-06-22 02:36:54,470 | INFO     |   →   vmess.txt: 1 → 0 (SNI-filtered)
2026-06-22 02:36:54,470 | INFO     |   → ==================================================
2026-06-22 02:36:54,470 | INFO     |   →   Всего входных:  96
2026-06-22 02:36:54,470 | INFO     |   →   Прошли фильтр:  52
2026-06-22 02:36:54,470 | INFO     |   →   Отброшено:      44
2026-06-22 02:36:54,470 | INFO     |   → ==================================================
2026-06-22 02:36:54,470 | INFO     |   → Готово → /home/runner/work/vpn-vless-configs-russia/vpn-vless-configs-russia/data/githubmirror/ru-sni
2026-06-22 02:36:54,470 | INFO     | ✅ filter_ru_sni.py завершён успешно
2026-06-22 02:36:54,471 | INFO     | 
2026-06-22 02:36:54,471 | INFO     | 
2026-06-22 02:36:54,471 | INFO     | ──────────────────────────────────────────────────────────────────────
2026-06-22 02:36:54,471 | INFO     | 📌 ЭТАП: Экспериментальный RU-SNI фильтр
2026-06-22 02:36:54,471 | INFO     | ──────────────────────────────────────────────────────────────────────
2026-06-22 02:36:54,471 | INFO     | 🚀 Запуск filter_ru_sni_local.py (Экспериментальный фильтр по RU-SNI)...
2026-06-22 02:36:54,500 | INFO     |   → hysteria2.txt: 1 → 0 (RU-SNI)
2026-06-22 02:36:54,500 | INFO     |   → trojan.txt: 7 → 0 (RU-SNI)
2026-06-22 02:36:54,500 | INFO     |   → vless.txt: 87 → 0 (RU-SNI)
2026-06-22 02:36:54,500 | INFO     |   → vmess.txt: 1 → 0 (RU-SNI)
2026-06-22 02:36:54,500 | INFO     |   → ==================================================
2026-06-22 02:36:54,500 | INFO     |   → Всего входных:  96
2026-06-22 02:36:54,500 | INFO     |   → Прошли RU-SNI:  0
2026-06-22 02:36:54,500 | INFO     |   → Отброшено:      96
2026-06-22 02:36:54,500 | INFO     |   → ==================================================
2026-06-22 02:36:54,500 | INFO     |   → Готово → /home/runner/work/vpn-vless-configs-russia/vpn-vless-configs-russia/data/githubmirror/ru-sni-local
2026-06-22 02:36:54,501 | INFO     | ✅ filter_ru_sni_local.py завершён успешно
2026-06-22 02:36:54,501 | INFO     | 
2026-06-22 02:36:54,501 | INFO     | 
2026-06-22 02:36:54,501 | INFO     | ──────────────────────────────────────────────────────────────────────
2026-06-22 02:36:54,501 | INFO     | 📌 ЭТАП: Сбор статистики
2026-06-22 02:36:54,501 | INFO     | ──────────────────────────────────────────────────────────────────────
2026-06-22 02:36:54,501 | INFO     | 📊 Сбор статистики...
2026-06-22 02:36:54,501 | INFO     |   📁 githubmirror/clean:
2026-06-22 02:36:54,501 | INFO     |     • hysteria2   :     1 конфигов
2026-06-22 02:36:54,502 | INFO     |     • trojan      :     7 конфигов
2026-06-22 02:36:54,502 | INFO     |     • vless       :    87 конфигов
2026-06-22 02:36:54,502 | INFO     |     • vmess       :     1 конфигов
2026-06-22 02:36:54,502 | INFO     |   📁 githubmirror/ru-sni:
2026-06-22 02:36:54,502 | INFO     |     • hysteria2   :     0 конфигов (  0.0% от clean)
2026-06-22 02:36:54,502 | INFO     |     • trojan      :     0 конфигов (  0.0% от clean)
2026-06-22 02:36:54,502 | INFO     |     • vless       :    52 конфигов ( 59.8% от clean)
2026-06-22 02:36:54,503 | INFO     |     • vmess       :     0 конфигов (  0.0% от clean)
2026-06-22 02:36:54,503 | INFO     |   ✨ Новых CF-VLESS в этом запуске: 50
2026-06-22 02:36:54,503 | INFO     | 
2026-06-22 02:36:54,503 | INFO     |   ──────────────────────────────────────────────────
2026-06-22 02:36:54,503 | INFO     |   📈 ИТОГО:
2026-06-22 02:36:54,503 | INFO     |     Clean (после geo-фильтра):       96
2026-06-22 02:36:54,503 | INFO     |     RU-SNI (после SNI-фильтра):      52
2026-06-22 02:36:54,503 | INFO     |     Прошло фильтр:                 54.2%
2026-06-22 02:36:54,503 | INFO     |   ──────────────────────────────────────────────────
2026-06-22 02:36:54,503 | INFO     | ✅ Статистика сохранена: /home/runner/work/vpn-vless-configs-russia/vpn-vless-configs-russia/data/stats.json
2026-06-22 02:36:54,503 | INFO     | 
2026-06-22 02:36:54,503 | INFO     | ======================================================================
2026-06-22 02:36:54,504 | INFO     | 📊 ИТОГОВЫЙ ОТЧЁТ
2026-06-22 02:36:54,504 | INFO     | ======================================================================
2026-06-22 02:36:54,504 | INFO     |   ✅ OK         | Загрузка и geo-фильтрация
2026-06-22 02:36:54,504 | INFO     |   ✅ OK         | Генерация 50 уникальных CF-VLESS
2026-06-22 02:36:54,504 | INFO     |   ✅ OK         | Слияние CF с основным списком
2026-06-22 02:36:54,504 | INFO     |   ✅ OK         | Фильтрация по реальному SNI
2026-06-22 02:36:54,504 | INFO     |   ✅ OK         | Экспериментальный RU-SNI фильтр
2026-06-22 02:36:54,504 | INFO     |   ✅ OK         | Сбор статистики
2026-06-22 02:36:54,504 | INFO     | ──────────────────────────────────────────────────────────────────────
2026-06-22 02:36:54,504 | INFO     | ✅ ВСЕ ЭТАПЫ УСПЕШНЫ (6/6)
2026-06-22 02:36:54,504 | INFO     | ⏰ Время завершения: 2026-06-22 02:36:54
2026-06-22 02:36:54,504 | INFO     | ======================================================================
