2026-06-24 07:33:13,050 | INFO     | ======================================================================
2026-06-24 07:33:13,050 | INFO     | 🔍 VPN KEY CHECKER - Начало проверки
2026-06-24 07:33:13,050 | INFO     | ⏰ Время старта: 2026-06-24 07:33:13
2026-06-24 07:33:13,050 | INFO     | 📂 Рабочая директория: /home/runner/work/vpn-vless-configs-russia/vpn-vless-configs-russia
2026-06-24 07:33:13,050 | INFO     | ======================================================================
2026-06-24 07:33:13,050 | INFO     | 
2026-06-24 07:33:13,050 | INFO     | 🔍 Проверка наличия скриптов...
2026-06-24 07:33:13,050 | INFO     |   ✅ mirror.py
2026-06-24 07:33:13,051 | INFO     |   ✅ generate_cf_vless.py
2026-06-24 07:33:13,051 | INFO     |   ✅ filter_ru_sni.py
2026-06-24 07:33:13,051 | INFO     |   ✅ filter_ru_sni_local.py
2026-06-24 07:33:13,051 | INFO     | 
2026-06-24 07:33:13,051 | INFO     | ──────────────────────────────────────────────────────────────────────
2026-06-24 07:33:13,051 | INFO     | 📌 ЭТАП: Загрузка и geo-фильтрация
2026-06-24 07:33:13,051 | INFO     | ──────────────────────────────────────────────────────────────────────
2026-06-24 07:33:13,051 | INFO     | 🚀 Запуск mirror.py (Загрузка и фильтрация по РФ/СНГ/Европа)...
2026-06-24 07:33:48,500 | INFO     |   → DEBUG: mirror.py started
2026-06-24 07:33:48,500 | INFO     |   → DEBUG: BASE_PATH = /home/runner/work/vpn-vless-configs-russia/vpn-vless-configs-russia
2026-06-24 07:33:48,500 | INFO     |   → DEBUG: CONFIG_SOURCES_FILE = /home/runner/work/vpn-vless-configs-russia/vpn-vless-configs-russia/data/config_sources.json
2026-06-24 07:33:48,500 | INFO     |   → 📂 Загружено 101 источников из /home/runner/work/vpn-vless-configs-russia/vpn-vless-configs-russia/data/config_sources.json
2026-06-24 07:33:48,500 | INFO     |   → 🚀 Старт: всего источников: 101
2026-06-24 07:33:48,500 | INFO     |   → 1/101: ✅ 0 взято | 🗑️ 0 мусор
2026-06-24 07:33:48,500 | INFO     |   → 2/101: ✅ 0 взято | 🗑️ 0 мусор
2026-06-24 07:33:48,500 | INFO     |   → 3/101: ✅ 0 взято | 🗑️ 0 мусор
2026-06-24 07:33:48,500 | INFO     |   → 4/101: ✅ 0 взято | 🗑️ 0 мусор
2026-06-24 07:33:48,500 | INFO     |   → 5/101: ✅ 0 взято | 🗑️ 0 мусор
2026-06-24 07:33:48,500 | INFO     |   → 6/101: ✅ 0 взято | 🗑️ 0 мусор
2026-06-24 07:33:48,500 | INFO     |   → 7/101: ✅ 0 взято | 🗑️ 0 мусор
2026-06-24 07:33:48,500 | INFO     |   → 8/101: ✅ 0 взято | 🗑️ 0 мусор
2026-06-24 07:33:48,500 | INFO     |   → 9/101: ✅ 0 взято | 🗑️ 0 мусор
2026-06-24 07:33:48,501 | INFO     |   → 10/101: ✅ 0 взято | 🗑️ 0 мусор
2026-06-24 07:33:48,501 | INFO     |   → 11/101: ✅ 0 взято | 🗑️ 0 мусор
2026-06-24 07:33:48,501 | INFO     |   → 12/101: ✅ 0 взято | 🗑️ 0 мусор
2026-06-24 07:33:48,501 | INFO     |   → 13/101: ✅ 0 взято | 🗑️ 0 мусор
2026-06-24 07:33:48,501 | INFO     |   → 14/101: ✅ 0 взято | 🗑️ 0 мусор
2026-06-24 07:33:48,501 | INFO     |   → 15/101: ✅ 0 взято | 🗑️ 0 мусор
2026-06-24 07:33:48,501 | INFO     |   → 16/101: ✅ 0 взято | 🗑️ 0 мусор
2026-06-24 07:33:48,501 | INFO     |   → 17/101: ✅ 0 взято | 🗑️ 0 мусор
2026-06-24 07:33:48,501 | INFO     |   → 18/101: ✅ 0 взято | 🗑️ 0 мусор
2026-06-24 07:33:48,501 | INFO     |   → 19/101: ✅ 0 взято | 🗑️ 0 мусор
2026-06-24 07:33:48,501 | INFO     |   → 20/101: ✅ 0 взято | 🗑️ 0 мусор
2026-06-24 07:33:48,501 | INFO     |   → 21/101: ✅ 0 взято | 🗑️ 0 мусор
2026-06-24 07:33:48,501 | INFO     |   → 22/101: ✅ 0 взято | 🗑️ 0 мусор
2026-06-24 07:33:48,501 | INFO     |   → 23/101: ✅ 0 взято | 🗑️ 0 мусор
2026-06-24 07:33:48,501 | INFO     |   → 24/101: ✅ 0 взято | 🗑️ 0 мусор
2026-06-24 07:33:48,501 | INFO     |   → 25/101: ✅ 5 взято | 🗑️ 166 мусор
2026-06-24 07:33:48,501 | INFO     |   → 26/101: ✅ 0 взято | 🗑️ 115 мусор
2026-06-24 07:33:48,501 | INFO     |   → 27/101: ✅ 0 взято | 🗑️ 0 мусор
2026-06-24 07:33:48,501 | INFO     |   → 28/101: ✅ 0 взято | 🗑️ 0 мусор
2026-06-24 07:33:48,501 | INFO     |   → 29/101: ✅ 0 взято | 🗑️ 0 мусор
2026-06-24 07:33:48,501 | INFO     |   → 30/101: ✅ 1 взято | 🗑️ 226 мусор
2026-06-24 07:33:48,501 | INFO     |   → 31/101: ✅ 0 взято | 🗑️ 0 мусор
2026-06-24 07:33:48,501 | INFO     |   → 32/101: ✅ 1 взято | 🗑️ 169 мусор
2026-06-24 07:33:48,502 | INFO     |   → 33/101: ✅ 0 взято | 🗑️ 0 мусор
2026-06-24 07:33:48,502 | INFO     |   → 34/101: ✅ 1 взято | 🗑️ 213 мусор
2026-06-24 07:33:48,502 | INFO     |   → 35/101: ✅ 0 взято | 🗑️ 0 мусор
2026-06-24 07:33:48,502 | INFO     |   → 36/101: ✅ 0 взято | 🗑️ 0 мусор
2026-06-24 07:33:48,502 | INFO     |   → 37/101: ✅ 3 взято | 🗑️ 99 мусор
2026-06-24 07:33:48,502 | INFO     |   → 38/101: ✅ 0 взято | 🗑️ 0 мусор
2026-06-24 07:33:48,502 | INFO     |   → 39/101: ✅ 0 взято | 🗑️ 0 мусор
2026-06-24 07:33:48,502 | INFO     |   → 40/101: ✅ 0 взято | 🗑️ 117 мусор
2026-06-24 07:33:48,502 | INFO     |   → 41/101: ✅ 11 взято | 🗑️ 225 мусор
2026-06-24 07:33:48,502 | INFO     |   → 42/101: ✅ 1 взято | 🗑️ 141 мусор
2026-06-24 07:33:48,502 | INFO     |   → 43/101: ✅ 0 взято | 🗑️ 96 мусор
2026-06-24 07:33:48,502 | INFO     |   → 44/101: ✅ 0 взято | 🗑️ 0 мусор
2026-06-24 07:33:48,502 | INFO     |   → 45/101: ✅ 0 взято | 🗑️ 0 мусор
2026-06-24 07:33:48,502 | INFO     |   → 46/101: ✅ 0 взято | 🗑️ 137 мусор
2026-06-24 07:33:48,502 | INFO     |   → 47/101: ✅ 0 взято | 🗑️ 112 мусор
2026-06-24 07:33:48,502 | INFO     |   → 48/101: ✅ 0 взято | 🗑️ 0 мусор
2026-06-24 07:33:48,502 | INFO     |   → 49/101: ✅ 3 взято | 🗑️ 100 мусор
2026-06-24 07:33:48,502 | INFO     |   → 50/101: ✅ 0 взято | 🗑️ 0 мусор
2026-06-24 07:33:48,502 | INFO     |   → 51/101: ✅ 1 взято | 🗑️ 171 мусор
2026-06-24 07:33:48,502 | INFO     |   → 52/101: ✅ 0 взято | 🗑️ 0 мусор
2026-06-24 07:33:48,502 | INFO     |   → 53/101: ✅ 0 взято | 🗑️ 202 мусор
2026-06-24 07:33:48,503 | INFO     |   → 54/101: ✅ 0 взято | 🗑️ 0 мусор
2026-06-24 07:33:48,503 | INFO     |   → 55/101: ✅ 0 взято | 🗑️ 138 мусор
2026-06-24 07:33:48,503 | INFO     |   → 56/101: ✅ 0 взято | 🗑️ 0 мусор
2026-06-24 07:33:48,503 | INFO     |   → 57/101: ✅ 0 взято | 🗑️ 236 мусор
2026-06-24 07:33:48,503 | INFO     |   → 58/101: ✅ 0 взято | 🗑️ 0 мусор
2026-06-24 07:33:48,503 | INFO     |   → 59/101: ✅ 0 взято | 🗑️ 192 мусор
2026-06-24 07:33:48,503 | INFO     |   → 60/101: ✅ 0 взято | 🗑️ 0 мусор
2026-06-24 07:33:48,503 | INFO     |   → 61/101: ✅ 1 взято | 🗑️ 174 мусор
2026-06-24 07:33:48,503 | INFO     |   → 62/101: ✅ 0 взято | 🗑️ 0 мусор
2026-06-24 07:33:48,503 | INFO     |   → 63/101: ✅ 1 взято | 🗑️ 149 мусор
2026-06-24 07:33:48,503 | INFO     |   → 64/101: ✅ 0 взято | 🗑️ 0 мусор
2026-06-24 07:33:48,503 | INFO     |   → 65/101: ✅ 3 взято | 🗑️ 147 мусор
2026-06-24 07:33:48,503 | INFO     |   → 66/101: ✅ 0 взято | 🗑️ 0 мусор
2026-06-24 07:33:48,503 | INFO     |   → 67/101: ✅ 2 взято | 🗑️ 196 мусор
2026-06-24 07:33:48,503 | INFO     |   → 68/101: ✅ 0 взято | 🗑️ 0 мусор
2026-06-24 07:33:48,503 | INFO     |   → 69/101: ✅ 2 взято | 🗑️ 277 мусор
2026-06-24 07:33:48,503 | INFO     |   → 70/101: ✅ 0 взято | 🗑️ 0 мусор
2026-06-24 07:33:48,503 | INFO     |   → 71/101: ✅ 0 взято | 🗑️ 211 мусор
2026-06-24 07:33:48,503 | INFO     |   → 72/101: ✅ 0 взято | 🗑️ 0 мусор
2026-06-24 07:33:48,503 | INFO     |   → 73/101: ✅ 5 взято | 🗑️ 9 мусор
2026-06-24 07:33:48,503 | INFO     |   → 74/101: ✅ 0 взято | 🗑️ 9 мусор
2026-06-24 07:33:48,503 | INFO     |   → 75/101: ✅ 0 взято | 🗑️ 9 мусор
2026-06-24 07:33:48,503 | INFO     |   → 76/101: ✅ 0 взято | 🗑️ 9 мусор
2026-06-24 07:33:48,503 | INFO     |   → 77/101: ✅ 0 взято | 🗑️ 9 мусор
2026-06-24 07:33:48,503 | INFO     |   → 78/101: ✅ 0 взято | 🗑️ 9 мусор
2026-06-24 07:33:48,503 | INFO     |   → 79/101: ✅ 0 взято | 🗑️ 9 мусор
2026-06-24 07:33:48,503 | INFO     |   → 80/101: ✅ 0 взято | 🗑️ 9 мусор
2026-06-24 07:33:48,503 | INFO     |   → 81/101: ✅ 13 взято | 🗑️ 10 мусор
2026-06-24 07:33:48,503 | INFO     |   → 82/101: ✅ 0 взято | 🗑️ 10 мусор
2026-06-24 07:33:48,503 | INFO     |   → 83/101: ✅ 0 взято | 🗑️ 10 мусор
2026-06-24 07:33:48,503 | INFO     |   → 84/101: ✅ 0 взято | 🗑️ 10 мусор
2026-06-24 07:33:48,504 | INFO     |   → 85/101: ✅ 0 взято | 🗑️ 9 мусор
2026-06-24 07:33:48,504 | INFO     |   → 86/101: ✅ 0 взято | 🗑️ 9 мусор
2026-06-24 07:33:48,504 | INFO     |   → 87/101: ✅ 0 взято | 🗑️ 9 мусор
2026-06-24 07:33:48,504 | INFO     |   → 88/101: ✅ 0 взято | 🗑️ 9 мусор
2026-06-24 07:33:48,504 | INFO     |   → 89/101: ✅ 0 взято | 🗑️ 9 мусор
2026-06-24 07:33:48,504 | INFO     |   → 90/101: ✅ 0 взято | 🗑️ 9 мусор
2026-06-24 07:33:48,504 | INFO     |   → 91/101: ✅ 0 взято | 🗑️ 9 мусор
2026-06-24 07:33:48,504 | INFO     |   → 92/101: ✅ 0 взято | 🗑️ 9 мусор
2026-06-24 07:33:48,504 | INFO     |   → 93/101: ✅ 0 взято | 🗑️ 10 мусор
2026-06-24 07:33:48,504 | INFO     |   → 94/101: ✅ 0 взято | 🗑️ 10 мусор
2026-06-24 07:33:48,504 | INFO     |   → 95/101: ✅ 0 взято | 🗑️ 10 мусор
2026-06-24 07:33:48,504 | INFO     |   → 96/101: ✅ 0 взято | 🗑️ 0 мусор
2026-06-24 07:33:48,504 | INFO     |   → 97/101: ✅ 4 взято | 🗑️ 458 мусор
2026-06-24 07:33:48,504 | INFO     |   → 98/101: ✅ 0 взято | 🗑️ 0 мусор
2026-06-24 07:33:48,504 | INFO     |   → 99/101: ✅ 1 взято | 🗑️ 164 мусор
2026-06-24 07:33:48,504 | INFO     |   → 100/101: ✅ 0 взято | 🗑️ 0 мусор
2026-06-24 07:33:48,504 | INFO     |   → 101/101: ✅ 6 взято | 🗑️ 221 мусор
2026-06-24 07:33:48,504 | INFO     |   → 📡 С sstap.org получено 0 ключей
2026-06-24 07:33:48,504 | INFO     |   → 📡 С sstap.org не добавлено ни одного ключа (все 0 отклонены фильтром)
2026-06-24 07:33:48,504 | INFO     |   → ✅ ГОТОВО!
2026-06-24 07:33:48,505 | INFO     |   →    📥 Всего ключей после фильтра: 65
2026-06-24 07:33:48,505 | INFO     |   →    🔗 Уникальных IP:PORT:SCHEME: 52
2026-06-24 07:33:48,505 | INFO     |   →    🗑️ Выброшено мусора: 5066
2026-06-24 07:33:48,505 | INFO     |   → 📊 По протоколам:
2026-06-24 07:33:48,505 | INFO     |   →    vless: 41
2026-06-24 07:33:48,505 | INFO     |   →    vmess: 1
2026-06-24 07:33:48,505 | INFO     |   →    trojan: 8
2026-06-24 07:33:48,505 | INFO     |   →    hysteria2: 2
2026-06-24 07:33:48,505 | INFO     | ✅ mirror.py завершён успешно
2026-06-24 07:33:48,505 | INFO     | 
2026-06-24 07:33:48,505 | INFO     | 
2026-06-24 07:33:48,505 | INFO     | ──────────────────────────────────────────────────────────────────────
2026-06-24 07:33:48,505 | INFO     | 📌 ЭТАП: Генерация 50 уникальных CF-VLESS
2026-06-24 07:33:48,505 | INFO     | ──────────────────────────────────────────────────────────────────────
2026-06-24 07:33:48,505 | INFO     | 🚀 Запуск generate_cf_vless.py (50 новых CF-VLESS)...
2026-06-24 07:33:48,674 | INFO     |   → === Генератор свежих VLESS-конфигов на IP Cloudflare ===
2026-06-24 07:33:48,674 | INFO     |   → ✅ Сгенерировано и сохранено 50 VLESS-конфигов.
2026-06-24 07:33:48,674 | INFO     |   → 📂 Файл: /home/runner/work/vpn-vless-configs-russia/vpn-vless-configs-russia/data/githubmirror/new/cf_fresh.txt
2026-06-24 07:33:48,674 | INFO     | ✅ generate_cf_vless.py завершён успешно
2026-06-24 07:33:48,674 | INFO     | 
2026-06-24 07:33:48,674 | INFO     | 
2026-06-24 07:33:48,674 | INFO     | ──────────────────────────────────────────────────────────────────────
2026-06-24 07:33:48,674 | INFO     | 📌 ЭТАП: Слияние CF с основным списком
2026-06-24 07:33:48,674 | INFO     | ──────────────────────────────────────────────────────────────────────
2026-06-24 07:33:48,676 | INFO     | 🔄 Добавлено 50 новых CF-VLESS в /home/runner/work/vpn-vless-configs-russia/vpn-vless-configs-russia/data/githubmirror/clean/vless.txt
2026-06-24 07:33:48,676 | INFO     | 📊 Всего в clean/vless.txt теперь: 91
2026-06-24 07:33:48,676 | INFO     | 
2026-06-24 07:33:48,676 | INFO     | 
2026-06-24 07:33:48,676 | INFO     | ──────────────────────────────────────────────────────────────────────
2026-06-24 07:33:48,676 | INFO     | 📌 ЭТАП: Фильтрация по реальному SNI
2026-06-24 07:33:48,676 | INFO     | ──────────────────────────────────────────────────────────────────────
2026-06-24 07:33:48,676 | INFO     | 🚀 Запуск filter_ru_sni.py (Фильтр по реальному SNI (CDN+RU))...
2026-06-24 07:33:48,704 | INFO     |   → hysteria2.txt: 2 → 0 (SNI-filtered)
2026-06-24 07:33:48,704 | INFO     |   →   trojan.txt: 8 → 0 (SNI-filtered)
2026-06-24 07:33:48,704 | INFO     |   →   vless.txt: 91 → 53 (SNI-filtered)
2026-06-24 07:33:48,704 | INFO     |   →   vmess.txt: 1 → 0 (SNI-filtered)
2026-06-24 07:33:48,704 | INFO     |   → ==================================================
2026-06-24 07:33:48,704 | INFO     |   →   Всего входных:  102
2026-06-24 07:33:48,704 | INFO     |   →   Прошли фильтр:  53
2026-06-24 07:33:48,704 | INFO     |   →   Отброшено:      49
2026-06-24 07:33:48,704 | INFO     |   → ==================================================
2026-06-24 07:33:48,705 | INFO     |   → Готово → /home/runner/work/vpn-vless-configs-russia/vpn-vless-configs-russia/data/githubmirror/ru-sni
2026-06-24 07:33:48,705 | INFO     | ✅ filter_ru_sni.py завершён успешно
2026-06-24 07:33:48,705 | INFO     | 
2026-06-24 07:33:48,705 | INFO     | 
2026-06-24 07:33:48,705 | INFO     | ──────────────────────────────────────────────────────────────────────
2026-06-24 07:33:48,705 | INFO     | 📌 ЭТАП: Экспериментальный RU-SNI фильтр
2026-06-24 07:33:48,705 | INFO     | ──────────────────────────────────────────────────────────────────────
2026-06-24 07:33:48,705 | INFO     | 🚀 Запуск filter_ru_sni_local.py (Экспериментальный фильтр по RU-SNI)...
2026-06-24 07:33:48,734 | INFO     |   → hysteria2.txt: 2 → 0 (RU-SNI)
2026-06-24 07:33:48,734 | INFO     |   → trojan.txt: 8 → 0 (RU-SNI)
2026-06-24 07:33:48,734 | INFO     |   → vless.txt: 91 → 0 (RU-SNI)
2026-06-24 07:33:48,734 | INFO     |   → vmess.txt: 1 → 0 (RU-SNI)
2026-06-24 07:33:48,734 | INFO     |   → ==================================================
2026-06-24 07:33:48,734 | INFO     |   → Всего входных:  102
2026-06-24 07:33:48,734 | INFO     |   → Прошли RU-SNI:  0
2026-06-24 07:33:48,734 | INFO     |   → Отброшено:      102
2026-06-24 07:33:48,734 | INFO     |   → ==================================================
2026-06-24 07:33:48,734 | INFO     |   → Готово → /home/runner/work/vpn-vless-configs-russia/vpn-vless-configs-russia/data/githubmirror/ru-sni-local
2026-06-24 07:33:48,734 | INFO     | ✅ filter_ru_sni_local.py завершён успешно
2026-06-24 07:33:48,734 | INFO     | 
2026-06-24 07:33:48,734 | INFO     | 
2026-06-24 07:33:48,734 | INFO     | ──────────────────────────────────────────────────────────────────────
2026-06-24 07:33:48,734 | INFO     | 📌 ЭТАП: Сбор статистики
2026-06-24 07:33:48,735 | INFO     | ──────────────────────────────────────────────────────────────────────
2026-06-24 07:33:48,735 | INFO     | 📊 Сбор статистики...
2026-06-24 07:33:48,735 | INFO     |   📁 githubmirror/clean:
2026-06-24 07:33:48,735 | INFO     |     • hysteria2   :     2 конфигов
2026-06-24 07:33:48,735 | INFO     |     • trojan      :     8 конфигов
2026-06-24 07:33:48,735 | INFO     |     • vless       :    91 конфигов
2026-06-24 07:33:48,736 | INFO     |     • vmess       :     1 конфигов
2026-06-24 07:33:48,736 | INFO     |   📁 githubmirror/ru-sni:
2026-06-24 07:33:48,736 | INFO     |     • hysteria2   :     0 конфигов (  0.0% от clean)
2026-06-24 07:33:48,736 | INFO     |     • trojan      :     0 конфигов (  0.0% от clean)
2026-06-24 07:33:48,736 | INFO     |     • vless       :    53 конфигов ( 58.2% от clean)
2026-06-24 07:33:48,736 | INFO     |     • vmess       :     0 конфигов (  0.0% от clean)
2026-06-24 07:33:48,736 | INFO     |   ✨ Новых CF-VLESS в этом запуске: 50
2026-06-24 07:33:48,736 | INFO     | 
2026-06-24 07:33:48,736 | INFO     |   ──────────────────────────────────────────────────
2026-06-24 07:33:48,736 | INFO     |   📈 ИТОГО:
2026-06-24 07:33:48,737 | INFO     |     Clean (после geo-фильтра):      102
2026-06-24 07:33:48,737 | INFO     |     RU-SNI (после SNI-фильтра):      53
2026-06-24 07:33:48,737 | INFO     |     Прошло фильтр:                 52.0%
2026-06-24 07:33:48,737 | INFO     |   ──────────────────────────────────────────────────
2026-06-24 07:33:48,737 | INFO     | ✅ Статистика сохранена: /home/runner/work/vpn-vless-configs-russia/vpn-vless-configs-russia/data/stats.json
2026-06-24 07:33:48,737 | INFO     | 
2026-06-24 07:33:48,737 | INFO     | ======================================================================
2026-06-24 07:33:48,737 | INFO     | 📊 ИТОГОВЫЙ ОТЧЁТ
2026-06-24 07:33:48,737 | INFO     | ======================================================================
2026-06-24 07:33:48,737 | INFO     |   ✅ OK         | Загрузка и geo-фильтрация
2026-06-24 07:33:48,737 | INFO     |   ✅ OK         | Генерация 50 уникальных CF-VLESS
2026-06-24 07:33:48,737 | INFO     |   ✅ OK         | Слияние CF с основным списком
2026-06-24 07:33:48,737 | INFO     |   ✅ OK         | Фильтрация по реальному SNI
2026-06-24 07:33:48,737 | INFO     |   ✅ OK         | Экспериментальный RU-SNI фильтр
2026-06-24 07:33:48,738 | INFO     |   ✅ OK         | Сбор статистики
2026-06-24 07:33:48,738 | INFO     | ──────────────────────────────────────────────────────────────────────
2026-06-24 07:33:48,738 | INFO     | ✅ ВСЕ ЭТАПЫ УСПЕШНЫ (6/6)
2026-06-24 07:33:48,738 | INFO     | ⏰ Время завершения: 2026-06-24 07:33:48
2026-06-24 07:33:48,738 | INFO     | ======================================================================
