2026-06-26 02:07:28,432 | INFO     | ======================================================================
2026-06-26 02:07:28,432 | INFO     | 🔍 VPN KEY CHECKER - Начало проверки
2026-06-26 02:07:28,432 | INFO     | ⏰ Время старта: 2026-06-26 02:07:28
2026-06-26 02:07:28,432 | INFO     | 📂 Рабочая директория: /home/runner/work/vpn-vless-configs-russia/vpn-vless-configs-russia
2026-06-26 02:07:28,433 | INFO     | ======================================================================
2026-06-26 02:07:28,433 | INFO     | 
2026-06-26 02:07:28,433 | INFO     | 🔍 Проверка наличия скриптов...
2026-06-26 02:07:28,433 | INFO     |   ✅ mirror.py
2026-06-26 02:07:28,433 | INFO     |   ✅ generate_cf_vless.py
2026-06-26 02:07:28,433 | INFO     |   ✅ filter_ru_sni.py
2026-06-26 02:07:28,433 | INFO     |   ✅ filter_ru_sni_local.py
2026-06-26 02:07:28,433 | INFO     | 
2026-06-26 02:07:28,433 | INFO     | ──────────────────────────────────────────────────────────────────────
2026-06-26 02:07:28,433 | INFO     | 📌 ЭТАП: Загрузка и geo-фильтрация
2026-06-26 02:07:28,433 | INFO     | ──────────────────────────────────────────────────────────────────────
2026-06-26 02:07:28,433 | INFO     | 🚀 Запуск mirror.py (Загрузка и фильтрация по РФ/СНГ/Европа)...
2026-06-26 02:08:09,264 | INFO     |   → DEBUG: mirror.py started
2026-06-26 02:08:09,264 | INFO     |   → DEBUG: BASE_PATH = /home/runner/work/vpn-vless-configs-russia/vpn-vless-configs-russia
2026-06-26 02:08:09,264 | INFO     |   → DEBUG: CONFIG_SOURCES_FILE = /home/runner/work/vpn-vless-configs-russia/vpn-vless-configs-russia/data/config_sources.json
2026-06-26 02:08:09,264 | INFO     |   → 📂 Загружено 112 источников из /home/runner/work/vpn-vless-configs-russia/vpn-vless-configs-russia/data/config_sources.json
2026-06-26 02:08:09,264 | INFO     |   → 🚀 Старт: всего источников: 112
2026-06-26 02:08:09,264 | INFO     |   → 1/112: ✅ 0 взято | 🗑️ 0 мусор
2026-06-26 02:08:09,264 | INFO     |   → 2/112: ✅ 0 взято | 🗑️ 0 мусор
2026-06-26 02:08:09,264 | INFO     |   → 3/112: ✅ 0 взято | 🗑️ 0 мусор
2026-06-26 02:08:09,264 | INFO     |   → 4/112: ✅ 0 взято | 🗑️ 0 мусор
2026-06-26 02:08:09,264 | INFO     |   → 5/112: ✅ 0 взято | 🗑️ 0 мусор
2026-06-26 02:08:09,264 | INFO     |   → 6/112: ✅ 0 взято | 🗑️ 0 мусор
2026-06-26 02:08:09,264 | INFO     |   → 7/112: ✅ 0 взято | 🗑️ 0 мусор
2026-06-26 02:08:09,264 | INFO     |   → 8/112: ✅ 0 взято | 🗑️ 0 мусор
2026-06-26 02:08:09,265 | INFO     |   → 9/112: ✅ 0 взято | 🗑️ 0 мусор
2026-06-26 02:08:09,265 | INFO     |   → 10/112: ✅ 0 взято | 🗑️ 0 мусор
2026-06-26 02:08:09,265 | INFO     |   → 11/112: ✅ 0 взято | 🗑️ 0 мусор
2026-06-26 02:08:09,265 | INFO     |   → 12/112: ✅ 0 взято | 🗑️ 0 мусор
2026-06-26 02:08:09,265 | INFO     |   → 13/112: ✅ 0 взято | 🗑️ 0 мусор
2026-06-26 02:08:09,265 | INFO     |   → 14/112: ✅ 0 взято | 🗑️ 0 мусор
2026-06-26 02:08:09,265 | INFO     |   → 15/112: ✅ 0 взято | 🗑️ 0 мусор
2026-06-26 02:08:09,265 | INFO     |   → 16/112: ✅ 0 взято | 🗑️ 0 мусор
2026-06-26 02:08:09,265 | INFO     |   → 17/112: ✅ 0 взято | 🗑️ 0 мусор
2026-06-26 02:08:09,265 | INFO     |   → 18/112: ✅ 0 взято | 🗑️ 0 мусор
2026-06-26 02:08:09,265 | INFO     |   → 19/112: ✅ 0 взято | 🗑️ 0 мусор
2026-06-26 02:08:09,265 | INFO     |   → 20/112: ✅ 0 взято | 🗑️ 0 мусор
2026-06-26 02:08:09,265 | INFO     |   → 21/112: ✅ 0 взято | 🗑️ 0 мусор
2026-06-26 02:08:09,265 | INFO     |   → 22/112: ✅ 0 взято | 🗑️ 0 мусор
2026-06-26 02:08:09,265 | INFO     |   → 23/112: ✅ 0 взято | 🗑️ 0 мусор
2026-06-26 02:08:09,265 | INFO     |   → 24/112: ✅ 0 взято | 🗑️ 0 мусор
2026-06-26 02:08:09,265 | INFO     |   → 25/112: ✅ 0 взято | 🗑️ 0 мусор
2026-06-26 02:08:09,266 | INFO     |   → 26/112: ✅ 0 взято | 🗑️ 0 мусор
2026-06-26 02:08:09,266 | INFO     |   → 27/112: ✅ 0 взято | 🗑️ 0 мусор
2026-06-26 02:08:09,266 | INFO     |   → 28/112: ✅ 0 взято | 🗑️ 0 мусор
2026-06-26 02:08:09,266 | INFO     |   → 29/112: ✅ 5 взято | 🗑️ 166 мусор
2026-06-26 02:08:09,266 | INFO     |   → 30/112: ✅ 0 взято | 🗑️ 115 мусор
2026-06-26 02:08:09,266 | INFO     |   → 31/112: ✅ 0 взято | 🗑️ 0 мусор
2026-06-26 02:08:09,266 | INFO     |   → 32/112: ✅ 0 взято | 🗑️ 0 мусор
2026-06-26 02:08:09,266 | INFO     |   → 33/112: ✅ 0 взято | 🗑️ 0 мусор
2026-06-26 02:08:09,266 | INFO     |   → 34/112: ✅ 1 взято | 🗑️ 226 мусор
2026-06-26 02:08:09,266 | INFO     |   → 35/112: ✅ 0 взято | 🗑️ 0 мусор
2026-06-26 02:08:09,266 | INFO     |   → 36/112: ✅ 1 взято | 🗑️ 169 мусор
2026-06-26 02:08:09,266 | INFO     |   → 37/112: ✅ 0 взято | 🗑️ 0 мусор
2026-06-26 02:08:09,266 | INFO     |   → 38/112: ✅ 1 взято | 🗑️ 213 мусор
2026-06-26 02:08:09,266 | INFO     |   → 39/112: ✅ 0 взято | 🗑️ 0 мусор
2026-06-26 02:08:09,266 | INFO     |   → 40/112: ✅ 0 взято | 🗑️ 0 мусор
2026-06-26 02:08:09,266 | INFO     |   → 41/112: ✅ 3 взято | 🗑️ 99 мусор
2026-06-26 02:08:09,266 | INFO     |   → 42/112: ✅ 0 взято | 🗑️ 0 мусор
2026-06-26 02:08:09,266 | INFO     |   → 43/112: ✅ 0 взято | 🗑️ 0 мусор
2026-06-26 02:08:09,266 | INFO     |   → 44/112: ✅ 0 взято | 🗑️ 117 мусор
2026-06-26 02:08:09,266 | INFO     |   → 45/112: ✅ 11 взято | 🗑️ 225 мусор
2026-06-26 02:08:09,267 | INFO     |   → 46/112: ✅ 1 взято | 🗑️ 141 мусор
2026-06-26 02:08:09,267 | INFO     |   → 47/112: ✅ 0 взято | 🗑️ 96 мусор
2026-06-26 02:08:09,267 | INFO     |   → 48/112: ✅ 1 взято | 🗑️ 263 мусор
2026-06-26 02:08:09,267 | INFO     |   → 49/112: ✅ 0 взято | 🗑️ 0 мусор
2026-06-26 02:08:09,267 | INFO     |   → 50/112: ✅ 0 взято | 🗑️ 0 мусор
2026-06-26 02:08:09,267 | INFO     |   → 51/112: ✅ 0 взято | 🗑️ 137 мусор
2026-06-26 02:08:09,267 | INFO     |   → 52/112: ✅ 0 взято | 🗑️ 0 мусор
2026-06-26 02:08:09,267 | INFO     |   → 53/112: ✅ 0 взято | 🗑️ 112 мусор
2026-06-26 02:08:09,267 | INFO     |   → 54/112: ✅ 0 взято | 🗑️ 0 мусор
2026-06-26 02:08:09,267 | INFO     |   → 55/112: ✅ 3 взято | 🗑️ 100 мусор
2026-06-26 02:08:09,267 | INFO     |   → 56/112: ✅ 0 взято | 🗑️ 0 мусор
2026-06-26 02:08:09,267 | INFO     |   → 57/112: ✅ 1 взято | 🗑️ 171 мусор
2026-06-26 02:08:09,267 | INFO     |   → 58/112: ✅ 0 взято | 🗑️ 0 мусор
2026-06-26 02:08:09,267 | INFO     |   → 59/112: ✅ 0 взято | 🗑️ 202 мусор
2026-06-26 02:08:09,267 | INFO     |   → 60/112: ✅ 0 взято | 🗑️ 0 мусор
2026-06-26 02:08:09,267 | INFO     |   → 61/112: ✅ 0 взято | 🗑️ 138 мусор
2026-06-26 02:08:09,267 | INFO     |   → 62/112: ✅ 0 взято | 🗑️ 0 мусор
2026-06-26 02:08:09,267 | INFO     |   → 63/112: ✅ 0 взято | 🗑️ 236 мусор
2026-06-26 02:08:09,267 | INFO     |   → 64/112: ✅ 0 взято | 🗑️ 0 мусор
2026-06-26 02:08:09,268 | INFO     |   → 65/112: ✅ 0 взято | 🗑️ 192 мусор
2026-06-26 02:08:09,268 | INFO     |   → 66/112: ✅ 0 взято | 🗑️ 0 мусор
2026-06-26 02:08:09,268 | INFO     |   → 67/112: ✅ 1 взято | 🗑️ 174 мусор
2026-06-26 02:08:09,268 | INFO     |   → 68/112: ✅ 0 взято | 🗑️ 0 мусор
2026-06-26 02:08:09,268 | INFO     |   → 69/112: ✅ 1 взято | 🗑️ 149 мусор
2026-06-26 02:08:09,268 | INFO     |   → 70/112: ✅ 0 взято | 🗑️ 0 мусор
2026-06-26 02:08:09,268 | INFO     |   → 71/112: ✅ 3 взято | 🗑️ 147 мусор
2026-06-26 02:08:09,268 | INFO     |   → 72/112: ✅ 0 взято | 🗑️ 0 мусор
2026-06-26 02:08:09,268 | INFO     |   → 73/112: ✅ 2 взято | 🗑️ 196 мусор
2026-06-26 02:08:09,268 | INFO     |   → 74/112: ✅ 0 взято | 🗑️ 0 мусор
2026-06-26 02:08:09,268 | INFO     |   → 75/112: ✅ 2 взято | 🗑️ 277 мусор
2026-06-26 02:08:09,268 | INFO     |   → 76/112: ✅ 0 взято | 🗑️ 0 мусор
2026-06-26 02:08:09,268 | INFO     |   → 77/112: ✅ 0 взято | 🗑️ 211 мусор
2026-06-26 02:08:09,268 | INFO     |   → 78/112: ✅ 0 взято | 🗑️ 0 мусор
2026-06-26 02:08:09,268 | INFO     |   → 79/112: ✅ 1 взято | 🗑️ 229 мусор
2026-06-26 02:08:09,268 | INFO     |   → 80/112: ✅ 0 взято | 🗑️ 0 мусор
2026-06-26 02:08:09,268 | INFO     |   → 81/112: ✅ 5 взято | 🗑️ 9 мусор
2026-06-26 02:08:09,268 | INFO     |   → 82/112: ✅ 0 взято | 🗑️ 9 мусор
2026-06-26 02:08:09,268 | INFO     |   → 83/112: ✅ 0 взято | 🗑️ 9 мусор
2026-06-26 02:08:09,268 | INFO     |   → 84/112: ✅ 0 взято | 🗑️ 9 мусор
2026-06-26 02:08:09,268 | INFO     |   → 85/112: ✅ 0 взято | 🗑️ 9 мусор
2026-06-26 02:08:09,269 | INFO     |   → 86/112: ✅ 0 взято | 🗑️ 9 мусор
2026-06-26 02:08:09,269 | INFO     |   → 87/112: ✅ 0 взято | 🗑️ 9 мусор
2026-06-26 02:08:09,269 | INFO     |   → 88/112: ✅ 0 взято | 🗑️ 9 мусор
2026-06-26 02:08:09,269 | INFO     |   → 89/112: ✅ 13 взято | 🗑️ 10 мусор
2026-06-26 02:08:09,269 | INFO     |   → 90/112: ✅ 0 взято | 🗑️ 10 мусор
2026-06-26 02:08:09,269 | INFO     |   → 91/112: ✅ 0 взято | 🗑️ 10 мусор
2026-06-26 02:08:09,269 | INFO     |   → 92/112: ✅ 0 взято | 🗑️ 10 мусор
2026-06-26 02:08:09,269 | INFO     |   → 93/112: ✅ 0 взято | 🗑️ 10 мусор
2026-06-26 02:08:09,269 | INFO     |   → 94/112: ✅ 0 взято | 🗑️ 9 мусор
2026-06-26 02:08:09,269 | INFO     |   → 95/112: ✅ 0 взято | 🗑️ 9 мусор
2026-06-26 02:08:09,269 | INFO     |   → 96/112: ✅ 0 взято | 🗑️ 9 мусор
2026-06-26 02:08:09,269 | INFO     |   → 97/112: ✅ 0 взято | 🗑️ 9 мусор
2026-06-26 02:08:09,269 | INFO     |   → 98/112: ✅ 0 взято | 🗑️ 9 мусор
2026-06-26 02:08:09,269 | INFO     |   → 99/112: ✅ 0 взято | 🗑️ 9 мусор
2026-06-26 02:08:09,269 | INFO     |   → 100/112: ✅ 0 взято | 🗑️ 9 мусор
2026-06-26 02:08:09,269 | INFO     |   → 101/112: ✅ 0 взято | 🗑️ 9 мусор
2026-06-26 02:08:09,269 | INFO     |   → 102/112: ✅ 0 взято | 🗑️ 10 мусор
2026-06-26 02:08:09,269 | INFO     |   → 103/112: ✅ 0 взято | 🗑️ 10 мусор
2026-06-26 02:08:09,269 | INFO     |   → 104/112: ✅ 0 взято | 🗑️ 10 мусор
2026-06-26 02:08:09,269 | INFO     |   → 105/112: ✅ 0 взято | 🗑️ 10 мусор
2026-06-26 02:08:09,269 | INFO     |   → 106/112: ✅ 0 взято | 🗑️ 10 мусор
2026-06-26 02:08:09,269 | INFO     |   → 107/112: ✅ 0 взято | 🗑️ 0 мусор
2026-06-26 02:08:09,270 | INFO     |   → 108/112: ✅ 4 взято | 🗑️ 458 мусор
2026-06-26 02:08:09,270 | INFO     |   → 109/112: ✅ 0 взято | 🗑️ 0 мусор
2026-06-26 02:08:09,270 | INFO     |   → 110/112: ✅ 1 взято | 🗑️ 164 мусор
2026-06-26 02:08:09,270 | INFO     |   → 111/112: ✅ 0 взято | 🗑️ 0 мусор
2026-06-26 02:08:09,270 | INFO     |   → 112/112: ✅ 6 взято | 🗑️ 221 мусор
2026-06-26 02:08:09,270 | INFO     |   → 📡 С sstap.org получено 0 ключей
2026-06-26 02:08:09,270 | INFO     |   → 📡 С sstap.org не добавлено ни одного ключа (все 0 отклонены фильтром)
2026-06-26 02:08:09,270 | INFO     |   → ✅ ГОТОВО!
2026-06-26 02:08:09,270 | INFO     |   →    📥 Всего ключей после фильтра: 67
2026-06-26 02:08:09,270 | INFO     |   →    🔗 Уникальных IP:PORT:SCHEME: 52
2026-06-26 02:08:09,270 | INFO     |   →    🗑️ Выброшено мусора: 5588
2026-06-26 02:08:09,270 | INFO     |   → 📊 По протоколам:
2026-06-26 02:08:09,270 | INFO     |   →    vless: 41
2026-06-26 02:08:09,270 | INFO     |   →    vmess: 1
2026-06-26 02:08:09,270 | INFO     |   →    trojan: 8
2026-06-26 02:08:09,270 | INFO     |   →    hysteria2: 2
2026-06-26 02:08:09,270 | INFO     | ✅ mirror.py завершён успешно
2026-06-26 02:08:09,270 | INFO     | 
2026-06-26 02:08:09,270 | INFO     | 
2026-06-26 02:08:09,270 | INFO     | ──────────────────────────────────────────────────────────────────────
2026-06-26 02:08:09,270 | INFO     | 📌 ЭТАП: Генерация 50 уникальных CF-VLESS
2026-06-26 02:08:09,271 | INFO     | ──────────────────────────────────────────────────────────────────────
2026-06-26 02:08:09,271 | INFO     | 🚀 Запуск generate_cf_vless.py (50 новых CF-VLESS)...
2026-06-26 02:08:09,517 | INFO     |   → === Генератор свежих VLESS-конфигов на IP Cloudflare ===
2026-06-26 02:08:09,517 | INFO     |   → ✅ Сгенерировано и сохранено 50 VLESS-конфигов.
2026-06-26 02:08:09,517 | INFO     |   → 📂 Файл: /home/runner/work/vpn-vless-configs-russia/vpn-vless-configs-russia/data/githubmirror/new/cf_fresh.txt
2026-06-26 02:08:09,517 | INFO     | ✅ generate_cf_vless.py завершён успешно
2026-06-26 02:08:09,517 | INFO     | 
2026-06-26 02:08:09,517 | INFO     | 
2026-06-26 02:08:09,517 | INFO     | ──────────────────────────────────────────────────────────────────────
2026-06-26 02:08:09,517 | INFO     | 📌 ЭТАП: Слияние CF с основным списком
2026-06-26 02:08:09,517 | INFO     | ──────────────────────────────────────────────────────────────────────
2026-06-26 02:08:09,519 | INFO     | 🔄 Добавлено 50 новых CF-VLESS в /home/runner/work/vpn-vless-configs-russia/vpn-vless-configs-russia/data/githubmirror/clean/vless.txt
2026-06-26 02:08:09,519 | INFO     | 📊 Всего в clean/vless.txt теперь: 91
2026-06-26 02:08:09,519 | INFO     | 
2026-06-26 02:08:09,519 | INFO     | 
2026-06-26 02:08:09,519 | INFO     | ──────────────────────────────────────────────────────────────────────
2026-06-26 02:08:09,519 | INFO     | 📌 ЭТАП: Фильтрация по реальному SNI
2026-06-26 02:08:09,520 | INFO     | ──────────────────────────────────────────────────────────────────────
2026-06-26 02:08:09,520 | INFO     | 🚀 Запуск filter_ru_sni.py (Фильтр по реальному SNI (CDN+RU))...
2026-06-26 02:08:09,549 | INFO     |   → hysteria2.txt: 2 → 0 (SNI-filtered)
2026-06-26 02:08:09,549 | INFO     |   →   trojan.txt: 8 → 0 (SNI-filtered)
2026-06-26 02:08:09,549 | INFO     |   →   vless.txt: 91 → 53 (SNI-filtered)
2026-06-26 02:08:09,549 | INFO     |   →   vmess.txt: 1 → 0 (SNI-filtered)
2026-06-26 02:08:09,549 | INFO     |   → ==================================================
2026-06-26 02:08:09,549 | INFO     |   →   Всего входных:  102
2026-06-26 02:08:09,549 | INFO     |   →   Прошли фильтр:  53
2026-06-26 02:08:09,550 | INFO     |   →   Отброшено:      49
2026-06-26 02:08:09,550 | INFO     |   → ==================================================
2026-06-26 02:08:09,550 | INFO     |   → Готово → /home/runner/work/vpn-vless-configs-russia/vpn-vless-configs-russia/data/githubmirror/ru-sni
2026-06-26 02:08:09,550 | INFO     | ✅ filter_ru_sni.py завершён успешно
2026-06-26 02:08:09,550 | INFO     | 
2026-06-26 02:08:09,550 | INFO     | 
2026-06-26 02:08:09,550 | INFO     | ──────────────────────────────────────────────────────────────────────
2026-06-26 02:08:09,550 | INFO     | 📌 ЭТАП: Экспериментальный RU-SNI фильтр
2026-06-26 02:08:09,550 | INFO     | ──────────────────────────────────────────────────────────────────────
2026-06-26 02:08:09,550 | INFO     | 🚀 Запуск filter_ru_sni_local.py (Экспериментальный фильтр по RU-SNI)...
2026-06-26 02:08:09,578 | INFO     |   → hysteria2.txt: 2 → 0 (RU-SNI)
2026-06-26 02:08:09,579 | INFO     |   → trojan.txt: 8 → 0 (RU-SNI)
2026-06-26 02:08:09,579 | INFO     |   → vless.txt: 91 → 0 (RU-SNI)
2026-06-26 02:08:09,579 | INFO     |   → vmess.txt: 1 → 0 (RU-SNI)
2026-06-26 02:08:09,579 | INFO     |   → ==================================================
2026-06-26 02:08:09,579 | INFO     |   → Всего входных:  102
2026-06-26 02:08:09,579 | INFO     |   → Прошли RU-SNI:  0
2026-06-26 02:08:09,579 | INFO     |   → Отброшено:      102
2026-06-26 02:08:09,579 | INFO     |   → ==================================================
2026-06-26 02:08:09,579 | INFO     |   → Готово → /home/runner/work/vpn-vless-configs-russia/vpn-vless-configs-russia/data/githubmirror/ru-sni-local
2026-06-26 02:08:09,579 | INFO     | ✅ filter_ru_sni_local.py завершён успешно
2026-06-26 02:08:09,579 | INFO     | 
2026-06-26 02:08:09,579 | INFO     | 
2026-06-26 02:08:09,579 | INFO     | ──────────────────────────────────────────────────────────────────────
2026-06-26 02:08:09,579 | INFO     | 📌 ЭТАП: Сбор статистики
2026-06-26 02:08:09,579 | INFO     | ──────────────────────────────────────────────────────────────────────
2026-06-26 02:08:09,579 | INFO     | 📊 Сбор статистики...
2026-06-26 02:08:09,579 | INFO     |   📁 githubmirror/clean:
2026-06-26 02:08:09,580 | INFO     |     • hysteria2   :     2 конфигов
2026-06-26 02:08:09,580 | INFO     |     • trojan      :     8 конфигов
2026-06-26 02:08:09,580 | INFO     |     • vless       :    91 конфигов
2026-06-26 02:08:09,580 | INFO     |     • vmess       :     1 конфигов
2026-06-26 02:08:09,580 | INFO     |   📁 githubmirror/ru-sni:
2026-06-26 02:08:09,580 | INFO     |     • hysteria2   :     0 конфигов (  0.0% от clean)
2026-06-26 02:08:09,580 | INFO     |     • trojan      :     0 конфигов (  0.0% от clean)
2026-06-26 02:08:09,581 | INFO     |     • vless       :    53 конфигов ( 58.2% от clean)
2026-06-26 02:08:09,581 | INFO     |     • vmess       :     0 конфигов (  0.0% от clean)
2026-06-26 02:08:09,581 | INFO     |   ✨ Новых CF-VLESS в этом запуске: 50
2026-06-26 02:08:09,581 | INFO     | 
2026-06-26 02:08:09,581 | INFO     |   ──────────────────────────────────────────────────
2026-06-26 02:08:09,581 | INFO     |   📈 ИТОГО:
2026-06-26 02:08:09,581 | INFO     |     Clean (после geo-фильтра):      102
2026-06-26 02:08:09,581 | INFO     |     RU-SNI (после SNI-фильтра):      53
2026-06-26 02:08:09,581 | INFO     |     Прошло фильтр:                 52.0%
2026-06-26 02:08:09,581 | INFO     |   ──────────────────────────────────────────────────
2026-06-26 02:08:09,581 | INFO     | ✅ Статистика сохранена: /home/runner/work/vpn-vless-configs-russia/vpn-vless-configs-russia/data/stats.json
2026-06-26 02:08:09,582 | INFO     | 
2026-06-26 02:08:09,582 | INFO     | ======================================================================
2026-06-26 02:08:09,582 | INFO     | 📊 ИТОГОВЫЙ ОТЧЁТ
2026-06-26 02:08:09,582 | INFO     | ======================================================================
2026-06-26 02:08:09,582 | INFO     |   ✅ OK         | Загрузка и geo-фильтрация
2026-06-26 02:08:09,582 | INFO     |   ✅ OK         | Генерация 50 уникальных CF-VLESS
2026-06-26 02:08:09,582 | INFO     |   ✅ OK         | Слияние CF с основным списком
2026-06-26 02:08:09,582 | INFO     |   ✅ OK         | Фильтрация по реальному SNI
2026-06-26 02:08:09,582 | INFO     |   ✅ OK         | Экспериментальный RU-SNI фильтр
2026-06-26 02:08:09,582 | INFO     |   ✅ OK         | Сбор статистики
2026-06-26 02:08:09,582 | INFO     | ──────────────────────────────────────────────────────────────────────
2026-06-26 02:08:09,582 | INFO     | ✅ ВСЕ ЭТАПЫ УСПЕШНЫ (6/6)
2026-06-26 02:08:09,582 | INFO     | ⏰ Время завершения: 2026-06-26 02:08:09
2026-06-26 02:08:09,582 | INFO     | ======================================================================
