2026-06-19 08:58:49,793 | INFO     | ======================================================================
2026-06-19 08:58:49,793 | INFO     | 🔍 VPN KEY CHECKER - Начало проверки
2026-06-19 08:58:49,794 | INFO     | ⏰ Время старта: 2026-06-19 08:58:49
2026-06-19 08:58:49,794 | INFO     | 📂 Рабочая директория: /home/runner/work/vpn-vless-configs-russia/vpn-vless-configs-russia
2026-06-19 08:58:49,794 | INFO     | ======================================================================
2026-06-19 08:58:49,794 | INFO     | 
2026-06-19 08:58:49,794 | INFO     | 🔍 Проверка наличия скриптов...
2026-06-19 08:58:49,794 | INFO     |   ✅ mirror.py
2026-06-19 08:58:49,794 | INFO     |   ✅ generate_cf_vless.py
2026-06-19 08:58:49,794 | INFO     |   ✅ filter_ru_sni.py
2026-06-19 08:58:49,794 | INFO     |   ✅ filter_ru_sni_local.py
2026-06-19 08:58:49,794 | INFO     | 
2026-06-19 08:58:49,794 | INFO     | ──────────────────────────────────────────────────────────────────────
2026-06-19 08:58:49,794 | INFO     | 📌 ЭТАП: Загрузка и geo-фильтрация
2026-06-19 08:58:49,794 | INFO     | ──────────────────────────────────────────────────────────────────────
2026-06-19 08:58:49,794 | INFO     | 🚀 Запуск mirror.py (Загрузка и фильтрация по РФ/СНГ/Европа)...
2026-06-19 08:59:12,813 | INFO     |   → DEBUG: mirror.py started
2026-06-19 08:59:12,813 | INFO     |   → DEBUG: BASE_PATH = /home/runner/work/vpn-vless-configs-russia/vpn-vless-configs-russia
2026-06-19 08:59:12,813 | INFO     |   → DEBUG: CONFIG_SOURCES_FILE = /home/runner/work/vpn-vless-configs-russia/vpn-vless-configs-russia/data/config_sources.json
2026-06-19 08:59:12,813 | INFO     |   → 📂 Загружено 60 источников из /home/runner/work/vpn-vless-configs-russia/vpn-vless-configs-russia/data/config_sources.json
2026-06-19 08:59:12,813 | INFO     |   → 🚀 Старт: всего источников: 60
2026-06-19 08:59:12,813 | INFO     |   → 1/60: ✅ 0 взято | 🗑️ 0 мусор
2026-06-19 08:59:12,813 | INFO     |   → 2/60: ✅ 0 взято | 🗑️ 0 мусор
2026-06-19 08:59:12,813 | INFO     |   → 3/60: ✅ 0 взято | 🗑️ 0 мусор
2026-06-19 08:59:12,813 | INFO     |   → 4/60: ✅ 0 взято | 🗑️ 0 мусор
2026-06-19 08:59:12,813 | INFO     |   → 5/60: ✅ 0 взято | 🗑️ 0 мусор
2026-06-19 08:59:12,813 | INFO     |   → 6/60: ✅ 0 взято | 🗑️ 0 мусор
2026-06-19 08:59:12,813 | INFO     |   → 7/60: ✅ 0 взято | 🗑️ 0 мусор
2026-06-19 08:59:12,813 | INFO     |   → 8/60: ✅ 0 взято | 🗑️ 0 мусор
2026-06-19 08:59:12,813 | INFO     |   → 9/60: ✅ 0 взято | 🗑️ 0 мусор
2026-06-19 08:59:12,814 | INFO     |   → 10/60: ✅ 0 взято | 🗑️ 0 мусор
2026-06-19 08:59:12,814 | INFO     |   → 11/60: ✅ 0 взято | 🗑️ 0 мусор
2026-06-19 08:59:12,814 | INFO     |   → 12/60: ✅ 0 взято | 🗑️ 0 мусор
2026-06-19 08:59:12,814 | INFO     |   → 13/60: ✅ 0 взято | 🗑️ 0 мусор
2026-06-19 08:59:12,814 | INFO     |   → 14/60: ✅ 0 взято | 🗑️ 0 мусор
2026-06-19 08:59:12,814 | INFO     |   → 15/60: ✅ 0 взято | 🗑️ 115 мусор
2026-06-19 08:59:12,814 | INFO     |   → 16/60: ✅ 0 взято | 🗑️ 0 мусор
2026-06-19 08:59:12,814 | INFO     |   → 17/60: ✅ 0 взято | 🗑️ 0 мусор
2026-06-19 08:59:12,814 | INFO     |   → 18/60: ✅ 0 взято | 🗑️ 0 мусор
2026-06-19 08:59:12,814 | INFO     |   → 19/60: ✅ 1 взято | 🗑️ 169 мусор
2026-06-19 08:59:12,814 | INFO     |   → 20/60: ✅ 0 взято | 🗑️ 0 мусор
2026-06-19 08:59:12,814 | INFO     |   → 21/60: ✅ 1 взято | 🗑️ 213 мусор
2026-06-19 08:59:12,814 | INFO     |   → 22/60: ✅ 0 взято | 🗑️ 0 мусор
2026-06-19 08:59:12,814 | INFO     |   → 23/60: ✅ 0 взято | 🗑️ 0 мусор
2026-06-19 08:59:12,814 | INFO     |   → 24/60: ✅ 0 взято | 🗑️ 117 мусор
2026-06-19 08:59:12,814 | INFO     |   → 25/60: ✅ 1 взято | 🗑️ 141 мусор
2026-06-19 08:59:12,814 | INFO     |   → 26/60: ✅ 0 взято | 🗑️ 137 мусор
2026-06-19 08:59:12,814 | INFO     |   → 27/60: ✅ 3 взято | 🗑️ 100 мусор
2026-06-19 08:59:12,814 | INFO     |   → 28/60: ✅ 0 взято | 🗑️ 0 мусор
2026-06-19 08:59:12,814 | INFO     |   → 29/60: ✅ 1 взято | 🗑️ 171 мусор
2026-06-19 08:59:12,814 | INFO     |   → 30/60: ✅ 0 взято | 🗑️ 0 мусор
2026-06-19 08:59:12,814 | INFO     |   → 31/60: ✅ 0 взято | 🗑️ 202 мусор
2026-06-19 08:59:12,814 | INFO     |   → 32/60: ✅ 0 взято | 🗑️ 0 мусор
2026-06-19 08:59:12,814 | INFO     |   → 33/60: ✅ 0 взято | 🗑️ 138 мусор
2026-06-19 08:59:12,814 | INFO     |   → 34/60: ✅ 0 взято | 🗑️ 0 мусор
2026-06-19 08:59:12,814 | INFO     |   → 35/60: ✅ 0 взято | 🗑️ 236 мусор
2026-06-19 08:59:12,814 | INFO     |   → 36/60: ✅ 0 взято | 🗑️ 0 мусор
2026-06-19 08:59:12,814 | INFO     |   → 37/60: ✅ 0 взято | 🗑️ 192 мусор
2026-06-19 08:59:12,814 | INFO     |   → 38/60: ✅ 0 взято | 🗑️ 0 мусор
2026-06-19 08:59:12,814 | INFO     |   → 39/60: ✅ 1 взято | 🗑️ 174 мусор
2026-06-19 08:59:12,814 | INFO     |   → 40/60: ✅ 0 взято | 🗑️ 0 мусор
2026-06-19 08:59:12,814 | INFO     |   → 41/60: ✅ 5 взято | 🗑️ 9 мусор
2026-06-19 08:59:12,814 | INFO     |   → 42/60: ✅ 0 взято | 🗑️ 9 мусор
2026-06-19 08:59:12,814 | INFO     |   → 43/60: ✅ 0 взято | 🗑️ 9 мусор
2026-06-19 08:59:12,814 | INFO     |   → 44/60: ✅ 0 взято | 🗑️ 9 мусор
2026-06-19 08:59:12,814 | INFO     |   → 45/60: ✅ 0 взято | 🗑️ 9 мусор
2026-06-19 08:59:12,814 | INFO     |   → 46/60: ✅ 0 взято | 🗑️ 9 мусор
2026-06-19 08:59:12,814 | INFO     |   → 47/60: ✅ 0 взято | 🗑️ 9 мусор
2026-06-19 08:59:12,814 | INFO     |   → 48/60: ✅ 0 взято | 🗑️ 9 мусор
2026-06-19 08:59:12,814 | INFO     |   → 49/60: ✅ 0 взято | 🗑️ 9 мусор
2026-06-19 08:59:12,814 | INFO     |   → 50/60: ✅ 0 взято | 🗑️ 9 мусор
2026-06-19 08:59:12,814 | INFO     |   → 51/60: ✅ 0 взято | 🗑️ 9 мусор
2026-06-19 08:59:12,814 | INFO     |   → 52/60: ✅ 0 взято | 🗑️ 9 мусор
2026-06-19 08:59:12,814 | INFO     |   → 53/60: ✅ 0 взято | 🗑️ 9 мусор
2026-06-19 08:59:12,814 | INFO     |   → 54/60: ✅ 0 взято | 🗑️ 9 мусор
2026-06-19 08:59:12,814 | INFO     |   → 55/60: ✅ 0 взято | 🗑️ 0 мусор
2026-06-19 08:59:12,814 | INFO     |   → 56/60: ✅ 4 взято | 🗑️ 458 мусор
2026-06-19 08:59:12,814 | INFO     |   → 57/60: ✅ 0 взято | 🗑️ 0 мусор
2026-06-19 08:59:12,814 | INFO     |   → 58/60: ✅ 1 взято | 🗑️ 164 мусор
2026-06-19 08:59:12,814 | INFO     |   → 59/60: ✅ 0 взято | 🗑️ 0 мусор
2026-06-19 08:59:12,815 | INFO     |   → 60/60: ✅ 6 взято | 🗑️ 221 мусор
2026-06-19 08:59:12,815 | INFO     |   → 📡 С sstap.org получено 0 ключей
2026-06-19 08:59:12,815 | INFO     |   → 📡 С sstap.org не добавлено ни одного ключа (все 0 отклонены фильтром)
2026-06-19 08:59:12,815 | INFO     |   → ✅ ГОТОВО!
2026-06-19 08:59:12,815 | INFO     |   →    📥 Всего ключей после фильтра: 24
2026-06-19 08:59:12,815 | INFO     |   →    🔗 Уникальных IP:PORT:SCHEME: 21
2026-06-19 08:59:12,815 | INFO     |   →    🗑️ Выброшено мусора: 3074
2026-06-19 08:59:12,815 | INFO     |   → 📊 По протоколам:
2026-06-19 08:59:12,815 | INFO     |   →    vless: 16
2026-06-19 08:59:12,815 | INFO     |   →    vmess: 1
2026-06-19 08:59:12,815 | INFO     |   →    trojan: 3
2026-06-19 08:59:12,815 | INFO     |   →    hysteria2: 1
2026-06-19 08:59:12,815 | INFO     | ✅ mirror.py завершён успешно
2026-06-19 08:59:12,815 | INFO     | 
2026-06-19 08:59:12,815 | INFO     | 
2026-06-19 08:59:12,815 | INFO     | ──────────────────────────────────────────────────────────────────────
2026-06-19 08:59:12,815 | INFO     | 📌 ЭТАП: Генерация 50 уникальных CF-VLESS
2026-06-19 08:59:12,815 | INFO     | ──────────────────────────────────────────────────────────────────────
2026-06-19 08:59:12,815 | INFO     | 🚀 Запуск generate_cf_vless.py (50 новых CF-VLESS)...
2026-06-19 08:59:13,024 | INFO     |   → === Генератор свежих VLESS-конфигов на IP Cloudflare ===
2026-06-19 08:59:13,024 | INFO     |   → ✅ Сгенерировано и сохранено 50 VLESS-конфигов.
2026-06-19 08:59:13,024 | INFO     |   → 📂 Файл: /home/runner/work/vpn-vless-configs-russia/vpn-vless-configs-russia/data/githubmirror/new/cf_fresh.txt
2026-06-19 08:59:13,024 | INFO     | ✅ generate_cf_vless.py завершён успешно
2026-06-19 08:59:13,024 | INFO     | 
2026-06-19 08:59:13,024 | INFO     | 
2026-06-19 08:59:13,024 | INFO     | ──────────────────────────────────────────────────────────────────────
2026-06-19 08:59:13,024 | INFO     | 📌 ЭТАП: Слияние CF с основным списком
2026-06-19 08:59:13,024 | INFO     | ──────────────────────────────────────────────────────────────────────
2026-06-19 08:59:13,025 | INFO     | 🔄 Добавлено 50 новых CF-VLESS в /home/runner/work/vpn-vless-configs-russia/vpn-vless-configs-russia/data/githubmirror/clean/vless.txt
2026-06-19 08:59:13,025 | INFO     | 📊 Всего в clean/vless.txt теперь: 66
2026-06-19 08:59:13,025 | INFO     | 
2026-06-19 08:59:13,025 | INFO     | 
2026-06-19 08:59:13,025 | INFO     | ──────────────────────────────────────────────────────────────────────
2026-06-19 08:59:13,025 | INFO     | 📌 ЭТАП: Фильтрация по реальному SNI
2026-06-19 08:59:13,025 | INFO     | ──────────────────────────────────────────────────────────────────────
2026-06-19 08:59:13,025 | INFO     | 🚀 Запуск filter_ru_sni.py (Фильтр по реальному SNI (CDN+RU))...
2026-06-19 08:59:13,049 | INFO     |   → hysteria2.txt: 1 → 0 (SNI-filtered)
2026-06-19 08:59:13,049 | INFO     |   →   trojan.txt: 3 → 0 (SNI-filtered)
2026-06-19 08:59:13,049 | INFO     |   →   vless.txt: 66 → 51 (SNI-filtered)
2026-06-19 08:59:13,049 | INFO     |   →   vmess.txt: 1 → 0 (SNI-filtered)
2026-06-19 08:59:13,049 | INFO     |   → ==================================================
2026-06-19 08:59:13,049 | INFO     |   →   Всего входных:  71
2026-06-19 08:59:13,049 | INFO     |   →   Прошли фильтр:  51
2026-06-19 08:59:13,049 | INFO     |   →   Отброшено:      20
2026-06-19 08:59:13,049 | INFO     |   → ==================================================
2026-06-19 08:59:13,049 | INFO     |   → Готово → /home/runner/work/vpn-vless-configs-russia/vpn-vless-configs-russia/data/githubmirror/ru-sni
2026-06-19 08:59:13,049 | INFO     | ✅ filter_ru_sni.py завершён успешно
2026-06-19 08:59:13,049 | INFO     | 
2026-06-19 08:59:13,049 | INFO     | 
2026-06-19 08:59:13,049 | INFO     | ──────────────────────────────────────────────────────────────────────
2026-06-19 08:59:13,049 | INFO     | 📌 ЭТАП: Экспериментальный RU-SNI фильтр
2026-06-19 08:59:13,049 | INFO     | ──────────────────────────────────────────────────────────────────────
2026-06-19 08:59:13,049 | INFO     | 🚀 Запуск filter_ru_sni_local.py (Экспериментальный фильтр по RU-SNI)...
2026-06-19 08:59:13,074 | INFO     |   → hysteria2.txt: 1 → 0 (RU-SNI)
2026-06-19 08:59:13,074 | INFO     |   → trojan.txt: 3 → 0 (RU-SNI)
2026-06-19 08:59:13,074 | INFO     |   → vless.txt: 66 → 0 (RU-SNI)
2026-06-19 08:59:13,074 | INFO     |   → vmess.txt: 1 → 0 (RU-SNI)
2026-06-19 08:59:13,074 | INFO     |   → ==================================================
2026-06-19 08:59:13,074 | INFO     |   → Всего входных:  71
2026-06-19 08:59:13,074 | INFO     |   → Прошли RU-SNI:  0
2026-06-19 08:59:13,074 | INFO     |   → Отброшено:      71
2026-06-19 08:59:13,074 | INFO     |   → ==================================================
2026-06-19 08:59:13,074 | INFO     |   → Готово → /home/runner/work/vpn-vless-configs-russia/vpn-vless-configs-russia/data/githubmirror/ru-sni-local
2026-06-19 08:59:13,074 | INFO     | ✅ filter_ru_sni_local.py завершён успешно
2026-06-19 08:59:13,074 | INFO     | 
2026-06-19 08:59:13,074 | INFO     | 
2026-06-19 08:59:13,074 | INFO     | ──────────────────────────────────────────────────────────────────────
2026-06-19 08:59:13,074 | INFO     | 📌 ЭТАП: Сбор статистики
2026-06-19 08:59:13,074 | INFO     | ──────────────────────────────────────────────────────────────────────
2026-06-19 08:59:13,074 | INFO     | 📊 Сбор статистики...
2026-06-19 08:59:13,075 | INFO     |   📁 githubmirror/clean:
2026-06-19 08:59:13,075 | INFO     |     • hysteria2   :     1 конфигов
2026-06-19 08:59:13,075 | INFO     |     • trojan      :     3 конфигов
2026-06-19 08:59:13,075 | INFO     |     • vless       :    66 конфигов
2026-06-19 08:59:13,075 | INFO     |     • vmess       :     1 конфигов
2026-06-19 08:59:13,075 | INFO     |   📁 githubmirror/ru-sni:
2026-06-19 08:59:13,075 | INFO     |     • hysteria2   :     0 конфигов (  0.0% от clean)
2026-06-19 08:59:13,075 | INFO     |     • trojan      :     0 конфигов (  0.0% от clean)
2026-06-19 08:59:13,075 | INFO     |     • vless       :    51 конфигов ( 77.3% от clean)
2026-06-19 08:59:13,075 | INFO     |     • vmess       :     0 конфигов (  0.0% от clean)
2026-06-19 08:59:13,075 | INFO     |   ✨ Новых CF-VLESS в этом запуске: 50
2026-06-19 08:59:13,075 | INFO     | 
2026-06-19 08:59:13,075 | INFO     |   ──────────────────────────────────────────────────
2026-06-19 08:59:13,075 | INFO     |   📈 ИТОГО:
2026-06-19 08:59:13,075 | INFO     |     Clean (после geo-фильтра):       71
2026-06-19 08:59:13,076 | INFO     |     RU-SNI (после SNI-фильтра):      51
2026-06-19 08:59:13,076 | INFO     |     Прошло фильтр:                 71.8%
2026-06-19 08:59:13,076 | INFO     |   ──────────────────────────────────────────────────
2026-06-19 08:59:13,076 | INFO     | ✅ Статистика сохранена: /home/runner/work/vpn-vless-configs-russia/vpn-vless-configs-russia/data/stats.json
2026-06-19 08:59:13,076 | INFO     | 
2026-06-19 08:59:13,076 | INFO     | ======================================================================
2026-06-19 08:59:13,076 | INFO     | 📊 ИТОГОВЫЙ ОТЧЁТ
2026-06-19 08:59:13,076 | INFO     | ======================================================================
2026-06-19 08:59:13,076 | INFO     |   ✅ OK         | Загрузка и geo-фильтрация
2026-06-19 08:59:13,076 | INFO     |   ✅ OK         | Генерация 50 уникальных CF-VLESS
2026-06-19 08:59:13,076 | INFO     |   ✅ OK         | Слияние CF с основным списком
2026-06-19 08:59:13,076 | INFO     |   ✅ OK         | Фильтрация по реальному SNI
2026-06-19 08:59:13,076 | INFO     |   ✅ OK         | Экспериментальный RU-SNI фильтр
2026-06-19 08:59:13,076 | INFO     |   ✅ OK         | Сбор статистики
2026-06-19 08:59:13,076 | INFO     | ──────────────────────────────────────────────────────────────────────
2026-06-19 08:59:13,076 | INFO     | ✅ ВСЕ ЭТАПЫ УСПЕШНЫ (6/6)
2026-06-19 08:59:13,076 | INFO     | ⏰ Время завершения: 2026-06-19 08:59:13
2026-06-19 08:59:13,076 | INFO     | ======================================================================
