2026-06-23 02:02:55,064 | INFO     | ======================================================================
2026-06-23 02:02:55,064 | INFO     | 🔍 VPN KEY CHECKER - Начало проверки
2026-06-23 02:02:55,064 | INFO     | ⏰ Время старта: 2026-06-23 02:02:55
2026-06-23 02:02:55,064 | INFO     | 📂 Рабочая директория: /home/runner/work/vpn-vless-configs-russia/vpn-vless-configs-russia
2026-06-23 02:02:55,064 | INFO     | ======================================================================
2026-06-23 02:02:55,064 | INFO     | 
2026-06-23 02:02:55,064 | INFO     | 🔍 Проверка наличия скриптов...
2026-06-23 02:02:55,064 | INFO     |   ✅ mirror.py
2026-06-23 02:02:55,064 | INFO     |   ✅ generate_cf_vless.py
2026-06-23 02:02:55,064 | INFO     |   ✅ filter_ru_sni.py
2026-06-23 02:02:55,064 | INFO     |   ✅ filter_ru_sni_local.py
2026-06-23 02:02:55,064 | INFO     | 
2026-06-23 02:02:55,064 | INFO     | ──────────────────────────────────────────────────────────────────────
2026-06-23 02:02:55,065 | INFO     | 📌 ЭТАП: Загрузка и geo-фильтрация
2026-06-23 02:02:55,065 | INFO     | ──────────────────────────────────────────────────────────────────────
2026-06-23 02:02:55,065 | INFO     | 🚀 Запуск mirror.py (Загрузка и фильтрация по РФ/СНГ/Европа)...
2026-06-23 02:03:28,971 | INFO     |   → DEBUG: mirror.py started
2026-06-23 02:03:28,971 | INFO     |   → DEBUG: BASE_PATH = /home/runner/work/vpn-vless-configs-russia/vpn-vless-configs-russia
2026-06-23 02:03:28,971 | INFO     |   → DEBUG: CONFIG_SOURCES_FILE = /home/runner/work/vpn-vless-configs-russia/vpn-vless-configs-russia/data/config_sources.json
2026-06-23 02:03:28,971 | INFO     |   → 📂 Загружено 88 источников из /home/runner/work/vpn-vless-configs-russia/vpn-vless-configs-russia/data/config_sources.json
2026-06-23 02:03:28,971 | INFO     |   → 🚀 Старт: всего источников: 88
2026-06-23 02:03:28,971 | INFO     |   → 1/88: ✅ 0 взято | 🗑️ 0 мусор
2026-06-23 02:03:28,971 | INFO     |   → 2/88: ✅ 0 взято | 🗑️ 0 мусор
2026-06-23 02:03:28,971 | INFO     |   → 3/88: ✅ 0 взято | 🗑️ 0 мусор
2026-06-23 02:03:28,971 | INFO     |   → 4/88: ✅ 0 взято | 🗑️ 0 мусор
2026-06-23 02:03:28,971 | INFO     |   → 5/88: ✅ 0 взято | 🗑️ 0 мусор
2026-06-23 02:03:28,971 | INFO     |   → 6/88: ✅ 0 взято | 🗑️ 0 мусор
2026-06-23 02:03:28,971 | INFO     |   → 7/88: ✅ 0 взято | 🗑️ 0 мусор
2026-06-23 02:03:28,971 | INFO     |   → 8/88: ✅ 0 взято | 🗑️ 0 мусор
2026-06-23 02:03:28,971 | INFO     |   → 9/88: ✅ 0 взято | 🗑️ 0 мусор
2026-06-23 02:03:28,971 | INFO     |   → 10/88: ✅ 0 взято | 🗑️ 0 мусор
2026-06-23 02:03:28,971 | INFO     |   → 11/88: ✅ 0 взято | 🗑️ 0 мусор
2026-06-23 02:03:28,971 | INFO     |   → 12/88: ✅ 0 взято | 🗑️ 0 мусор
2026-06-23 02:03:28,971 | INFO     |   → 13/88: ✅ 0 взято | 🗑️ 0 мусор
2026-06-23 02:03:28,971 | INFO     |   → 14/88: ✅ 0 взято | 🗑️ 0 мусор
2026-06-23 02:03:28,971 | INFO     |   → 15/88: ✅ 0 взято | 🗑️ 0 мусор
2026-06-23 02:03:28,971 | INFO     |   → 16/88: ✅ 0 взято | 🗑️ 0 мусор
2026-06-23 02:03:28,972 | INFO     |   → 17/88: ✅ 0 взято | 🗑️ 0 мусор
2026-06-23 02:03:28,972 | INFO     |   → 18/88: ✅ 0 взято | 🗑️ 0 мусор
2026-06-23 02:03:28,972 | INFO     |   → 19/88: ✅ 0 взято | 🗑️ 0 мусор
2026-06-23 02:03:28,972 | INFO     |   → 20/88: ✅ 0 взято | 🗑️ 0 мусор
2026-06-23 02:03:28,972 | INFO     |   → 21/88: ✅ 0 взято | 🗑️ 0 мусор
2026-06-23 02:03:28,972 | INFO     |   → 22/88: ✅ 0 взято | 🗑️ 0 мусор
2026-06-23 02:03:28,972 | INFO     |   → 23/88: ✅ 5 взято | 🗑️ 166 мусор
2026-06-23 02:03:28,972 | INFO     |   → 24/88: ✅ 0 взято | 🗑️ 115 мусор
2026-06-23 02:03:28,972 | INFO     |   → 25/88: ✅ 0 взято | 🗑️ 0 мусор
2026-06-23 02:03:28,972 | INFO     |   → 26/88: ✅ 0 взято | 🗑️ 0 мусор
2026-06-23 02:03:28,972 | INFO     |   → 27/88: ✅ 0 взято | 🗑️ 0 мусор
2026-06-23 02:03:28,972 | INFO     |   → 28/88: ✅ 1 взято | 🗑️ 169 мусор
2026-06-23 02:03:28,972 | INFO     |   → 29/88: ✅ 0 взято | 🗑️ 0 мусор
2026-06-23 02:03:28,972 | INFO     |   → 30/88: ✅ 1 взято | 🗑️ 213 мусор
2026-06-23 02:03:28,972 | INFO     |   → 31/88: ✅ 0 взято | 🗑️ 0 мусор
2026-06-23 02:03:28,972 | INFO     |   → 32/88: ✅ 0 взято | 🗑️ 0 мусор
2026-06-23 02:03:28,972 | INFO     |   → 33/88: ✅ 3 взято | 🗑️ 99 мусор
2026-06-23 02:03:28,972 | INFO     |   → 34/88: ✅ 0 взято | 🗑️ 0 мусор
2026-06-23 02:03:28,972 | INFO     |   → 35/88: ✅ 0 взято | 🗑️ 117 мусор
2026-06-23 02:03:28,972 | INFO     |   → 36/88: ✅ 11 взято | 🗑️ 225 мусор
2026-06-23 02:03:28,972 | INFO     |   → 37/88: ✅ 1 взято | 🗑️ 141 мусор
2026-06-23 02:03:28,972 | INFO     |   → 38/88: ✅ 0 взято | 🗑️ 0 мусор
2026-06-23 02:03:28,972 | INFO     |   → 39/88: ✅ 0 взято | 🗑️ 0 мусор
2026-06-23 02:03:28,972 | INFO     |   → 40/88: ✅ 0 взято | 🗑️ 137 мусор
2026-06-23 02:03:28,972 | INFO     |   → 41/88: ✅ 0 взято | 🗑️ 112 мусор
2026-06-23 02:03:28,972 | INFO     |   → 42/88: ✅ 0 взято | 🗑️ 0 мусор
2026-06-23 02:03:28,972 | INFO     |   → 43/88: ✅ 3 взято | 🗑️ 100 мусор
2026-06-23 02:03:28,972 | INFO     |   → 44/88: ✅ 0 взято | 🗑️ 0 мусор
2026-06-23 02:03:28,973 | INFO     |   → 45/88: ✅ 1 взято | 🗑️ 171 мусор
2026-06-23 02:03:28,973 | INFO     |   → 46/88: ✅ 0 взято | 🗑️ 0 мусор
2026-06-23 02:03:28,973 | INFO     |   → 47/88: ✅ 0 взято | 🗑️ 202 мусор
2026-06-23 02:03:28,973 | INFO     |   → 48/88: ✅ 0 взято | 🗑️ 0 мусор
2026-06-23 02:03:28,973 | INFO     |   → 49/88: ✅ 0 взято | 🗑️ 138 мусор
2026-06-23 02:03:28,973 | INFO     |   → 50/88: ✅ 0 взято | 🗑️ 0 мусор
2026-06-23 02:03:28,973 | INFO     |   → 51/88: ✅ 0 взято | 🗑️ 236 мусор
2026-06-23 02:03:28,973 | INFO     |   → 52/88: ✅ 0 взято | 🗑️ 0 мусор
2026-06-23 02:03:28,973 | INFO     |   → 53/88: ✅ 0 взято | 🗑️ 192 мусор
2026-06-23 02:03:28,973 | INFO     |   → 54/88: ✅ 0 взято | 🗑️ 0 мусор
2026-06-23 02:03:28,973 | INFO     |   → 55/88: ✅ 1 взято | 🗑️ 174 мусор
2026-06-23 02:03:28,973 | INFO     |   → 56/88: ✅ 0 взято | 🗑️ 0 мусор
2026-06-23 02:03:28,973 | INFO     |   → 57/88: ✅ 1 взято | 🗑️ 149 мусор
2026-06-23 02:03:28,973 | INFO     |   → 58/88: ✅ 0 взято | 🗑️ 0 мусор
2026-06-23 02:03:28,973 | INFO     |   → 59/88: ✅ 3 взято | 🗑️ 147 мусор
2026-06-23 02:03:28,973 | INFO     |   → 60/88: ✅ 0 взято | 🗑️ 0 мусор
2026-06-23 02:03:28,973 | INFO     |   → 61/88: ✅ 2 взято | 🗑️ 196 мусор
2026-06-23 02:03:28,973 | INFO     |   → 62/88: ✅ 0 взято | 🗑️ 0 мусор
2026-06-23 02:03:28,973 | INFO     |   → 63/88: ✅ 5 взято | 🗑️ 9 мусор
2026-06-23 02:03:28,973 | INFO     |   → 64/88: ✅ 0 взято | 🗑️ 9 мусор
2026-06-23 02:03:28,973 | INFO     |   → 65/88: ✅ 0 взято | 🗑️ 9 мусор
2026-06-23 02:03:28,973 | INFO     |   → 66/88: ✅ 0 взято | 🗑️ 9 мусор
2026-06-23 02:03:28,973 | INFO     |   → 67/88: ✅ 0 взято | 🗑️ 9 мусор
2026-06-23 02:03:28,973 | INFO     |   → 68/88: ✅ 0 взято | 🗑️ 9 мусор
2026-06-23 02:03:28,973 | INFO     |   → 69/88: ✅ 0 взято | 🗑️ 9 мусор
2026-06-23 02:03:28,973 | INFO     |   → 70/88: ✅ 0 взято | 🗑️ 9 мусор
2026-06-23 02:03:28,973 | INFO     |   → 71/88: ✅ 13 взято | 🗑️ 10 мусор
2026-06-23 02:03:28,973 | INFO     |   → 72/88: ✅ 0 взято | 🗑️ 10 мусор
2026-06-23 02:03:28,973 | INFO     |   → 73/88: ✅ 0 взято | 🗑️ 9 мусор
2026-06-23 02:03:28,974 | INFO     |   → 74/88: ✅ 0 взято | 🗑️ 9 мусор
2026-06-23 02:03:28,974 | INFO     |   → 75/88: ✅ 0 взято | 🗑️ 9 мусор
2026-06-23 02:03:28,974 | INFO     |   → 76/88: ✅ 0 взято | 🗑️ 9 мусор
2026-06-23 02:03:28,974 | INFO     |   → 77/88: ✅ 0 взято | 🗑️ 9 мусор
2026-06-23 02:03:28,974 | INFO     |   → 78/88: ✅ 0 взято | 🗑️ 9 мусор
2026-06-23 02:03:28,974 | INFO     |   → 79/88: ✅ 0 взято | 🗑️ 9 мусор
2026-06-23 02:03:28,974 | INFO     |   → 80/88: ✅ 0 взято | 🗑️ 9 мусор
2026-06-23 02:03:28,974 | INFO     |   → 81/88: ✅ 0 взято | 🗑️ 10 мусор
2026-06-23 02:03:28,974 | INFO     |   → 82/88: ✅ 0 взято | 🗑️ 10 мусор
2026-06-23 02:03:28,974 | INFO     |   → 83/88: ✅ 0 взято | 🗑️ 0 мусор
2026-06-23 02:03:28,974 | INFO     |   → 84/88: ✅ 4 взято | 🗑️ 458 мусор
2026-06-23 02:03:28,974 | INFO     |   → 85/88: ✅ 0 взято | 🗑️ 0 мусор
2026-06-23 02:03:28,974 | INFO     |   → 86/88: ✅ 1 взято | 🗑️ 164 мусор
2026-06-23 02:03:28,974 | INFO     |   → 87/88: ✅ 0 взято | 🗑️ 0 мусор
2026-06-23 02:03:28,974 | INFO     |   → 88/88: ✅ 6 взято | 🗑️ 221 мусор
2026-06-23 02:03:28,974 | INFO     |   → 📡 С sstap.org получено 0 ключей
2026-06-23 02:03:28,974 | INFO     |   → 📡 С sstap.org не добавлено ни одного ключа (все 0 отклонены фильтром)
2026-06-23 02:03:28,974 | INFO     |   → ✅ ГОТОВО!
2026-06-23 02:03:28,974 | INFO     |   →    📥 Всего ключей после фильтра: 62
2026-06-23 02:03:28,974 | INFO     |   →    🔗 Уникальных IP:PORT:SCHEME: 49
2026-06-23 02:03:28,974 | INFO     |   →    🗑️ Выброшено мусора: 4226
2026-06-23 02:03:28,974 | INFO     |   → 📊 По протоколам:
2026-06-23 02:03:28,974 | INFO     |   →    vless: 39
2026-06-23 02:03:28,974 | INFO     |   →    vmess: 1
2026-06-23 02:03:28,974 | INFO     |   →    trojan: 7
2026-06-23 02:03:28,974 | INFO     |   →    hysteria2: 2
2026-06-23 02:03:28,974 | INFO     | ✅ mirror.py завершён успешно
2026-06-23 02:03:28,974 | INFO     | 
2026-06-23 02:03:28,974 | INFO     | 
2026-06-23 02:03:28,974 | INFO     | ──────────────────────────────────────────────────────────────────────
2026-06-23 02:03:28,974 | INFO     | 📌 ЭТАП: Генерация 50 уникальных CF-VLESS
2026-06-23 02:03:28,974 | INFO     | ──────────────────────────────────────────────────────────────────────
2026-06-23 02:03:28,974 | INFO     | 🚀 Запуск generate_cf_vless.py (50 новых CF-VLESS)...
2026-06-23 02:03:29,205 | INFO     |   → === Генератор свежих VLESS-конфигов на IP Cloudflare ===
2026-06-23 02:03:29,206 | INFO     |   → ✅ Сгенерировано и сохранено 50 VLESS-конфигов.
2026-06-23 02:03:29,206 | INFO     |   → 📂 Файл: /home/runner/work/vpn-vless-configs-russia/vpn-vless-configs-russia/data/githubmirror/new/cf_fresh.txt
2026-06-23 02:03:29,206 | INFO     | ✅ generate_cf_vless.py завершён успешно
2026-06-23 02:03:29,206 | INFO     | 
2026-06-23 02:03:29,206 | INFO     | 
2026-06-23 02:03:29,206 | INFO     | ──────────────────────────────────────────────────────────────────────
2026-06-23 02:03:29,206 | INFO     | 📌 ЭТАП: Слияние CF с основным списком
2026-06-23 02:03:29,206 | INFO     | ──────────────────────────────────────────────────────────────────────
2026-06-23 02:03:29,207 | INFO     | 🔄 Добавлено 50 новых CF-VLESS в /home/runner/work/vpn-vless-configs-russia/vpn-vless-configs-russia/data/githubmirror/clean/vless.txt
2026-06-23 02:03:29,207 | INFO     | 📊 Всего в clean/vless.txt теперь: 89
2026-06-23 02:03:29,208 | INFO     | 
2026-06-23 02:03:29,208 | INFO     | 
2026-06-23 02:03:29,208 | INFO     | ──────────────────────────────────────────────────────────────────────
2026-06-23 02:03:29,208 | INFO     | 📌 ЭТАП: Фильтрация по реальному SNI
2026-06-23 02:03:29,208 | INFO     | ──────────────────────────────────────────────────────────────────────
2026-06-23 02:03:29,208 | INFO     | 🚀 Запуск filter_ru_sni.py (Фильтр по реальному SNI (CDN+RU))...
2026-06-23 02:03:29,238 | INFO     |   → hysteria2.txt: 2 → 0 (SNI-filtered)
2026-06-23 02:03:29,238 | INFO     |   →   trojan.txt: 7 → 0 (SNI-filtered)
2026-06-23 02:03:29,238 | INFO     |   →   vless.txt: 89 → 52 (SNI-filtered)
2026-06-23 02:03:29,238 | INFO     |   →   vmess.txt: 1 → 0 (SNI-filtered)
2026-06-23 02:03:29,238 | INFO     |   → ==================================================
2026-06-23 02:03:29,238 | INFO     |   →   Всего входных:  99
2026-06-23 02:03:29,238 | INFO     |   →   Прошли фильтр:  52
2026-06-23 02:03:29,238 | INFO     |   →   Отброшено:      47
2026-06-23 02:03:29,238 | INFO     |   → ==================================================
2026-06-23 02:03:29,238 | INFO     |   → Готово → /home/runner/work/vpn-vless-configs-russia/vpn-vless-configs-russia/data/githubmirror/ru-sni
2026-06-23 02:03:29,238 | INFO     | ✅ filter_ru_sni.py завершён успешно
2026-06-23 02:03:29,238 | INFO     | 
2026-06-23 02:03:29,238 | INFO     | 
2026-06-23 02:03:29,238 | INFO     | ──────────────────────────────────────────────────────────────────────
2026-06-23 02:03:29,238 | INFO     | 📌 ЭТАП: Экспериментальный RU-SNI фильтр
2026-06-23 02:03:29,238 | INFO     | ──────────────────────────────────────────────────────────────────────
2026-06-23 02:03:29,238 | INFO     | 🚀 Запуск filter_ru_sni_local.py (Экспериментальный фильтр по RU-SNI)...
2026-06-23 02:03:29,268 | INFO     |   → hysteria2.txt: 2 → 0 (RU-SNI)
2026-06-23 02:03:29,268 | INFO     |   → trojan.txt: 7 → 0 (RU-SNI)
2026-06-23 02:03:29,268 | INFO     |   → vless.txt: 89 → 0 (RU-SNI)
2026-06-23 02:03:29,268 | INFO     |   → vmess.txt: 1 → 0 (RU-SNI)
2026-06-23 02:03:29,268 | INFO     |   → ==================================================
2026-06-23 02:03:29,268 | INFO     |   → Всего входных:  99
2026-06-23 02:03:29,268 | INFO     |   → Прошли RU-SNI:  0
2026-06-23 02:03:29,269 | INFO     |   → Отброшено:      99
2026-06-23 02:03:29,269 | INFO     |   → ==================================================
2026-06-23 02:03:29,269 | INFO     |   → Готово → /home/runner/work/vpn-vless-configs-russia/vpn-vless-configs-russia/data/githubmirror/ru-sni-local
2026-06-23 02:03:29,269 | INFO     | ✅ filter_ru_sni_local.py завершён успешно
2026-06-23 02:03:29,269 | INFO     | 
2026-06-23 02:03:29,269 | INFO     | 
2026-06-23 02:03:29,269 | INFO     | ──────────────────────────────────────────────────────────────────────
2026-06-23 02:03:29,269 | INFO     | 📌 ЭТАП: Сбор статистики
2026-06-23 02:03:29,269 | INFO     | ──────────────────────────────────────────────────────────────────────
2026-06-23 02:03:29,269 | INFO     | 📊 Сбор статистики...
2026-06-23 02:03:29,269 | INFO     |   📁 githubmirror/clean:
2026-06-23 02:03:29,269 | INFO     |     • hysteria2   :     2 конфигов
2026-06-23 02:03:29,269 | INFO     |     • trojan      :     7 конфигов
2026-06-23 02:03:29,269 | INFO     |     • vless       :    89 конфигов
2026-06-23 02:03:29,270 | INFO     |     • vmess       :     1 конфигов
2026-06-23 02:03:29,270 | INFO     |   📁 githubmirror/ru-sni:
2026-06-23 02:03:29,270 | INFO     |     • hysteria2   :     0 конфигов (  0.0% от clean)
2026-06-23 02:03:29,270 | INFO     |     • trojan      :     0 конфигов (  0.0% от clean)
2026-06-23 02:03:29,270 | INFO     |     • vless       :    52 конфигов ( 58.4% от clean)
2026-06-23 02:03:29,270 | INFO     |     • vmess       :     0 конфигов (  0.0% от clean)
2026-06-23 02:03:29,270 | INFO     |   ✨ Новых CF-VLESS в этом запуске: 50
2026-06-23 02:03:29,270 | INFO     | 
2026-06-23 02:03:29,270 | INFO     |   ──────────────────────────────────────────────────
2026-06-23 02:03:29,270 | INFO     |   📈 ИТОГО:
2026-06-23 02:03:29,270 | INFO     |     Clean (после geo-фильтра):       99
2026-06-23 02:03:29,270 | INFO     |     RU-SNI (после SNI-фильтра):      52
2026-06-23 02:03:29,270 | INFO     |     Прошло фильтр:                 52.5%
2026-06-23 02:03:29,270 | INFO     |   ──────────────────────────────────────────────────
2026-06-23 02:03:29,271 | INFO     | ✅ Статистика сохранена: /home/runner/work/vpn-vless-configs-russia/vpn-vless-configs-russia/data/stats.json
2026-06-23 02:03:29,271 | INFO     | 
2026-06-23 02:03:29,271 | INFO     | ======================================================================
2026-06-23 02:03:29,271 | INFO     | 📊 ИТОГОВЫЙ ОТЧЁТ
2026-06-23 02:03:29,271 | INFO     | ======================================================================
2026-06-23 02:03:29,271 | INFO     |   ✅ OK         | Загрузка и geo-фильтрация
2026-06-23 02:03:29,271 | INFO     |   ✅ OK         | Генерация 50 уникальных CF-VLESS
2026-06-23 02:03:29,271 | INFO     |   ✅ OK         | Слияние CF с основным списком
2026-06-23 02:03:29,271 | INFO     |   ✅ OK         | Фильтрация по реальному SNI
2026-06-23 02:03:29,271 | INFO     |   ✅ OK         | Экспериментальный RU-SNI фильтр
2026-06-23 02:03:29,271 | INFO     |   ✅ OK         | Сбор статистики
2026-06-23 02:03:29,271 | INFO     | ──────────────────────────────────────────────────────────────────────
2026-06-23 02:03:29,271 | INFO     | ✅ ВСЕ ЭТАПЫ УСПЕШНЫ (6/6)
2026-06-23 02:03:29,271 | INFO     | ⏰ Время завершения: 2026-06-23 02:03:29
2026-06-23 02:03:29,271 | INFO     | ======================================================================
