2026-06-18 20:10:55,849 | INFO     | ======================================================================
2026-06-18 20:10:55,849 | INFO     | 🔍 VPN KEY CHECKER - Начало проверки
2026-06-18 20:10:55,849 | INFO     | ⏰ Время старта: 2026-06-18 20:10:55
2026-06-18 20:10:55,849 | INFO     | 📂 Рабочая директория: /home/runner/work/vpn-vless-configs-russia/vpn-vless-configs-russia
2026-06-18 20:10:55,850 | INFO     | ======================================================================
2026-06-18 20:10:55,850 | INFO     | 
2026-06-18 20:10:55,850 | INFO     | 🔍 Проверка наличия скриптов...
2026-06-18 20:10:55,850 | INFO     |   ✅ mirror.py
2026-06-18 20:10:55,850 | INFO     |   ✅ generate_cf_vless.py
2026-06-18 20:10:55,850 | INFO     |   ✅ filter_ru_sni.py
2026-06-18 20:10:55,850 | INFO     |   ✅ filter_ru_sni_local.py
2026-06-18 20:10:55,850 | INFO     | 
2026-06-18 20:10:55,850 | INFO     | ──────────────────────────────────────────────────────────────────────
2026-06-18 20:10:55,850 | INFO     | 📌 ЭТАП: Загрузка и geo-фильтрация
2026-06-18 20:10:55,850 | INFO     | ──────────────────────────────────────────────────────────────────────
2026-06-18 20:10:55,850 | INFO     | 🚀 Запуск mirror.py (Загрузка и фильтрация по РФ/СНГ/Европа)...
2026-06-18 20:11:11,935 | INFO     |   → DEBUG: mirror.py started
2026-06-18 20:11:11,936 | INFO     |   → DEBUG: BASE_PATH = /home/runner/work/vpn-vless-configs-russia/vpn-vless-configs-russia
2026-06-18 20:11:11,936 | INFO     |   → DEBUG: CONFIG_SOURCES_FILE = /home/runner/work/vpn-vless-configs-russia/vpn-vless-configs-russia/data/config_sources.json
2026-06-18 20:11:11,936 | INFO     |   → 📂 Загружено 52 источников из /home/runner/work/vpn-vless-configs-russia/vpn-vless-configs-russia/data/config_sources.json
2026-06-18 20:11:11,936 | INFO     |   → 🚀 Старт: всего источников: 52
2026-06-18 20:11:11,936 | INFO     |   → 1/52: ✅ 0 взято | 🗑️ 0 мусор
2026-06-18 20:11:11,936 | INFO     |   → 2/52: ✅ 0 взято | 🗑️ 0 мусор
2026-06-18 20:11:11,936 | INFO     |   → 3/52: ✅ 0 взято | 🗑️ 0 мусор
2026-06-18 20:11:11,936 | INFO     |   → 4/52: ✅ 0 взято | 🗑️ 0 мусор
2026-06-18 20:11:11,936 | INFO     |   → 5/52: ✅ 0 взято | 🗑️ 0 мусор
2026-06-18 20:11:11,936 | INFO     |   → 6/52: ✅ 0 взято | 🗑️ 0 мусор
2026-06-18 20:11:11,936 | INFO     |   → 7/52: ✅ 0 взято | 🗑️ 0 мусор
2026-06-18 20:11:11,936 | INFO     |   → 8/52: ✅ 0 взято | 🗑️ 0 мусор
2026-06-18 20:11:11,936 | INFO     |   → 9/52: ✅ 0 взято | 🗑️ 0 мусор
2026-06-18 20:11:11,936 | INFO     |   → 10/52: ✅ 0 взято | 🗑️ 0 мусор
2026-06-18 20:11:11,936 | INFO     |   → 11/52: ✅ 0 взято | 🗑️ 0 мусор
2026-06-18 20:11:11,936 | INFO     |   → 12/52: ✅ 0 взято | 🗑️ 0 мусор
2026-06-18 20:11:11,936 | INFO     |   → 13/52: ✅ 0 взято | 🗑️ 115 мусор
2026-06-18 20:11:11,936 | INFO     |   → 14/52: ✅ 0 взято | 🗑️ 0 мусор
2026-06-18 20:11:11,936 | INFO     |   → 15/52: ✅ 0 взято | 🗑️ 0 мусор
2026-06-18 20:11:11,936 | INFO     |   → 16/52: ✅ 0 взято | 🗑️ 0 мусор
2026-06-18 20:11:11,936 | INFO     |   → 17/52: ✅ 1 взято | 🗑️ 169 мусор
2026-06-18 20:11:11,936 | INFO     |   → 18/52: ✅ 0 взято | 🗑️ 0 мусор
2026-06-18 20:11:11,936 | INFO     |   → 19/52: ✅ 1 взято | 🗑️ 213 мусор
2026-06-18 20:11:11,936 | INFO     |   → 20/52: ✅ 0 взято | 🗑️ 0 мусор
2026-06-18 20:11:11,937 | INFO     |   → 21/52: ✅ 0 взято | 🗑️ 0 мусор
2026-06-18 20:11:11,937 | INFO     |   → 22/52: ✅ 0 взято | 🗑️ 117 мусор
2026-06-18 20:11:11,937 | INFO     |   → 23/52: ✅ 1 взято | 🗑️ 141 мусор
2026-06-18 20:11:11,937 | INFO     |   → 24/52: ✅ 0 взято | 🗑️ 137 мусор
2026-06-18 20:11:11,937 | INFO     |   → 25/52: ✅ 3 взято | 🗑️ 100 мусор
2026-06-18 20:11:11,937 | INFO     |   → 26/52: ✅ 0 взято | 🗑️ 0 мусор
2026-06-18 20:11:11,937 | INFO     |   → 27/52: ✅ 1 взято | 🗑️ 171 мусор
2026-06-18 20:11:11,937 | INFO     |   → 28/52: ✅ 0 взято | 🗑️ 0 мусор
2026-06-18 20:11:11,937 | INFO     |   → 29/52: ✅ 0 взято | 🗑️ 202 мусор
2026-06-18 20:11:11,937 | INFO     |   → 30/52: ✅ 0 взято | 🗑️ 0 мусор
2026-06-18 20:11:11,937 | INFO     |   → 31/52: ✅ 0 взято | 🗑️ 138 мусор
2026-06-18 20:11:11,937 | INFO     |   → 32/52: ✅ 0 взято | 🗑️ 0 мусор
2026-06-18 20:11:11,937 | INFO     |   → 33/52: ✅ 0 взято | 🗑️ 236 мусор
2026-06-18 20:11:11,937 | INFO     |   → 34/52: ✅ 0 взято | 🗑️ 0 мусор
2026-06-18 20:11:11,937 | INFO     |   → 35/52: ✅ 0 взято | 🗑️ 192 мусор
2026-06-18 20:11:11,937 | INFO     |   → 36/52: ✅ 0 взято | 🗑️ 0 мусор
2026-06-18 20:11:11,937 | INFO     |   → 37/52: ✅ 5 взято | 🗑️ 9 мусор
2026-06-18 20:11:11,937 | INFO     |   → 38/52: ✅ 0 взято | 🗑️ 9 мусор
2026-06-18 20:11:11,937 | INFO     |   → 39/52: ✅ 0 взято | 🗑️ 9 мусор
2026-06-18 20:11:11,937 | INFO     |   → 40/52: ✅ 0 взято | 🗑️ 9 мусор
2026-06-18 20:11:11,937 | INFO     |   → 41/52: ✅ 0 взято | 🗑️ 9 мусор
2026-06-18 20:11:11,937 | INFO     |   → 42/52: ✅ 0 взято | 🗑️ 9 мусор
2026-06-18 20:11:11,937 | INFO     |   → 43/52: ✅ 0 взято | 🗑️ 9 мусор
2026-06-18 20:11:11,937 | INFO     |   → 44/52: ✅ 0 взято | 🗑️ 9 мусор
2026-06-18 20:11:11,937 | INFO     |   → 45/52: ✅ 0 взято | 🗑️ 9 мусор
2026-06-18 20:11:11,937 | INFO     |   → 46/52: ✅ 0 взято | 🗑️ 9 мусор
2026-06-18 20:11:11,937 | INFO     |   → 47/52: ✅ 0 взято | 🗑️ 9 мусор
2026-06-18 20:11:11,937 | INFO     |   → 48/52: ✅ 0 взято | 🗑️ 9 мусор
2026-06-18 20:11:11,937 | INFO     |   → 49/52: ✅ 0 взято | 🗑️ 0 мусор
2026-06-18 20:11:11,937 | INFO     |   → 50/52: ✅ 4 взято | 🗑️ 458 мусор
2026-06-18 20:11:11,937 | INFO     |   → 51/52: ✅ 0 взято | 🗑️ 0 мусор
2026-06-18 20:11:11,937 | INFO     |   → 52/52: ✅ 1 взято | 🗑️ 164 мусор
2026-06-18 20:11:11,937 | INFO     |   → 📡 С sstap.org получено 0 ключей
2026-06-18 20:11:11,937 | INFO     |   → 📡 С sstap.org не добавлено ни одного ключа (все 0 отклонены фильтром)
2026-06-18 20:11:11,937 | INFO     |   → ✅ ГОТОВО!
2026-06-18 20:11:11,937 | INFO     |   →    📥 Всего ключей после фильтра: 17
2026-06-18 20:11:11,937 | INFO     |   →    🔗 Уникальных IP:PORT:SCHEME: 14
2026-06-18 20:11:11,937 | INFO     |   →    🗑️ Выброшено мусора: 2661
2026-06-18 20:11:11,937 | INFO     |   → 📊 По протоколам:
2026-06-18 20:11:11,938 | INFO     |   →    vless: 11
2026-06-18 20:11:11,938 | INFO     |   →    vmess: 1
2026-06-18 20:11:11,938 | INFO     |   →    trojan: 1
2026-06-18 20:11:11,938 | INFO     |   →    hysteria2: 1
2026-06-18 20:11:11,938 | INFO     | ✅ mirror.py завершён успешно
2026-06-18 20:11:11,938 | INFO     | 
2026-06-18 20:11:11,938 | INFO     | 
2026-06-18 20:11:11,938 | INFO     | ──────────────────────────────────────────────────────────────────────
2026-06-18 20:11:11,938 | INFO     | 📌 ЭТАП: Генерация 50 уникальных CF-VLESS
2026-06-18 20:11:11,938 | INFO     | ──────────────────────────────────────────────────────────────────────
2026-06-18 20:11:11,938 | INFO     | 🚀 Запуск generate_cf_vless.py (50 новых CF-VLESS)...
2026-06-18 20:11:12,114 | INFO     |   → === Генератор свежих VLESS-конфигов на IP Cloudflare ===
2026-06-18 20:11:12,114 | INFO     |   → ✅ Сгенерировано и сохранено 50 VLESS-конфигов.
2026-06-18 20:11:12,114 | INFO     |   → 📂 Файл: /home/runner/work/vpn-vless-configs-russia/vpn-vless-configs-russia/data/githubmirror/new/cf_fresh.txt
2026-06-18 20:11:12,114 | INFO     | ✅ generate_cf_vless.py завершён успешно
2026-06-18 20:11:12,114 | INFO     | 
2026-06-18 20:11:12,114 | INFO     | 
2026-06-18 20:11:12,114 | INFO     | ──────────────────────────────────────────────────────────────────────
2026-06-18 20:11:12,114 | INFO     | 📌 ЭТАП: Слияние CF с основным списком
2026-06-18 20:11:12,114 | INFO     | ──────────────────────────────────────────────────────────────────────
2026-06-18 20:11:12,116 | INFO     | 🔄 Добавлено 50 новых CF-VLESS в /home/runner/work/vpn-vless-configs-russia/vpn-vless-configs-russia/data/githubmirror/clean/vless.txt
2026-06-18 20:11:12,116 | INFO     | 📊 Всего в clean/vless.txt теперь: 61
2026-06-18 20:11:12,116 | INFO     | 
2026-06-18 20:11:12,116 | INFO     | 
2026-06-18 20:11:12,116 | INFO     | ──────────────────────────────────────────────────────────────────────
2026-06-18 20:11:12,116 | INFO     | 📌 ЭТАП: Фильтрация по реальному SNI
2026-06-18 20:11:12,116 | INFO     | ──────────────────────────────────────────────────────────────────────
2026-06-18 20:11:12,116 | INFO     | 🚀 Запуск filter_ru_sni.py (Фильтр по реальному SNI (CDN+RU))...
2026-06-18 20:11:12,144 | INFO     |   → hysteria2.txt: 1 → 0 (SNI-filtered)
2026-06-18 20:11:12,144 | INFO     |   →   trojan.txt: 1 → 0 (SNI-filtered)
2026-06-18 20:11:12,144 | INFO     |   →   vless.txt: 61 → 51 (SNI-filtered)
2026-06-18 20:11:12,144 | INFO     |   →   vmess.txt: 1 → 0 (SNI-filtered)
2026-06-18 20:11:12,144 | INFO     |   → ==================================================
2026-06-18 20:11:12,145 | INFO     |   →   Всего входных:  64
2026-06-18 20:11:12,145 | INFO     |   →   Прошли фильтр:  51
2026-06-18 20:11:12,145 | INFO     |   →   Отброшено:      13
2026-06-18 20:11:12,145 | INFO     |   → ==================================================
2026-06-18 20:11:12,145 | INFO     |   → Готово → /home/runner/work/vpn-vless-configs-russia/vpn-vless-configs-russia/data/githubmirror/ru-sni
2026-06-18 20:11:12,145 | INFO     | ✅ filter_ru_sni.py завершён успешно
2026-06-18 20:11:12,145 | INFO     | 
2026-06-18 20:11:12,145 | INFO     | 
2026-06-18 20:11:12,145 | INFO     | ──────────────────────────────────────────────────────────────────────
2026-06-18 20:11:12,145 | INFO     | 📌 ЭТАП: Экспериментальный RU-SNI фильтр
2026-06-18 20:11:12,145 | INFO     | ──────────────────────────────────────────────────────────────────────
2026-06-18 20:11:12,145 | INFO     | 🚀 Запуск filter_ru_sni_local.py (Экспериментальный фильтр по RU-SNI)...
2026-06-18 20:11:12,175 | INFO     |   → hysteria2.txt: 1 → 0 (RU-SNI)
2026-06-18 20:11:12,175 | INFO     |   → trojan.txt: 1 → 0 (RU-SNI)
2026-06-18 20:11:12,175 | INFO     |   → vless.txt: 61 → 0 (RU-SNI)
2026-06-18 20:11:12,175 | INFO     |   → vmess.txt: 1 → 0 (RU-SNI)
2026-06-18 20:11:12,175 | INFO     |   → ==================================================
2026-06-18 20:11:12,175 | INFO     |   → Всего входных:  64
2026-06-18 20:11:12,175 | INFO     |   → Прошли RU-SNI:  0
2026-06-18 20:11:12,175 | INFO     |   → Отброшено:      64
2026-06-18 20:11:12,175 | INFO     |   → ==================================================
2026-06-18 20:11:12,175 | INFO     |   → Готово → /home/runner/work/vpn-vless-configs-russia/vpn-vless-configs-russia/data/githubmirror/ru-sni-local
2026-06-18 20:11:12,175 | INFO     | ✅ filter_ru_sni_local.py завершён успешно
2026-06-18 20:11:12,175 | INFO     | 
2026-06-18 20:11:12,175 | INFO     | 
2026-06-18 20:11:12,175 | INFO     | ──────────────────────────────────────────────────────────────────────
2026-06-18 20:11:12,176 | INFO     | 📌 ЭТАП: Сбор статистики
2026-06-18 20:11:12,176 | INFO     | ──────────────────────────────────────────────────────────────────────
2026-06-18 20:11:12,176 | INFO     | 📊 Сбор статистики...
2026-06-18 20:11:12,176 | INFO     |   📁 githubmirror/clean:
2026-06-18 20:11:12,176 | INFO     |     • hysteria2   :     1 конфигов
2026-06-18 20:11:12,176 | INFO     |     • trojan      :     1 конфигов
2026-06-18 20:11:12,176 | INFO     |     • vless       :    61 конфигов
2026-06-18 20:11:12,177 | INFO     |     • vmess       :     1 конфигов
2026-06-18 20:11:12,177 | INFO     |   📁 githubmirror/ru-sni:
2026-06-18 20:11:12,177 | INFO     |     • hysteria2   :     0 конфигов (  0.0% от clean)
2026-06-18 20:11:12,177 | INFO     |     • trojan      :     0 конфигов (  0.0% от clean)
2026-06-18 20:11:12,177 | INFO     |     • vless       :    51 конфигов ( 83.6% от clean)
2026-06-18 20:11:12,177 | INFO     |     • vmess       :     0 конфигов (  0.0% от clean)
2026-06-18 20:11:12,177 | INFO     |   ✨ Новых CF-VLESS в этом запуске: 50
2026-06-18 20:11:12,177 | INFO     | 
2026-06-18 20:11:12,178 | INFO     |   ──────────────────────────────────────────────────
2026-06-18 20:11:12,178 | INFO     |   📈 ИТОГО:
2026-06-18 20:11:12,178 | INFO     |     Clean (после geo-фильтра):       64
2026-06-18 20:11:12,178 | INFO     |     RU-SNI (после SNI-фильтра):      51
2026-06-18 20:11:12,178 | INFO     |     Прошло фильтр:                 79.7%
2026-06-18 20:11:12,178 | INFO     |   ──────────────────────────────────────────────────
2026-06-18 20:11:12,178 | INFO     | ✅ Статистика сохранена: /home/runner/work/vpn-vless-configs-russia/vpn-vless-configs-russia/data/stats.json
2026-06-18 20:11:12,178 | INFO     | 
2026-06-18 20:11:12,178 | INFO     | ======================================================================
2026-06-18 20:11:12,178 | INFO     | 📊 ИТОГОВЫЙ ОТЧЁТ
2026-06-18 20:11:12,178 | INFO     | ======================================================================
2026-06-18 20:11:12,178 | INFO     |   ✅ OK         | Загрузка и geo-фильтрация
2026-06-18 20:11:12,179 | INFO     |   ✅ OK         | Генерация 50 уникальных CF-VLESS
2026-06-18 20:11:12,179 | INFO     |   ✅ OK         | Слияние CF с основным списком
2026-06-18 20:11:12,179 | INFO     |   ✅ OK         | Фильтрация по реальному SNI
2026-06-18 20:11:12,179 | INFO     |   ✅ OK         | Экспериментальный RU-SNI фильтр
2026-06-18 20:11:12,179 | INFO     |   ✅ OK         | Сбор статистики
2026-06-18 20:11:12,179 | INFO     | ──────────────────────────────────────────────────────────────────────
2026-06-18 20:11:12,179 | INFO     | ✅ ВСЕ ЭТАПЫ УСПЕШНЫ (6/6)
2026-06-18 20:11:12,179 | INFO     | ⏰ Время завершения: 2026-06-18 20:11:12
2026-06-18 20:11:12,179 | INFO     | ======================================================================
