2026-06-28 02:12:39,052 | INFO     | ======================================================================
2026-06-28 02:12:39,052 | INFO     | 🔍 VPN KEY CHECKER - Начало проверки
2026-06-28 02:12:39,052 | INFO     | ⏰ Время старта: 2026-06-28 02:12:39
2026-06-28 02:12:39,052 | INFO     | 📂 Рабочая директория: /home/runner/work/vpn-vless-configs-russia/vpn-vless-configs-russia
2026-06-28 02:12:39,053 | INFO     | ======================================================================
2026-06-28 02:12:39,053 | INFO     | 
2026-06-28 02:12:39,053 | INFO     | 🔍 Проверка наличия скриптов...
2026-06-28 02:12:39,053 | INFO     |   ✅ mirror.py
2026-06-28 02:12:39,053 | INFO     |   ✅ generate_cf_vless.py
2026-06-28 02:12:39,053 | INFO     |   ✅ filter_ru_sni.py
2026-06-28 02:12:39,053 | INFO     |   ✅ filter_ru_sni_local.py
2026-06-28 02:12:39,053 | INFO     | 
2026-06-28 02:12:39,053 | INFO     | ──────────────────────────────────────────────────────────────────────
2026-06-28 02:12:39,053 | INFO     | 📌 ЭТАП: Загрузка и geo-фильтрация
2026-06-28 02:12:39,053 | INFO     | ──────────────────────────────────────────────────────────────────────
2026-06-28 02:12:39,053 | INFO     | 🚀 Запуск mirror.py (Загрузка и фильтрация по РФ/СНГ/Европа)...
2026-06-28 02:13:27,603 | INFO     |   → DEBUG: mirror.py started
2026-06-28 02:13:27,603 | INFO     |   → DEBUG: BASE_PATH = /home/runner/work/vpn-vless-configs-russia/vpn-vless-configs-russia
2026-06-28 02:13:27,603 | INFO     |   → DEBUG: CONFIG_SOURCES_FILE = /home/runner/work/vpn-vless-configs-russia/vpn-vless-configs-russia/data/config_sources.json
2026-06-28 02:13:27,603 | INFO     |   → 📂 Загружено 128 источников из /home/runner/work/vpn-vless-configs-russia/vpn-vless-configs-russia/data/config_sources.json
2026-06-28 02:13:27,603 | INFO     |   → 🚀 Старт: всего источников: 128
2026-06-28 02:13:27,603 | INFO     |   → 1/128: ✅ 0 взято | 🗑️ 0 мусор
2026-06-28 02:13:27,603 | INFO     |   → 2/128: ✅ 0 взято | 🗑️ 0 мусор
2026-06-28 02:13:27,603 | INFO     |   → 3/128: ✅ 0 взято | 🗑️ 0 мусор
2026-06-28 02:13:27,604 | INFO     |   → 4/128: ✅ 0 взято | 🗑️ 0 мусор
2026-06-28 02:13:27,604 | INFO     |   → 5/128: ✅ 0 взято | 🗑️ 0 мусор
2026-06-28 02:13:27,604 | INFO     |   → 6/128: ✅ 0 взято | 🗑️ 0 мусор
2026-06-28 02:13:27,604 | INFO     |   → 7/128: ✅ 0 взято | 🗑️ 0 мусор
2026-06-28 02:13:27,604 | INFO     |   → 8/128: ✅ 0 взято | 🗑️ 0 мусор
2026-06-28 02:13:27,604 | INFO     |   → 9/128: ✅ 0 взято | 🗑️ 0 мусор
2026-06-28 02:13:27,604 | INFO     |   → 10/128: ✅ 0 взято | 🗑️ 0 мусор
2026-06-28 02:13:27,604 | INFO     |   → 11/128: ✅ 0 взято | 🗑️ 0 мусор
2026-06-28 02:13:27,604 | INFO     |   → 12/128: ✅ 0 взято | 🗑️ 0 мусор
2026-06-28 02:13:27,604 | INFO     |   → 13/128: ✅ 0 взято | 🗑️ 0 мусор
2026-06-28 02:13:27,604 | INFO     |   → 14/128: ✅ 0 взято | 🗑️ 0 мусор
2026-06-28 02:13:27,604 | INFO     |   → 15/128: ✅ 0 взято | 🗑️ 0 мусор
2026-06-28 02:13:27,604 | INFO     |   → 16/128: ✅ 0 взято | 🗑️ 0 мусор
2026-06-28 02:13:27,604 | INFO     |   → 17/128: ✅ 0 взято | 🗑️ 0 мусор
2026-06-28 02:13:27,604 | INFO     |   → 18/128: ✅ 0 взято | 🗑️ 0 мусор
2026-06-28 02:13:27,604 | INFO     |   → 19/128: ✅ 0 взято | 🗑️ 0 мусор
2026-06-28 02:13:27,604 | INFO     |   → 20/128: ✅ 0 взято | 🗑️ 0 мусор
2026-06-28 02:13:27,604 | INFO     |   → 21/128: ✅ 0 взято | 🗑️ 0 мусор
2026-06-28 02:13:27,604 | INFO     |   → 22/128: ✅ 0 взято | 🗑️ 0 мусор
2026-06-28 02:13:27,604 | INFO     |   → 23/128: ✅ 0 взято | 🗑️ 0 мусор
2026-06-28 02:13:27,604 | INFO     |   → 24/128: ✅ 0 взято | 🗑️ 0 мусор
2026-06-28 02:13:27,604 | INFO     |   → 25/128: ✅ 0 взято | 🗑️ 0 мусор
2026-06-28 02:13:27,604 | INFO     |   → 26/128: ✅ 0 взято | 🗑️ 0 мусор
2026-06-28 02:13:27,605 | INFO     |   → 27/128: ✅ 0 взято | 🗑️ 0 мусор
2026-06-28 02:13:27,605 | INFO     |   → 28/128: ✅ 0 взято | 🗑️ 0 мусор
2026-06-28 02:13:27,605 | INFO     |   → 29/128: ✅ 0 взято | 🗑️ 0 мусор
2026-06-28 02:13:27,605 | INFO     |   → 30/128: ✅ 0 взято | 🗑️ 0 мусор
2026-06-28 02:13:27,605 | INFO     |   → 31/128: ✅ 0 взято | 🗑️ 0 мусор
2026-06-28 02:13:27,605 | INFO     |   → 32/128: ✅ 0 взято | 🗑️ 0 мусор
2026-06-28 02:13:27,605 | INFO     |   → 33/128: ✅ 0 взято | 🗑️ 0 мусор
2026-06-28 02:13:27,605 | INFO     |   → 34/128: ✅ 5 взято | 🗑️ 133 мусор
2026-06-28 02:13:27,605 | INFO     |   → 35/128: ✅ 5 взято | 🗑️ 166 мусор
2026-06-28 02:13:27,605 | INFO     |   → 36/128: ✅ 0 взято | 🗑️ 115 мусор
2026-06-28 02:13:27,605 | INFO     |   → 37/128: ✅ 0 взято | 🗑️ 0 мусор
2026-06-28 02:13:27,605 | INFO     |   → 38/128: ✅ 0 взято | 🗑️ 0 мусор
2026-06-28 02:13:27,605 | INFO     |   → 39/128: ✅ 0 взято | 🗑️ 0 мусор
2026-06-28 02:13:27,605 | INFO     |   → 40/128: ✅ 1 взято | 🗑️ 226 мусор
2026-06-28 02:13:27,605 | INFO     |   → 41/128: ✅ 0 взято | 🗑️ 0 мусор
2026-06-28 02:13:27,605 | INFO     |   → 42/128: ✅ 1 взято | 🗑️ 169 мусор
2026-06-28 02:13:27,606 | INFO     |   → 43/128: ✅ 0 взято | 🗑️ 0 мусор
2026-06-28 02:13:27,606 | INFO     |   → 44/128: ✅ 1 взято | 🗑️ 213 мусор
2026-06-28 02:13:27,606 | INFO     |   → 45/128: ✅ 0 взято | 🗑️ 0 мусор
2026-06-28 02:13:27,606 | INFO     |   → 46/128: ✅ 0 взято | 🗑️ 0 мусор
2026-06-28 02:13:27,606 | INFO     |   → 47/128: ✅ 0 взято | 🗑️ 0 мусор
2026-06-28 02:13:27,606 | INFO     |   → 48/128: ✅ 3 взято | 🗑️ 99 мусор
2026-06-28 02:13:27,606 | INFO     |   → 49/128: ✅ 0 взято | 🗑️ 0 мусор
2026-06-28 02:13:27,606 | INFO     |   → 50/128: ✅ 0 взято | 🗑️ 0 мусор
2026-06-28 02:13:27,606 | INFO     |   → 51/128: ✅ 1 взято | 🗑️ 96 мусор
2026-06-28 02:13:27,606 | INFO     |   → 52/128: ✅ 0 взято | 🗑️ 117 мусор
2026-06-28 02:13:27,606 | INFO     |   → 53/128: ✅ 11 взято | 🗑️ 225 мусор
2026-06-28 02:13:27,606 | INFO     |   → 54/128: ✅ 1 взято | 🗑️ 141 мусор
2026-06-28 02:13:27,606 | INFO     |   → 55/128: ✅ 0 взято | 🗑️ 96 мусор
2026-06-28 02:13:27,606 | INFO     |   → 56/128: ✅ 0 взято | 🗑️ 263 мусор
2026-06-28 02:13:27,606 | INFO     |   → 57/128: ✅ 0 взято | 🗑️ 0 мусор
2026-06-28 02:13:27,606 | INFO     |   → 58/128: ✅ 0 взято | 🗑️ 0 мусор
2026-06-28 02:13:27,606 | INFO     |   → 59/128: ✅ 0 взято | 🗑️ 137 мусор
2026-06-28 02:13:27,606 | INFO     |   → 60/128: ✅ 0 взято | 🗑️ 0 мусор
2026-06-28 02:13:27,606 | INFO     |   → 61/128: ✅ 0 взято | 🗑️ 112 мусор
2026-06-28 02:13:27,606 | INFO     |   → 62/128: ✅ 0 взято | 🗑️ 0 мусор
2026-06-28 02:13:27,606 | INFO     |   → 63/128: ✅ 3 взято | 🗑️ 100 мусор
2026-06-28 02:13:27,606 | INFO     |   → 64/128: ✅ 0 взято | 🗑️ 0 мусор
2026-06-28 02:13:27,606 | INFO     |   → 65/128: ✅ 1 взято | 🗑️ 171 мусор
2026-06-28 02:13:27,607 | INFO     |   → 66/128: ✅ 0 взято | 🗑️ 0 мусор
2026-06-28 02:13:27,607 | INFO     |   → 67/128: ✅ 0 взято | 🗑️ 202 мусор
2026-06-28 02:13:27,607 | INFO     |   → 68/128: ✅ 0 взято | 🗑️ 0 мусор
2026-06-28 02:13:27,607 | INFO     |   → 69/128: ✅ 0 взято | 🗑️ 138 мусор
2026-06-28 02:13:27,607 | INFO     |   → 70/128: ✅ 0 взято | 🗑️ 0 мусор
2026-06-28 02:13:27,607 | INFO     |   → 71/128: ✅ 0 взято | 🗑️ 236 мусор
2026-06-28 02:13:27,607 | INFO     |   → 72/128: ✅ 0 взято | 🗑️ 0 мусор
2026-06-28 02:13:27,607 | INFO     |   → 73/128: ✅ 0 взято | 🗑️ 192 мусор
2026-06-28 02:13:27,607 | INFO     |   → 74/128: ✅ 0 взято | 🗑️ 0 мусор
2026-06-28 02:13:27,607 | INFO     |   → 75/128: ✅ 1 взято | 🗑️ 174 мусор
2026-06-28 02:13:27,607 | INFO     |   → 76/128: ✅ 0 взято | 🗑️ 0 мусор
2026-06-28 02:13:27,607 | INFO     |   → 77/128: ✅ 1 взято | 🗑️ 149 мусор
2026-06-28 02:13:27,607 | INFO     |   → 78/128: ✅ 0 взято | 🗑️ 0 мусор
2026-06-28 02:13:27,607 | INFO     |   → 79/128: ✅ 3 взято | 🗑️ 147 мусор
2026-06-28 02:13:27,607 | INFO     |   → 80/128: ✅ 0 взято | 🗑️ 0 мусор
2026-06-28 02:13:27,607 | INFO     |   → 81/128: ✅ 2 взято | 🗑️ 196 мусор
2026-06-28 02:13:27,607 | INFO     |   → 82/128: ✅ 0 взято | 🗑️ 0 мусор
2026-06-28 02:13:27,607 | INFO     |   → 83/128: ✅ 2 взято | 🗑️ 277 мусор
2026-06-28 02:13:27,607 | INFO     |   → 84/128: ✅ 0 взято | 🗑️ 0 мусор
2026-06-28 02:13:27,607 | INFO     |   → 85/128: ✅ 0 взято | 🗑️ 211 мусор
2026-06-28 02:13:27,607 | INFO     |   → 86/128: ✅ 0 взято | 🗑️ 0 мусор
2026-06-28 02:13:27,607 | INFO     |   → 87/128: ✅ 1 взято | 🗑️ 229 мусор
2026-06-28 02:13:27,607 | INFO     |   → 88/128: ✅ 0 взято | 🗑️ 0 мусор
2026-06-28 02:13:27,607 | INFO     |   → 89/128: ✅ 1 взято | 🗑️ 131 мусор
2026-06-28 02:13:27,607 | INFO     |   → 90/128: ✅ 0 взято | 🗑️ 0 мусор
2026-06-28 02:13:27,607 | INFO     |   → 91/128: ✅ 3 взято | 🗑️ 257 мусор
2026-06-28 02:13:27,607 | INFO     |   → 92/128: ✅ 0 взято | 🗑️ 0 мусор
2026-06-28 02:13:27,607 | INFO     |   → 93/128: ✅ 5 взято | 🗑️ 9 мусор
2026-06-28 02:13:27,607 | INFO     |   → 94/128: ✅ 0 взято | 🗑️ 9 мусор
2026-06-28 02:13:27,607 | INFO     |   → 95/128: ✅ 0 взято | 🗑️ 9 мусор
2026-06-28 02:13:27,607 | INFO     |   → 96/128: ✅ 0 взято | 🗑️ 9 мусор
2026-06-28 02:13:27,607 | INFO     |   → 97/128: ✅ 0 взято | 🗑️ 9 мусор
2026-06-28 02:13:27,607 | INFO     |   → 98/128: ✅ 0 взято | 🗑️ 9 мусор
2026-06-28 02:13:27,607 | INFO     |   → 99/128: ✅ 0 взято | 🗑️ 9 мусор
2026-06-28 02:13:27,607 | INFO     |   → 100/128: ✅ 0 взято | 🗑️ 9 мусор
2026-06-28 02:13:27,607 | INFO     |   → 101/128: ✅ 13 взято | 🗑️ 10 мусор
2026-06-28 02:13:27,607 | INFO     |   → 102/128: ✅ 0 взято | 🗑️ 10 мусор
2026-06-28 02:13:27,607 | INFO     |   → 103/128: ✅ 0 взято | 🗑️ 10 мусор
2026-06-28 02:13:27,607 | INFO     |   → 104/128: ✅ 0 взято | 🗑️ 10 мусор
2026-06-28 02:13:27,607 | INFO     |   → 105/128: ✅ 0 взято | 🗑️ 10 мусор
2026-06-28 02:13:27,607 | INFO     |   → 106/128: ✅ 0 взято | 🗑️ 10 мусор
2026-06-28 02:13:27,607 | INFO     |   → 107/128: ✅ 0 взято | 🗑️ 10 мусор
2026-06-28 02:13:27,608 | INFO     |   → 108/128: ✅ 0 взято | 🗑️ 9 мусор
2026-06-28 02:13:27,608 | INFO     |   → 109/128: ✅ 0 взято | 🗑️ 9 мусор
2026-06-28 02:13:27,608 | INFO     |   → 110/128: ✅ 0 взято | 🗑️ 9 мусор
2026-06-28 02:13:27,608 | INFO     |   → 111/128: ✅ 0 взято | 🗑️ 9 мусор
2026-06-28 02:13:27,608 | INFO     |   → 112/128: ✅ 0 взято | 🗑️ 9 мусор
2026-06-28 02:13:27,608 | INFO     |   → 113/128: ✅ 0 взято | 🗑️ 9 мусор
2026-06-28 02:13:27,608 | INFO     |   → 114/128: ✅ 0 взято | 🗑️ 9 мусор
2026-06-28 02:13:27,608 | INFO     |   → 115/128: ✅ 0 взято | 🗑️ 9 мусор
2026-06-28 02:13:27,608 | INFO     |   → 116/128: ✅ 0 взято | 🗑️ 10 мусор
2026-06-28 02:13:27,608 | INFO     |   → 117/128: ✅ 0 взято | 🗑️ 10 мусор
2026-06-28 02:13:27,608 | INFO     |   → 118/128: ✅ 0 взято | 🗑️ 10 мусор
2026-06-28 02:13:27,608 | INFO     |   → 119/128: ✅ 0 взято | 🗑️ 10 мусор
2026-06-28 02:13:27,608 | INFO     |   → 120/128: ✅ 0 взято | 🗑️ 10 мусор
2026-06-28 02:13:27,608 | INFO     |   → 121/128: ✅ 0 взято | 🗑️ 10 мусор
2026-06-28 02:13:27,608 | INFO     |   → 122/128: ✅ 0 взято | 🗑️ 10 мусор
2026-06-28 02:13:27,608 | INFO     |   → 123/128: ✅ 0 взято | 🗑️ 0 мусор
2026-06-28 02:13:27,608 | INFO     |   → 124/128: ✅ 4 взято | 🗑️ 458 мусор
2026-06-28 02:13:27,608 | INFO     |   → 125/128: ✅ 0 взято | 🗑️ 0 мусор
2026-06-28 02:13:27,608 | INFO     |   → 126/128: ✅ 1 взято | 🗑️ 164 мусор
2026-06-28 02:13:27,608 | INFO     |   → 127/128: ✅ 0 взято | 🗑️ 0 мусор
2026-06-28 02:13:27,608 | INFO     |   → 128/128: ✅ 6 взято | 🗑️ 221 мусор
2026-06-28 02:13:27,608 | INFO     |   → 📡 С sstap.org получено 0 ключей
2026-06-28 02:13:27,608 | INFO     |   → 📡 С sstap.org не добавлено ни одного ключа (все 0 отклонены фильтром)
2026-06-28 02:13:27,608 | INFO     |   → ✅ ГОТОВО!
2026-06-28 02:13:27,608 | INFO     |   →    📥 Всего ключей после фильтра: 76
2026-06-28 02:13:27,608 | INFO     |   →    🔗 Уникальных IP:PORT:SCHEME: 57
2026-06-28 02:13:27,608 | INFO     |   →    🗑️ Выброшено мусора: 6245
2026-06-28 02:13:27,608 | INFO     |   → 📊 По протоколам:
2026-06-28 02:13:27,608 | INFO     |   →    vless: 46
2026-06-28 02:13:27,609 | INFO     |   →    vmess: 1
2026-06-28 02:13:27,609 | INFO     |   →    trojan: 8
2026-06-28 02:13:27,609 | INFO     |   →    hysteria2: 2
2026-06-28 02:13:27,609 | INFO     | ✅ mirror.py завершён успешно
2026-06-28 02:13:27,609 | INFO     | 
2026-06-28 02:13:27,609 | INFO     | 
2026-06-28 02:13:27,609 | INFO     | ──────────────────────────────────────────────────────────────────────
2026-06-28 02:13:27,609 | INFO     | 📌 ЭТАП: Генерация 50 уникальных CF-VLESS
2026-06-28 02:13:27,609 | INFO     | ──────────────────────────────────────────────────────────────────────
2026-06-28 02:13:27,609 | INFO     | 🚀 Запуск generate_cf_vless.py (50 новых CF-VLESS)...
2026-06-28 02:13:27,831 | INFO     |   → === Генератор свежих VLESS-конфигов на IP Cloudflare ===
2026-06-28 02:13:27,831 | INFO     |   → ✅ Сгенерировано и сохранено 50 VLESS-конфигов.
2026-06-28 02:13:27,831 | INFO     |   → 📂 Файл: /home/runner/work/vpn-vless-configs-russia/vpn-vless-configs-russia/data/githubmirror/new/cf_fresh.txt
2026-06-28 02:13:27,831 | INFO     | ✅ generate_cf_vless.py завершён успешно
2026-06-28 02:13:27,831 | INFO     | 
2026-06-28 02:13:27,831 | INFO     | 
2026-06-28 02:13:27,831 | INFO     | ──────────────────────────────────────────────────────────────────────
2026-06-28 02:13:27,831 | INFO     | 📌 ЭТАП: Слияние CF с основным списком
2026-06-28 02:13:27,831 | INFO     | ──────────────────────────────────────────────────────────────────────
2026-06-28 02:13:27,833 | INFO     | 🔄 Добавлено 50 новых CF-VLESS в /home/runner/work/vpn-vless-configs-russia/vpn-vless-configs-russia/data/githubmirror/clean/vless.txt
2026-06-28 02:13:27,833 | INFO     | 📊 Всего в clean/vless.txt теперь: 96
2026-06-28 02:13:27,833 | INFO     | 
2026-06-28 02:13:27,833 | INFO     | 
2026-06-28 02:13:27,833 | INFO     | ──────────────────────────────────────────────────────────────────────
2026-06-28 02:13:27,833 | INFO     | 📌 ЭТАП: Фильтрация по реальному SNI
2026-06-28 02:13:27,833 | INFO     | ──────────────────────────────────────────────────────────────────────
2026-06-28 02:13:27,833 | INFO     | 🚀 Запуск filter_ru_sni.py (Фильтр по реальному SNI (CDN+RU))...
2026-06-28 02:13:27,862 | INFO     |   → hysteria2.txt: 2 → 0 (SNI-filtered)
2026-06-28 02:13:27,862 | INFO     |   →   trojan.txt: 8 → 0 (SNI-filtered)
2026-06-28 02:13:27,862 | INFO     |   →   vless.txt: 96 → 55 (SNI-filtered)
2026-06-28 02:13:27,862 | INFO     |   →   vmess.txt: 1 → 0 (SNI-filtered)
2026-06-28 02:13:27,862 | INFO     |   → ==================================================
2026-06-28 02:13:27,862 | INFO     |   →   Всего входных:  107
2026-06-28 02:13:27,862 | INFO     |   →   Прошли фильтр:  55
2026-06-28 02:13:27,862 | INFO     |   →   Отброшено:      52
2026-06-28 02:13:27,862 | INFO     |   → ==================================================
2026-06-28 02:13:27,862 | INFO     |   → Готово → /home/runner/work/vpn-vless-configs-russia/vpn-vless-configs-russia/data/githubmirror/ru-sni
2026-06-28 02:13:27,862 | INFO     | ✅ filter_ru_sni.py завершён успешно
2026-06-28 02:13:27,863 | INFO     | 
2026-06-28 02:13:27,863 | INFO     | 
2026-06-28 02:13:27,863 | INFO     | ──────────────────────────────────────────────────────────────────────
2026-06-28 02:13:27,863 | INFO     | 📌 ЭТАП: Экспериментальный RU-SNI фильтр
2026-06-28 02:13:27,863 | INFO     | ──────────────────────────────────────────────────────────────────────
2026-06-28 02:13:27,863 | INFO     | 🚀 Запуск filter_ru_sni_local.py (Экспериментальный фильтр по RU-SNI)...
2026-06-28 02:13:27,892 | INFO     |   → hysteria2.txt: 2 → 0 (RU-SNI)
2026-06-28 02:13:27,892 | INFO     |   → trojan.txt: 8 → 0 (RU-SNI)
2026-06-28 02:13:27,892 | INFO     |   → vless.txt: 96 → 0 (RU-SNI)
2026-06-28 02:13:27,892 | INFO     |   → vmess.txt: 1 → 0 (RU-SNI)
2026-06-28 02:13:27,892 | INFO     |   → ==================================================
2026-06-28 02:13:27,892 | INFO     |   → Всего входных:  107
2026-06-28 02:13:27,892 | INFO     |   → Прошли RU-SNI:  0
2026-06-28 02:13:27,892 | INFO     |   → Отброшено:      107
2026-06-28 02:13:27,892 | INFO     |   → ==================================================
2026-06-28 02:13:27,892 | INFO     |   → Готово → /home/runner/work/vpn-vless-configs-russia/vpn-vless-configs-russia/data/githubmirror/ru-sni-local
2026-06-28 02:13:27,892 | INFO     | ✅ filter_ru_sni_local.py завершён успешно
2026-06-28 02:13:27,892 | INFO     | 
2026-06-28 02:13:27,892 | INFO     | 
2026-06-28 02:13:27,892 | INFO     | ──────────────────────────────────────────────────────────────────────
2026-06-28 02:13:27,892 | INFO     | 📌 ЭТАП: Сбор статистики
2026-06-28 02:13:27,892 | INFO     | ──────────────────────────────────────────────────────────────────────
2026-06-28 02:13:27,892 | INFO     | 📊 Сбор статистики...
2026-06-28 02:13:27,892 | INFO     |   📁 githubmirror/clean:
2026-06-28 02:13:27,893 | INFO     |     • hysteria2   :     2 конфигов
2026-06-28 02:13:27,893 | INFO     |     • trojan      :     8 конфигов
2026-06-28 02:13:27,893 | INFO     |     • vless       :    96 конфигов
2026-06-28 02:13:27,893 | INFO     |     • vmess       :     1 конфигов
2026-06-28 02:13:27,893 | INFO     |   📁 githubmirror/ru-sni:
2026-06-28 02:13:27,893 | INFO     |     • hysteria2   :     0 конфигов (  0.0% от clean)
2026-06-28 02:13:27,893 | INFO     |     • trojan      :     0 конфигов (  0.0% от clean)
2026-06-28 02:13:27,893 | INFO     |     • vless       :    55 конфигов ( 57.3% от clean)
2026-06-28 02:13:27,893 | INFO     |     • vmess       :     0 конфигов (  0.0% от clean)
2026-06-28 02:13:27,893 | INFO     |   ✨ Новых CF-VLESS в этом запуске: 50
2026-06-28 02:13:27,893 | INFO     | 
2026-06-28 02:13:27,894 | INFO     |   ──────────────────────────────────────────────────
2026-06-28 02:13:27,894 | INFO     |   📈 ИТОГО:
2026-06-28 02:13:27,894 | INFO     |     Clean (после geo-фильтра):      107
2026-06-28 02:13:27,894 | INFO     |     RU-SNI (после SNI-фильтра):      55
2026-06-28 02:13:27,894 | INFO     |     Прошло фильтр:                 51.4%
2026-06-28 02:13:27,894 | INFO     |   ──────────────────────────────────────────────────
2026-06-28 02:13:27,894 | INFO     | ✅ Статистика сохранена: /home/runner/work/vpn-vless-configs-russia/vpn-vless-configs-russia/data/stats.json
2026-06-28 02:13:27,894 | INFO     | 
2026-06-28 02:13:27,894 | INFO     | ======================================================================
2026-06-28 02:13:27,894 | INFO     | 📊 ИТОГОВЫЙ ОТЧЁТ
2026-06-28 02:13:27,894 | INFO     | ======================================================================
2026-06-28 02:13:27,894 | INFO     |   ✅ OK         | Загрузка и geo-фильтрация
2026-06-28 02:13:27,894 | INFO     |   ✅ OK         | Генерация 50 уникальных CF-VLESS
2026-06-28 02:13:27,894 | INFO     |   ✅ OK         | Слияние CF с основным списком
2026-06-28 02:13:27,894 | INFO     |   ✅ OK         | Фильтрация по реальному SNI
2026-06-28 02:13:27,894 | INFO     |   ✅ OK         | Экспериментальный RU-SNI фильтр
2026-06-28 02:13:27,894 | INFO     |   ✅ OK         | Сбор статистики
2026-06-28 02:13:27,894 | INFO     | ──────────────────────────────────────────────────────────────────────
2026-06-28 02:13:27,894 | INFO     | ✅ ВСЕ ЭТАПЫ УСПЕШНЫ (6/6)
2026-06-28 02:13:27,894 | INFO     | ⏰ Время завершения: 2026-06-28 02:13:27
2026-06-28 02:13:27,894 | INFO     | ======================================================================
