2026-06-21 15:46:33,639 | INFO     | ======================================================================
2026-06-21 15:46:33,639 | INFO     | 🔍 VPN KEY CHECKER - Начало проверки
2026-06-21 15:46:33,639 | INFO     | ⏰ Время старта: 2026-06-21 15:46:33
2026-06-21 15:46:33,639 | INFO     | 📂 Рабочая директория: /home/runner/work/vpn-vless-configs-russia/vpn-vless-configs-russia
2026-06-21 15:46:33,639 | INFO     | ======================================================================
2026-06-21 15:46:33,639 | INFO     | 
2026-06-21 15:46:33,639 | INFO     | 🔍 Проверка наличия скриптов...
2026-06-21 15:46:33,639 | INFO     |   ✅ mirror.py
2026-06-21 15:46:33,640 | INFO     |   ✅ generate_cf_vless.py
2026-06-21 15:46:33,640 | INFO     |   ✅ filter_ru_sni.py
2026-06-21 15:46:33,640 | INFO     |   ✅ filter_ru_sni_local.py
2026-06-21 15:46:33,640 | INFO     | 
2026-06-21 15:46:33,640 | INFO     | ──────────────────────────────────────────────────────────────────────
2026-06-21 15:46:33,640 | INFO     | 📌 ЭТАП: Загрузка и geo-фильтрация
2026-06-21 15:46:33,640 | INFO     | ──────────────────────────────────────────────────────────────────────
2026-06-21 15:46:33,640 | INFO     | 🚀 Запуск mirror.py (Загрузка и фильтрация по РФ/СНГ/Европа)...
2026-06-21 15:47:01,036 | INFO     |   → DEBUG: mirror.py started
2026-06-21 15:47:01,037 | INFO     |   → DEBUG: BASE_PATH = /home/runner/work/vpn-vless-configs-russia/vpn-vless-configs-russia
2026-06-21 15:47:01,037 | INFO     |   → DEBUG: CONFIG_SOURCES_FILE = /home/runner/work/vpn-vless-configs-russia/vpn-vless-configs-russia/data/config_sources.json
2026-06-21 15:47:01,037 | INFO     |   → 📂 Загружено 78 источников из /home/runner/work/vpn-vless-configs-russia/vpn-vless-configs-russia/data/config_sources.json
2026-06-21 15:47:01,037 | INFO     |   → 🚀 Старт: всего источников: 78
2026-06-21 15:47:01,037 | INFO     |   → 1/78: ✅ 0 взято | 🗑️ 0 мусор
2026-06-21 15:47:01,037 | INFO     |   → 2/78: ✅ 0 взято | 🗑️ 0 мусор
2026-06-21 15:47:01,037 | INFO     |   → 3/78: ✅ 0 взято | 🗑️ 0 мусор
2026-06-21 15:47:01,037 | INFO     |   → 4/78: ✅ 0 взято | 🗑️ 0 мусор
2026-06-21 15:47:01,037 | INFO     |   → 5/78: ✅ 0 взято | 🗑️ 0 мусор
2026-06-21 15:47:01,037 | INFO     |   → 6/78: ✅ 0 взято | 🗑️ 0 мусор
2026-06-21 15:47:01,037 | INFO     |   → 7/78: ✅ 0 взято | 🗑️ 0 мусор
2026-06-21 15:47:01,037 | INFO     |   → 8/78: ✅ 0 взято | 🗑️ 0 мусор
2026-06-21 15:47:01,037 | INFO     |   → 9/78: ✅ 0 взято | 🗑️ 0 мусор
2026-06-21 15:47:01,037 | INFO     |   → 10/78: ✅ 0 взято | 🗑️ 0 мусор
2026-06-21 15:47:01,037 | INFO     |   → 11/78: ✅ 0 взято | 🗑️ 0 мусор
2026-06-21 15:47:01,037 | INFO     |   → 12/78: ✅ 0 взято | 🗑️ 0 мусор
2026-06-21 15:47:01,037 | INFO     |   → 13/78: ✅ 0 взято | 🗑️ 0 мусор
2026-06-21 15:47:01,037 | INFO     |   → 14/78: ✅ 0 взято | 🗑️ 0 мусор
2026-06-21 15:47:01,037 | INFO     |   → 15/78: ✅ 0 взято | 🗑️ 0 мусор
2026-06-21 15:47:01,037 | INFO     |   → 16/78: ✅ 0 взято | 🗑️ 0 мусор
2026-06-21 15:47:01,037 | INFO     |   → 17/78: ✅ 0 взято | 🗑️ 0 мусор
2026-06-21 15:47:01,037 | INFO     |   → 18/78: ✅ 0 взято | 🗑️ 0 мусор
2026-06-21 15:47:01,037 | INFO     |   → 19/78: ✅ 5 взято | 🗑️ 166 мусор
2026-06-21 15:47:01,037 | INFO     |   → 20/78: ✅ 0 взято | 🗑️ 115 мусор
2026-06-21 15:47:01,037 | INFO     |   → 21/78: ✅ 0 взято | 🗑️ 0 мусор
2026-06-21 15:47:01,037 | INFO     |   → 22/78: ✅ 0 взято | 🗑️ 0 мусор
2026-06-21 15:47:01,038 | INFO     |   → 23/78: ✅ 0 взято | 🗑️ 0 мусор
2026-06-21 15:47:01,038 | INFO     |   → 24/78: ✅ 1 взято | 🗑️ 169 мусор
2026-06-21 15:47:01,038 | INFO     |   → 25/78: ✅ 0 взято | 🗑️ 0 мусор
2026-06-21 15:47:01,038 | INFO     |   → 26/78: ✅ 1 взято | 🗑️ 213 мусор
2026-06-21 15:47:01,038 | INFO     |   → 27/78: ✅ 0 взято | 🗑️ 0 мусор
2026-06-21 15:47:01,038 | INFO     |   → 28/78: ✅ 0 взято | 🗑️ 0 мусор
2026-06-21 15:47:01,038 | INFO     |   → 29/78: ✅ 0 взято | 🗑️ 117 мусор
2026-06-21 15:47:01,038 | INFO     |   → 30/78: ✅ 12 взято | 🗑️ 225 мусор
2026-06-21 15:47:01,038 | INFO     |   → 31/78: ✅ 1 взято | 🗑️ 141 мусор
2026-06-21 15:47:01,038 | INFO     |   → 32/78: ✅ 0 взято | 🗑️ 0 мусор
2026-06-21 15:47:01,038 | INFO     |   → 33/78: ✅ 0 взято | 🗑️ 0 мусор
2026-06-21 15:47:01,038 | INFO     |   → 34/78: ✅ 0 взято | 🗑️ 137 мусор
2026-06-21 15:47:01,038 | INFO     |   → 35/78: ✅ 0 взято | 🗑️ 112 мусор
2026-06-21 15:47:01,038 | INFO     |   → 36/78: ✅ 0 взято | 🗑️ 0 мусор
2026-06-21 15:47:01,038 | INFO     |   → 37/78: ✅ 3 взято | 🗑️ 100 мусор
2026-06-21 15:47:01,038 | INFO     |   → 38/78: ✅ 0 взято | 🗑️ 0 мусор
2026-06-21 15:47:01,038 | INFO     |   → 39/78: ✅ 1 взято | 🗑️ 171 мусор
2026-06-21 15:47:01,038 | INFO     |   → 40/78: ✅ 0 взято | 🗑️ 0 мусор
2026-06-21 15:47:01,038 | INFO     |   → 41/78: ✅ 0 взято | 🗑️ 202 мусор
2026-06-21 15:47:01,038 | INFO     |   → 42/78: ✅ 0 взято | 🗑️ 0 мусор
2026-06-21 15:47:01,038 | INFO     |   → 43/78: ✅ 0 взято | 🗑️ 138 мусор
2026-06-21 15:47:01,038 | INFO     |   → 44/78: ✅ 0 взято | 🗑️ 0 мусор
2026-06-21 15:47:01,038 | INFO     |   → 45/78: ✅ 0 взято | 🗑️ 236 мусор
2026-06-21 15:47:01,038 | INFO     |   → 46/78: ✅ 0 взято | 🗑️ 0 мусор
2026-06-21 15:47:01,038 | INFO     |   → 47/78: ✅ 0 взято | 🗑️ 192 мусор
2026-06-21 15:47:01,038 | INFO     |   → 48/78: ✅ 0 взято | 🗑️ 0 мусор
2026-06-21 15:47:01,039 | INFO     |   → 49/78: ✅ 1 взято | 🗑️ 174 мусор
2026-06-21 15:47:01,039 | INFO     |   → 50/78: ✅ 0 взято | 🗑️ 0 мусор
2026-06-21 15:47:01,039 | INFO     |   → 51/78: ✅ 1 взято | 🗑️ 149 мусор
2026-06-21 15:47:01,039 | INFO     |   → 52/78: ✅ 0 взято | 🗑️ 0 мусор
2026-06-21 15:47:01,039 | INFO     |   → 53/78: ✅ 3 взято | 🗑️ 147 мусор
2026-06-21 15:47:01,039 | INFO     |   → 54/78: ✅ 0 взято | 🗑️ 0 мусор
2026-06-21 15:47:01,039 | INFO     |   → 55/78: ✅ 5 взято | 🗑️ 9 мусор
2026-06-21 15:47:01,039 | INFO     |   → 56/78: ✅ 0 взято | 🗑️ 9 мусор
2026-06-21 15:47:01,039 | INFO     |   → 57/78: ✅ 0 взято | 🗑️ 9 мусор
2026-06-21 15:47:01,039 | INFO     |   → 58/78: ✅ 0 взято | 🗑️ 9 мусор
2026-06-21 15:47:01,039 | INFO     |   → 59/78: ✅ 0 взято | 🗑️ 9 мусор
2026-06-21 15:47:01,039 | INFO     |   → 60/78: ✅ 0 взято | 🗑️ 9 мусор
2026-06-21 15:47:01,039 | INFO     |   → 61/78: ✅ 0 взято | 🗑️ 9 мусор
2026-06-21 15:47:01,039 | INFO     |   → 62/78: ✅ 0 взято | 🗑️ 9 мусор
2026-06-21 15:47:01,039 | INFO     |   → 63/78: ✅ 13 взято | 🗑️ 10 мусор
2026-06-21 15:47:01,039 | INFO     |   → 64/78: ✅ 0 взято | 🗑️ 9 мусор
2026-06-21 15:47:01,039 | INFO     |   → 65/78: ✅ 0 взято | 🗑️ 9 мусор
2026-06-21 15:47:01,039 | INFO     |   → 66/78: ✅ 0 взято | 🗑️ 9 мусор
2026-06-21 15:47:01,039 | INFO     |   → 67/78: ✅ 0 взято | 🗑️ 9 мусор
2026-06-21 15:47:01,039 | INFO     |   → 68/78: ✅ 0 взято | 🗑️ 9 мусор
2026-06-21 15:47:01,039 | INFO     |   → 69/78: ✅ 0 взято | 🗑️ 9 мусор
2026-06-21 15:47:01,039 | INFO     |   → 70/78: ✅ 0 взято | 🗑️ 9 мусор
2026-06-21 15:47:01,039 | INFO     |   → 71/78: ✅ 0 взято | 🗑️ 9 мусор
2026-06-21 15:47:01,039 | INFO     |   → 72/78: ✅ 0 взято | 🗑️ 10 мусор
2026-06-21 15:47:01,040 | INFO     |   → 73/78: ✅ 0 взято | 🗑️ 0 мусор
2026-06-21 15:47:01,040 | INFO     |   → 74/78: ✅ 4 взято | 🗑️ 458 мусор
2026-06-21 15:47:01,040 | INFO     |   → 75/78: ✅ 0 взято | 🗑️ 0 мусор
2026-06-21 15:47:01,040 | INFO     |   → 76/78: ✅ 1 взято | 🗑️ 164 мусор
2026-06-21 15:47:01,040 | INFO     |   → 77/78: ✅ 0 взято | 🗑️ 0 мусор
2026-06-21 15:47:01,040 | INFO     |   → 78/78: ✅ 6 взято | 🗑️ 221 мусор
2026-06-21 15:47:01,040 | INFO     |   → 📡 С sstap.org получено 0 ключей
2026-06-21 15:47:01,040 | INFO     |   → 📡 С sstap.org не добавлено ни одного ключа (все 0 отклонены фильтром)
2026-06-21 15:47:01,040 | INFO     |   → ✅ ГОТОВО!
2026-06-21 15:47:01,040 | INFO     |   →    📥 Всего ключей после фильтра: 58
2026-06-21 15:47:01,040 | INFO     |   →    🔗 Уникальных IP:PORT:SCHEME: 46
2026-06-21 15:47:01,040 | INFO     |   →    🗑️ Выброшено мусора: 3911
2026-06-21 15:47:01,040 | INFO     |   → 📊 По протоколам:
2026-06-21 15:47:01,040 | INFO     |   →    vless: 37
2026-06-21 15:47:01,040 | INFO     |   →    vmess: 1
2026-06-21 15:47:01,040 | INFO     |   →    trojan: 7
2026-06-21 15:47:01,040 | INFO     |   →    hysteria2: 1
2026-06-21 15:47:01,040 | INFO     | ✅ mirror.py завершён успешно
2026-06-21 15:47:01,040 | INFO     | 
2026-06-21 15:47:01,040 | INFO     | 
2026-06-21 15:47:01,040 | INFO     | ──────────────────────────────────────────────────────────────────────
2026-06-21 15:47:01,040 | INFO     | 📌 ЭТАП: Генерация 50 уникальных CF-VLESS
2026-06-21 15:47:01,040 | INFO     | ──────────────────────────────────────────────────────────────────────
2026-06-21 15:47:01,040 | INFO     | 🚀 Запуск generate_cf_vless.py (50 новых CF-VLESS)...
2026-06-21 15:47:01,244 | INFO     |   → === Генератор свежих VLESS-конфигов на IP Cloudflare ===
2026-06-21 15:47:01,244 | INFO     |   → ✅ Сгенерировано и сохранено 50 VLESS-конфигов.
2026-06-21 15:47:01,244 | INFO     |   → 📂 Файл: /home/runner/work/vpn-vless-configs-russia/vpn-vless-configs-russia/data/githubmirror/new/cf_fresh.txt
2026-06-21 15:47:01,244 | INFO     | ✅ generate_cf_vless.py завершён успешно
2026-06-21 15:47:01,244 | INFO     | 
2026-06-21 15:47:01,244 | INFO     | 
2026-06-21 15:47:01,245 | INFO     | ──────────────────────────────────────────────────────────────────────
2026-06-21 15:47:01,245 | INFO     | 📌 ЭТАП: Слияние CF с основным списком
2026-06-21 15:47:01,245 | INFO     | ──────────────────────────────────────────────────────────────────────
2026-06-21 15:47:01,246 | INFO     | 🔄 Добавлено 50 новых CF-VLESS в /home/runner/work/vpn-vless-configs-russia/vpn-vless-configs-russia/data/githubmirror/clean/vless.txt
2026-06-21 15:47:01,246 | INFO     | 📊 Всего в clean/vless.txt теперь: 87
2026-06-21 15:47:01,246 | INFO     | 
2026-06-21 15:47:01,246 | INFO     | 
2026-06-21 15:47:01,246 | INFO     | ──────────────────────────────────────────────────────────────────────
2026-06-21 15:47:01,246 | INFO     | 📌 ЭТАП: Фильтрация по реальному SNI
2026-06-21 15:47:01,246 | INFO     | ──────────────────────────────────────────────────────────────────────
2026-06-21 15:47:01,246 | INFO     | 🚀 Запуск filter_ru_sni.py (Фильтр по реальному SNI (CDN+RU))...
2026-06-21 15:47:01,278 | INFO     |   → hysteria2.txt: 1 → 0 (SNI-filtered)
2026-06-21 15:47:01,278 | INFO     |   →   trojan.txt: 7 → 0 (SNI-filtered)
2026-06-21 15:47:01,278 | INFO     |   →   vless.txt: 87 → 52 (SNI-filtered)
2026-06-21 15:47:01,278 | INFO     |   →   vmess.txt: 1 → 0 (SNI-filtered)
2026-06-21 15:47:01,278 | INFO     |   → ==================================================
2026-06-21 15:47:01,278 | INFO     |   →   Всего входных:  96
2026-06-21 15:47:01,278 | INFO     |   →   Прошли фильтр:  52
2026-06-21 15:47:01,278 | INFO     |   →   Отброшено:      44
2026-06-21 15:47:01,278 | INFO     |   → ==================================================
2026-06-21 15:47:01,278 | INFO     |   → Готово → /home/runner/work/vpn-vless-configs-russia/vpn-vless-configs-russia/data/githubmirror/ru-sni
2026-06-21 15:47:01,278 | INFO     | ✅ filter_ru_sni.py завершён успешно
2026-06-21 15:47:01,278 | INFO     | 
2026-06-21 15:47:01,278 | INFO     | 
2026-06-21 15:47:01,278 | INFO     | ──────────────────────────────────────────────────────────────────────
2026-06-21 15:47:01,278 | INFO     | 📌 ЭТАП: Экспериментальный RU-SNI фильтр
2026-06-21 15:47:01,278 | INFO     | ──────────────────────────────────────────────────────────────────────
2026-06-21 15:47:01,278 | INFO     | 🚀 Запуск filter_ru_sni_local.py (Экспериментальный фильтр по RU-SNI)...
2026-06-21 15:47:01,312 | INFO     |   → hysteria2.txt: 1 → 0 (RU-SNI)
2026-06-21 15:47:01,312 | INFO     |   → trojan.txt: 7 → 0 (RU-SNI)
2026-06-21 15:47:01,312 | INFO     |   → vless.txt: 87 → 0 (RU-SNI)
2026-06-21 15:47:01,312 | INFO     |   → vmess.txt: 1 → 0 (RU-SNI)
2026-06-21 15:47:01,312 | INFO     |   → ==================================================
2026-06-21 15:47:01,312 | INFO     |   → Всего входных:  96
2026-06-21 15:47:01,312 | INFO     |   → Прошли RU-SNI:  0
2026-06-21 15:47:01,312 | INFO     |   → Отброшено:      96
2026-06-21 15:47:01,312 | INFO     |   → ==================================================
2026-06-21 15:47:01,312 | INFO     |   → Готово → /home/runner/work/vpn-vless-configs-russia/vpn-vless-configs-russia/data/githubmirror/ru-sni-local
2026-06-21 15:47:01,312 | INFO     | ✅ filter_ru_sni_local.py завершён успешно
2026-06-21 15:47:01,312 | INFO     | 
2026-06-21 15:47:01,312 | INFO     | 
2026-06-21 15:47:01,312 | INFO     | ──────────────────────────────────────────────────────────────────────
2026-06-21 15:47:01,312 | INFO     | 📌 ЭТАП: Сбор статистики
2026-06-21 15:47:01,312 | INFO     | ──────────────────────────────────────────────────────────────────────
2026-06-21 15:47:01,312 | INFO     | 📊 Сбор статистики...
2026-06-21 15:47:01,312 | INFO     |   📁 githubmirror/clean:
2026-06-21 15:47:01,313 | INFO     |     • hysteria2   :     1 конфигов
2026-06-21 15:47:01,313 | INFO     |     • trojan      :     7 конфигов
2026-06-21 15:47:01,313 | INFO     |     • vless       :    87 конфигов
2026-06-21 15:47:01,313 | INFO     |     • vmess       :     1 конфигов
2026-06-21 15:47:01,313 | INFO     |   📁 githubmirror/ru-sni:
2026-06-21 15:47:01,314 | INFO     |     • hysteria2   :     0 конфигов (  0.0% от clean)
2026-06-21 15:47:01,314 | INFO     |     • trojan      :     0 конфигов (  0.0% от clean)
2026-06-21 15:47:01,314 | INFO     |     • vless       :    52 конфигов ( 59.8% от clean)
2026-06-21 15:47:01,314 | INFO     |     • vmess       :     0 конфигов (  0.0% от clean)
2026-06-21 15:47:01,314 | INFO     |   ✨ Новых CF-VLESS в этом запуске: 50
2026-06-21 15:47:01,314 | INFO     | 
2026-06-21 15:47:01,314 | INFO     |   ──────────────────────────────────────────────────
2026-06-21 15:47:01,314 | INFO     |   📈 ИТОГО:
2026-06-21 15:47:01,314 | INFO     |     Clean (после geo-фильтра):       96
2026-06-21 15:47:01,314 | INFO     |     RU-SNI (после SNI-фильтра):      52
2026-06-21 15:47:01,314 | INFO     |     Прошло фильтр:                 54.2%
2026-06-21 15:47:01,314 | INFO     |   ──────────────────────────────────────────────────
2026-06-21 15:47:01,315 | INFO     | ✅ Статистика сохранена: /home/runner/work/vpn-vless-configs-russia/vpn-vless-configs-russia/data/stats.json
2026-06-21 15:47:01,315 | INFO     | 
2026-06-21 15:47:01,315 | INFO     | ======================================================================
2026-06-21 15:47:01,315 | INFO     | 📊 ИТОГОВЫЙ ОТЧЁТ
2026-06-21 15:47:01,315 | INFO     | ======================================================================
2026-06-21 15:47:01,315 | INFO     |   ✅ OK         | Загрузка и geo-фильтрация
2026-06-21 15:47:01,315 | INFO     |   ✅ OK         | Генерация 50 уникальных CF-VLESS
2026-06-21 15:47:01,315 | INFO     |   ✅ OK         | Слияние CF с основным списком
2026-06-21 15:47:01,315 | INFO     |   ✅ OK         | Фильтрация по реальному SNI
2026-06-21 15:47:01,315 | INFO     |   ✅ OK         | Экспериментальный RU-SNI фильтр
2026-06-21 15:47:01,315 | INFO     |   ✅ OK         | Сбор статистики
2026-06-21 15:47:01,315 | INFO     | ──────────────────────────────────────────────────────────────────────
2026-06-21 15:47:01,315 | INFO     | ✅ ВСЕ ЭТАПЫ УСПЕШНЫ (6/6)
2026-06-21 15:47:01,315 | INFO     | ⏰ Время завершения: 2026-06-21 15:47:01
2026-06-21 15:47:01,315 | INFO     | ======================================================================
