2026-06-30 02:07:22,155 | INFO     | ======================================================================
2026-06-30 02:07:22,155 | INFO     | 🔍 VPN KEY CHECKER - Начало проверки
2026-06-30 02:07:22,155 | INFO     | ⏰ Время старта: 2026-06-30 02:07:22
2026-06-30 02:07:22,155 | INFO     | 📂 Рабочая директория: /home/runner/work/vpn-vless-configs-russia/vpn-vless-configs-russia
2026-06-30 02:07:22,155 | INFO     | ======================================================================
2026-06-30 02:07:22,156 | INFO     | 
2026-06-30 02:07:22,156 | INFO     | 🔍 Проверка наличия скриптов...
2026-06-30 02:07:22,156 | INFO     |   ✅ mirror.py
2026-06-30 02:07:22,156 | INFO     |   ✅ generate_cf_vless.py
2026-06-30 02:07:22,156 | INFO     |   ✅ filter_ru_sni.py
2026-06-30 02:07:22,156 | INFO     |   ✅ filter_ru_sni_local.py
2026-06-30 02:07:22,156 | INFO     | 
2026-06-30 02:07:22,156 | INFO     | ──────────────────────────────────────────────────────────────────────
2026-06-30 02:07:22,156 | INFO     | 📌 ЭТАП: Загрузка и geo-фильтрация
2026-06-30 02:07:22,156 | INFO     | ──────────────────────────────────────────────────────────────────────
2026-06-30 02:07:22,156 | INFO     | 🚀 Запуск mirror.py (Загрузка и фильтрация по РФ/СНГ/Европа)...
2026-06-30 02:08:06,256 | INFO     |   → DEBUG: mirror.py started
2026-06-30 02:08:06,257 | INFO     |   → DEBUG: BASE_PATH = /home/runner/work/vpn-vless-configs-russia/vpn-vless-configs-russia
2026-06-30 02:08:06,257 | INFO     |   → DEBUG: CONFIG_SOURCES_FILE = /home/runner/work/vpn-vless-configs-russia/vpn-vless-configs-russia/data/config_sources.json
2026-06-30 02:08:06,257 | INFO     |   → 📂 Загружено 144 источников из /home/runner/work/vpn-vless-configs-russia/vpn-vless-configs-russia/data/config_sources.json
2026-06-30 02:08:06,257 | INFO     |   → 🚀 Старт: всего источников: 144
2026-06-30 02:08:06,257 | INFO     |   → 1/144: ✅ 0 взято | 🗑️ 0 мусор
2026-06-30 02:08:06,257 | INFO     |   → 2/144: ✅ 0 взято | 🗑️ 0 мусор
2026-06-30 02:08:06,257 | INFO     |   → 3/144: ✅ 0 взято | 🗑️ 0 мусор
2026-06-30 02:08:06,257 | INFO     |   → 4/144: ✅ 0 взято | 🗑️ 0 мусор
2026-06-30 02:08:06,257 | INFO     |   → 5/144: ✅ 0 взято | 🗑️ 0 мусор
2026-06-30 02:08:06,257 | INFO     |   → 6/144: ✅ 0 взято | 🗑️ 0 мусор
2026-06-30 02:08:06,257 | INFO     |   → 7/144: ✅ 0 взято | 🗑️ 0 мусор
2026-06-30 02:08:06,257 | INFO     |   → 8/144: ✅ 0 взято | 🗑️ 0 мусор
2026-06-30 02:08:06,257 | INFO     |   → 9/144: ✅ 0 взято | 🗑️ 0 мусор
2026-06-30 02:08:06,257 | INFO     |   → 10/144: ✅ 0 взято | 🗑️ 0 мусор
2026-06-30 02:08:06,257 | INFO     |   → 11/144: ✅ 0 взято | 🗑️ 0 мусор
2026-06-30 02:08:06,257 | INFO     |   → 12/144: ✅ 0 взято | 🗑️ 0 мусор
2026-06-30 02:08:06,257 | INFO     |   → 13/144: ✅ 0 взято | 🗑️ 0 мусор
2026-06-30 02:08:06,257 | INFO     |   → 14/144: ✅ 0 взято | 🗑️ 0 мусор
2026-06-30 02:08:06,258 | INFO     |   → 15/144: ✅ 0 взято | 🗑️ 0 мусор
2026-06-30 02:08:06,258 | INFO     |   → 16/144: ✅ 0 взято | 🗑️ 0 мусор
2026-06-30 02:08:06,258 | INFO     |   → 17/144: ✅ 0 взято | 🗑️ 0 мусор
2026-06-30 02:08:06,258 | INFO     |   → 18/144: ✅ 0 взято | 🗑️ 0 мусор
2026-06-30 02:08:06,258 | INFO     |   → 19/144: ✅ 0 взято | 🗑️ 0 мусор
2026-06-30 02:08:06,258 | INFO     |   → 20/144: ✅ 0 взято | 🗑️ 0 мусор
2026-06-30 02:08:06,258 | INFO     |   → 21/144: ✅ 0 взято | 🗑️ 0 мусор
2026-06-30 02:08:06,258 | INFO     |   → 22/144: ✅ 0 взято | 🗑️ 0 мусор
2026-06-30 02:08:06,258 | INFO     |   → 23/144: ✅ 0 взято | 🗑️ 0 мусор
2026-06-30 02:08:06,258 | INFO     |   → 24/144: ✅ 0 взято | 🗑️ 0 мусор
2026-06-30 02:08:06,258 | INFO     |   → 25/144: ✅ 0 взято | 🗑️ 0 мусор
2026-06-30 02:08:06,258 | INFO     |   → 26/144: ✅ 0 взято | 🗑️ 0 мусор
2026-06-30 02:08:06,258 | INFO     |   → 27/144: ✅ 0 взято | 🗑️ 0 мусор
2026-06-30 02:08:06,258 | INFO     |   → 28/144: ✅ 0 взято | 🗑️ 0 мусор
2026-06-30 02:08:06,258 | INFO     |   → 29/144: ✅ 0 взято | 🗑️ 0 мусор
2026-06-30 02:08:06,258 | INFO     |   → 30/144: ✅ 0 взято | 🗑️ 0 мусор
2026-06-30 02:08:06,258 | INFO     |   → 31/144: ✅ 0 взято | 🗑️ 0 мусор
2026-06-30 02:08:06,258 | INFO     |   → 32/144: ✅ 0 взято | 🗑️ 0 мусор
2026-06-30 02:08:06,258 | INFO     |   → 33/144: ✅ 0 взято | 🗑️ 0 мусор
2026-06-30 02:08:06,258 | INFO     |   → 34/144: ✅ 0 взято | 🗑️ 0 мусор
2026-06-30 02:08:06,258 | INFO     |   → 35/144: ✅ 0 взято | 🗑️ 0 мусор
2026-06-30 02:08:06,258 | INFO     |   → 36/144: ✅ 0 взято | 🗑️ 0 мусор
2026-06-30 02:08:06,258 | INFO     |   → 37/144: ✅ 0 взято | 🗑️ 0 мусор
2026-06-30 02:08:06,258 | INFO     |   → 38/144: ✅ 5 взято | 🗑️ 133 мусор
2026-06-30 02:08:06,258 | INFO     |   → 39/144: ✅ 5 взято | 🗑️ 166 мусор
2026-06-30 02:08:06,258 | INFO     |   → 40/144: ✅ 0 взято | 🗑️ 115 мусор
2026-06-30 02:08:06,258 | INFO     |   → 41/144: ✅ 5 взято | 🗑️ 161 мусор
2026-06-30 02:08:06,258 | INFO     |   → 42/144: ✅ 0 взято | 🗑️ 0 мусор
2026-06-30 02:08:06,258 | INFO     |   → 43/144: ✅ 0 взято | 🗑️ 0 мусор
2026-06-30 02:08:06,258 | INFO     |   → 44/144: ✅ 0 взято | 🗑️ 0 мусор
2026-06-30 02:08:06,258 | INFO     |   → 45/144: ✅ 1 взято | 🗑️ 226 мусор
2026-06-30 02:08:06,258 | INFO     |   → 46/144: ✅ 0 взято | 🗑️ 0 мусор
2026-06-30 02:08:06,258 | INFO     |   → 47/144: ✅ 1 взято | 🗑️ 169 мусор
2026-06-30 02:08:06,258 | INFO     |   → 48/144: ✅ 0 взято | 🗑️ 0 мусор
2026-06-30 02:08:06,258 | INFO     |   → 49/144: ✅ 1 взято | 🗑️ 213 мусор
2026-06-30 02:08:06,258 | INFO     |   → 50/144: ✅ 0 взято | 🗑️ 0 мусор
2026-06-30 02:08:06,259 | INFO     |   → 51/144: ✅ 0 взято | 🗑️ 0 мусор
2026-06-30 02:08:06,259 | INFO     |   → 52/144: ✅ 2 взято | 🗑️ 60 мусор
2026-06-30 02:08:06,259 | INFO     |   → 53/144: ✅ 0 взято | 🗑️ 0 мусор
2026-06-30 02:08:06,259 | INFO     |   → 54/144: ✅ 3 взято | 🗑️ 99 мусор
2026-06-30 02:08:06,259 | INFO     |   → 55/144: ✅ 0 взято | 🗑️ 0 мусор
2026-06-30 02:08:06,259 | INFO     |   → 56/144: ✅ 0 взято | 🗑️ 0 мусор
2026-06-30 02:08:06,259 | INFO     |   → 57/144: ✅ 1 взято | 🗑️ 96 мусор
2026-06-30 02:08:06,259 | INFO     |   → 58/144: ✅ 0 взято | 🗑️ 117 мусор
2026-06-30 02:08:06,259 | INFO     |   → 59/144: ✅ 11 взято | 🗑️ 225 мусор
2026-06-30 02:08:06,259 | INFO     |   → 60/144: ✅ 1 взято | 🗑️ 141 мусор
2026-06-30 02:08:06,259 | INFO     |   → 61/144: ✅ 0 взято | 🗑️ 96 мусор
2026-06-30 02:08:06,259 | INFO     |   → 62/144: ✅ 0 взято | 🗑️ 263 мусор
2026-06-30 02:08:06,259 | INFO     |   → 63/144: ✅ 0 взято | 🗑️ 0 мусор
2026-06-30 02:08:06,259 | INFO     |   → 64/144: ✅ 0 взято | 🗑️ 0 мусор
2026-06-30 02:08:06,259 | INFO     |   → 65/144: ✅ 0 взято | 🗑️ 0 мусор
2026-06-30 02:08:06,259 | INFO     |   → 66/144: ✅ 0 взято | 🗑️ 137 мусор
2026-06-30 02:08:06,259 | INFO     |   → 67/144: ✅ 0 взято | 🗑️ 0 мусор
2026-06-30 02:08:06,259 | INFO     |   → 68/144: ✅ 0 взято | 🗑️ 0 мусор
2026-06-30 02:08:06,259 | INFO     |   → 69/144: ✅ 0 взято | 🗑️ 112 мусор
2026-06-30 02:08:06,259 | INFO     |   → 70/144: ✅ 0 взято | 🗑️ 0 мусор
2026-06-30 02:08:06,259 | INFO     |   → 71/144: ✅ 3 взято | 🗑️ 100 мусор
2026-06-30 02:08:06,259 | INFO     |   → 72/144: ✅ 0 взято | 🗑️ 0 мусор
2026-06-30 02:08:06,259 | INFO     |   → 73/144: ✅ 1 взято | 🗑️ 171 мусор
2026-06-30 02:08:06,259 | INFO     |   → 74/144: ✅ 0 взято | 🗑️ 0 мусор
2026-06-30 02:08:06,259 | INFO     |   → 75/144: ✅ 0 взято | 🗑️ 202 мусор
2026-06-30 02:08:06,259 | INFO     |   → 76/144: ✅ 0 взято | 🗑️ 0 мусор
2026-06-30 02:08:06,259 | INFO     |   → 77/144: ✅ 0 взято | 🗑️ 138 мусор
2026-06-30 02:08:06,259 | INFO     |   → 78/144: ✅ 0 взято | 🗑️ 0 мусор
2026-06-30 02:08:06,259 | INFO     |   → 79/144: ✅ 0 взято | 🗑️ 236 мусор
2026-06-30 02:08:06,259 | INFO     |   → 80/144: ✅ 0 взято | 🗑️ 0 мусор
2026-06-30 02:08:06,259 | INFO     |   → 81/144: ✅ 0 взято | 🗑️ 192 мусор
2026-06-30 02:08:06,259 | INFO     |   → 82/144: ✅ 0 взято | 🗑️ 0 мусор
2026-06-30 02:08:06,259 | INFO     |   → 83/144: ✅ 1 взято | 🗑️ 174 мусор
2026-06-30 02:08:06,259 | INFO     |   → 84/144: ✅ 0 взято | 🗑️ 0 мусор
2026-06-30 02:08:06,259 | INFO     |   → 85/144: ✅ 1 взято | 🗑️ 149 мусор
2026-06-30 02:08:06,259 | INFO     |   → 86/144: ✅ 0 взято | 🗑️ 0 мусор
2026-06-30 02:08:06,259 | INFO     |   → 87/144: ✅ 3 взято | 🗑️ 147 мусор
2026-06-30 02:08:06,259 | INFO     |   → 88/144: ✅ 0 взято | 🗑️ 0 мусор
2026-06-30 02:08:06,259 | INFO     |   → 89/144: ✅ 2 взято | 🗑️ 196 мусор
2026-06-30 02:08:06,260 | INFO     |   → 90/144: ✅ 0 взято | 🗑️ 0 мусор
2026-06-30 02:08:06,260 | INFO     |   → 91/144: ✅ 2 взято | 🗑️ 277 мусор
2026-06-30 02:08:06,260 | INFO     |   → 92/144: ✅ 0 взято | 🗑️ 0 мусор
2026-06-30 02:08:06,260 | INFO     |   → 93/144: ✅ 0 взято | 🗑️ 211 мусор
2026-06-30 02:08:06,260 | INFO     |   → 94/144: ✅ 0 взято | 🗑️ 0 мусор
2026-06-30 02:08:06,260 | INFO     |   → 95/144: ✅ 1 взято | 🗑️ 229 мусор
2026-06-30 02:08:06,260 | INFO     |   → 96/144: ✅ 0 взято | 🗑️ 0 мусор
2026-06-30 02:08:06,260 | INFO     |   → 97/144: ✅ 1 взято | 🗑️ 131 мусор
2026-06-30 02:08:06,260 | INFO     |   → 98/144: ✅ 0 взято | 🗑️ 0 мусор
2026-06-30 02:08:06,260 | INFO     |   → 99/144: ✅ 3 взято | 🗑️ 257 мусор
2026-06-30 02:08:06,260 | INFO     |   → 100/144: ✅ 0 взято | 🗑️ 0 мусор
2026-06-30 02:08:06,260 | INFO     |   → 101/144: ✅ 0 взято | 🗑️ 180 мусор
2026-06-30 02:08:06,260 | INFO     |   → 102/144: ✅ 0 взято | 🗑️ 0 мусор
2026-06-30 02:08:06,260 | INFO     |   → 103/144: ✅ 0 взято | 🗑️ 191 мусор
2026-06-30 02:08:06,260 | INFO     |   → 104/144: ✅ 0 взято | 🗑️ 0 мусор
2026-06-30 02:08:06,260 | INFO     |   → 105/144: ✅ 5 взято | 🗑️ 9 мусор
2026-06-30 02:08:06,260 | INFO     |   → 106/144: ✅ 0 взято | 🗑️ 9 мусор
2026-06-30 02:08:06,260 | INFO     |   → 107/144: ✅ 0 взято | 🗑️ 9 мусор
2026-06-30 02:08:06,260 | INFO     |   → 108/144: ✅ 0 взято | 🗑️ 9 мусор
2026-06-30 02:08:06,260 | INFO     |   → 109/144: ✅ 0 взято | 🗑️ 9 мусор
2026-06-30 02:08:06,260 | INFO     |   → 110/144: ✅ 0 взято | 🗑️ 9 мусор
2026-06-30 02:08:06,260 | INFO     |   → 111/144: ✅ 0 взято | 🗑️ 9 мусор
2026-06-30 02:08:06,260 | INFO     |   → 112/144: ✅ 0 взято | 🗑️ 9 мусор
2026-06-30 02:08:06,260 | INFO     |   → 113/144: ✅ 13 взято | 🗑️ 10 мусор
2026-06-30 02:08:06,260 | INFO     |   → 114/144: ✅ 0 взято | 🗑️ 10 мусор
2026-06-30 02:08:06,260 | INFO     |   → 115/144: ✅ 0 взято | 🗑️ 10 мусор
2026-06-30 02:08:06,260 | INFO     |   → 116/144: ✅ 0 взято | 🗑️ 10 мусор
2026-06-30 02:08:06,260 | INFO     |   → 117/144: ✅ 0 взято | 🗑️ 10 мусор
2026-06-30 02:08:06,260 | INFO     |   → 118/144: ✅ 0 взято | 🗑️ 10 мусор
2026-06-30 02:08:06,260 | INFO     |   → 119/144: ✅ 0 взято | 🗑️ 10 мусор
2026-06-30 02:08:06,260 | INFO     |   → 120/144: ✅ 0 взято | 🗑️ 10 мусор
2026-06-30 02:08:06,260 | INFO     |   → 121/144: ✅ 0 взято | 🗑️ 10 мусор
2026-06-30 02:08:06,260 | INFO     |   → 122/144: ✅ 0 взято | 🗑️ 9 мусор
2026-06-30 02:08:06,260 | INFO     |   → 123/144: ✅ 0 взято | 🗑️ 9 мусор
2026-06-30 02:08:06,260 | INFO     |   → 124/144: ✅ 0 взято | 🗑️ 9 мусор
2026-06-30 02:08:06,260 | INFO     |   → 125/144: ✅ 0 взято | 🗑️ 9 мусор
2026-06-30 02:08:06,260 | INFO     |   → 126/144: ✅ 0 взято | 🗑️ 9 мусор
2026-06-30 02:08:06,260 | INFO     |   → 127/144: ✅ 0 взято | 🗑️ 9 мусор
2026-06-30 02:08:06,260 | INFO     |   → 128/144: ✅ 0 взято | 🗑️ 9 мусор
2026-06-30 02:08:06,260 | INFO     |   → 129/144: ✅ 0 взято | 🗑️ 9 мусор
2026-06-30 02:08:06,260 | INFO     |   → 130/144: ✅ 0 взято | 🗑️ 10 мусор
2026-06-30 02:08:06,260 | INFO     |   → 131/144: ✅ 0 взято | 🗑️ 10 мусор
2026-06-30 02:08:06,260 | INFO     |   → 132/144: ✅ 0 взято | 🗑️ 10 мусор
2026-06-30 02:08:06,261 | INFO     |   → 133/144: ✅ 0 взято | 🗑️ 10 мусор
2026-06-30 02:08:06,261 | INFO     |   → 134/144: ✅ 0 взято | 🗑️ 10 мусор
2026-06-30 02:08:06,261 | INFO     |   → 135/144: ✅ 0 взято | 🗑️ 10 мусор
2026-06-30 02:08:06,261 | INFO     |   → 136/144: ✅ 0 взято | 🗑️ 10 мусор
2026-06-30 02:08:06,261 | INFO     |   → 137/144: ✅ 0 взято | 🗑️ 10 мусор
2026-06-30 02:08:06,261 | INFO     |   → 138/144: ✅ 0 взято | 🗑️ 10 мусор
2026-06-30 02:08:06,261 | INFO     |   → 139/144: ✅ 0 взято | 🗑️ 0 мусор
2026-06-30 02:08:06,261 | INFO     |   → 140/144: ✅ 4 взято | 🗑️ 458 мусор
2026-06-30 02:08:06,261 | INFO     |   → 141/144: ✅ 0 взято | 🗑️ 0 мусор
2026-06-30 02:08:06,261 | INFO     |   → 142/144: ✅ 1 взято | 🗑️ 164 мусор
2026-06-30 02:08:06,261 | INFO     |   → 143/144: ✅ 0 взято | 🗑️ 0 мусор
2026-06-30 02:08:06,261 | INFO     |   → 144/144: ✅ 6 взято | 🗑️ 221 мусор
2026-06-30 02:08:06,261 | INFO     |   → 📡 С sstap.org получено 0 ключей
2026-06-30 02:08:06,261 | INFO     |   → 📡 С sstap.org не добавлено ни одного ключа (все 0 отклонены фильтром)
2026-06-30 02:08:06,261 | INFO     |   → ✅ ГОТОВО!
2026-06-30 02:08:06,261 | INFO     |   →    📥 Всего ключей после фильтра: 83
2026-06-30 02:08:06,261 | INFO     |   →    🔗 Уникальных IP:PORT:SCHEME: 64
2026-06-30 02:08:06,261 | INFO     |   →    🗑️ Выброшено мусора: 6877
2026-06-30 02:08:06,261 | INFO     |   → 📊 По протоколам:
2026-06-30 02:08:06,261 | INFO     |   →    vless: 51
2026-06-30 02:08:06,261 | INFO     |   →    vmess: 1
2026-06-30 02:08:06,261 | INFO     |   →    trojan: 10
2026-06-30 02:08:06,261 | INFO     |   →    hysteria2: 2
2026-06-30 02:08:06,261 | INFO     | ✅ mirror.py завершён успешно
2026-06-30 02:08:06,261 | INFO     | 
2026-06-30 02:08:06,261 | INFO     | 
2026-06-30 02:08:06,261 | INFO     | ──────────────────────────────────────────────────────────────────────
2026-06-30 02:08:06,261 | INFO     | 📌 ЭТАП: Генерация 50 уникальных CF-VLESS
2026-06-30 02:08:06,261 | INFO     | ──────────────────────────────────────────────────────────────────────
2026-06-30 02:08:06,261 | INFO     | 🚀 Запуск generate_cf_vless.py (50 новых CF-VLESS)...
2026-06-30 02:08:06,444 | INFO     |   → === Генератор свежих VLESS-конфигов на IP Cloudflare ===
2026-06-30 02:08:06,444 | INFO     |   → ✅ Сгенерировано и сохранено 50 VLESS-конфигов.
2026-06-30 02:08:06,444 | INFO     |   → 📂 Файл: /home/runner/work/vpn-vless-configs-russia/vpn-vless-configs-russia/data/githubmirror/new/cf_fresh.txt
2026-06-30 02:08:06,444 | INFO     | ✅ generate_cf_vless.py завершён успешно
2026-06-30 02:08:06,444 | INFO     | 
2026-06-30 02:08:06,444 | INFO     | 
2026-06-30 02:08:06,444 | INFO     | ──────────────────────────────────────────────────────────────────────
2026-06-30 02:08:06,444 | INFO     | 📌 ЭТАП: Слияние CF с основным списком
2026-06-30 02:08:06,444 | INFO     | ──────────────────────────────────────────────────────────────────────
2026-06-30 02:08:06,446 | INFO     | 🔄 Добавлено 50 новых CF-VLESS в /home/runner/work/vpn-vless-configs-russia/vpn-vless-configs-russia/data/githubmirror/clean/vless.txt
2026-06-30 02:08:06,446 | INFO     | 📊 Всего в clean/vless.txt теперь: 101
2026-06-30 02:08:06,446 | INFO     | 
2026-06-30 02:08:06,446 | INFO     | 
2026-06-30 02:08:06,446 | INFO     | ──────────────────────────────────────────────────────────────────────
2026-06-30 02:08:06,446 | INFO     | 📌 ЭТАП: Фильтрация по реальному SNI
2026-06-30 02:08:06,446 | INFO     | ──────────────────────────────────────────────────────────────────────
2026-06-30 02:08:06,446 | INFO     | 🚀 Запуск filter_ru_sni.py (Фильтр по реальному SNI (CDN+RU))...
2026-06-30 02:08:06,475 | INFO     |   → hysteria2.txt: 2 → 0 (SNI-filtered)
2026-06-30 02:08:06,475 | INFO     |   →   trojan.txt: 10 → 0 (SNI-filtered)
2026-06-30 02:08:06,475 | INFO     |   →   vless.txt: 101 → 55 (SNI-filtered)
2026-06-30 02:08:06,475 | INFO     |   →   vmess.txt: 1 → 0 (SNI-filtered)
2026-06-30 02:08:06,475 | INFO     |   → ==================================================
2026-06-30 02:08:06,475 | INFO     |   →   Всего входных:  114
2026-06-30 02:08:06,475 | INFO     |   →   Прошли фильтр:  55
2026-06-30 02:08:06,475 | INFO     |   →   Отброшено:      59
2026-06-30 02:08:06,475 | INFO     |   → ==================================================
2026-06-30 02:08:06,475 | INFO     |   → Готово → /home/runner/work/vpn-vless-configs-russia/vpn-vless-configs-russia/data/githubmirror/ru-sni
2026-06-30 02:08:06,476 | INFO     | ✅ filter_ru_sni.py завершён успешно
2026-06-30 02:08:06,476 | INFO     | 
2026-06-30 02:08:06,476 | INFO     | 
2026-06-30 02:08:06,476 | INFO     | ──────────────────────────────────────────────────────────────────────
2026-06-30 02:08:06,476 | INFO     | 📌 ЭТАП: Экспериментальный RU-SNI фильтр
2026-06-30 02:08:06,476 | INFO     | ──────────────────────────────────────────────────────────────────────
2026-06-30 02:08:06,476 | INFO     | 🚀 Запуск filter_ru_sni_local.py (Экспериментальный фильтр по RU-SNI)...
2026-06-30 02:08:06,505 | INFO     |   → hysteria2.txt: 2 → 0 (RU-SNI)
2026-06-30 02:08:06,505 | INFO     |   → trojan.txt: 10 → 0 (RU-SNI)
2026-06-30 02:08:06,505 | INFO     |   → vless.txt: 101 → 0 (RU-SNI)
2026-06-30 02:08:06,505 | INFO     |   → vmess.txt: 1 → 0 (RU-SNI)
2026-06-30 02:08:06,505 | INFO     |   → ==================================================
2026-06-30 02:08:06,505 | INFO     |   → Всего входных:  114
2026-06-30 02:08:06,505 | INFO     |   → Прошли RU-SNI:  0
2026-06-30 02:08:06,505 | INFO     |   → Отброшено:      114
2026-06-30 02:08:06,505 | INFO     |   → ==================================================
2026-06-30 02:08:06,505 | INFO     |   → Готово → /home/runner/work/vpn-vless-configs-russia/vpn-vless-configs-russia/data/githubmirror/ru-sni-local
2026-06-30 02:08:06,505 | INFO     | ✅ filter_ru_sni_local.py завершён успешно
2026-06-30 02:08:06,505 | INFO     | 
2026-06-30 02:08:06,505 | INFO     | 
2026-06-30 02:08:06,505 | INFO     | ──────────────────────────────────────────────────────────────────────
2026-06-30 02:08:06,505 | INFO     | 📌 ЭТАП: Сбор статистики
2026-06-30 02:08:06,505 | INFO     | ──────────────────────────────────────────────────────────────────────
2026-06-30 02:08:06,505 | INFO     | 📊 Сбор статистики...
2026-06-30 02:08:06,505 | INFO     |   📁 githubmirror/clean:
2026-06-30 02:08:06,506 | INFO     |     • hysteria2   :     2 конфигов
2026-06-30 02:08:06,506 | INFO     |     • trojan      :    10 конфигов
2026-06-30 02:08:06,506 | INFO     |     • vless       :   101 конфигов
2026-06-30 02:08:06,506 | INFO     |     • vmess       :     1 конфигов
2026-06-30 02:08:06,506 | INFO     |   📁 githubmirror/ru-sni:
2026-06-30 02:08:06,506 | INFO     |     • hysteria2   :     0 конфигов (  0.0% от clean)
2026-06-30 02:08:06,506 | INFO     |     • trojan      :     0 конфигов (  0.0% от clean)
2026-06-30 02:08:06,507 | INFO     |     • vless       :    55 конфигов ( 54.5% от clean)
2026-06-30 02:08:06,507 | INFO     |     • vmess       :     0 конфигов (  0.0% от clean)
2026-06-30 02:08:06,507 | INFO     |   ✨ Новых CF-VLESS в этом запуске: 50
2026-06-30 02:08:06,507 | INFO     | 
2026-06-30 02:08:06,507 | INFO     |   ──────────────────────────────────────────────────
2026-06-30 02:08:06,507 | INFO     |   📈 ИТОГО:
2026-06-30 02:08:06,507 | INFO     |     Clean (после geo-фильтра):      114
2026-06-30 02:08:06,507 | INFO     |     RU-SNI (после SNI-фильтра):      55
2026-06-30 02:08:06,507 | INFO     |     Прошло фильтр:                 48.2%
2026-06-30 02:08:06,507 | INFO     |   ──────────────────────────────────────────────────
2026-06-30 02:08:06,508 | INFO     | ✅ Статистика сохранена: /home/runner/work/vpn-vless-configs-russia/vpn-vless-configs-russia/data/stats.json
2026-06-30 02:08:06,508 | INFO     | 
2026-06-30 02:08:06,508 | INFO     | ======================================================================
2026-06-30 02:08:06,508 | INFO     | 📊 ИТОГОВЫЙ ОТЧЁТ
2026-06-30 02:08:06,508 | INFO     | ======================================================================
2026-06-30 02:08:06,508 | INFO     |   ✅ OK         | Загрузка и geo-фильтрация
2026-06-30 02:08:06,508 | INFO     |   ✅ OK         | Генерация 50 уникальных CF-VLESS
2026-06-30 02:08:06,508 | INFO     |   ✅ OK         | Слияние CF с основным списком
2026-06-30 02:08:06,508 | INFO     |   ✅ OK         | Фильтрация по реальному SNI
2026-06-30 02:08:06,508 | INFO     |   ✅ OK         | Экспериментальный RU-SNI фильтр
2026-06-30 02:08:06,508 | INFO     |   ✅ OK         | Сбор статистики
2026-06-30 02:08:06,508 | INFO     | ──────────────────────────────────────────────────────────────────────
2026-06-30 02:08:06,508 | INFO     | ✅ ВСЕ ЭТАПЫ УСПЕШНЫ (6/6)
2026-06-30 02:08:06,508 | INFO     | ⏰ Время завершения: 2026-06-30 02:08:06
2026-06-30 02:08:06,508 | INFO     | ======================================================================
