2026-06-20 10:26:25,479 | INFO     | ======================================================================
2026-06-20 10:26:25,479 | INFO     | 🔍 VPN KEY CHECKER - Начало проверки
2026-06-20 10:26:25,479 | INFO     | ⏰ Время старта: 2026-06-20 10:26:25
2026-06-20 10:26:25,480 | INFO     | 📂 Рабочая директория: /home/runner/work/vpn-vless-configs-russia/vpn-vless-configs-russia
2026-06-20 10:26:25,480 | INFO     | ======================================================================
2026-06-20 10:26:25,480 | INFO     | 
2026-06-20 10:26:25,480 | INFO     | 🔍 Проверка наличия скриптов...
2026-06-20 10:26:25,480 | INFO     |   ✅ mirror.py
2026-06-20 10:26:25,480 | INFO     |   ✅ generate_cf_vless.py
2026-06-20 10:26:25,480 | INFO     |   ✅ filter_ru_sni.py
2026-06-20 10:26:25,480 | INFO     |   ✅ filter_ru_sni_local.py
2026-06-20 10:26:25,480 | INFO     | 
2026-06-20 10:26:25,480 | INFO     | ──────────────────────────────────────────────────────────────────────
2026-06-20 10:26:25,480 | INFO     | 📌 ЭТАП: Загрузка и geo-фильтрация
2026-06-20 10:26:25,480 | INFO     | ──────────────────────────────────────────────────────────────────────
2026-06-20 10:26:25,480 | INFO     | 🚀 Запуск mirror.py (Загрузка и фильтрация по РФ/СНГ/Европа)...
2026-06-20 10:26:51,197 | INFO     |   → DEBUG: mirror.py started
2026-06-20 10:26:51,197 | INFO     |   → DEBUG: BASE_PATH = /home/runner/work/vpn-vless-configs-russia/vpn-vless-configs-russia
2026-06-20 10:26:51,197 | INFO     |   → DEBUG: CONFIG_SOURCES_FILE = /home/runner/work/vpn-vless-configs-russia/vpn-vless-configs-russia/data/config_sources.json
2026-06-20 10:26:51,197 | INFO     |   → 📂 Загружено 70 источников из /home/runner/work/vpn-vless-configs-russia/vpn-vless-configs-russia/data/config_sources.json
2026-06-20 10:26:51,197 | INFO     |   → 🚀 Старт: всего источников: 70
2026-06-20 10:26:51,198 | INFO     |   → 1/70: ✅ 0 взято | 🗑️ 0 мусор
2026-06-20 10:26:51,198 | INFO     |   → 2/70: ✅ 0 взято | 🗑️ 0 мусор
2026-06-20 10:26:51,198 | INFO     |   → 3/70: ✅ 0 взято | 🗑️ 0 мусор
2026-06-20 10:26:51,198 | INFO     |   → 4/70: ✅ 0 взято | 🗑️ 0 мусор
2026-06-20 10:26:51,198 | INFO     |   → 5/70: ✅ 0 взято | 🗑️ 0 мусор
2026-06-20 10:26:51,198 | INFO     |   → 6/70: ✅ 0 взято | 🗑️ 0 мусор
2026-06-20 10:26:51,198 | INFO     |   → 7/70: ✅ 0 взято | 🗑️ 0 мусор
2026-06-20 10:26:51,198 | INFO     |   → 8/70: ✅ 0 взято | 🗑️ 0 мусор
2026-06-20 10:26:51,198 | INFO     |   → 9/70: ✅ 0 взято | 🗑️ 0 мусор
2026-06-20 10:26:51,198 | INFO     |   → 10/70: ✅ 0 взято | 🗑️ 0 мусор
2026-06-20 10:26:51,198 | INFO     |   → 11/70: ✅ 0 взято | 🗑️ 0 мусор
2026-06-20 10:26:51,198 | INFO     |   → 12/70: ✅ 0 взято | 🗑️ 0 мусор
2026-06-20 10:26:51,198 | INFO     |   → 13/70: ✅ 0 взято | 🗑️ 0 мусор
2026-06-20 10:26:51,198 | INFO     |   → 14/70: ✅ 0 взято | 🗑️ 0 мусор
2026-06-20 10:26:51,198 | INFO     |   → 15/70: ✅ 0 взято | 🗑️ 0 мусор
2026-06-20 10:26:51,198 | INFO     |   → 16/70: ✅ 0 взято | 🗑️ 0 мусор
2026-06-20 10:26:51,198 | INFO     |   → 17/70: ✅ 5 взято | 🗑️ 166 мусор
2026-06-20 10:26:51,198 | INFO     |   → 18/70: ✅ 0 взято | 🗑️ 115 мусор
2026-06-20 10:26:51,198 | INFO     |   → 19/70: ✅ 0 взято | 🗑️ 0 мусор
2026-06-20 10:26:51,198 | INFO     |   → 20/70: ✅ 0 взято | 🗑️ 0 мусор
2026-06-20 10:26:51,198 | INFO     |   → 21/70: ✅ 0 взято | 🗑️ 0 мусор
2026-06-20 10:26:51,198 | INFO     |   → 22/70: ✅ 1 взято | 🗑️ 169 мусор
2026-06-20 10:26:51,198 | INFO     |   → 23/70: ✅ 0 взято | 🗑️ 0 мусор
2026-06-20 10:26:51,198 | INFO     |   → 24/70: ✅ 1 взято | 🗑️ 213 мусор
2026-06-20 10:26:51,198 | INFO     |   → 25/70: ✅ 0 взято | 🗑️ 0 мусор
2026-06-20 10:26:51,198 | INFO     |   → 26/70: ✅ 0 взято | 🗑️ 0 мусор
2026-06-20 10:26:51,198 | INFO     |   → 27/70: ✅ 0 взято | 🗑️ 117 мусор
2026-06-20 10:26:51,198 | INFO     |   → 28/70: ✅ 1 взято | 🗑️ 141 мусор
2026-06-20 10:26:51,198 | INFO     |   → 29/70: ✅ 0 взято | 🗑️ 0 мусор
2026-06-20 10:26:51,198 | INFO     |   → 30/70: ✅ 0 взято | 🗑️ 137 мусор
2026-06-20 10:26:51,198 | INFO     |   → 31/70: ✅ 1 взято | 🗑️ 112 мусор
2026-06-20 10:26:51,198 | INFO     |   → 32/70: ✅ 0 взято | 🗑️ 0 мусор
2026-06-20 10:26:51,198 | INFO     |   → 33/70: ✅ 3 взято | 🗑️ 100 мусор
2026-06-20 10:26:51,198 | INFO     |   → 34/70: ✅ 0 взято | 🗑️ 0 мусор
2026-06-20 10:26:51,198 | INFO     |   → 35/70: ✅ 1 взято | 🗑️ 171 мусор
2026-06-20 10:26:51,198 | INFO     |   → 36/70: ✅ 0 взято | 🗑️ 0 мусор
2026-06-20 10:26:51,198 | INFO     |   → 37/70: ✅ 0 взято | 🗑️ 202 мусор
2026-06-20 10:26:51,198 | INFO     |   → 38/70: ✅ 0 взято | 🗑️ 0 мусор
2026-06-20 10:26:51,198 | INFO     |   → 39/70: ✅ 0 взято | 🗑️ 138 мусор
2026-06-20 10:26:51,198 | INFO     |   → 40/70: ✅ 0 взято | 🗑️ 0 мусор
2026-06-20 10:26:51,199 | INFO     |   → 41/70: ✅ 0 взято | 🗑️ 236 мусор
2026-06-20 10:26:51,199 | INFO     |   → 42/70: ✅ 0 взято | 🗑️ 0 мусор
2026-06-20 10:26:51,199 | INFO     |   → 43/70: ✅ 0 взято | 🗑️ 192 мусор
2026-06-20 10:26:51,199 | INFO     |   → 44/70: ✅ 0 взято | 🗑️ 0 мусор
2026-06-20 10:26:51,199 | INFO     |   → 45/70: ✅ 1 взято | 🗑️ 174 мусор
2026-06-20 10:26:51,199 | INFO     |   → 46/70: ✅ 0 взято | 🗑️ 0 мусор
2026-06-20 10:26:51,199 | INFO     |   → 47/70: ✅ 1 взято | 🗑️ 149 мусор
2026-06-20 10:26:51,199 | INFO     |   → 48/70: ✅ 0 взято | 🗑️ 0 мусор
2026-06-20 10:26:51,199 | INFO     |   → 49/70: ✅ 5 взято | 🗑️ 9 мусор
2026-06-20 10:26:51,199 | INFO     |   → 50/70: ✅ 0 взято | 🗑️ 9 мусор
2026-06-20 10:26:51,199 | INFO     |   → 51/70: ✅ 0 взято | 🗑️ 9 мусор
2026-06-20 10:26:51,199 | INFO     |   → 52/70: ✅ 0 взято | 🗑️ 9 мусор
2026-06-20 10:26:51,199 | INFO     |   → 53/70: ✅ 0 взято | 🗑️ 9 мусор
2026-06-20 10:26:51,199 | INFO     |   → 54/70: ✅ 0 взято | 🗑️ 9 мусор
2026-06-20 10:26:51,199 | INFO     |   → 55/70: ✅ 0 взято | 🗑️ 9 мусор
2026-06-20 10:26:51,199 | INFO     |   → 56/70: ✅ 0 взято | 🗑️ 9 мусор
2026-06-20 10:26:51,199 | INFO     |   → 57/70: ✅ 0 взято | 🗑️ 9 мусор
2026-06-20 10:26:51,199 | INFO     |   → 58/70: ✅ 0 взято | 🗑️ 9 мусор
2026-06-20 10:26:51,199 | INFO     |   → 59/70: ✅ 0 взято | 🗑️ 9 мусор
2026-06-20 10:26:51,199 | INFO     |   → 60/70: ✅ 0 взято | 🗑️ 9 мусор
2026-06-20 10:26:51,199 | INFO     |   → 61/70: ✅ 0 взято | 🗑️ 9 мусор
2026-06-20 10:26:51,199 | INFO     |   → 62/70: ✅ 0 взято | 🗑️ 9 мусор
2026-06-20 10:26:51,199 | INFO     |   → 63/70: ✅ 0 взято | 🗑️ 9 мусор
2026-06-20 10:26:51,199 | INFO     |   → 64/70: ✅ 0 взято | 🗑️ 9 мусор
2026-06-20 10:26:51,199 | INFO     |   → 65/70: ✅ 0 взято | 🗑️ 0 мусор
2026-06-20 10:26:51,199 | INFO     |   → 66/70: ✅ 4 взято | 🗑️ 458 мусор
2026-06-20 10:26:51,199 | INFO     |   → 67/70: ✅ 0 взято | 🗑️ 0 мусор
2026-06-20 10:26:51,199 | INFO     |   → 68/70: ✅ 1 взято | 🗑️ 164 мусор
2026-06-20 10:26:51,199 | INFO     |   → 69/70: ✅ 0 взято | 🗑️ 0 мусор
2026-06-20 10:26:51,199 | INFO     |   → 70/70: ✅ 6 взято | 🗑️ 221 мусор
2026-06-20 10:26:51,199 | INFO     |   → 📡 С sstap.org получено 0 ключей
2026-06-20 10:26:51,199 | INFO     |   → 📡 С sstap.org не добавлено ни одного ключа (все 0 отклонены фильтром)
2026-06-20 10:26:51,199 | INFO     |   → ✅ ГОТОВО!
2026-06-20 10:26:51,199 | INFO     |   →    📥 Всего ключей после фильтра: 31
2026-06-20 10:26:51,199 | INFO     |   →    🔗 Уникальных IP:PORT:SCHEME: 22
2026-06-20 10:26:51,199 | INFO     |   →    🗑️ Выброшено мусора: 3519
2026-06-20 10:26:51,200 | INFO     |   → 📊 По протоколам:
2026-06-20 10:26:51,200 | INFO     |   →    vless: 17
2026-06-20 10:26:51,200 | INFO     |   →    vmess: 1
2026-06-20 10:26:51,200 | INFO     |   →    trojan: 3
2026-06-20 10:26:51,200 | INFO     |   →    hysteria2: 1
2026-06-20 10:26:51,200 | INFO     | ✅ mirror.py завершён успешно
2026-06-20 10:26:51,200 | INFO     | 
2026-06-20 10:26:51,200 | INFO     | 
2026-06-20 10:26:51,200 | INFO     | ──────────────────────────────────────────────────────────────────────
2026-06-20 10:26:51,200 | INFO     | 📌 ЭТАП: Генерация 50 уникальных CF-VLESS
2026-06-20 10:26:51,200 | INFO     | ──────────────────────────────────────────────────────────────────────
2026-06-20 10:26:51,200 | INFO     | 🚀 Запуск generate_cf_vless.py (50 новых CF-VLESS)...
2026-06-20 10:26:51,402 | INFO     |   → === Генератор свежих VLESS-конфигов на IP Cloudflare ===
2026-06-20 10:26:51,402 | INFO     |   → ✅ Сгенерировано и сохранено 50 VLESS-конфигов.
2026-06-20 10:26:51,402 | INFO     |   → 📂 Файл: /home/runner/work/vpn-vless-configs-russia/vpn-vless-configs-russia/data/githubmirror/new/cf_fresh.txt
2026-06-20 10:26:51,402 | INFO     | ✅ generate_cf_vless.py завершён успешно
2026-06-20 10:26:51,402 | INFO     | 
2026-06-20 10:26:51,402 | INFO     | 
2026-06-20 10:26:51,402 | INFO     | ──────────────────────────────────────────────────────────────────────
2026-06-20 10:26:51,402 | INFO     | 📌 ЭТАП: Слияние CF с основным списком
2026-06-20 10:26:51,402 | INFO     | ──────────────────────────────────────────────────────────────────────
2026-06-20 10:26:51,403 | INFO     | 🔄 Добавлено 50 новых CF-VLESS в /home/runner/work/vpn-vless-configs-russia/vpn-vless-configs-russia/data/githubmirror/clean/vless.txt
2026-06-20 10:26:51,403 | INFO     | 📊 Всего в clean/vless.txt теперь: 67
2026-06-20 10:26:51,403 | INFO     | 
2026-06-20 10:26:51,403 | INFO     | 
2026-06-20 10:26:51,403 | INFO     | ──────────────────────────────────────────────────────────────────────
2026-06-20 10:26:51,403 | INFO     | 📌 ЭТАП: Фильтрация по реальному SNI
2026-06-20 10:26:51,403 | INFO     | ──────────────────────────────────────────────────────────────────────
2026-06-20 10:26:51,403 | INFO     | 🚀 Запуск filter_ru_sni.py (Фильтр по реальному SNI (CDN+RU))...
2026-06-20 10:26:51,426 | INFO     |   → hysteria2.txt: 1 → 0 (SNI-filtered)
2026-06-20 10:26:51,426 | INFO     |   →   trojan.txt: 3 → 0 (SNI-filtered)
2026-06-20 10:26:51,426 | INFO     |   →   vless.txt: 67 → 51 (SNI-filtered)
2026-06-20 10:26:51,426 | INFO     |   →   vmess.txt: 1 → 0 (SNI-filtered)
2026-06-20 10:26:51,426 | INFO     |   → ==================================================
2026-06-20 10:26:51,426 | INFO     |   →   Всего входных:  72
2026-06-20 10:26:51,426 | INFO     |   →   Прошли фильтр:  51
2026-06-20 10:26:51,426 | INFO     |   →   Отброшено:      21
2026-06-20 10:26:51,426 | INFO     |   → ==================================================
2026-06-20 10:26:51,426 | INFO     |   → Готово → /home/runner/work/vpn-vless-configs-russia/vpn-vless-configs-russia/data/githubmirror/ru-sni
2026-06-20 10:26:51,426 | INFO     | ✅ filter_ru_sni.py завершён успешно
2026-06-20 10:26:51,426 | INFO     | 
2026-06-20 10:26:51,426 | INFO     | 
2026-06-20 10:26:51,426 | INFO     | ──────────────────────────────────────────────────────────────────────
2026-06-20 10:26:51,426 | INFO     | 📌 ЭТАП: Экспериментальный RU-SNI фильтр
2026-06-20 10:26:51,426 | INFO     | ──────────────────────────────────────────────────────────────────────
2026-06-20 10:26:51,426 | INFO     | 🚀 Запуск filter_ru_sni_local.py (Экспериментальный фильтр по RU-SNI)...
2026-06-20 10:26:51,450 | INFO     |   → hysteria2.txt: 1 → 0 (RU-SNI)
2026-06-20 10:26:51,450 | INFO     |   → trojan.txt: 3 → 0 (RU-SNI)
2026-06-20 10:26:51,450 | INFO     |   → vless.txt: 67 → 0 (RU-SNI)
2026-06-20 10:26:51,450 | INFO     |   → vmess.txt: 1 → 0 (RU-SNI)
2026-06-20 10:26:51,450 | INFO     |   → ==================================================
2026-06-20 10:26:51,450 | INFO     |   → Всего входных:  72
2026-06-20 10:26:51,450 | INFO     |   → Прошли RU-SNI:  0
2026-06-20 10:26:51,450 | INFO     |   → Отброшено:      72
2026-06-20 10:26:51,450 | INFO     |   → ==================================================
2026-06-20 10:26:51,450 | INFO     |   → Готово → /home/runner/work/vpn-vless-configs-russia/vpn-vless-configs-russia/data/githubmirror/ru-sni-local
2026-06-20 10:26:51,450 | INFO     | ✅ filter_ru_sni_local.py завершён успешно
2026-06-20 10:26:51,450 | INFO     | 
2026-06-20 10:26:51,450 | INFO     | 
2026-06-20 10:26:51,450 | INFO     | ──────────────────────────────────────────────────────────────────────
2026-06-20 10:26:51,450 | INFO     | 📌 ЭТАП: Сбор статистики
2026-06-20 10:26:51,450 | INFO     | ──────────────────────────────────────────────────────────────────────
2026-06-20 10:26:51,450 | INFO     | 📊 Сбор статистики...
2026-06-20 10:26:51,450 | INFO     |   📁 githubmirror/clean:
2026-06-20 10:26:51,451 | INFO     |     • hysteria2   :     1 конфигов
2026-06-20 10:26:51,451 | INFO     |     • trojan      :     3 конфигов
2026-06-20 10:26:51,451 | INFO     |     • vless       :    67 конфигов
2026-06-20 10:26:51,451 | INFO     |     • vmess       :     1 конфигов
2026-06-20 10:26:51,451 | INFO     |   📁 githubmirror/ru-sni:
2026-06-20 10:26:51,451 | INFO     |     • hysteria2   :     0 конфигов (  0.0% от clean)
2026-06-20 10:26:51,451 | INFO     |     • trojan      :     0 конфигов (  0.0% от clean)
2026-06-20 10:26:51,451 | INFO     |     • vless       :    51 конфигов ( 76.1% от clean)
2026-06-20 10:26:51,451 | INFO     |     • vmess       :     0 конфигов (  0.0% от clean)
2026-06-20 10:26:51,451 | INFO     |   ✨ Новых CF-VLESS в этом запуске: 50
2026-06-20 10:26:51,451 | INFO     | 
2026-06-20 10:26:51,451 | INFO     |   ──────────────────────────────────────────────────
2026-06-20 10:26:51,451 | INFO     |   📈 ИТОГО:
2026-06-20 10:26:51,451 | INFO     |     Clean (после geo-фильтра):       72
2026-06-20 10:26:51,452 | INFO     |     RU-SNI (после SNI-фильтра):      51
2026-06-20 10:26:51,452 | INFO     |     Прошло фильтр:                 70.8%
2026-06-20 10:26:51,452 | INFO     |   ──────────────────────────────────────────────────
2026-06-20 10:26:51,452 | INFO     | ✅ Статистика сохранена: /home/runner/work/vpn-vless-configs-russia/vpn-vless-configs-russia/data/stats.json
2026-06-20 10:26:51,452 | INFO     | 
2026-06-20 10:26:51,452 | INFO     | ======================================================================
2026-06-20 10:26:51,452 | INFO     | 📊 ИТОГОВЫЙ ОТЧЁТ
2026-06-20 10:26:51,452 | INFO     | ======================================================================
2026-06-20 10:26:51,452 | INFO     |   ✅ OK         | Загрузка и geo-фильтрация
2026-06-20 10:26:51,452 | INFO     |   ✅ OK         | Генерация 50 уникальных CF-VLESS
2026-06-20 10:26:51,452 | INFO     |   ✅ OK         | Слияние CF с основным списком
2026-06-20 10:26:51,452 | INFO     |   ✅ OK         | Фильтрация по реальному SNI
2026-06-20 10:26:51,452 | INFO     |   ✅ OK         | Экспериментальный RU-SNI фильтр
2026-06-20 10:26:51,452 | INFO     |   ✅ OK         | Сбор статистики
2026-06-20 10:26:51,452 | INFO     | ──────────────────────────────────────────────────────────────────────
2026-06-20 10:26:51,452 | INFO     | ✅ ВСЕ ЭТАПЫ УСПЕШНЫ (6/6)
2026-06-20 10:26:51,452 | INFO     | ⏰ Время завершения: 2026-06-20 10:26:51
2026-06-20 10:26:51,452 | INFO     | ======================================================================
