2026-06-18 23:30:32,192 | INFO     | ======================================================================
2026-06-18 23:30:32,192 | INFO     | 🔍 VPN KEY CHECKER - Начало проверки
2026-06-18 23:30:32,192 | INFO     | ⏰ Время старта: 2026-06-18 23:30:32
2026-06-18 23:30:32,192 | INFO     | 📂 Рабочая директория: /home/runner/work/vpn-vless-configs-russia/vpn-vless-configs-russia
2026-06-18 23:30:32,192 | INFO     | ======================================================================
2026-06-18 23:30:32,192 | INFO     | 
2026-06-18 23:30:32,192 | INFO     | 🔍 Проверка наличия скриптов...
2026-06-18 23:30:32,192 | INFO     |   ✅ mirror.py
2026-06-18 23:30:32,192 | INFO     |   ✅ generate_cf_vless.py
2026-06-18 23:30:32,192 | INFO     |   ✅ filter_ru_sni.py
2026-06-18 23:30:32,192 | INFO     |   ✅ filter_ru_sni_local.py
2026-06-18 23:30:32,192 | INFO     | 
2026-06-18 23:30:32,192 | INFO     | ──────────────────────────────────────────────────────────────────────
2026-06-18 23:30:32,192 | INFO     | 📌 ЭТАП: Загрузка и geo-фильтрация
2026-06-18 23:30:32,192 | INFO     | ──────────────────────────────────────────────────────────────────────
2026-06-18 23:30:32,192 | INFO     | 🚀 Запуск mirror.py (Загрузка и фильтрация по РФ/СНГ/Европа)...
2026-06-18 23:30:47,996 | INFO     |   → DEBUG: mirror.py started
2026-06-18 23:30:47,996 | INFO     |   → DEBUG: BASE_PATH = /home/runner/work/vpn-vless-configs-russia/vpn-vless-configs-russia
2026-06-18 23:30:47,996 | INFO     |   → DEBUG: CONFIG_SOURCES_FILE = /home/runner/work/vpn-vless-configs-russia/vpn-vless-configs-russia/data/config_sources.json
2026-06-18 23:30:47,997 | INFO     |   → 📂 Загружено 54 источников из /home/runner/work/vpn-vless-configs-russia/vpn-vless-configs-russia/data/config_sources.json
2026-06-18 23:30:47,997 | INFO     |   → 🚀 Старт: всего источников: 54
2026-06-18 23:30:47,997 | INFO     |   → 1/54: ✅ 0 взято | 🗑️ 0 мусор
2026-06-18 23:30:47,997 | INFO     |   → 2/54: ✅ 0 взято | 🗑️ 0 мусор
2026-06-18 23:30:47,997 | INFO     |   → 3/54: ✅ 0 взято | 🗑️ 0 мусор
2026-06-18 23:30:47,997 | INFO     |   → 4/54: ✅ 0 взято | 🗑️ 0 мусор
2026-06-18 23:30:47,997 | INFO     |   → 5/54: ✅ 0 взято | 🗑️ 0 мусор
2026-06-18 23:30:47,997 | INFO     |   → 6/54: ✅ 0 взято | 🗑️ 0 мусор
2026-06-18 23:30:47,997 | INFO     |   → 7/54: ✅ 0 взято | 🗑️ 0 мусор
2026-06-18 23:30:47,997 | INFO     |   → 8/54: ✅ 0 взято | 🗑️ 0 мусор
2026-06-18 23:30:47,997 | INFO     |   → 9/54: ✅ 0 взято | 🗑️ 0 мусор
2026-06-18 23:30:47,997 | INFO     |   → 10/54: ✅ 0 взято | 🗑️ 0 мусор
2026-06-18 23:30:47,997 | INFO     |   → 11/54: ✅ 0 взято | 🗑️ 0 мусор
2026-06-18 23:30:47,997 | INFO     |   → 12/54: ✅ 0 взято | 🗑️ 0 мусор
2026-06-18 23:30:47,997 | INFO     |   → 13/54: ✅ 0 взято | 🗑️ 0 мусор
2026-06-18 23:30:47,997 | INFO     |   → 14/54: ✅ 0 взято | 🗑️ 0 мусор
2026-06-18 23:30:47,997 | INFO     |   → 15/54: ✅ 0 взято | 🗑️ 115 мусор
2026-06-18 23:30:47,997 | INFO     |   → 16/54: ✅ 0 взято | 🗑️ 0 мусор
2026-06-18 23:30:47,997 | INFO     |   → 17/54: ✅ 0 взято | 🗑️ 0 мусор
2026-06-18 23:30:47,997 | INFO     |   → 18/54: ✅ 0 взято | 🗑️ 0 мусор
2026-06-18 23:30:47,997 | INFO     |   → 19/54: ✅ 1 взято | 🗑️ 169 мусор
2026-06-18 23:30:47,997 | INFO     |   → 20/54: ✅ 0 взято | 🗑️ 0 мусор
2026-06-18 23:30:47,997 | INFO     |   → 21/54: ✅ 1 взято | 🗑️ 213 мусор
2026-06-18 23:30:47,998 | INFO     |   → 22/54: ✅ 0 взято | 🗑️ 0 мусор
2026-06-18 23:30:47,998 | INFO     |   → 23/54: ✅ 0 взято | 🗑️ 0 мусор
2026-06-18 23:30:47,998 | INFO     |   → 24/54: ✅ 0 взято | 🗑️ 117 мусор
2026-06-18 23:30:47,998 | INFO     |   → 25/54: ✅ 1 взято | 🗑️ 141 мусор
2026-06-18 23:30:47,998 | INFO     |   → 26/54: ✅ 0 взято | 🗑️ 137 мусор
2026-06-18 23:30:47,998 | INFO     |   → 27/54: ✅ 3 взято | 🗑️ 100 мусор
2026-06-18 23:30:47,998 | INFO     |   → 28/54: ✅ 0 взято | 🗑️ 0 мусор
2026-06-18 23:30:47,998 | INFO     |   → 29/54: ✅ 1 взято | 🗑️ 171 мусор
2026-06-18 23:30:47,998 | INFO     |   → 30/54: ✅ 0 взято | 🗑️ 0 мусор
2026-06-18 23:30:47,998 | INFO     |   → 31/54: ✅ 0 взято | 🗑️ 202 мусор
2026-06-18 23:30:47,998 | INFO     |   → 32/54: ✅ 0 взято | 🗑️ 0 мусор
2026-06-18 23:30:47,998 | INFO     |   → 33/54: ✅ 0 взято | 🗑️ 138 мусор
2026-06-18 23:30:47,998 | INFO     |   → 34/54: ✅ 0 взято | 🗑️ 0 мусор
2026-06-18 23:30:47,998 | INFO     |   → 35/54: ✅ 0 взято | 🗑️ 236 мусор
2026-06-18 23:30:47,998 | INFO     |   → 36/54: ✅ 0 взято | 🗑️ 0 мусор
2026-06-18 23:30:47,998 | INFO     |   → 37/54: ✅ 0 взято | 🗑️ 192 мусор
2026-06-18 23:30:47,998 | INFO     |   → 38/54: ✅ 0 взято | 🗑️ 0 мусор
2026-06-18 23:30:47,998 | INFO     |   → 39/54: ✅ 5 взято | 🗑️ 9 мусор
2026-06-18 23:30:47,998 | INFO     |   → 40/54: ✅ 0 взято | 🗑️ 9 мусор
2026-06-18 23:30:47,998 | INFO     |   → 41/54: ✅ 0 взято | 🗑️ 9 мусор
2026-06-18 23:30:47,998 | INFO     |   → 42/54: ✅ 0 взято | 🗑️ 9 мусор
2026-06-18 23:30:47,998 | INFO     |   → 43/54: ✅ 0 взято | 🗑️ 9 мусор
2026-06-18 23:30:47,998 | INFO     |   → 44/54: ✅ 0 взято | 🗑️ 9 мусор
2026-06-18 23:30:47,998 | INFO     |   → 45/54: ✅ 0 взято | 🗑️ 9 мусор
2026-06-18 23:30:47,998 | INFO     |   → 46/54: ✅ 0 взято | 🗑️ 9 мусор
2026-06-18 23:30:47,998 | INFO     |   → 47/54: ✅ 0 взято | 🗑️ 9 мусор
2026-06-18 23:30:47,998 | INFO     |   → 48/54: ✅ 0 взято | 🗑️ 9 мусор
2026-06-18 23:30:47,998 | INFO     |   → 49/54: ✅ 0 взято | 🗑️ 9 мусор
2026-06-18 23:30:47,998 | INFO     |   → 50/54: ✅ 0 взято | 🗑️ 9 мусор
2026-06-18 23:30:47,998 | INFO     |   → 51/54: ✅ 0 взято | 🗑️ 0 мусор
2026-06-18 23:30:47,998 | INFO     |   → 52/54: ✅ 4 взято | 🗑️ 458 мусор
2026-06-18 23:30:47,998 | INFO     |   → 53/54: ✅ 0 взято | 🗑️ 0 мусор
2026-06-18 23:30:47,998 | INFO     |   → 54/54: ✅ 1 взято | 🗑️ 164 мусор
2026-06-18 23:30:47,998 | INFO     |   → 📡 С sstap.org получено 0 ключей
2026-06-18 23:30:47,998 | INFO     |   → 📡 С sstap.org не добавлено ни одного ключа (все 0 отклонены фильтром)
2026-06-18 23:30:47,998 | INFO     |   → ✅ ГОТОВО!
2026-06-18 23:30:47,998 | INFO     |   →    📥 Всего ключей после фильтра: 17
2026-06-18 23:30:47,998 | INFO     |   →    🔗 Уникальных IP:PORT:SCHEME: 14
2026-06-18 23:30:47,998 | INFO     |   →    🗑️ Выброшено мусора: 2661
2026-06-18 23:30:47,998 | INFO     |   → 📊 По протоколам:
2026-06-18 23:30:47,998 | INFO     |   →    vless: 11
2026-06-18 23:30:47,998 | INFO     |   →    vmess: 1
2026-06-18 23:30:47,998 | INFO     |   →    trojan: 1
2026-06-18 23:30:47,999 | INFO     |   →    hysteria2: 1
2026-06-18 23:30:47,999 | INFO     | ✅ mirror.py завершён успешно
2026-06-18 23:30:47,999 | INFO     | 
2026-06-18 23:30:47,999 | INFO     | 
2026-06-18 23:30:47,999 | INFO     | ──────────────────────────────────────────────────────────────────────
2026-06-18 23:30:47,999 | INFO     | 📌 ЭТАП: Генерация 50 уникальных CF-VLESS
2026-06-18 23:30:47,999 | INFO     | ──────────────────────────────────────────────────────────────────────
2026-06-18 23:30:47,999 | INFO     | 🚀 Запуск generate_cf_vless.py (50 новых CF-VLESS)...
2026-06-18 23:30:48,182 | INFO     |   → === Генератор свежих VLESS-конфигов на IP Cloudflare ===
2026-06-18 23:30:48,182 | INFO     |   → ✅ Сгенерировано и сохранено 50 VLESS-конфигов.
2026-06-18 23:30:48,182 | INFO     |   → 📂 Файл: /home/runner/work/vpn-vless-configs-russia/vpn-vless-configs-russia/data/githubmirror/new/cf_fresh.txt
2026-06-18 23:30:48,182 | INFO     | ✅ generate_cf_vless.py завершён успешно
2026-06-18 23:30:48,182 | INFO     | 
2026-06-18 23:30:48,182 | INFO     | 
2026-06-18 23:30:48,182 | INFO     | ──────────────────────────────────────────────────────────────────────
2026-06-18 23:30:48,182 | INFO     | 📌 ЭТАП: Слияние CF с основным списком
2026-06-18 23:30:48,183 | INFO     | ──────────────────────────────────────────────────────────────────────
2026-06-18 23:30:48,184 | INFO     | 🔄 Добавлено 50 новых CF-VLESS в /home/runner/work/vpn-vless-configs-russia/vpn-vless-configs-russia/data/githubmirror/clean/vless.txt
2026-06-18 23:30:48,184 | INFO     | 📊 Всего в clean/vless.txt теперь: 61
2026-06-18 23:30:48,184 | INFO     | 
2026-06-18 23:30:48,184 | INFO     | 
2026-06-18 23:30:48,184 | INFO     | ──────────────────────────────────────────────────────────────────────
2026-06-18 23:30:48,185 | INFO     | 📌 ЭТАП: Фильтрация по реальному SNI
2026-06-18 23:30:48,185 | INFO     | ──────────────────────────────────────────────────────────────────────
2026-06-18 23:30:48,185 | INFO     | 🚀 Запуск filter_ru_sni.py (Фильтр по реальному SNI (CDN+RU))...
2026-06-18 23:30:48,213 | INFO     |   → hysteria2.txt: 1 → 0 (SNI-filtered)
2026-06-18 23:30:48,213 | INFO     |   →   trojan.txt: 1 → 0 (SNI-filtered)
2026-06-18 23:30:48,213 | INFO     |   →   vless.txt: 61 → 51 (SNI-filtered)
2026-06-18 23:30:48,213 | INFO     |   →   vmess.txt: 1 → 0 (SNI-filtered)
2026-06-18 23:30:48,213 | INFO     |   → ==================================================
2026-06-18 23:30:48,213 | INFO     |   →   Всего входных:  64
2026-06-18 23:30:48,213 | INFO     |   →   Прошли фильтр:  51
2026-06-18 23:30:48,213 | INFO     |   →   Отброшено:      13
2026-06-18 23:30:48,214 | INFO     |   → ==================================================
2026-06-18 23:30:48,214 | INFO     |   → Готово → /home/runner/work/vpn-vless-configs-russia/vpn-vless-configs-russia/data/githubmirror/ru-sni
2026-06-18 23:30:48,214 | INFO     | ✅ filter_ru_sni.py завершён успешно
2026-06-18 23:30:48,214 | INFO     | 
2026-06-18 23:30:48,214 | INFO     | 
2026-06-18 23:30:48,214 | INFO     | ──────────────────────────────────────────────────────────────────────
2026-06-18 23:30:48,214 | INFO     | 📌 ЭТАП: Экспериментальный RU-SNI фильтр
2026-06-18 23:30:48,214 | INFO     | ──────────────────────────────────────────────────────────────────────
2026-06-18 23:30:48,214 | INFO     | 🚀 Запуск filter_ru_sni_local.py (Экспериментальный фильтр по RU-SNI)...
2026-06-18 23:30:48,242 | INFO     |   → hysteria2.txt: 1 → 0 (RU-SNI)
2026-06-18 23:30:48,243 | INFO     |   → trojan.txt: 1 → 0 (RU-SNI)
2026-06-18 23:30:48,243 | INFO     |   → vless.txt: 61 → 0 (RU-SNI)
2026-06-18 23:30:48,243 | INFO     |   → vmess.txt: 1 → 0 (RU-SNI)
2026-06-18 23:30:48,243 | INFO     |   → ==================================================
2026-06-18 23:30:48,243 | INFO     |   → Всего входных:  64
2026-06-18 23:30:48,243 | INFO     |   → Прошли RU-SNI:  0
2026-06-18 23:30:48,243 | INFO     |   → Отброшено:      64
2026-06-18 23:30:48,243 | INFO     |   → ==================================================
2026-06-18 23:30:48,243 | INFO     |   → Готово → /home/runner/work/vpn-vless-configs-russia/vpn-vless-configs-russia/data/githubmirror/ru-sni-local
2026-06-18 23:30:48,243 | INFO     | ✅ filter_ru_sni_local.py завершён успешно
2026-06-18 23:30:48,243 | INFO     | 
2026-06-18 23:30:48,243 | INFO     | 
2026-06-18 23:30:48,243 | INFO     | ──────────────────────────────────────────────────────────────────────
2026-06-18 23:30:48,243 | INFO     | 📌 ЭТАП: Сбор статистики
2026-06-18 23:30:48,243 | INFO     | ──────────────────────────────────────────────────────────────────────
2026-06-18 23:30:48,243 | INFO     | 📊 Сбор статистики...
2026-06-18 23:30:48,243 | INFO     |   📁 githubmirror/clean:
2026-06-18 23:30:48,244 | INFO     |     • hysteria2   :     1 конфигов
2026-06-18 23:30:48,244 | INFO     |     • trojan      :     1 конфигов
2026-06-18 23:30:48,244 | INFO     |     • vless       :    61 конфигов
2026-06-18 23:30:48,244 | INFO     |     • vmess       :     1 конфигов
2026-06-18 23:30:48,244 | INFO     |   📁 githubmirror/ru-sni:
2026-06-18 23:30:48,244 | INFO     |     • hysteria2   :     0 конфигов (  0.0% от clean)
2026-06-18 23:30:48,244 | INFO     |     • trojan      :     0 конфигов (  0.0% от clean)
2026-06-18 23:30:48,245 | INFO     |     • vless       :    51 конфигов ( 83.6% от clean)
2026-06-18 23:30:48,245 | INFO     |     • vmess       :     0 конфигов (  0.0% от clean)
2026-06-18 23:30:48,245 | INFO     |   ✨ Новых CF-VLESS в этом запуске: 50
2026-06-18 23:30:48,245 | INFO     | 
2026-06-18 23:30:48,245 | INFO     |   ──────────────────────────────────────────────────
2026-06-18 23:30:48,245 | INFO     |   📈 ИТОГО:
2026-06-18 23:30:48,245 | INFO     |     Clean (после geo-фильтра):       64
2026-06-18 23:30:48,245 | INFO     |     RU-SNI (после SNI-фильтра):      51
2026-06-18 23:30:48,245 | INFO     |     Прошло фильтр:                 79.7%
2026-06-18 23:30:48,245 | INFO     |   ──────────────────────────────────────────────────
2026-06-18 23:30:48,245 | INFO     | ✅ Статистика сохранена: /home/runner/work/vpn-vless-configs-russia/vpn-vless-configs-russia/data/stats.json
2026-06-18 23:30:48,246 | INFO     | 
2026-06-18 23:30:48,246 | INFO     | ======================================================================
2026-06-18 23:30:48,246 | INFO     | 📊 ИТОГОВЫЙ ОТЧЁТ
2026-06-18 23:30:48,246 | INFO     | ======================================================================
2026-06-18 23:30:48,246 | INFO     |   ✅ OK         | Загрузка и geo-фильтрация
2026-06-18 23:30:48,246 | INFO     |   ✅ OK         | Генерация 50 уникальных CF-VLESS
2026-06-18 23:30:48,246 | INFO     |   ✅ OK         | Слияние CF с основным списком
2026-06-18 23:30:48,246 | INFO     |   ✅ OK         | Фильтрация по реальному SNI
2026-06-18 23:30:48,246 | INFO     |   ✅ OK         | Экспериментальный RU-SNI фильтр
2026-06-18 23:30:48,246 | INFO     |   ✅ OK         | Сбор статистики
2026-06-18 23:30:48,246 | INFO     | ──────────────────────────────────────────────────────────────────────
2026-06-18 23:30:48,246 | INFO     | ✅ ВСЕ ЭТАПЫ УСПЕШНЫ (6/6)
2026-06-18 23:30:48,246 | INFO     | ⏰ Время завершения: 2026-06-18 23:30:48
2026-06-18 23:30:48,246 | INFO     | ======================================================================
