2026-06-10 02:08:36,371 | INFO     | ======================================================================
2026-06-10 02:08:36,371 | INFO     | 🔍 VPN KEY CHECKER - Начало проверки
2026-06-10 02:08:36,372 | INFO     | ⏰ Время старта: 2026-06-10 02:08:36
2026-06-10 02:08:36,372 | INFO     | 📂 Рабочая директория: /home/runner/work/vpn-vless-configs-russia/vpn-vless-configs-russia
2026-06-10 02:08:36,372 | INFO     | ======================================================================
2026-06-10 02:08:36,372 | INFO     | 
2026-06-10 02:08:36,372 | INFO     | 🔍 Проверка наличия скриптов...
2026-06-10 02:08:36,372 | INFO     |   ✅ mirror.py
2026-06-10 02:08:36,372 | INFO     |   ✅ generate_cf_vless.py
2026-06-10 02:08:36,372 | INFO     |   ✅ filter_ru_sni.py
2026-06-10 02:08:36,372 | INFO     |   ✅ filter_ru_sni_local.py
2026-06-10 02:08:36,372 | INFO     | 
2026-06-10 02:08:36,372 | INFO     | ──────────────────────────────────────────────────────────────────────
2026-06-10 02:08:36,372 | INFO     | 📌 ЭТАП: Загрузка и geo-фильтрация
2026-06-10 02:08:36,372 | INFO     | ──────────────────────────────────────────────────────────────────────
2026-06-10 02:08:36,372 | INFO     | 🚀 Запуск mirror.py (Загрузка и фильтрация по РФ/СНГ/Европа)...
2026-06-10 02:08:53,643 | INFO     |   → DEBUG: mirror.py started
2026-06-10 02:08:53,643 | INFO     |   → DEBUG: BASE_PATH = /home/runner/work/vpn-vless-configs-russia/vpn-vless-configs-russia
2026-06-10 02:08:53,643 | INFO     |   → DEBUG: CONFIG_SOURCES_FILE = /home/runner/work/vpn-vless-configs-russia/vpn-vless-configs-russia/data/config_sources.json
2026-06-10 02:08:53,643 | INFO     |   → 📂 Загружено 50 источников из /home/runner/work/vpn-vless-configs-russia/vpn-vless-configs-russia/data/config_sources.json
2026-06-10 02:08:53,643 | INFO     |   → 🚀 Старт: всего источников: 50
2026-06-10 02:08:53,643 | INFO     |   → 1/50: ✅ 0 взято | 🗑️ 0 мусор
2026-06-10 02:08:53,643 | INFO     |   → 2/50: ✅ 0 взято | 🗑️ 0 мусор
2026-06-10 02:08:53,643 | INFO     |   → 3/50: ✅ 0 взято | 🗑️ 0 мусор
2026-06-10 02:08:53,643 | INFO     |   → 4/50: ✅ 0 взято | 🗑️ 0 мусор
2026-06-10 02:08:53,643 | INFO     |   → 5/50: ✅ 0 взято | 🗑️ 0 мусор
2026-06-10 02:08:53,643 | INFO     |   → 6/50: ✅ 0 взято | 🗑️ 0 мусор
2026-06-10 02:08:53,644 | INFO     |   → 7/50: ✅ 0 взято | 🗑️ 0 мусор
2026-06-10 02:08:53,644 | INFO     |   → 8/50: ✅ 0 взято | 🗑️ 0 мусор
2026-06-10 02:08:53,644 | INFO     |   → 9/50: ✅ 0 взято | 🗑️ 0 мусор
2026-06-10 02:08:53,644 | INFO     |   → 10/50: ✅ 0 взято | 🗑️ 0 мусор
2026-06-10 02:08:53,644 | INFO     |   → 11/50: ✅ 0 взято | 🗑️ 0 мусор
2026-06-10 02:08:53,644 | INFO     |   → 12/50: ✅ 0 взято | 🗑️ 0 мусор
2026-06-10 02:08:53,644 | INFO     |   → 13/50: ✅ 0 взято | 🗑️ 0 мусор
2026-06-10 02:08:53,644 | INFO     |   → 14/50: ✅ 0 взято | 🗑️ 0 мусор
2026-06-10 02:08:53,644 | INFO     |   → 15/50: ✅ 10 взято | 🗑️ 151 мусор
2026-06-10 02:08:53,644 | INFO     |   → 16/50: ✅ 0 взято | 🗑️ 0 мусор
2026-06-10 02:08:53,644 | INFO     |   → 17/50: ✅ 10 взято | 🗑️ 113 мусор
2026-06-10 02:08:53,644 | INFO     |   → 18/50: ✅ 0 взято | 🗑️ 0 мусор
2026-06-10 02:08:53,644 | INFO     |   → 19/50: ✅ 0 взято | 🗑️ 0 мусор
2026-06-10 02:08:53,644 | INFO     |   → 20/50: ✅ 2 взято | 🗑️ 124 мусор
2026-06-10 02:08:53,644 | INFO     |   → 21/50: ✅ 2 взято | 🗑️ 115 мусор
2026-06-10 02:08:53,644 | INFO     |   → 22/50: ✅ 1 взято | 🗑️ 279 мусор
2026-06-10 02:08:53,645 | INFO     |   → 23/50: ✅ 1 взято | 🗑️ 109 мусор
2026-06-10 02:08:53,645 | INFO     |   → 24/50: ✅ 0 взято | 🗑️ 0 мусор
2026-06-10 02:08:53,645 | INFO     |   → 25/50: ✅ 0 взято | 🗑️ 0 мусор
2026-06-10 02:08:53,645 | INFO     |   → 26/50: ✅ 0 взято | 🗑️ 0 мусор
2026-06-10 02:08:53,645 | INFO     |   → 27/50: ✅ 3 взято | 🗑️ 145 мусор
2026-06-10 02:08:53,645 | INFO     |   → 28/50: ✅ 0 взято | 🗑️ 0 мусор
2026-06-10 02:08:53,645 | INFO     |   → 29/50: ✅ 0 взято | 🗑️ 157 мусор
2026-06-10 02:08:53,645 | INFO     |   → 30/50: ✅ 0 взято | 🗑️ 0 мусор
2026-06-10 02:08:53,645 | INFO     |   → 31/50: ✅ 0 взято | 🗑️ 131 мусор
2026-06-10 02:08:53,645 | INFO     |   → 32/50: ✅ 0 взято | 🗑️ 0 мусор
2026-06-10 02:08:53,645 | INFO     |   → 33/50: ✅ 1 взято | 🗑️ 124 мусор
2026-06-10 02:08:53,645 | INFO     |   → 34/50: ✅ 0 взято | 🗑️ 0 мусор
2026-06-10 02:08:53,645 | INFO     |   → 35/50: ✅ 2 взято | 🗑️ 189 мусор
2026-06-10 02:08:53,645 | INFO     |   → 36/50: ✅ 0 взято | 🗑️ 0 мусор
2026-06-10 02:08:53,645 | INFO     |   → 37/50: ✅ 1 взято | 🗑️ 279 мусор
2026-06-10 02:08:53,645 | INFO     |   → 38/50: ✅ 0 взято | 🗑️ 0 мусор
2026-06-10 02:08:53,645 | INFO     |   → 39/50: ✅ 13 взято | 🗑️ 7 мусор
2026-06-10 02:08:53,646 | INFO     |   → 40/50: ✅ 0 взято | 🗑️ 7 мусор
2026-06-10 02:08:53,646 | INFO     |   → 41/50: ✅ 0 взято | 🗑️ 7 мусор
2026-06-10 02:08:53,646 | INFO     |   → 42/50: ✅ 0 взято | 🗑️ 7 мусор
2026-06-10 02:08:53,646 | INFO     |   → 43/50: ✅ 0 взято | 🗑️ 7 мусор
2026-06-10 02:08:53,646 | INFO     |   → 44/50: ✅ 0 взято | 🗑️ 7 мусор
2026-06-10 02:08:53,646 | INFO     |   → 45/50: ✅ 0 взято | 🗑️ 7 мусор
2026-06-10 02:08:53,646 | INFO     |   → 46/50: ✅ 0 взято | 🗑️ 7 мусор
2026-06-10 02:08:53,646 | INFO     |   → 47/50: ✅ 0 взято | 🗑️ 7 мусор
2026-06-10 02:08:53,646 | INFO     |   → 48/50: ✅ 0 взято | 🗑️ 7 мусор
2026-06-10 02:08:53,646 | INFO     |   → 49/50: ✅ 0 взято | 🗑️ 7 мусор
2026-06-10 02:08:53,646 | INFO     |   → 50/50: ✅ 0 взято | 🗑️ 7 мусор
2026-06-10 02:08:53,646 | INFO     |   → 📡 С sstap.org получено 0 ключей
2026-06-10 02:08:53,646 | INFO     |   → 📡 С sstap.org не добавлено ни одного ключа (все 0 отклонены фильтром)
2026-06-10 02:08:53,646 | INFO     |   → ✅ ГОТОВО!
2026-06-10 02:08:53,646 | INFO     |   →    📥 Всего ключей после фильтра: 46
2026-06-10 02:08:53,646 | INFO     |   →    🔗 Уникальных IP:PORT:SCHEME: 29
2026-06-10 02:08:53,646 | INFO     |   →    🗑️ Выброшено мусора: 2000
2026-06-10 02:08:53,646 | INFO     |   → 📊 По протоколам:
2026-06-10 02:08:53,646 | INFO     |   →    vless: 19
2026-06-10 02:08:53,646 | INFO     |   →    vmess: 1
2026-06-10 02:08:53,647 | INFO     |   →    trojan: 4
2026-06-10 02:08:53,647 | INFO     |   →    ss: 3
2026-06-10 02:08:53,647 | INFO     |   →    hysteria2: 2
2026-06-10 02:08:53,647 | INFO     | ✅ mirror.py завершён успешно
2026-06-10 02:08:53,647 | INFO     | 
2026-06-10 02:08:53,647 | INFO     | 
2026-06-10 02:08:53,647 | INFO     | ──────────────────────────────────────────────────────────────────────
2026-06-10 02:08:53,647 | INFO     | 📌 ЭТАП: Генерация 50 уникальных CF-VLESS
2026-06-10 02:08:53,647 | INFO     | ──────────────────────────────────────────────────────────────────────
2026-06-10 02:08:53,647 | INFO     | 🚀 Запуск generate_cf_vless.py (50 новых CF-VLESS)...
2026-06-10 02:08:53,828 | INFO     |   → === Генератор свежих VLESS-конфигов на IP Cloudflare ===
2026-06-10 02:08:53,828 | INFO     |   → ✅ Сгенерировано и сохранено 50 VLESS-конфигов.
2026-06-10 02:08:53,828 | INFO     |   → 📂 Файл: /home/runner/work/vpn-vless-configs-russia/vpn-vless-configs-russia/data/githubmirror/new/cf_fresh.txt
2026-06-10 02:08:53,828 | INFO     | ✅ generate_cf_vless.py завершён успешно
2026-06-10 02:08:53,828 | INFO     | 
2026-06-10 02:08:53,828 | INFO     | 
2026-06-10 02:08:53,828 | INFO     | ──────────────────────────────────────────────────────────────────────
2026-06-10 02:08:53,828 | INFO     | 📌 ЭТАП: Слияние CF с основным списком
2026-06-10 02:08:53,828 | INFO     | ──────────────────────────────────────────────────────────────────────
2026-06-10 02:08:53,830 | INFO     | 🔄 Добавлено 50 новых CF-VLESS в /home/runner/work/vpn-vless-configs-russia/vpn-vless-configs-russia/data/githubmirror/clean/vless.txt
2026-06-10 02:08:53,830 | INFO     | 📊 Всего в clean/vless.txt теперь: 69
2026-06-10 02:08:53,830 | INFO     | 
2026-06-10 02:08:53,830 | INFO     | 
2026-06-10 02:08:53,830 | INFO     | ──────────────────────────────────────────────────────────────────────
2026-06-10 02:08:53,830 | INFO     | 📌 ЭТАП: Фильтрация по реальному SNI
2026-06-10 02:08:53,830 | INFO     | ──────────────────────────────────────────────────────────────────────
2026-06-10 02:08:53,830 | INFO     | 🚀 Запуск filter_ru_sni.py (Фильтр по реальному SNI (CDN+RU))...
2026-06-10 02:08:53,857 | INFO     |   → hysteria2.txt: 2 → 1 (SNI-filtered)
2026-06-10 02:08:53,857 | INFO     |   →   ss.txt: 3 → 0 (SNI-filtered)
2026-06-10 02:08:53,857 | INFO     |   →   trojan.txt: 4 → 0 (SNI-filtered)
2026-06-10 02:08:53,857 | INFO     |   →   vless.txt: 69 → 56 (SNI-filtered)
2026-06-10 02:08:53,857 | INFO     |   →   vmess.txt: 1 → 0 (SNI-filtered)
2026-06-10 02:08:53,857 | INFO     |   → ==================================================
2026-06-10 02:08:53,857 | INFO     |   →   Всего входных:  79
2026-06-10 02:08:53,857 | INFO     |   →   Прошли фильтр:  57
2026-06-10 02:08:53,857 | INFO     |   →   Отброшено:      22
2026-06-10 02:08:53,857 | INFO     |   → ==================================================
2026-06-10 02:08:53,857 | INFO     |   → Готово → /home/runner/work/vpn-vless-configs-russia/vpn-vless-configs-russia/data/githubmirror/ru-sni
2026-06-10 02:08:53,857 | INFO     | ✅ filter_ru_sni.py завершён успешно
2026-06-10 02:08:53,857 | INFO     | 
2026-06-10 02:08:53,857 | INFO     | 
2026-06-10 02:08:53,858 | INFO     | ──────────────────────────────────────────────────────────────────────
2026-06-10 02:08:53,858 | INFO     | 📌 ЭТАП: Экспериментальный RU-SNI фильтр
2026-06-10 02:08:53,858 | INFO     | ──────────────────────────────────────────────────────────────────────
2026-06-10 02:08:53,858 | INFO     | 🚀 Запуск filter_ru_sni_local.py (Экспериментальный фильтр по RU-SNI)...
2026-06-10 02:08:53,886 | INFO     |   → hysteria2.txt: 2 → 0 (RU-SNI)
2026-06-10 02:08:53,886 | INFO     |   → ss.txt: 3 → 0 (RU-SNI)
2026-06-10 02:08:53,886 | INFO     |   → trojan.txt: 4 → 0 (RU-SNI)
2026-06-10 02:08:53,886 | INFO     |   → vless.txt: 69 → 1 (RU-SNI)
2026-06-10 02:08:53,886 | INFO     |   → vmess.txt: 1 → 0 (RU-SNI)
2026-06-10 02:08:53,886 | INFO     |   → ==================================================
2026-06-10 02:08:53,886 | INFO     |   → Всего входных:  79
2026-06-10 02:08:53,886 | INFO     |   → Прошли RU-SNI:  1
2026-06-10 02:08:53,886 | INFO     |   → Отброшено:      78
2026-06-10 02:08:53,886 | INFO     |   → ==================================================
2026-06-10 02:08:53,886 | INFO     |   → Готово → /home/runner/work/vpn-vless-configs-russia/vpn-vless-configs-russia/data/githubmirror/ru-sni-local
2026-06-10 02:08:53,886 | INFO     | ✅ filter_ru_sni_local.py завершён успешно
2026-06-10 02:08:53,886 | INFO     | 
2026-06-10 02:08:53,886 | INFO     | 
2026-06-10 02:08:53,886 | INFO     | ──────────────────────────────────────────────────────────────────────
2026-06-10 02:08:53,886 | INFO     | 📌 ЭТАП: Сбор статистики
2026-06-10 02:08:53,887 | INFO     | ──────────────────────────────────────────────────────────────────────
2026-06-10 02:08:53,887 | INFO     | 📊 Сбор статистики...
2026-06-10 02:08:53,887 | INFO     |   📁 githubmirror/clean:
2026-06-10 02:08:53,887 | INFO     |     • hysteria2   :     2 конфигов
2026-06-10 02:08:53,887 | INFO     |     • ss          :     3 конфигов
2026-06-10 02:08:53,887 | INFO     |     • trojan      :     4 конфигов
2026-06-10 02:08:53,887 | INFO     |     • vless       :    69 конфигов
2026-06-10 02:08:53,888 | INFO     |     • vmess       :     1 конфигов
2026-06-10 02:08:53,888 | INFO     |   📁 githubmirror/ru-sni:
2026-06-10 02:08:53,888 | INFO     |     • hysteria2   :     1 конфигов ( 50.0% от clean)
2026-06-10 02:08:53,888 | INFO     |     • ss          :     0 конфигов (  0.0% от clean)
2026-06-10 02:08:53,888 | INFO     |     • trojan      :     0 конфигов (  0.0% от clean)
2026-06-10 02:08:53,888 | INFO     |     • vless       :    56 конфигов ( 81.2% от clean)
2026-06-10 02:08:53,888 | INFO     |     • vmess       :     0 конфигов (  0.0% от clean)
2026-06-10 02:08:53,888 | INFO     |   ✨ Новых CF-VLESS в этом запуске: 50
2026-06-10 02:08:53,889 | INFO     | 
2026-06-10 02:08:53,889 | INFO     |   ──────────────────────────────────────────────────
2026-06-10 02:08:53,889 | INFO     |   📈 ИТОГО:
2026-06-10 02:08:53,889 | INFO     |     Clean (после geo-фильтра):       79
2026-06-10 02:08:53,889 | INFO     |     RU-SNI (после SNI-фильтра):      57
2026-06-10 02:08:53,889 | INFO     |     Прошло фильтр:                 72.2%
2026-06-10 02:08:53,889 | INFO     |   ──────────────────────────────────────────────────
2026-06-10 02:08:53,889 | INFO     | ✅ Статистика сохранена: /home/runner/work/vpn-vless-configs-russia/vpn-vless-configs-russia/data/stats.json
2026-06-10 02:08:53,889 | INFO     | 
2026-06-10 02:08:53,889 | INFO     | ======================================================================
2026-06-10 02:08:53,889 | INFO     | 📊 ИТОГОВЫЙ ОТЧЁТ
2026-06-10 02:08:53,889 | INFO     | ======================================================================
2026-06-10 02:08:53,889 | INFO     |   ✅ OK         | Загрузка и geo-фильтрация
2026-06-10 02:08:53,890 | INFO     |   ✅ OK         | Генерация 50 уникальных CF-VLESS
2026-06-10 02:08:53,890 | INFO     |   ✅ OK         | Слияние CF с основным списком
2026-06-10 02:08:53,890 | INFO     |   ✅ OK         | Фильтрация по реальному SNI
2026-06-10 02:08:53,890 | INFO     |   ✅ OK         | Экспериментальный RU-SNI фильтр
2026-06-10 02:08:53,890 | INFO     |   ✅ OK         | Сбор статистики
2026-06-10 02:08:53,890 | INFO     | ──────────────────────────────────────────────────────────────────────
2026-06-10 02:08:53,890 | INFO     | ✅ ВСЕ ЭТАПЫ УСПЕШНЫ (6/6)
2026-06-10 02:08:53,890 | INFO     | ⏰ Время завершения: 2026-06-10 02:08:53
2026-06-10 02:08:53,890 | INFO     | ======================================================================
