2026-06-27 02:02:20,349 | INFO     | ======================================================================
2026-06-27 02:02:20,350 | INFO     | 🔍 VPN KEY CHECKER - Начало проверки
2026-06-27 02:02:20,350 | INFO     | ⏰ Время старта: 2026-06-27 02:02:20
2026-06-27 02:02:20,350 | INFO     | 📂 Рабочая директория: /home/runner/work/vpn-vless-configs-russia/vpn-vless-configs-russia
2026-06-27 02:02:20,350 | INFO     | ======================================================================
2026-06-27 02:02:20,350 | INFO     | 
2026-06-27 02:02:20,350 | INFO     | 🔍 Проверка наличия скриптов...
2026-06-27 02:02:20,350 | INFO     |   ✅ mirror.py
2026-06-27 02:02:20,350 | INFO     |   ✅ generate_cf_vless.py
2026-06-27 02:02:20,350 | INFO     |   ✅ filter_ru_sni.py
2026-06-27 02:02:20,350 | INFO     |   ✅ filter_ru_sni_local.py
2026-06-27 02:02:20,350 | INFO     | 
2026-06-27 02:02:20,350 | INFO     | ──────────────────────────────────────────────────────────────────────
2026-06-27 02:02:20,350 | INFO     | 📌 ЭТАП: Загрузка и geo-фильтрация
2026-06-27 02:02:20,350 | INFO     | ──────────────────────────────────────────────────────────────────────
2026-06-27 02:02:20,351 | INFO     | 🚀 Запуск mirror.py (Загрузка и фильтрация по РФ/СНГ/Европа)...
2026-06-27 02:03:20,903 | INFO     |   → DEBUG: mirror.py started
2026-06-27 02:03:20,903 | INFO     |   → DEBUG: BASE_PATH = /home/runner/work/vpn-vless-configs-russia/vpn-vless-configs-russia
2026-06-27 02:03:20,903 | INFO     |   → DEBUG: CONFIG_SOURCES_FILE = /home/runner/work/vpn-vless-configs-russia/vpn-vless-configs-russia/data/config_sources.json
2026-06-27 02:03:20,903 | INFO     |   → 📂 Загружено 120 источников из /home/runner/work/vpn-vless-configs-russia/vpn-vless-configs-russia/data/config_sources.json
2026-06-27 02:03:20,903 | INFO     |   → 🚀 Старт: всего источников: 120
2026-06-27 02:03:20,903 | INFO     |   → 1/120: ✅ 0 взято | 🗑️ 0 мусор
2026-06-27 02:03:20,903 | INFO     |   → 2/120: ✅ 0 взято | 🗑️ 0 мусор
2026-06-27 02:03:20,903 | INFO     |   → 3/120: ✅ 0 взято | 🗑️ 0 мусор
2026-06-27 02:03:20,903 | INFO     |   → 4/120: ✅ 0 взято | 🗑️ 0 мусор
2026-06-27 02:03:20,903 | INFO     |   → 5/120: ✅ 0 взято | 🗑️ 0 мусор
2026-06-27 02:03:20,903 | INFO     |   → 6/120: ✅ 0 взято | 🗑️ 0 мусор
2026-06-27 02:03:20,903 | INFO     |   → 7/120: ✅ 0 взято | 🗑️ 0 мусор
2026-06-27 02:03:20,904 | INFO     |   → 8/120: ✅ 0 взято | 🗑️ 0 мусор
2026-06-27 02:03:20,904 | INFO     |   → 9/120: ✅ 0 взято | 🗑️ 0 мусор
2026-06-27 02:03:20,904 | INFO     |   → 10/120: ✅ 0 взято | 🗑️ 0 мусор
2026-06-27 02:03:20,904 | INFO     |   → 11/120: ✅ 0 взято | 🗑️ 0 мусор
2026-06-27 02:03:20,904 | INFO     |   → 12/120: ✅ 0 взято | 🗑️ 0 мусор
2026-06-27 02:03:20,904 | INFO     |   → 13/120: ✅ 0 взято | 🗑️ 0 мусор
2026-06-27 02:03:20,904 | INFO     |   → 14/120: ✅ 0 взято | 🗑️ 0 мусор
2026-06-27 02:03:20,904 | INFO     |   → 15/120: ✅ 0 взято | 🗑️ 0 мусор
2026-06-27 02:03:20,904 | INFO     |   → 16/120: ✅ 0 взято | 🗑️ 0 мусор
2026-06-27 02:03:20,904 | INFO     |   → 17/120: ✅ 0 взято | 🗑️ 0 мусор
2026-06-27 02:03:20,904 | INFO     |   → 18/120: ✅ 0 взято | 🗑️ 0 мусор
2026-06-27 02:03:20,904 | INFO     |   → 19/120: ✅ 0 взято | 🗑️ 0 мусор
2026-06-27 02:03:20,904 | INFO     |   → 20/120: ✅ 0 взято | 🗑️ 0 мусор
2026-06-27 02:03:20,904 | INFO     |   → 21/120: ✅ 0 взято | 🗑️ 0 мусор
2026-06-27 02:03:20,904 | INFO     |   → 22/120: ✅ 0 взято | 🗑️ 0 мусор
2026-06-27 02:03:20,904 | INFO     |   → 23/120: ✅ 0 взято | 🗑️ 0 мусор
2026-06-27 02:03:20,904 | INFO     |   → 24/120: ✅ 0 взято | 🗑️ 0 мусор
2026-06-27 02:03:20,904 | INFO     |   → 25/120: ✅ 0 взято | 🗑️ 0 мусор
2026-06-27 02:03:20,904 | INFO     |   → 26/120: ✅ 0 взято | 🗑️ 0 мусор
2026-06-27 02:03:20,904 | INFO     |   → 27/120: ✅ 0 взято | 🗑️ 0 мусор
2026-06-27 02:03:20,904 | INFO     |   → 28/120: ✅ 0 взято | 🗑️ 0 мусор
2026-06-27 02:03:20,904 | INFO     |   → 29/120: ✅ 0 взято | 🗑️ 0 мусор
2026-06-27 02:03:20,904 | INFO     |   → 30/120: ✅ 0 взято | 🗑️ 0 мусор
2026-06-27 02:03:20,904 | INFO     |   → 31/120: ✅ 0 взято | 🗑️ 0 мусор
2026-06-27 02:03:20,905 | INFO     |   → 32/120: ✅ 5 взято | 🗑️ 166 мусор
2026-06-27 02:03:20,905 | INFO     |   → 33/120: ✅ 0 взято | 🗑️ 115 мусор
2026-06-27 02:03:20,905 | INFO     |   → 34/120: ✅ 0 взято | 🗑️ 0 мусор
2026-06-27 02:03:20,905 | INFO     |   → 35/120: ✅ 0 взято | 🗑️ 0 мусор
2026-06-27 02:03:20,905 | INFO     |   → 36/120: ✅ 0 взято | 🗑️ 0 мусор
2026-06-27 02:03:20,905 | INFO     |   → 37/120: ✅ 1 взято | 🗑️ 226 мусор
2026-06-27 02:03:20,905 | INFO     |   → 38/120: ✅ 0 взято | 🗑️ 0 мусор
2026-06-27 02:03:20,905 | INFO     |   → 39/120: ✅ 1 взято | 🗑️ 169 мусор
2026-06-27 02:03:20,905 | INFO     |   → 40/120: ✅ 0 взято | 🗑️ 0 мусор
2026-06-27 02:03:20,905 | INFO     |   → 41/120: ✅ 1 взято | 🗑️ 213 мусор
2026-06-27 02:03:20,905 | INFO     |   → 42/120: ✅ 0 взято | 🗑️ 0 мусор
2026-06-27 02:03:20,905 | INFO     |   → 43/120: ✅ 0 взято | 🗑️ 0 мусор
2026-06-27 02:03:20,905 | INFO     |   → 44/120: ✅ 3 взято | 🗑️ 99 мусор
2026-06-27 02:03:20,905 | INFO     |   → 45/120: ✅ 0 взято | 🗑️ 0 мусор
2026-06-27 02:03:20,905 | INFO     |   → 46/120: ✅ 0 взято | 🗑️ 0 мусор
2026-06-27 02:03:20,905 | INFO     |   → 47/120: ✅ 2 взято | 🗑️ 96 мусор
2026-06-27 02:03:20,905 | INFO     |   → 48/120: ✅ 0 взято | 🗑️ 117 мусор
2026-06-27 02:03:20,905 | INFO     |   → 49/120: ✅ 11 взято | 🗑️ 225 мусор
2026-06-27 02:03:20,905 | INFO     |   → 50/120: ✅ 1 взято | 🗑️ 141 мусор
2026-06-27 02:03:20,905 | INFO     |   → 51/120: ✅ 0 взято | 🗑️ 96 мусор
2026-06-27 02:03:20,905 | INFO     |   → 52/120: ✅ 0 взято | 🗑️ 263 мусор
2026-06-27 02:03:20,905 | INFO     |   → 53/120: ✅ 0 взято | 🗑️ 0 мусор
2026-06-27 02:03:20,905 | INFO     |   → 54/120: ✅ 0 взято | 🗑️ 0 мусор
2026-06-27 02:03:20,905 | INFO     |   → 55/120: ✅ 0 взято | 🗑️ 137 мусор
2026-06-27 02:03:20,905 | INFO     |   → 56/120: ✅ 0 взято | 🗑️ 0 мусор
2026-06-27 02:03:20,905 | INFO     |   → 57/120: ✅ 0 взято | 🗑️ 112 мусор
2026-06-27 02:03:20,905 | INFO     |   → 58/120: ✅ 0 взято | 🗑️ 0 мусор
2026-06-27 02:03:20,905 | INFO     |   → 59/120: ✅ 3 взято | 🗑️ 100 мусор
2026-06-27 02:03:20,905 | INFO     |   → 60/120: ✅ 0 взято | 🗑️ 0 мусор
2026-06-27 02:03:20,905 | INFO     |   → 61/120: ✅ 1 взято | 🗑️ 171 мусор
2026-06-27 02:03:20,905 | INFO     |   → 62/120: ✅ 0 взято | 🗑️ 0 мусор
2026-06-27 02:03:20,905 | INFO     |   → 63/120: ✅ 0 взято | 🗑️ 202 мусор
2026-06-27 02:03:20,905 | INFO     |   → 64/120: ✅ 0 взято | 🗑️ 0 мусор
2026-06-27 02:03:20,905 | INFO     |   → 65/120: ✅ 0 взято | 🗑️ 138 мусор
2026-06-27 02:03:20,905 | INFO     |   → 66/120: ✅ 0 взято | 🗑️ 0 мусор
2026-06-27 02:03:20,905 | INFO     |   → 67/120: ✅ 0 взято | 🗑️ 236 мусор
2026-06-27 02:03:20,905 | INFO     |   → 68/120: ✅ 0 взято | 🗑️ 0 мусор
2026-06-27 02:03:20,905 | INFO     |   → 69/120: ✅ 0 взято | 🗑️ 192 мусор
2026-06-27 02:03:20,906 | INFO     |   → 70/120: ✅ 0 взято | 🗑️ 0 мусор
2026-06-27 02:03:20,906 | INFO     |   → 71/120: ✅ 1 взято | 🗑️ 174 мусор
2026-06-27 02:03:20,906 | INFO     |   → 72/120: ✅ 0 взято | 🗑️ 0 мусор
2026-06-27 02:03:20,906 | INFO     |   → 73/120: ✅ 1 взято | 🗑️ 149 мусор
2026-06-27 02:03:20,906 | INFO     |   → 74/120: ✅ 0 взято | 🗑️ 0 мусор
2026-06-27 02:03:20,906 | INFO     |   → 75/120: ✅ 3 взято | 🗑️ 147 мусор
2026-06-27 02:03:20,906 | INFO     |   → 76/120: ✅ 0 взято | 🗑️ 0 мусор
2026-06-27 02:03:20,906 | INFO     |   → 77/120: ✅ 2 взято | 🗑️ 196 мусор
2026-06-27 02:03:20,906 | INFO     |   → 78/120: ✅ 0 взято | 🗑️ 0 мусор
2026-06-27 02:03:20,906 | INFO     |   → 79/120: ✅ 2 взято | 🗑️ 277 мусор
2026-06-27 02:03:20,906 | INFO     |   → 80/120: ✅ 0 взято | 🗑️ 0 мусор
2026-06-27 02:03:20,906 | INFO     |   → 81/120: ✅ 0 взято | 🗑️ 211 мусор
2026-06-27 02:03:20,906 | INFO     |   → 82/120: ✅ 0 взято | 🗑️ 0 мусор
2026-06-27 02:03:20,906 | INFO     |   → 83/120: ✅ 1 взято | 🗑️ 229 мусор
2026-06-27 02:03:20,906 | INFO     |   → 84/120: ✅ 0 взято | 🗑️ 0 мусор
2026-06-27 02:03:20,906 | INFO     |   → 85/120: ✅ 1 взято | 🗑️ 131 мусор
2026-06-27 02:03:20,906 | INFO     |   → 86/120: ✅ 0 взято | 🗑️ 0 мусор
2026-06-27 02:03:20,906 | INFO     |   → 87/120: ✅ 5 взято | 🗑️ 9 мусор
2026-06-27 02:03:20,906 | INFO     |   → 88/120: ✅ 0 взято | 🗑️ 9 мусор
2026-06-27 02:03:20,906 | INFO     |   → 89/120: ✅ 0 взято | 🗑️ 9 мусор
2026-06-27 02:03:20,906 | INFO     |   → 90/120: ✅ 0 взято | 🗑️ 9 мусор
2026-06-27 02:03:20,906 | INFO     |   → 91/120: ✅ 0 взято | 🗑️ 9 мусор
2026-06-27 02:03:20,906 | INFO     |   → 92/120: ✅ 0 взято | 🗑️ 9 мусор
2026-06-27 02:03:20,907 | INFO     |   → 93/120: ✅ 0 взято | 🗑️ 9 мусор
2026-06-27 02:03:20,907 | INFO     |   → 94/120: ✅ 0 взято | 🗑️ 9 мусор
2026-06-27 02:03:20,907 | INFO     |   → 95/120: ✅ 13 взято | 🗑️ 10 мусор
2026-06-27 02:03:20,907 | INFO     |   → 96/120: ✅ 0 взято | 🗑️ 10 мусор
2026-06-27 02:03:20,907 | INFO     |   → 97/120: ✅ 0 взято | 🗑️ 10 мусор
2026-06-27 02:03:20,907 | INFO     |   → 98/120: ✅ 0 взято | 🗑️ 10 мусор
2026-06-27 02:03:20,907 | INFO     |   → 99/120: ✅ 0 взято | 🗑️ 10 мусор
2026-06-27 02:03:20,907 | INFO     |   → 100/120: ✅ 0 взято | 🗑️ 10 мусор
2026-06-27 02:03:20,907 | INFO     |   → 101/120: ✅ 0 взято | 🗑️ 9 мусор
2026-06-27 02:03:20,907 | INFO     |   → 102/120: ✅ 0 взято | 🗑️ 9 мусор
2026-06-27 02:03:20,907 | INFO     |   → 103/120: ✅ 0 взято | 🗑️ 9 мусор
2026-06-27 02:03:20,907 | INFO     |   → 104/120: ✅ 0 взято | 🗑️ 9 мусор
2026-06-27 02:03:20,907 | INFO     |   → 105/120: ✅ 0 взято | 🗑️ 9 мусор
2026-06-27 02:03:20,907 | INFO     |   → 106/120: ✅ 0 взято | 🗑️ 9 мусор
2026-06-27 02:03:20,907 | INFO     |   → 107/120: ✅ 0 взято | 🗑️ 9 мусор
2026-06-27 02:03:20,907 | INFO     |   → 108/120: ✅ 0 взято | 🗑️ 9 мусор
2026-06-27 02:03:20,907 | INFO     |   → 109/120: ✅ 0 взято | 🗑️ 10 мусор
2026-06-27 02:03:20,907 | INFO     |   → 110/120: ✅ 0 взято | 🗑️ 10 мусор
2026-06-27 02:03:20,908 | INFO     |   → 111/120: ✅ 0 взято | 🗑️ 10 мусор
2026-06-27 02:03:20,908 | INFO     |   → 112/120: ✅ 0 взято | 🗑️ 10 мусор
2026-06-27 02:03:20,908 | INFO     |   → 113/120: ✅ 0 взято | 🗑️ 10 мусор
2026-06-27 02:03:20,908 | INFO     |   → 114/120: ✅ 0 взято | 🗑️ 10 мусор
2026-06-27 02:03:20,908 | INFO     |   → 115/120: ✅ 0 взято | 🗑️ 0 мусор
2026-06-27 02:03:20,908 | INFO     |   → 116/120: ✅ 4 взято | 🗑️ 458 мусор
2026-06-27 02:03:20,908 | INFO     |   → 117/120: ✅ 0 взято | 🗑️ 0 мусор
2026-06-27 02:03:20,908 | INFO     |   → 118/120: ✅ 1 взято | 🗑️ 164 мусор
2026-06-27 02:03:20,908 | INFO     |   → 119/120: ✅ 0 взято | 🗑️ 0 мусор
2026-06-27 02:03:20,908 | INFO     |   → 120/120: ✅ 6 взято | 🗑️ 221 мусор
2026-06-27 02:03:20,908 | INFO     |   → 📡 С sstap.org получено 0 ключей
2026-06-27 02:03:20,908 | INFO     |   → 📡 С sstap.org не добавлено ни одного ключа (все 0 отклонены фильтром)
2026-06-27 02:03:20,908 | INFO     |   → ✅ ГОТОВО!
2026-06-27 02:03:20,908 | INFO     |   →    📥 Всего ключей после фильтра: 69
2026-06-27 02:03:20,908 | INFO     |   →    🔗 Уникальных IP:PORT:SCHEME: 54
2026-06-27 02:03:20,908 | INFO     |   →    🗑️ Выброшено мусора: 5835
2026-06-27 02:03:20,908 | INFO     |   → 📊 По протоколам:
2026-06-27 02:03:20,909 | INFO     |   →    vless: 43
2026-06-27 02:03:20,909 | INFO     |   →    vmess: 1
2026-06-27 02:03:20,909 | INFO     |   →    trojan: 8
2026-06-27 02:03:20,909 | INFO     |   →    hysteria2: 2
2026-06-27 02:03:20,909 | INFO     | ✅ mirror.py завершён успешно
2026-06-27 02:03:20,909 | INFO     | 
2026-06-27 02:03:20,909 | INFO     | 
2026-06-27 02:03:20,909 | INFO     | ──────────────────────────────────────────────────────────────────────
2026-06-27 02:03:20,909 | INFO     | 📌 ЭТАП: Генерация 50 уникальных CF-VLESS
2026-06-27 02:03:20,909 | INFO     | ──────────────────────────────────────────────────────────────────────
2026-06-27 02:03:20,909 | INFO     | 🚀 Запуск generate_cf_vless.py (50 новых CF-VLESS)...
2026-06-27 02:03:21,080 | INFO     |   → === Генератор свежих VLESS-конфигов на IP Cloudflare ===
2026-06-27 02:03:21,080 | INFO     |   → ✅ Сгенерировано и сохранено 50 VLESS-конфигов.
2026-06-27 02:03:21,080 | INFO     |   → 📂 Файл: /home/runner/work/vpn-vless-configs-russia/vpn-vless-configs-russia/data/githubmirror/new/cf_fresh.txt
2026-06-27 02:03:21,080 | INFO     | ✅ generate_cf_vless.py завершён успешно
2026-06-27 02:03:21,080 | INFO     | 
2026-06-27 02:03:21,080 | INFO     | 
2026-06-27 02:03:21,080 | INFO     | ──────────────────────────────────────────────────────────────────────
2026-06-27 02:03:21,080 | INFO     | 📌 ЭТАП: Слияние CF с основным списком
2026-06-27 02:03:21,080 | INFO     | ──────────────────────────────────────────────────────────────────────
2026-06-27 02:03:21,082 | INFO     | 🔄 Добавлено 50 новых CF-VLESS в /home/runner/work/vpn-vless-configs-russia/vpn-vless-configs-russia/data/githubmirror/clean/vless.txt
2026-06-27 02:03:21,082 | INFO     | 📊 Всего в clean/vless.txt теперь: 93
2026-06-27 02:03:21,082 | INFO     | 
2026-06-27 02:03:21,082 | INFO     | 
2026-06-27 02:03:21,082 | INFO     | ──────────────────────────────────────────────────────────────────────
2026-06-27 02:03:21,082 | INFO     | 📌 ЭТАП: Фильтрация по реальному SNI
2026-06-27 02:03:21,082 | INFO     | ──────────────────────────────────────────────────────────────────────
2026-06-27 02:03:21,082 | INFO     | 🚀 Запуск filter_ru_sni.py (Фильтр по реальному SNI (CDN+RU))...
2026-06-27 02:03:21,111 | INFO     |   → hysteria2.txt: 2 → 0 (SNI-filtered)
2026-06-27 02:03:21,111 | INFO     |   →   trojan.txt: 8 → 0 (SNI-filtered)
2026-06-27 02:03:21,111 | INFO     |   →   vless.txt: 93 → 54 (SNI-filtered)
2026-06-27 02:03:21,111 | INFO     |   →   vmess.txt: 1 → 0 (SNI-filtered)
2026-06-27 02:03:21,111 | INFO     |   → ==================================================
2026-06-27 02:03:21,111 | INFO     |   →   Всего входных:  104
2026-06-27 02:03:21,111 | INFO     |   →   Прошли фильтр:  54
2026-06-27 02:03:21,111 | INFO     |   →   Отброшено:      50
2026-06-27 02:03:21,111 | INFO     |   → ==================================================
2026-06-27 02:03:21,111 | INFO     |   → Готово → /home/runner/work/vpn-vless-configs-russia/vpn-vless-configs-russia/data/githubmirror/ru-sni
2026-06-27 02:03:21,111 | INFO     | ✅ filter_ru_sni.py завершён успешно
2026-06-27 02:03:21,111 | INFO     | 
2026-06-27 02:03:21,111 | INFO     | 
2026-06-27 02:03:21,111 | INFO     | ──────────────────────────────────────────────────────────────────────
2026-06-27 02:03:21,111 | INFO     | 📌 ЭТАП: Экспериментальный RU-SNI фильтр
2026-06-27 02:03:21,111 | INFO     | ──────────────────────────────────────────────────────────────────────
2026-06-27 02:03:21,112 | INFO     | 🚀 Запуск filter_ru_sni_local.py (Экспериментальный фильтр по RU-SNI)...
2026-06-27 02:03:21,140 | INFO     |   → hysteria2.txt: 2 → 0 (RU-SNI)
2026-06-27 02:03:21,140 | INFO     |   → trojan.txt: 8 → 0 (RU-SNI)
2026-06-27 02:03:21,140 | INFO     |   → vless.txt: 93 → 0 (RU-SNI)
2026-06-27 02:03:21,140 | INFO     |   → vmess.txt: 1 → 0 (RU-SNI)
2026-06-27 02:03:21,140 | INFO     |   → ==================================================
2026-06-27 02:03:21,140 | INFO     |   → Всего входных:  104
2026-06-27 02:03:21,140 | INFO     |   → Прошли RU-SNI:  0
2026-06-27 02:03:21,140 | INFO     |   → Отброшено:      104
2026-06-27 02:03:21,140 | INFO     |   → ==================================================
2026-06-27 02:03:21,140 | INFO     |   → Готово → /home/runner/work/vpn-vless-configs-russia/vpn-vless-configs-russia/data/githubmirror/ru-sni-local
2026-06-27 02:03:21,140 | INFO     | ✅ filter_ru_sni_local.py завершён успешно
2026-06-27 02:03:21,141 | INFO     | 
2026-06-27 02:03:21,141 | INFO     | 
2026-06-27 02:03:21,141 | INFO     | ──────────────────────────────────────────────────────────────────────
2026-06-27 02:03:21,141 | INFO     | 📌 ЭТАП: Сбор статистики
2026-06-27 02:03:21,141 | INFO     | ──────────────────────────────────────────────────────────────────────
2026-06-27 02:03:21,141 | INFO     | 📊 Сбор статистики...
2026-06-27 02:03:21,141 | INFO     |   📁 githubmirror/clean:
2026-06-27 02:03:21,141 | INFO     |     • hysteria2   :     2 конфигов
2026-06-27 02:03:21,141 | INFO     |     • trojan      :     8 конфигов
2026-06-27 02:03:21,141 | INFO     |     • vless       :    93 конфигов
2026-06-27 02:03:21,142 | INFO     |     • vmess       :     1 конфигов
2026-06-27 02:03:21,142 | INFO     |   📁 githubmirror/ru-sni:
2026-06-27 02:03:21,142 | INFO     |     • hysteria2   :     0 конфигов (  0.0% от clean)
2026-06-27 02:03:21,142 | INFO     |     • trojan      :     0 конфигов (  0.0% от clean)
2026-06-27 02:03:21,142 | INFO     |     • vless       :    54 конфигов ( 58.1% от clean)
2026-06-27 02:03:21,142 | INFO     |     • vmess       :     0 конфигов (  0.0% от clean)
2026-06-27 02:03:21,142 | INFO     |   ✨ Новых CF-VLESS в этом запуске: 50
2026-06-27 02:03:21,142 | INFO     | 
2026-06-27 02:03:21,142 | INFO     |   ──────────────────────────────────────────────────
2026-06-27 02:03:21,142 | INFO     |   📈 ИТОГО:
2026-06-27 02:03:21,142 | INFO     |     Clean (после geo-фильтра):      104
2026-06-27 02:03:21,142 | INFO     |     RU-SNI (после SNI-фильтра):      54
2026-06-27 02:03:21,143 | INFO     |     Прошло фильтр:                 51.9%
2026-06-27 02:03:21,143 | INFO     |   ──────────────────────────────────────────────────
2026-06-27 02:03:21,143 | INFO     | ✅ Статистика сохранена: /home/runner/work/vpn-vless-configs-russia/vpn-vless-configs-russia/data/stats.json
2026-06-27 02:03:21,143 | INFO     | 
2026-06-27 02:03:21,143 | INFO     | ======================================================================
2026-06-27 02:03:21,143 | INFO     | 📊 ИТОГОВЫЙ ОТЧЁТ
2026-06-27 02:03:21,143 | INFO     | ======================================================================
2026-06-27 02:03:21,143 | INFO     |   ✅ OK         | Загрузка и geo-фильтрация
2026-06-27 02:03:21,143 | INFO     |   ✅ OK         | Генерация 50 уникальных CF-VLESS
2026-06-27 02:03:21,143 | INFO     |   ✅ OK         | Слияние CF с основным списком
2026-06-27 02:03:21,143 | INFO     |   ✅ OK         | Фильтрация по реальному SNI
2026-06-27 02:03:21,143 | INFO     |   ✅ OK         | Экспериментальный RU-SNI фильтр
2026-06-27 02:03:21,143 | INFO     |   ✅ OK         | Сбор статистики
2026-06-27 02:03:21,143 | INFO     | ──────────────────────────────────────────────────────────────────────
2026-06-27 02:03:21,143 | INFO     | ✅ ВСЕ ЭТАПЫ УСПЕШНЫ (6/6)
2026-06-27 02:03:21,143 | INFO     | ⏰ Время завершения: 2026-06-27 02:03:21
2026-06-27 02:03:21,143 | INFO     | ======================================================================
