2026-06-25 19:46:37,837 | INFO     | ======================================================================
2026-06-25 19:46:37,837 | INFO     | 🔍 VPN KEY CHECKER - Начало проверки
2026-06-25 19:46:37,838 | INFO     | ⏰ Время старта: 2026-06-25 19:46:37
2026-06-25 19:46:37,838 | INFO     | 📂 Рабочая директория: /home/runner/work/vpn-vless-configs-russia/vpn-vless-configs-russia
2026-06-25 19:46:37,838 | INFO     | ======================================================================
2026-06-25 19:46:37,838 | INFO     | 
2026-06-25 19:46:37,838 | INFO     | 🔍 Проверка наличия скриптов...
2026-06-25 19:46:37,838 | INFO     |   ✅ mirror.py
2026-06-25 19:46:37,838 | INFO     |   ✅ generate_cf_vless.py
2026-06-25 19:46:37,838 | INFO     |   ✅ filter_ru_sni.py
2026-06-25 19:46:37,838 | INFO     |   ✅ filter_ru_sni_local.py
2026-06-25 19:46:37,838 | INFO     | 
2026-06-25 19:46:37,838 | INFO     | ──────────────────────────────────────────────────────────────────────
2026-06-25 19:46:37,838 | INFO     | 📌 ЭТАП: Загрузка и geo-фильтрация
2026-06-25 19:46:37,838 | INFO     | ──────────────────────────────────────────────────────────────────────
2026-06-25 19:46:37,838 | INFO     | 🚀 Запуск mirror.py (Загрузка и фильтрация по РФ/СНГ/Европа)...
2026-06-25 19:47:17,118 | INFO     |   → DEBUG: mirror.py started
2026-06-25 19:47:17,118 | INFO     |   → DEBUG: BASE_PATH = /home/runner/work/vpn-vless-configs-russia/vpn-vless-configs-russia
2026-06-25 19:47:17,118 | INFO     |   → DEBUG: CONFIG_SOURCES_FILE = /home/runner/work/vpn-vless-configs-russia/vpn-vless-configs-russia/data/config_sources.json
2026-06-25 19:47:17,118 | INFO     |   → 📂 Загружено 110 источников из /home/runner/work/vpn-vless-configs-russia/vpn-vless-configs-russia/data/config_sources.json
2026-06-25 19:47:17,118 | INFO     |   → 🚀 Старт: всего источников: 110
2026-06-25 19:47:17,118 | INFO     |   → 1/110: ✅ 0 взято | 🗑️ 0 мусор
2026-06-25 19:47:17,118 | INFO     |   → 2/110: ✅ 0 взято | 🗑️ 0 мусор
2026-06-25 19:47:17,118 | INFO     |   → 3/110: ✅ 0 взято | 🗑️ 0 мусор
2026-06-25 19:47:17,118 | INFO     |   → 4/110: ✅ 0 взято | 🗑️ 0 мусор
2026-06-25 19:47:17,118 | INFO     |   → 5/110: ✅ 0 взято | 🗑️ 0 мусор
2026-06-25 19:47:17,118 | INFO     |   → 6/110: ✅ 0 взято | 🗑️ 0 мусор
2026-06-25 19:47:17,119 | INFO     |   → 7/110: ✅ 0 взято | 🗑️ 0 мусор
2026-06-25 19:47:17,119 | INFO     |   → 8/110: ✅ 0 взято | 🗑️ 0 мусор
2026-06-25 19:47:17,119 | INFO     |   → 9/110: ✅ 0 взято | 🗑️ 0 мусор
2026-06-25 19:47:17,119 | INFO     |   → 10/110: ✅ 0 взято | 🗑️ 0 мусор
2026-06-25 19:47:17,119 | INFO     |   → 11/110: ✅ 0 взято | 🗑️ 0 мусор
2026-06-25 19:47:17,119 | INFO     |   → 12/110: ✅ 0 взято | 🗑️ 0 мусор
2026-06-25 19:47:17,119 | INFO     |   → 13/110: ✅ 0 взято | 🗑️ 0 мусор
2026-06-25 19:47:17,119 | INFO     |   → 14/110: ✅ 0 взято | 🗑️ 0 мусор
2026-06-25 19:47:17,119 | INFO     |   → 15/110: ✅ 0 взято | 🗑️ 0 мусор
2026-06-25 19:47:17,119 | INFO     |   → 16/110: ✅ 0 взято | 🗑️ 0 мусор
2026-06-25 19:47:17,119 | INFO     |   → 17/110: ✅ 0 взято | 🗑️ 0 мусор
2026-06-25 19:47:17,119 | INFO     |   → 18/110: ✅ 0 взято | 🗑️ 0 мусор
2026-06-25 19:47:17,119 | INFO     |   → 19/110: ✅ 0 взято | 🗑️ 0 мусор
2026-06-25 19:47:17,119 | INFO     |   → 20/110: ✅ 0 взято | 🗑️ 0 мусор
2026-06-25 19:47:17,119 | INFO     |   → 21/110: ✅ 0 взято | 🗑️ 0 мусор
2026-06-25 19:47:17,119 | INFO     |   → 22/110: ✅ 0 взято | 🗑️ 0 мусор
2026-06-25 19:47:17,119 | INFO     |   → 23/110: ✅ 0 взято | 🗑️ 0 мусор
2026-06-25 19:47:17,119 | INFO     |   → 24/110: ✅ 0 взято | 🗑️ 0 мусор
2026-06-25 19:47:17,119 | INFO     |   → 25/110: ✅ 0 взято | 🗑️ 0 мусор
2026-06-25 19:47:17,119 | INFO     |   → 26/110: ✅ 0 взято | 🗑️ 0 мусор
2026-06-25 19:47:17,119 | INFO     |   → 27/110: ✅ 5 взято | 🗑️ 166 мусор
2026-06-25 19:47:17,119 | INFO     |   → 28/110: ✅ 0 взято | 🗑️ 115 мусор
2026-06-25 19:47:17,119 | INFO     |   → 29/110: ✅ 0 взято | 🗑️ 0 мусор
2026-06-25 19:47:17,119 | INFO     |   → 30/110: ✅ 0 взято | 🗑️ 0 мусор
2026-06-25 19:47:17,119 | INFO     |   → 31/110: ✅ 0 взято | 🗑️ 0 мусор
2026-06-25 19:47:17,119 | INFO     |   → 32/110: ✅ 1 взято | 🗑️ 226 мусор
2026-06-25 19:47:17,120 | INFO     |   → 33/110: ✅ 0 взято | 🗑️ 0 мусор
2026-06-25 19:47:17,120 | INFO     |   → 34/110: ✅ 1 взято | 🗑️ 169 мусор
2026-06-25 19:47:17,120 | INFO     |   → 35/110: ✅ 0 взято | 🗑️ 0 мусор
2026-06-25 19:47:17,120 | INFO     |   → 36/110: ✅ 1 взято | 🗑️ 213 мусор
2026-06-25 19:47:17,120 | INFO     |   → 37/110: ✅ 0 взято | 🗑️ 0 мусор
2026-06-25 19:47:17,120 | INFO     |   → 38/110: ✅ 0 взято | 🗑️ 0 мусор
2026-06-25 19:47:17,120 | INFO     |   → 39/110: ✅ 3 взято | 🗑️ 99 мусор
2026-06-25 19:47:17,120 | INFO     |   → 40/110: ✅ 0 взято | 🗑️ 0 мусор
2026-06-25 19:47:17,120 | INFO     |   → 41/110: ✅ 0 взято | 🗑️ 0 мусор
2026-06-25 19:47:17,120 | INFO     |   → 42/110: ✅ 0 взято | 🗑️ 117 мусор
2026-06-25 19:47:17,120 | INFO     |   → 43/110: ✅ 11 взято | 🗑️ 225 мусор
2026-06-25 19:47:17,120 | INFO     |   → 44/110: ✅ 1 взято | 🗑️ 141 мусор
2026-06-25 19:47:17,120 | INFO     |   → 45/110: ✅ 0 взято | 🗑️ 96 мусор
2026-06-25 19:47:17,120 | INFO     |   → 46/110: ✅ 1 взято | 🗑️ 263 мусор
2026-06-25 19:47:17,120 | INFO     |   → 47/110: ✅ 0 взято | 🗑️ 0 мусор
2026-06-25 19:47:17,120 | INFO     |   → 48/110: ✅ 0 взято | 🗑️ 0 мусор
2026-06-25 19:47:17,120 | INFO     |   → 49/110: ✅ 0 взято | 🗑️ 137 мусор
2026-06-25 19:47:17,120 | INFO     |   → 50/110: ✅ 0 взято | 🗑️ 0 мусор
2026-06-25 19:47:17,120 | INFO     |   → 51/110: ✅ 0 взято | 🗑️ 112 мусор
2026-06-25 19:47:17,120 | INFO     |   → 52/110: ✅ 0 взято | 🗑️ 0 мусор
2026-06-25 19:47:17,120 | INFO     |   → 53/110: ✅ 3 взято | 🗑️ 100 мусор
2026-06-25 19:47:17,120 | INFO     |   → 54/110: ✅ 0 взято | 🗑️ 0 мусор
2026-06-25 19:47:17,120 | INFO     |   → 55/110: ✅ 1 взято | 🗑️ 171 мусор
2026-06-25 19:47:17,120 | INFO     |   → 56/110: ✅ 0 взято | 🗑️ 0 мусор
2026-06-25 19:47:17,120 | INFO     |   → 57/110: ✅ 0 взято | 🗑️ 202 мусор
2026-06-25 19:47:17,120 | INFO     |   → 58/110: ✅ 0 взято | 🗑️ 0 мусор
2026-06-25 19:47:17,121 | INFO     |   → 59/110: ✅ 0 взято | 🗑️ 138 мусор
2026-06-25 19:47:17,121 | INFO     |   → 60/110: ✅ 0 взято | 🗑️ 0 мусор
2026-06-25 19:47:17,121 | INFO     |   → 61/110: ✅ 0 взято | 🗑️ 236 мусор
2026-06-25 19:47:17,121 | INFO     |   → 62/110: ✅ 0 взято | 🗑️ 0 мусор
2026-06-25 19:47:17,121 | INFO     |   → 63/110: ✅ 0 взято | 🗑️ 192 мусор
2026-06-25 19:47:17,121 | INFO     |   → 64/110: ✅ 0 взято | 🗑️ 0 мусор
2026-06-25 19:47:17,121 | INFO     |   → 65/110: ✅ 1 взято | 🗑️ 174 мусор
2026-06-25 19:47:17,121 | INFO     |   → 66/110: ✅ 0 взято | 🗑️ 0 мусор
2026-06-25 19:47:17,121 | INFO     |   → 67/110: ✅ 1 взято | 🗑️ 149 мусор
2026-06-25 19:47:17,121 | INFO     |   → 68/110: ✅ 0 взято | 🗑️ 0 мусор
2026-06-25 19:47:17,121 | INFO     |   → 69/110: ✅ 3 взято | 🗑️ 147 мусор
2026-06-25 19:47:17,121 | INFO     |   → 70/110: ✅ 0 взято | 🗑️ 0 мусор
2026-06-25 19:47:17,121 | INFO     |   → 71/110: ✅ 2 взято | 🗑️ 196 мусор
2026-06-25 19:47:17,121 | INFO     |   → 72/110: ✅ 0 взято | 🗑️ 0 мусор
2026-06-25 19:47:17,121 | INFO     |   → 73/110: ✅ 2 взято | 🗑️ 277 мусор
2026-06-25 19:47:17,121 | INFO     |   → 74/110: ✅ 0 взято | 🗑️ 0 мусор
2026-06-25 19:47:17,121 | INFO     |   → 75/110: ✅ 0 взято | 🗑️ 211 мусор
2026-06-25 19:47:17,121 | INFO     |   → 76/110: ✅ 0 взято | 🗑️ 0 мусор
2026-06-25 19:47:17,121 | INFO     |   → 77/110: ✅ 1 взято | 🗑️ 229 мусор
2026-06-25 19:47:17,121 | INFO     |   → 78/110: ✅ 0 взято | 🗑️ 0 мусор
2026-06-25 19:47:17,121 | INFO     |   → 79/110: ✅ 5 взято | 🗑️ 9 мусор
2026-06-25 19:47:17,121 | INFO     |   → 80/110: ✅ 0 взято | 🗑️ 9 мусор
2026-06-25 19:47:17,121 | INFO     |   → 81/110: ✅ 0 взято | 🗑️ 9 мусор
2026-06-25 19:47:17,121 | INFO     |   → 82/110: ✅ 0 взято | 🗑️ 9 мусор
2026-06-25 19:47:17,121 | INFO     |   → 83/110: ✅ 0 взято | 🗑️ 9 мусор
2026-06-25 19:47:17,121 | INFO     |   → 84/110: ✅ 0 взято | 🗑️ 9 мусор
2026-06-25 19:47:17,121 | INFO     |   → 85/110: ✅ 0 взято | 🗑️ 9 мусор
2026-06-25 19:47:17,121 | INFO     |   → 86/110: ✅ 0 взято | 🗑️ 9 мусор
2026-06-25 19:47:17,121 | INFO     |   → 87/110: ✅ 13 взято | 🗑️ 10 мусор
2026-06-25 19:47:17,121 | INFO     |   → 88/110: ✅ 0 взято | 🗑️ 10 мусор
2026-06-25 19:47:17,121 | INFO     |   → 89/110: ✅ 0 взято | 🗑️ 10 мусор
2026-06-25 19:47:17,121 | INFO     |   → 90/110: ✅ 0 взято | 🗑️ 10 мусор
2026-06-25 19:47:17,121 | INFO     |   → 91/110: ✅ 0 взято | 🗑️ 10 мусор
2026-06-25 19:47:17,121 | INFO     |   → 92/110: ✅ 0 взято | 🗑️ 9 мусор
2026-06-25 19:47:17,121 | INFO     |   → 93/110: ✅ 0 взято | 🗑️ 9 мусор
2026-06-25 19:47:17,121 | INFO     |   → 94/110: ✅ 0 взято | 🗑️ 9 мусор
2026-06-25 19:47:17,121 | INFO     |   → 95/110: ✅ 0 взято | 🗑️ 9 мусор
2026-06-25 19:47:17,121 | INFO     |   → 96/110: ✅ 0 взято | 🗑️ 9 мусор
2026-06-25 19:47:17,121 | INFO     |   → 97/110: ✅ 0 взято | 🗑️ 9 мусор
2026-06-25 19:47:17,121 | INFO     |   → 98/110: ✅ 0 взято | 🗑️ 9 мусор
2026-06-25 19:47:17,121 | INFO     |   → 99/110: ✅ 0 взято | 🗑️ 9 мусор
2026-06-25 19:47:17,121 | INFO     |   → 100/110: ✅ 0 взято | 🗑️ 10 мусор
2026-06-25 19:47:17,122 | INFO     |   → 101/110: ✅ 0 взято | 🗑️ 10 мусор
2026-06-25 19:47:17,122 | INFO     |   → 102/110: ✅ 0 взято | 🗑️ 10 мусор
2026-06-25 19:47:17,122 | INFO     |   → 103/110: ✅ 0 взято | 🗑️ 10 мусор
2026-06-25 19:47:17,122 | INFO     |   → 104/110: ✅ 0 взято | 🗑️ 10 мусор
2026-06-25 19:47:17,122 | INFO     |   → 105/110: ✅ 0 взято | 🗑️ 0 мусор
2026-06-25 19:47:17,122 | INFO     |   → 106/110: ✅ 4 взято | 🗑️ 458 мусор
2026-06-25 19:47:17,122 | INFO     |   → 107/110: ✅ 0 взято | 🗑️ 0 мусор
2026-06-25 19:47:17,122 | INFO     |   → 108/110: ✅ 1 взято | 🗑️ 164 мусор
2026-06-25 19:47:17,122 | INFO     |   → 109/110: ✅ 0 взято | 🗑️ 0 мусор
2026-06-25 19:47:17,122 | INFO     |   → 110/110: ✅ 6 взято | 🗑️ 221 мусор
2026-06-25 19:47:17,122 | INFO     |   → 📡 С sstap.org получено 0 ключей
2026-06-25 19:47:17,122 | INFO     |   → 📡 С sstap.org не добавлено ни одного ключа (все 0 отклонены фильтром)
2026-06-25 19:47:17,122 | INFO     |   → ✅ ГОТОВО!
2026-06-25 19:47:17,122 | INFO     |   →    📥 Всего ключей после фильтра: 67
2026-06-25 19:47:17,122 | INFO     |   →    🔗 Уникальных IP:PORT:SCHEME: 52
2026-06-25 19:47:17,122 | INFO     |   →    🗑️ Выброшено мусора: 5588
2026-06-25 19:47:17,122 | INFO     |   → 📊 По протоколам:
2026-06-25 19:47:17,122 | INFO     |   →    vless: 41
2026-06-25 19:47:17,122 | INFO     |   →    vmess: 1
2026-06-25 19:47:17,122 | INFO     |   →    trojan: 8
2026-06-25 19:47:17,122 | INFO     |   →    hysteria2: 2
2026-06-25 19:47:17,122 | INFO     | ✅ mirror.py завершён успешно
2026-06-25 19:47:17,122 | INFO     | 
2026-06-25 19:47:17,122 | INFO     | 
2026-06-25 19:47:17,122 | INFO     | ──────────────────────────────────────────────────────────────────────
2026-06-25 19:47:17,122 | INFO     | 📌 ЭТАП: Генерация 50 уникальных CF-VLESS
2026-06-25 19:47:17,122 | INFO     | ──────────────────────────────────────────────────────────────────────
2026-06-25 19:47:17,122 | INFO     | 🚀 Запуск generate_cf_vless.py (50 новых CF-VLESS)...
2026-06-25 19:47:17,329 | INFO     |   → === Генератор свежих VLESS-конфигов на IP Cloudflare ===
2026-06-25 19:47:17,330 | INFO     |   → ✅ Сгенерировано и сохранено 50 VLESS-конфигов.
2026-06-25 19:47:17,330 | INFO     |   → 📂 Файл: /home/runner/work/vpn-vless-configs-russia/vpn-vless-configs-russia/data/githubmirror/new/cf_fresh.txt
2026-06-25 19:47:17,330 | INFO     | ✅ generate_cf_vless.py завершён успешно
2026-06-25 19:47:17,330 | INFO     | 
2026-06-25 19:47:17,330 | INFO     | 
2026-06-25 19:47:17,330 | INFO     | ──────────────────────────────────────────────────────────────────────
2026-06-25 19:47:17,330 | INFO     | 📌 ЭТАП: Слияние CF с основным списком
2026-06-25 19:47:17,330 | INFO     | ──────────────────────────────────────────────────────────────────────
2026-06-25 19:47:17,332 | INFO     | 🔄 Добавлено 50 новых CF-VLESS в /home/runner/work/vpn-vless-configs-russia/vpn-vless-configs-russia/data/githubmirror/clean/vless.txt
2026-06-25 19:47:17,332 | INFO     | 📊 Всего в clean/vless.txt теперь: 91
2026-06-25 19:47:17,332 | INFO     | 
2026-06-25 19:47:17,332 | INFO     | 
2026-06-25 19:47:17,332 | INFO     | ──────────────────────────────────────────────────────────────────────
2026-06-25 19:47:17,332 | INFO     | 📌 ЭТАП: Фильтрация по реальному SNI
2026-06-25 19:47:17,332 | INFO     | ──────────────────────────────────────────────────────────────────────
2026-06-25 19:47:17,332 | INFO     | 🚀 Запуск filter_ru_sni.py (Фильтр по реальному SNI (CDN+RU))...
2026-06-25 19:47:17,367 | INFO     |   → hysteria2.txt: 2 → 0 (SNI-filtered)
2026-06-25 19:47:17,367 | INFO     |   →   trojan.txt: 8 → 0 (SNI-filtered)
2026-06-25 19:47:17,367 | INFO     |   →   vless.txt: 91 → 53 (SNI-filtered)
2026-06-25 19:47:17,367 | INFO     |   →   vmess.txt: 1 → 0 (SNI-filtered)
2026-06-25 19:47:17,367 | INFO     |   → ==================================================
2026-06-25 19:47:17,367 | INFO     |   →   Всего входных:  102
2026-06-25 19:47:17,368 | INFO     |   →   Прошли фильтр:  53
2026-06-25 19:47:17,368 | INFO     |   →   Отброшено:      49
2026-06-25 19:47:17,368 | INFO     |   → ==================================================
2026-06-25 19:47:17,368 | INFO     |   → Готово → /home/runner/work/vpn-vless-configs-russia/vpn-vless-configs-russia/data/githubmirror/ru-sni
2026-06-25 19:47:17,368 | INFO     | ✅ filter_ru_sni.py завершён успешно
2026-06-25 19:47:17,368 | INFO     | 
2026-06-25 19:47:17,368 | INFO     | 
2026-06-25 19:47:17,368 | INFO     | ──────────────────────────────────────────────────────────────────────
2026-06-25 19:47:17,368 | INFO     | 📌 ЭТАП: Экспериментальный RU-SNI фильтр
2026-06-25 19:47:17,368 | INFO     | ──────────────────────────────────────────────────────────────────────
2026-06-25 19:47:17,368 | INFO     | 🚀 Запуск filter_ru_sni_local.py (Экспериментальный фильтр по RU-SNI)...
2026-06-25 19:47:17,404 | INFO     |   → hysteria2.txt: 2 → 0 (RU-SNI)
2026-06-25 19:47:17,404 | INFO     |   → trojan.txt: 8 → 0 (RU-SNI)
2026-06-25 19:47:17,404 | INFO     |   → vless.txt: 91 → 0 (RU-SNI)
2026-06-25 19:47:17,404 | INFO     |   → vmess.txt: 1 → 0 (RU-SNI)
2026-06-25 19:47:17,404 | INFO     |   → ==================================================
2026-06-25 19:47:17,404 | INFO     |   → Всего входных:  102
2026-06-25 19:47:17,404 | INFO     |   → Прошли RU-SNI:  0
2026-06-25 19:47:17,404 | INFO     |   → Отброшено:      102
2026-06-25 19:47:17,404 | INFO     |   → ==================================================
2026-06-25 19:47:17,404 | INFO     |   → Готово → /home/runner/work/vpn-vless-configs-russia/vpn-vless-configs-russia/data/githubmirror/ru-sni-local
2026-06-25 19:47:17,404 | INFO     | ✅ filter_ru_sni_local.py завершён успешно
2026-06-25 19:47:17,404 | INFO     | 
2026-06-25 19:47:17,404 | INFO     | 
2026-06-25 19:47:17,404 | INFO     | ──────────────────────────────────────────────────────────────────────
2026-06-25 19:47:17,404 | INFO     | 📌 ЭТАП: Сбор статистики
2026-06-25 19:47:17,404 | INFO     | ──────────────────────────────────────────────────────────────────────
2026-06-25 19:47:17,404 | INFO     | 📊 Сбор статистики...
2026-06-25 19:47:17,404 | INFO     |   📁 githubmirror/clean:
2026-06-25 19:47:17,405 | INFO     |     • hysteria2   :     2 конфигов
2026-06-25 19:47:17,405 | INFO     |     • trojan      :     8 конфигов
2026-06-25 19:47:17,405 | INFO     |     • vless       :    91 конфигов
2026-06-25 19:47:17,405 | INFO     |     • vmess       :     1 конфигов
2026-06-25 19:47:17,405 | INFO     |   📁 githubmirror/ru-sni:
2026-06-25 19:47:17,406 | INFO     |     • hysteria2   :     0 конфигов (  0.0% от clean)
2026-06-25 19:47:17,406 | INFO     |     • trojan      :     0 конфигов (  0.0% от clean)
2026-06-25 19:47:17,406 | INFO     |     • vless       :    53 конфигов ( 58.2% от clean)
2026-06-25 19:47:17,406 | INFO     |     • vmess       :     0 конфигов (  0.0% от clean)
2026-06-25 19:47:17,406 | INFO     |   ✨ Новых CF-VLESS в этом запуске: 50
2026-06-25 19:47:17,406 | INFO     | 
2026-06-25 19:47:17,406 | INFO     |   ──────────────────────────────────────────────────
2026-06-25 19:47:17,406 | INFO     |   📈 ИТОГО:
2026-06-25 19:47:17,406 | INFO     |     Clean (после geo-фильтра):      102
2026-06-25 19:47:17,406 | INFO     |     RU-SNI (после SNI-фильтра):      53
2026-06-25 19:47:17,406 | INFO     |     Прошло фильтр:                 52.0%
2026-06-25 19:47:17,406 | INFO     |   ──────────────────────────────────────────────────
2026-06-25 19:47:17,407 | INFO     | ✅ Статистика сохранена: /home/runner/work/vpn-vless-configs-russia/vpn-vless-configs-russia/data/stats.json
2026-06-25 19:47:17,407 | INFO     | 
2026-06-25 19:47:17,407 | INFO     | ======================================================================
2026-06-25 19:47:17,407 | INFO     | 📊 ИТОГОВЫЙ ОТЧЁТ
2026-06-25 19:47:17,407 | INFO     | ======================================================================
2026-06-25 19:47:17,407 | INFO     |   ✅ OK         | Загрузка и geo-фильтрация
2026-06-25 19:47:17,407 | INFO     |   ✅ OK         | Генерация 50 уникальных CF-VLESS
2026-06-25 19:47:17,407 | INFO     |   ✅ OK         | Слияние CF с основным списком
2026-06-25 19:47:17,407 | INFO     |   ✅ OK         | Фильтрация по реальному SNI
2026-06-25 19:47:17,407 | INFO     |   ✅ OK         | Экспериментальный RU-SNI фильтр
2026-06-25 19:47:17,407 | INFO     |   ✅ OK         | Сбор статистики
2026-06-25 19:47:17,407 | INFO     | ──────────────────────────────────────────────────────────────────────
2026-06-25 19:47:17,407 | INFO     | ✅ ВСЕ ЭТАПЫ УСПЕШНЫ (6/6)
2026-06-25 19:47:17,407 | INFO     | ⏰ Время завершения: 2026-06-25 19:47:17
2026-06-25 19:47:17,407 | INFO     | ======================================================================
