2026-06-24 23:00:54,680 | INFO     | ======================================================================
2026-06-24 23:00:54,680 | INFO     | 🔍 VPN KEY CHECKER - Начало проверки
2026-06-24 23:00:54,680 | INFO     | ⏰ Время старта: 2026-06-24 23:00:54
2026-06-24 23:00:54,680 | INFO     | 📂 Рабочая директория: /home/runner/work/vpn-vless-configs-russia/vpn-vless-configs-russia
2026-06-24 23:00:54,680 | INFO     | ======================================================================
2026-06-24 23:00:54,680 | INFO     | 
2026-06-24 23:00:54,680 | INFO     | 🔍 Проверка наличия скриптов...
2026-06-24 23:00:54,680 | INFO     |   ✅ mirror.py
2026-06-24 23:00:54,680 | INFO     |   ✅ generate_cf_vless.py
2026-06-24 23:00:54,680 | INFO     |   ✅ filter_ru_sni.py
2026-06-24 23:00:54,680 | INFO     |   ✅ filter_ru_sni_local.py
2026-06-24 23:00:54,680 | INFO     | 
2026-06-24 23:00:54,681 | INFO     | ──────────────────────────────────────────────────────────────────────
2026-06-24 23:00:54,681 | INFO     | 📌 ЭТАП: Загрузка и geo-фильтрация
2026-06-24 23:00:54,681 | INFO     | ──────────────────────────────────────────────────────────────────────
2026-06-24 23:00:54,681 | INFO     | 🚀 Запуск mirror.py (Загрузка и фильтрация по РФ/СНГ/Европа)...
2026-06-24 23:01:28,080 | INFO     |   → DEBUG: mirror.py started
2026-06-24 23:01:28,080 | INFO     |   → DEBUG: BASE_PATH = /home/runner/work/vpn-vless-configs-russia/vpn-vless-configs-russia
2026-06-24 23:01:28,080 | INFO     |   → DEBUG: CONFIG_SOURCES_FILE = /home/runner/work/vpn-vless-configs-russia/vpn-vless-configs-russia/data/config_sources.json
2026-06-24 23:01:28,080 | INFO     |   → 📂 Загружено 104 источников из /home/runner/work/vpn-vless-configs-russia/vpn-vless-configs-russia/data/config_sources.json
2026-06-24 23:01:28,080 | INFO     |   → 🚀 Старт: всего источников: 104
2026-06-24 23:01:28,080 | INFO     |   → 1/104: ✅ 0 взято | 🗑️ 0 мусор
2026-06-24 23:01:28,080 | INFO     |   → 2/104: ✅ 0 взято | 🗑️ 0 мусор
2026-06-24 23:01:28,080 | INFO     |   → 3/104: ✅ 0 взято | 🗑️ 0 мусор
2026-06-24 23:01:28,080 | INFO     |   → 4/104: ✅ 0 взято | 🗑️ 0 мусор
2026-06-24 23:01:28,080 | INFO     |   → 5/104: ✅ 0 взято | 🗑️ 0 мусор
2026-06-24 23:01:28,080 | INFO     |   → 6/104: ✅ 0 взято | 🗑️ 0 мусор
2026-06-24 23:01:28,080 | INFO     |   → 7/104: ✅ 0 взято | 🗑️ 0 мусор
2026-06-24 23:01:28,080 | INFO     |   → 8/104: ✅ 0 взято | 🗑️ 0 мусор
2026-06-24 23:01:28,080 | INFO     |   → 9/104: ✅ 0 взято | 🗑️ 0 мусор
2026-06-24 23:01:28,080 | INFO     |   → 10/104: ✅ 0 взято | 🗑️ 0 мусор
2026-06-24 23:01:28,081 | INFO     |   → 11/104: ✅ 0 взято | 🗑️ 0 мусор
2026-06-24 23:01:28,081 | INFO     |   → 12/104: ✅ 0 взято | 🗑️ 0 мусор
2026-06-24 23:01:28,081 | INFO     |   → 13/104: ✅ 0 взято | 🗑️ 0 мусор
2026-06-24 23:01:28,081 | INFO     |   → 14/104: ✅ 0 взято | 🗑️ 0 мусор
2026-06-24 23:01:28,081 | INFO     |   → 15/104: ✅ 0 взято | 🗑️ 0 мусор
2026-06-24 23:01:28,081 | INFO     |   → 16/104: ✅ 0 взято | 🗑️ 0 мусор
2026-06-24 23:01:28,081 | INFO     |   → 17/104: ✅ 0 взято | 🗑️ 0 мусор
2026-06-24 23:01:28,081 | INFO     |   → 18/104: ✅ 0 взято | 🗑️ 0 мусор
2026-06-24 23:01:28,081 | INFO     |   → 19/104: ✅ 0 взято | 🗑️ 0 мусор
2026-06-24 23:01:28,081 | INFO     |   → 20/104: ✅ 0 взято | 🗑️ 0 мусор
2026-06-24 23:01:28,081 | INFO     |   → 21/104: ✅ 0 взято | 🗑️ 0 мусор
2026-06-24 23:01:28,081 | INFO     |   → 22/104: ✅ 0 взято | 🗑️ 0 мусор
2026-06-24 23:01:28,081 | INFO     |   → 23/104: ✅ 0 взято | 🗑️ 0 мусор
2026-06-24 23:01:28,081 | INFO     |   → 24/104: ✅ 0 взято | 🗑️ 0 мусор
2026-06-24 23:01:28,081 | INFO     |   → 25/104: ✅ 0 взято | 🗑️ 0 мусор
2026-06-24 23:01:28,081 | INFO     |   → 26/104: ✅ 0 взято | 🗑️ 0 мусор
2026-06-24 23:01:28,081 | INFO     |   → 27/104: ✅ 5 взято | 🗑️ 166 мусор
2026-06-24 23:01:28,081 | INFO     |   → 28/104: ✅ 0 взято | 🗑️ 115 мусор
2026-06-24 23:01:28,081 | INFO     |   → 29/104: ✅ 0 взято | 🗑️ 0 мусор
2026-06-24 23:01:28,081 | INFO     |   → 30/104: ✅ 0 взято | 🗑️ 0 мусор
2026-06-24 23:01:28,081 | INFO     |   → 31/104: ✅ 0 взято | 🗑️ 0 мусор
2026-06-24 23:01:28,081 | INFO     |   → 32/104: ✅ 1 взято | 🗑️ 226 мусор
2026-06-24 23:01:28,081 | INFO     |   → 33/104: ✅ 0 взято | 🗑️ 0 мусор
2026-06-24 23:01:28,081 | INFO     |   → 34/104: ✅ 1 взято | 🗑️ 169 мусор
2026-06-24 23:01:28,081 | INFO     |   → 35/104: ✅ 0 взято | 🗑️ 0 мусор
2026-06-24 23:01:28,081 | INFO     |   → 36/104: ✅ 1 взято | 🗑️ 213 мусор
2026-06-24 23:01:28,081 | INFO     |   → 37/104: ✅ 0 взято | 🗑️ 0 мусор
2026-06-24 23:01:28,081 | INFO     |   → 38/104: ✅ 0 взято | 🗑️ 0 мусор
2026-06-24 23:01:28,081 | INFO     |   → 39/104: ✅ 3 взято | 🗑️ 99 мусор
2026-06-24 23:01:28,081 | INFO     |   → 40/104: ✅ 0 взято | 🗑️ 0 мусор
2026-06-24 23:01:28,081 | INFO     |   → 41/104: ✅ 0 взято | 🗑️ 0 мусор
2026-06-24 23:01:28,081 | INFO     |   → 42/104: ✅ 0 взято | 🗑️ 117 мусор
2026-06-24 23:01:28,081 | INFO     |   → 43/104: ✅ 11 взято | 🗑️ 225 мусор
2026-06-24 23:01:28,081 | INFO     |   → 44/104: ✅ 1 взято | 🗑️ 141 мусор
2026-06-24 23:01:28,081 | INFO     |   → 45/104: ✅ 0 взято | 🗑️ 96 мусор
2026-06-24 23:01:28,081 | INFO     |   → 46/104: ✅ 0 взято | 🗑️ 0 мусор
2026-06-24 23:01:28,081 | INFO     |   → 47/104: ✅ 0 взято | 🗑️ 0 мусор
2026-06-24 23:01:28,081 | INFO     |   → 48/104: ✅ 0 взято | 🗑️ 137 мусор
2026-06-24 23:01:28,081 | INFO     |   → 49/104: ✅ 0 взято | 🗑️ 112 мусор
2026-06-24 23:01:28,081 | INFO     |   → 50/104: ✅ 0 взято | 🗑️ 0 мусор
2026-06-24 23:01:28,082 | INFO     |   → 51/104: ✅ 3 взято | 🗑️ 100 мусор
2026-06-24 23:01:28,082 | INFO     |   → 52/104: ✅ 0 взято | 🗑️ 0 мусор
2026-06-24 23:01:28,082 | INFO     |   → 53/104: ✅ 1 взято | 🗑️ 171 мусор
2026-06-24 23:01:28,082 | INFO     |   → 54/104: ✅ 0 взято | 🗑️ 0 мусор
2026-06-24 23:01:28,082 | INFO     |   → 55/104: ✅ 0 взято | 🗑️ 202 мусор
2026-06-24 23:01:28,082 | INFO     |   → 56/104: ✅ 0 взято | 🗑️ 0 мусор
2026-06-24 23:01:28,082 | INFO     |   → 57/104: ✅ 0 взято | 🗑️ 138 мусор
2026-06-24 23:01:28,082 | INFO     |   → 58/104: ✅ 0 взято | 🗑️ 0 мусор
2026-06-24 23:01:28,082 | INFO     |   → 59/104: ✅ 0 взято | 🗑️ 236 мусор
2026-06-24 23:01:28,082 | INFO     |   → 60/104: ✅ 0 взято | 🗑️ 0 мусор
2026-06-24 23:01:28,082 | INFO     |   → 61/104: ✅ 0 взято | 🗑️ 192 мусор
2026-06-24 23:01:28,082 | INFO     |   → 62/104: ✅ 0 взято | 🗑️ 0 мусор
2026-06-24 23:01:28,082 | INFO     |   → 63/104: ✅ 1 взято | 🗑️ 174 мусор
2026-06-24 23:01:28,082 | INFO     |   → 64/104: ✅ 0 взято | 🗑️ 0 мусор
2026-06-24 23:01:28,082 | INFO     |   → 65/104: ✅ 1 взято | 🗑️ 149 мусор
2026-06-24 23:01:28,082 | INFO     |   → 66/104: ✅ 0 взято | 🗑️ 0 мусор
2026-06-24 23:01:28,082 | INFO     |   → 67/104: ✅ 3 взято | 🗑️ 147 мусор
2026-06-24 23:01:28,082 | INFO     |   → 68/104: ✅ 0 взято | 🗑️ 0 мусор
2026-06-24 23:01:28,082 | INFO     |   → 69/104: ✅ 2 взято | 🗑️ 196 мусор
2026-06-24 23:01:28,082 | INFO     |   → 70/104: ✅ 0 взято | 🗑️ 0 мусор
2026-06-24 23:01:28,082 | INFO     |   → 71/104: ✅ 2 взято | 🗑️ 277 мусор
2026-06-24 23:01:28,082 | INFO     |   → 72/104: ✅ 0 взято | 🗑️ 0 мусор
2026-06-24 23:01:28,082 | INFO     |   → 73/104: ✅ 0 взято | 🗑️ 211 мусор
2026-06-24 23:01:28,082 | INFO     |   → 74/104: ✅ 0 взято | 🗑️ 0 мусор
2026-06-24 23:01:28,082 | INFO     |   → 75/104: ✅ 5 взято | 🗑️ 9 мусор
2026-06-24 23:01:28,082 | INFO     |   → 76/104: ✅ 0 взято | 🗑️ 9 мусор
2026-06-24 23:01:28,082 | INFO     |   → 77/104: ✅ 0 взято | 🗑️ 9 мусор
2026-06-24 23:01:28,082 | INFO     |   → 78/104: ✅ 0 взято | 🗑️ 9 мусор
2026-06-24 23:01:28,082 | INFO     |   → 79/104: ✅ 0 взято | 🗑️ 9 мусор
2026-06-24 23:01:28,082 | INFO     |   → 80/104: ✅ 0 взято | 🗑️ 9 мусор
2026-06-24 23:01:28,082 | INFO     |   → 81/104: ✅ 0 взято | 🗑️ 9 мусор
2026-06-24 23:01:28,082 | INFO     |   → 82/104: ✅ 0 взято | 🗑️ 9 мусор
2026-06-24 23:01:28,082 | INFO     |   → 83/104: ✅ 13 взято | 🗑️ 10 мусор
2026-06-24 23:01:28,082 | INFO     |   → 84/104: ✅ 0 взято | 🗑️ 10 мусор
2026-06-24 23:01:28,082 | INFO     |   → 85/104: ✅ 0 взято | 🗑️ 10 мусор
2026-06-24 23:01:28,082 | INFO     |   → 86/104: ✅ 0 взято | 🗑️ 10 мусор
2026-06-24 23:01:28,082 | INFO     |   → 87/104: ✅ 0 взято | 🗑️ 9 мусор
2026-06-24 23:01:28,082 | INFO     |   → 88/104: ✅ 0 взято | 🗑️ 9 мусор
2026-06-24 23:01:28,082 | INFO     |   → 89/104: ✅ 0 взято | 🗑️ 9 мусор
2026-06-24 23:01:28,082 | INFO     |   → 90/104: ✅ 0 взято | 🗑️ 9 мусор
2026-06-24 23:01:28,082 | INFO     |   → 91/104: ✅ 0 взято | 🗑️ 9 мусор
2026-06-24 23:01:28,082 | INFO     |   → 92/104: ✅ 0 взято | 🗑️ 9 мусор
2026-06-24 23:01:28,082 | INFO     |   → 93/104: ✅ 0 взято | 🗑️ 9 мусор
2026-06-24 23:01:28,082 | INFO     |   → 94/104: ✅ 0 взято | 🗑️ 9 мусор
2026-06-24 23:01:28,082 | INFO     |   → 95/104: ✅ 0 взято | 🗑️ 10 мусор
2026-06-24 23:01:28,083 | INFO     |   → 96/104: ✅ 0 взято | 🗑️ 10 мусор
2026-06-24 23:01:28,083 | INFO     |   → 97/104: ✅ 0 взято | 🗑️ 10 мусор
2026-06-24 23:01:28,083 | INFO     |   → 98/104: ✅ 0 взято | 🗑️ 10 мусор
2026-06-24 23:01:28,083 | INFO     |   → 99/104: ✅ 0 взято | 🗑️ 0 мусор
2026-06-24 23:01:28,083 | INFO     |   → 100/104: ✅ 4 взято | 🗑️ 458 мусор
2026-06-24 23:01:28,083 | INFO     |   → 101/104: ✅ 0 взято | 🗑️ 0 мусор
2026-06-24 23:01:28,083 | INFO     |   → 102/104: ✅ 1 взято | 🗑️ 164 мусор
2026-06-24 23:01:28,083 | INFO     |   → 103/104: ✅ 0 взято | 🗑️ 0 мусор
2026-06-24 23:01:28,083 | INFO     |   → 104/104: ✅ 6 взято | 🗑️ 221 мусор
2026-06-24 23:01:28,083 | INFO     |   → 📡 С sstap.org получено 0 ключей
2026-06-24 23:01:28,083 | INFO     |   → 📡 С sstap.org не добавлено ни одного ключа (все 0 отклонены фильтром)
2026-06-24 23:01:28,083 | INFO     |   → ✅ ГОТОВО!
2026-06-24 23:01:28,083 | INFO     |   →    📥 Всего ключей после фильтра: 65
2026-06-24 23:01:28,083 | INFO     |   →    🔗 Уникальных IP:PORT:SCHEME: 52
2026-06-24 23:01:28,083 | INFO     |   →    🗑️ Выброшено мусора: 5076
2026-06-24 23:01:28,083 | INFO     |   → 📊 По протоколам:
2026-06-24 23:01:28,083 | INFO     |   →    vless: 41
2026-06-24 23:01:28,083 | INFO     |   →    vmess: 1
2026-06-24 23:01:28,083 | INFO     |   →    trojan: 8
2026-06-24 23:01:28,083 | INFO     |   →    hysteria2: 2
2026-06-24 23:01:28,083 | INFO     | ✅ mirror.py завершён успешно
2026-06-24 23:01:28,083 | INFO     | 
2026-06-24 23:01:28,083 | INFO     | 
2026-06-24 23:01:28,083 | INFO     | ──────────────────────────────────────────────────────────────────────
2026-06-24 23:01:28,083 | INFO     | 📌 ЭТАП: Генерация 50 уникальных CF-VLESS
2026-06-24 23:01:28,083 | INFO     | ──────────────────────────────────────────────────────────────────────
2026-06-24 23:01:28,083 | INFO     | 🚀 Запуск generate_cf_vless.py (50 новых CF-VLESS)...
2026-06-24 23:01:28,264 | INFO     |   → === Генератор свежих VLESS-конфигов на IP Cloudflare ===
2026-06-24 23:01:28,264 | INFO     |   → ✅ Сгенерировано и сохранено 50 VLESS-конфигов.
2026-06-24 23:01:28,264 | INFO     |   → 📂 Файл: /home/runner/work/vpn-vless-configs-russia/vpn-vless-configs-russia/data/githubmirror/new/cf_fresh.txt
2026-06-24 23:01:28,264 | INFO     | ✅ generate_cf_vless.py завершён успешно
2026-06-24 23:01:28,264 | INFO     | 
2026-06-24 23:01:28,264 | INFO     | 
2026-06-24 23:01:28,264 | INFO     | ──────────────────────────────────────────────────────────────────────
2026-06-24 23:01:28,264 | INFO     | 📌 ЭТАП: Слияние CF с основным списком
2026-06-24 23:01:28,264 | INFO     | ──────────────────────────────────────────────────────────────────────
2026-06-24 23:01:28,266 | INFO     | 🔄 Добавлено 50 новых CF-VLESS в /home/runner/work/vpn-vless-configs-russia/vpn-vless-configs-russia/data/githubmirror/clean/vless.txt
2026-06-24 23:01:28,266 | INFO     | 📊 Всего в clean/vless.txt теперь: 91
2026-06-24 23:01:28,266 | INFO     | 
2026-06-24 23:01:28,266 | INFO     | 
2026-06-24 23:01:28,266 | INFO     | ──────────────────────────────────────────────────────────────────────
2026-06-24 23:01:28,266 | INFO     | 📌 ЭТАП: Фильтрация по реальному SNI
2026-06-24 23:01:28,266 | INFO     | ──────────────────────────────────────────────────────────────────────
2026-06-24 23:01:28,266 | INFO     | 🚀 Запуск filter_ru_sni.py (Фильтр по реальному SNI (CDN+RU))...
2026-06-24 23:01:28,295 | INFO     |   → hysteria2.txt: 2 → 0 (SNI-filtered)
2026-06-24 23:01:28,295 | INFO     |   →   trojan.txt: 8 → 0 (SNI-filtered)
2026-06-24 23:01:28,295 | INFO     |   →   vless.txt: 91 → 53 (SNI-filtered)
2026-06-24 23:01:28,295 | INFO     |   →   vmess.txt: 1 → 0 (SNI-filtered)
2026-06-24 23:01:28,295 | INFO     |   → ==================================================
2026-06-24 23:01:28,295 | INFO     |   →   Всего входных:  102
2026-06-24 23:01:28,295 | INFO     |   →   Прошли фильтр:  53
2026-06-24 23:01:28,296 | INFO     |   →   Отброшено:      49
2026-06-24 23:01:28,296 | INFO     |   → ==================================================
2026-06-24 23:01:28,296 | INFO     |   → Готово → /home/runner/work/vpn-vless-configs-russia/vpn-vless-configs-russia/data/githubmirror/ru-sni
2026-06-24 23:01:28,296 | INFO     | ✅ filter_ru_sni.py завершён успешно
2026-06-24 23:01:28,296 | INFO     | 
2026-06-24 23:01:28,296 | INFO     | 
2026-06-24 23:01:28,296 | INFO     | ──────────────────────────────────────────────────────────────────────
2026-06-24 23:01:28,296 | INFO     | 📌 ЭТАП: Экспериментальный RU-SNI фильтр
2026-06-24 23:01:28,296 | INFO     | ──────────────────────────────────────────────────────────────────────
2026-06-24 23:01:28,296 | INFO     | 🚀 Запуск filter_ru_sni_local.py (Экспериментальный фильтр по RU-SNI)...
2026-06-24 23:01:28,325 | INFO     |   → hysteria2.txt: 2 → 0 (RU-SNI)
2026-06-24 23:01:28,325 | INFO     |   → trojan.txt: 8 → 0 (RU-SNI)
2026-06-24 23:01:28,325 | INFO     |   → vless.txt: 91 → 0 (RU-SNI)
2026-06-24 23:01:28,325 | INFO     |   → vmess.txt: 1 → 0 (RU-SNI)
2026-06-24 23:01:28,325 | INFO     |   → ==================================================
2026-06-24 23:01:28,325 | INFO     |   → Всего входных:  102
2026-06-24 23:01:28,325 | INFO     |   → Прошли RU-SNI:  0
2026-06-24 23:01:28,325 | INFO     |   → Отброшено:      102
2026-06-24 23:01:28,325 | INFO     |   → ==================================================
2026-06-24 23:01:28,325 | INFO     |   → Готово → /home/runner/work/vpn-vless-configs-russia/vpn-vless-configs-russia/data/githubmirror/ru-sni-local
2026-06-24 23:01:28,325 | INFO     | ✅ filter_ru_sni_local.py завершён успешно
2026-06-24 23:01:28,325 | INFO     | 
2026-06-24 23:01:28,325 | INFO     | 
2026-06-24 23:01:28,325 | INFO     | ──────────────────────────────────────────────────────────────────────
2026-06-24 23:01:28,325 | INFO     | 📌 ЭТАП: Сбор статистики
2026-06-24 23:01:28,325 | INFO     | ──────────────────────────────────────────────────────────────────────
2026-06-24 23:01:28,325 | INFO     | 📊 Сбор статистики...
2026-06-24 23:01:28,325 | INFO     |   📁 githubmirror/clean:
2026-06-24 23:01:28,326 | INFO     |     • hysteria2   :     2 конфигов
2026-06-24 23:01:28,326 | INFO     |     • trojan      :     8 конфигов
2026-06-24 23:01:28,326 | INFO     |     • vless       :    91 конфигов
2026-06-24 23:01:28,326 | INFO     |     • vmess       :     1 конфигов
2026-06-24 23:01:28,326 | INFO     |   📁 githubmirror/ru-sni:
2026-06-24 23:01:28,326 | INFO     |     • hysteria2   :     0 конфигов (  0.0% от clean)
2026-06-24 23:01:28,327 | INFO     |     • trojan      :     0 конфигов (  0.0% от clean)
2026-06-24 23:01:28,327 | INFO     |     • vless       :    53 конфигов ( 58.2% от clean)
2026-06-24 23:01:28,327 | INFO     |     • vmess       :     0 конфигов (  0.0% от clean)
2026-06-24 23:01:28,327 | INFO     |   ✨ Новых CF-VLESS в этом запуске: 50
2026-06-24 23:01:28,327 | INFO     | 
2026-06-24 23:01:28,327 | INFO     |   ──────────────────────────────────────────────────
2026-06-24 23:01:28,327 | INFO     |   📈 ИТОГО:
2026-06-24 23:01:28,327 | INFO     |     Clean (после geo-фильтра):      102
2026-06-24 23:01:28,327 | INFO     |     RU-SNI (после SNI-фильтра):      53
2026-06-24 23:01:28,327 | INFO     |     Прошло фильтр:                 52.0%
2026-06-24 23:01:28,327 | INFO     |   ──────────────────────────────────────────────────
2026-06-24 23:01:28,328 | INFO     | ✅ Статистика сохранена: /home/runner/work/vpn-vless-configs-russia/vpn-vless-configs-russia/data/stats.json
2026-06-24 23:01:28,328 | INFO     | 
2026-06-24 23:01:28,328 | INFO     | ======================================================================
2026-06-24 23:01:28,328 | INFO     | 📊 ИТОГОВЫЙ ОТЧЁТ
2026-06-24 23:01:28,328 | INFO     | ======================================================================
2026-06-24 23:01:28,328 | INFO     |   ✅ OK         | Загрузка и geo-фильтрация
2026-06-24 23:01:28,328 | INFO     |   ✅ OK         | Генерация 50 уникальных CF-VLESS
2026-06-24 23:01:28,328 | INFO     |   ✅ OK         | Слияние CF с основным списком
2026-06-24 23:01:28,328 | INFO     |   ✅ OK         | Фильтрация по реальному SNI
2026-06-24 23:01:28,328 | INFO     |   ✅ OK         | Экспериментальный RU-SNI фильтр
2026-06-24 23:01:28,328 | INFO     |   ✅ OK         | Сбор статистики
2026-06-24 23:01:28,328 | INFO     | ──────────────────────────────────────────────────────────────────────
2026-06-24 23:01:28,328 | INFO     | ✅ ВСЕ ЭТАПЫ УСПЕШНЫ (6/6)
2026-06-24 23:01:28,328 | INFO     | ⏰ Время завершения: 2026-06-24 23:01:28
2026-06-24 23:01:28,328 | INFO     | ======================================================================
