2026-06-20 22:59:02,275 | INFO     | ======================================================================
2026-06-20 22:59:02,276 | INFO     | 🔍 VPN KEY CHECKER - Начало проверки
2026-06-20 22:59:02,276 | INFO     | ⏰ Время старта: 2026-06-20 22:59:02
2026-06-20 22:59:02,276 | INFO     | 📂 Рабочая директория: /home/runner/work/vpn-vless-configs-russia/vpn-vless-configs-russia
2026-06-20 22:59:02,276 | INFO     | ======================================================================
2026-06-20 22:59:02,276 | INFO     | 
2026-06-20 22:59:02,276 | INFO     | 🔍 Проверка наличия скриптов...
2026-06-20 22:59:02,276 | INFO     |   ✅ mirror.py
2026-06-20 22:59:02,276 | INFO     |   ✅ generate_cf_vless.py
2026-06-20 22:59:02,276 | INFO     |   ✅ filter_ru_sni.py
2026-06-20 22:59:02,276 | INFO     |   ✅ filter_ru_sni_local.py
2026-06-20 22:59:02,276 | INFO     | 
2026-06-20 22:59:02,276 | INFO     | ──────────────────────────────────────────────────────────────────────
2026-06-20 22:59:02,276 | INFO     | 📌 ЭТАП: Загрузка и geo-фильтрация
2026-06-20 22:59:02,276 | INFO     | ──────────────────────────────────────────────────────────────────────
2026-06-20 22:59:02,276 | INFO     | 🚀 Запуск mirror.py (Загрузка и фильтрация по РФ/СНГ/Европа)...
2026-06-20 22:59:27,710 | INFO     |   → DEBUG: mirror.py started
2026-06-20 22:59:27,710 | INFO     |   → DEBUG: BASE_PATH = /home/runner/work/vpn-vless-configs-russia/vpn-vless-configs-russia
2026-06-20 22:59:27,710 | INFO     |   → DEBUG: CONFIG_SOURCES_FILE = /home/runner/work/vpn-vless-configs-russia/vpn-vless-configs-russia/data/config_sources.json
2026-06-20 22:59:27,710 | INFO     |   → 📂 Загружено 72 источников из /home/runner/work/vpn-vless-configs-russia/vpn-vless-configs-russia/data/config_sources.json
2026-06-20 22:59:27,710 | INFO     |   → 🚀 Старт: всего источников: 72
2026-06-20 22:59:27,710 | INFO     |   → 1/72: ✅ 0 взято | 🗑️ 0 мусор
2026-06-20 22:59:27,710 | INFO     |   → 2/72: ✅ 0 взято | 🗑️ 0 мусор
2026-06-20 22:59:27,710 | INFO     |   → 3/72: ✅ 0 взято | 🗑️ 0 мусор
2026-06-20 22:59:27,710 | INFO     |   → 4/72: ✅ 0 взято | 🗑️ 0 мусор
2026-06-20 22:59:27,710 | INFO     |   → 5/72: ✅ 0 взято | 🗑️ 0 мусор
2026-06-20 22:59:27,710 | INFO     |   → 6/72: ✅ 0 взято | 🗑️ 0 мусор
2026-06-20 22:59:27,711 | INFO     |   → 7/72: ✅ 0 взято | 🗑️ 0 мусор
2026-06-20 22:59:27,711 | INFO     |   → 8/72: ✅ 0 взято | 🗑️ 0 мусор
2026-06-20 22:59:27,711 | INFO     |   → 9/72: ✅ 0 взято | 🗑️ 0 мусор
2026-06-20 22:59:27,711 | INFO     |   → 10/72: ✅ 0 взято | 🗑️ 0 мусор
2026-06-20 22:59:27,711 | INFO     |   → 11/72: ✅ 0 взято | 🗑️ 0 мусор
2026-06-20 22:59:27,711 | INFO     |   → 12/72: ✅ 0 взято | 🗑️ 0 мусор
2026-06-20 22:59:27,711 | INFO     |   → 13/72: ✅ 0 взято | 🗑️ 0 мусор
2026-06-20 22:59:27,711 | INFO     |   → 14/72: ✅ 0 взято | 🗑️ 0 мусор
2026-06-20 22:59:27,711 | INFO     |   → 15/72: ✅ 0 взято | 🗑️ 0 мусор
2026-06-20 22:59:27,711 | INFO     |   → 16/72: ✅ 0 взято | 🗑️ 0 мусор
2026-06-20 22:59:27,711 | INFO     |   → 17/72: ✅ 0 взято | 🗑️ 0 мусор
2026-06-20 22:59:27,711 | INFO     |   → 18/72: ✅ 0 взято | 🗑️ 0 мусор
2026-06-20 22:59:27,711 | INFO     |   → 19/72: ✅ 5 взято | 🗑️ 166 мусор
2026-06-20 22:59:27,711 | INFO     |   → 20/72: ✅ 0 взято | 🗑️ 115 мусор
2026-06-20 22:59:27,711 | INFO     |   → 21/72: ✅ 0 взято | 🗑️ 0 мусор
2026-06-20 22:59:27,711 | INFO     |   → 22/72: ✅ 0 взято | 🗑️ 0 мусор
2026-06-20 22:59:27,711 | INFO     |   → 23/72: ✅ 0 взято | 🗑️ 0 мусор
2026-06-20 22:59:27,711 | INFO     |   → 24/72: ✅ 1 взято | 🗑️ 169 мусор
2026-06-20 22:59:27,711 | INFO     |   → 25/72: ✅ 0 взято | 🗑️ 0 мусор
2026-06-20 22:59:27,711 | INFO     |   → 26/72: ✅ 1 взято | 🗑️ 213 мусор
2026-06-20 22:59:27,711 | INFO     |   → 27/72: ✅ 0 взято | 🗑️ 0 мусор
2026-06-20 22:59:27,711 | INFO     |   → 28/72: ✅ 0 взято | 🗑️ 0 мусор
2026-06-20 22:59:27,711 | INFO     |   → 29/72: ✅ 0 взято | 🗑️ 117 мусор
2026-06-20 22:59:27,711 | INFO     |   → 30/72: ✅ 1 взято | 🗑️ 141 мусор
2026-06-20 22:59:27,711 | INFO     |   → 31/72: ✅ 0 взято | 🗑️ 0 мусор
2026-06-20 22:59:27,712 | INFO     |   → 32/72: ✅ 0 взято | 🗑️ 137 мусор
2026-06-20 22:59:27,712 | INFO     |   → 33/72: ✅ 1 взято | 🗑️ 112 мусор
2026-06-20 22:59:27,712 | INFO     |   → 34/72: ✅ 0 взято | 🗑️ 0 мусор
2026-06-20 22:59:27,712 | INFO     |   → 35/72: ✅ 3 взято | 🗑️ 100 мусор
2026-06-20 22:59:27,712 | INFO     |   → 36/72: ✅ 0 взято | 🗑️ 0 мусор
2026-06-20 22:59:27,712 | INFO     |   → 37/72: ✅ 1 взято | 🗑️ 171 мусор
2026-06-20 22:59:27,712 | INFO     |   → 38/72: ✅ 0 взято | 🗑️ 0 мусор
2026-06-20 22:59:27,712 | INFO     |   → 39/72: ✅ 0 взято | 🗑️ 202 мусор
2026-06-20 22:59:27,712 | INFO     |   → 40/72: ✅ 0 взято | 🗑️ 0 мусор
2026-06-20 22:59:27,712 | INFO     |   → 41/72: ✅ 0 взято | 🗑️ 138 мусор
2026-06-20 22:59:27,712 | INFO     |   → 42/72: ✅ 0 взято | 🗑️ 0 мусор
2026-06-20 22:59:27,712 | INFO     |   → 43/72: ✅ 0 взято | 🗑️ 236 мусор
2026-06-20 22:59:27,712 | INFO     |   → 44/72: ✅ 0 взято | 🗑️ 0 мусор
2026-06-20 22:59:27,712 | INFO     |   → 45/72: ✅ 0 взято | 🗑️ 192 мусор
2026-06-20 22:59:27,712 | INFO     |   → 46/72: ✅ 0 взято | 🗑️ 0 мусор
2026-06-20 22:59:27,712 | INFO     |   → 47/72: ✅ 1 взято | 🗑️ 174 мусор
2026-06-20 22:59:27,712 | INFO     |   → 48/72: ✅ 0 взято | 🗑️ 0 мусор
2026-06-20 22:59:27,712 | INFO     |   → 49/72: ✅ 1 взято | 🗑️ 149 мусор
2026-06-20 22:59:27,712 | INFO     |   → 50/72: ✅ 0 взято | 🗑️ 0 мусор
2026-06-20 22:59:27,712 | INFO     |   → 51/72: ✅ 5 взято | 🗑️ 9 мусор
2026-06-20 22:59:27,712 | INFO     |   → 52/72: ✅ 0 взято | 🗑️ 9 мусор
2026-06-20 22:59:27,712 | INFO     |   → 53/72: ✅ 0 взято | 🗑️ 9 мусор
2026-06-20 22:59:27,712 | INFO     |   → 54/72: ✅ 0 взято | 🗑️ 9 мусор
2026-06-20 22:59:27,712 | INFO     |   → 55/72: ✅ 0 взято | 🗑️ 9 мусор
2026-06-20 22:59:27,713 | INFO     |   → 56/72: ✅ 0 взято | 🗑️ 9 мусор
2026-06-20 22:59:27,713 | INFO     |   → 57/72: ✅ 0 взято | 🗑️ 9 мусор
2026-06-20 22:59:27,713 | INFO     |   → 58/72: ✅ 0 взято | 🗑️ 9 мусор
2026-06-20 22:59:27,713 | INFO     |   → 59/72: ✅ 0 взято | 🗑️ 9 мусор
2026-06-20 22:59:27,713 | INFO     |   → 60/72: ✅ 0 взято | 🗑️ 9 мусор
2026-06-20 22:59:27,713 | INFO     |   → 61/72: ✅ 0 взято | 🗑️ 9 мусор
2026-06-20 22:59:27,713 | INFO     |   → 62/72: ✅ 0 взято | 🗑️ 9 мусор
2026-06-20 22:59:27,713 | INFO     |   → 63/72: ✅ 0 взято | 🗑️ 9 мусор
2026-06-20 22:59:27,713 | INFO     |   → 64/72: ✅ 0 взято | 🗑️ 9 мусор
2026-06-20 22:59:27,713 | INFO     |   → 65/72: ✅ 0 взято | 🗑️ 9 мусор
2026-06-20 22:59:27,713 | INFO     |   → 66/72: ✅ 0 взято | 🗑️ 9 мусор
2026-06-20 22:59:27,713 | INFO     |   → 67/72: ✅ 0 взято | 🗑️ 0 мусор
2026-06-20 22:59:27,713 | INFO     |   → 68/72: ✅ 4 взято | 🗑️ 458 мусор
2026-06-20 22:59:27,713 | INFO     |   → 69/72: ✅ 0 взято | 🗑️ 0 мусор
2026-06-20 22:59:27,713 | INFO     |   → 70/72: ✅ 1 взято | 🗑️ 164 мусор
2026-06-20 22:59:27,713 | INFO     |   → 71/72: ✅ 0 взято | 🗑️ 0 мусор
2026-06-20 22:59:27,713 | INFO     |   → 72/72: ✅ 6 взято | 🗑️ 221 мусор
2026-06-20 22:59:27,713 | INFO     |   → 📡 С sstap.org получено 0 ключей
2026-06-20 22:59:27,713 | INFO     |   → 📡 С sstap.org не добавлено ни одного ключа (все 0 отклонены фильтром)
2026-06-20 22:59:27,713 | INFO     |   → ✅ ГОТОВО!
2026-06-20 22:59:27,713 | INFO     |   →    📥 Всего ключей после фильтра: 31
2026-06-20 22:59:27,713 | INFO     |   →    🔗 Уникальных IP:PORT:SCHEME: 22
2026-06-20 22:59:27,713 | INFO     |   →    🗑️ Выброшено мусора: 3519
2026-06-20 22:59:27,713 | INFO     |   → 📊 По протоколам:
2026-06-20 22:59:27,713 | INFO     |   →    vless: 17
2026-06-20 22:59:27,713 | INFO     |   →    vmess: 1
2026-06-20 22:59:27,714 | INFO     |   →    trojan: 3
2026-06-20 22:59:27,714 | INFO     |   →    hysteria2: 1
2026-06-20 22:59:27,714 | INFO     | ✅ mirror.py завершён успешно
2026-06-20 22:59:27,714 | INFO     | 
2026-06-20 22:59:27,714 | INFO     | 
2026-06-20 22:59:27,714 | INFO     | ──────────────────────────────────────────────────────────────────────
2026-06-20 22:59:27,714 | INFO     | 📌 ЭТАП: Генерация 50 уникальных CF-VLESS
2026-06-20 22:59:27,714 | INFO     | ──────────────────────────────────────────────────────────────────────
2026-06-20 22:59:27,714 | INFO     | 🚀 Запуск generate_cf_vless.py (50 новых CF-VLESS)...
2026-06-20 22:59:27,903 | INFO     |   → === Генератор свежих VLESS-конфигов на IP Cloudflare ===
2026-06-20 22:59:27,903 | INFO     |   → ✅ Сгенерировано и сохранено 50 VLESS-конфигов.
2026-06-20 22:59:27,903 | INFO     |   → 📂 Файл: /home/runner/work/vpn-vless-configs-russia/vpn-vless-configs-russia/data/githubmirror/new/cf_fresh.txt
2026-06-20 22:59:27,903 | INFO     | ✅ generate_cf_vless.py завершён успешно
2026-06-20 22:59:27,903 | INFO     | 
2026-06-20 22:59:27,903 | INFO     | 
2026-06-20 22:59:27,903 | INFO     | ──────────────────────────────────────────────────────────────────────
2026-06-20 22:59:27,903 | INFO     | 📌 ЭТАП: Слияние CF с основным списком
2026-06-20 22:59:27,903 | INFO     | ──────────────────────────────────────────────────────────────────────
2026-06-20 22:59:27,904 | INFO     | 🔄 Добавлено 50 новых CF-VLESS в /home/runner/work/vpn-vless-configs-russia/vpn-vless-configs-russia/data/githubmirror/clean/vless.txt
2026-06-20 22:59:27,904 | INFO     | 📊 Всего в clean/vless.txt теперь: 67
2026-06-20 22:59:27,904 | INFO     | 
2026-06-20 22:59:27,905 | INFO     | 
2026-06-20 22:59:27,905 | INFO     | ──────────────────────────────────────────────────────────────────────
2026-06-20 22:59:27,905 | INFO     | 📌 ЭТАП: Фильтрация по реальному SNI
2026-06-20 22:59:27,905 | INFO     | ──────────────────────────────────────────────────────────────────────
2026-06-20 22:59:27,905 | INFO     | 🚀 Запуск filter_ru_sni.py (Фильтр по реальному SNI (CDN+RU))...
2026-06-20 22:59:27,935 | INFO     |   → hysteria2.txt: 1 → 0 (SNI-filtered)
2026-06-20 22:59:27,935 | INFO     |   →   trojan.txt: 3 → 0 (SNI-filtered)
2026-06-20 22:59:27,935 | INFO     |   →   vless.txt: 67 → 51 (SNI-filtered)
2026-06-20 22:59:27,935 | INFO     |   →   vmess.txt: 1 → 0 (SNI-filtered)
2026-06-20 22:59:27,935 | INFO     |   → ==================================================
2026-06-20 22:59:27,935 | INFO     |   →   Всего входных:  72
2026-06-20 22:59:27,935 | INFO     |   →   Прошли фильтр:  51
2026-06-20 22:59:27,935 | INFO     |   →   Отброшено:      21
2026-06-20 22:59:27,935 | INFO     |   → ==================================================
2026-06-20 22:59:27,935 | INFO     |   → Готово → /home/runner/work/vpn-vless-configs-russia/vpn-vless-configs-russia/data/githubmirror/ru-sni
2026-06-20 22:59:27,935 | INFO     | ✅ filter_ru_sni.py завершён успешно
2026-06-20 22:59:27,935 | INFO     | 
2026-06-20 22:59:27,935 | INFO     | 
2026-06-20 22:59:27,935 | INFO     | ──────────────────────────────────────────────────────────────────────
2026-06-20 22:59:27,935 | INFO     | 📌 ЭТАП: Экспериментальный RU-SNI фильтр
2026-06-20 22:59:27,935 | INFO     | ──────────────────────────────────────────────────────────────────────
2026-06-20 22:59:27,935 | INFO     | 🚀 Запуск filter_ru_sni_local.py (Экспериментальный фильтр по RU-SNI)...
2026-06-20 22:59:27,966 | INFO     |   → hysteria2.txt: 1 → 0 (RU-SNI)
2026-06-20 22:59:27,966 | INFO     |   → trojan.txt: 3 → 0 (RU-SNI)
2026-06-20 22:59:27,966 | INFO     |   → vless.txt: 67 → 0 (RU-SNI)
2026-06-20 22:59:27,966 | INFO     |   → vmess.txt: 1 → 0 (RU-SNI)
2026-06-20 22:59:27,966 | INFO     |   → ==================================================
2026-06-20 22:59:27,966 | INFO     |   → Всего входных:  72
2026-06-20 22:59:27,966 | INFO     |   → Прошли RU-SNI:  0
2026-06-20 22:59:27,966 | INFO     |   → Отброшено:      72
2026-06-20 22:59:27,966 | INFO     |   → ==================================================
2026-06-20 22:59:27,966 | INFO     |   → Готово → /home/runner/work/vpn-vless-configs-russia/vpn-vless-configs-russia/data/githubmirror/ru-sni-local
2026-06-20 22:59:27,966 | INFO     | ✅ filter_ru_sni_local.py завершён успешно
2026-06-20 22:59:27,966 | INFO     | 
2026-06-20 22:59:27,967 | INFO     | 
2026-06-20 22:59:27,967 | INFO     | ──────────────────────────────────────────────────────────────────────
2026-06-20 22:59:27,967 | INFO     | 📌 ЭТАП: Сбор статистики
2026-06-20 22:59:27,967 | INFO     | ──────────────────────────────────────────────────────────────────────
2026-06-20 22:59:27,967 | INFO     | 📊 Сбор статистики...
2026-06-20 22:59:27,967 | INFO     |   📁 githubmirror/clean:
2026-06-20 22:59:27,967 | INFO     |     • hysteria2   :     1 конфигов
2026-06-20 22:59:27,967 | INFO     |     • trojan      :     3 конфигов
2026-06-20 22:59:27,967 | INFO     |     • vless       :    67 конфигов
2026-06-20 22:59:27,968 | INFO     |     • vmess       :     1 конфигов
2026-06-20 22:59:27,968 | INFO     |   📁 githubmirror/ru-sni:
2026-06-20 22:59:27,968 | INFO     |     • hysteria2   :     0 конфигов (  0.0% от clean)
2026-06-20 22:59:27,968 | INFO     |     • trojan      :     0 конфигов (  0.0% от clean)
2026-06-20 22:59:27,968 | INFO     |     • vless       :    51 конфигов ( 76.1% от clean)
2026-06-20 22:59:27,968 | INFO     |     • vmess       :     0 конфигов (  0.0% от clean)
2026-06-20 22:59:27,968 | INFO     |   ✨ Новых CF-VLESS в этом запуске: 50
2026-06-20 22:59:27,968 | INFO     | 
2026-06-20 22:59:27,968 | INFO     |   ──────────────────────────────────────────────────
2026-06-20 22:59:27,968 | INFO     |   📈 ИТОГО:
2026-06-20 22:59:27,968 | INFO     |     Clean (после geo-фильтра):       72
2026-06-20 22:59:27,968 | INFO     |     RU-SNI (после SNI-фильтра):      51
2026-06-20 22:59:27,968 | INFO     |     Прошло фильтр:                 70.8%
2026-06-20 22:59:27,968 | INFO     |   ──────────────────────────────────────────────────
2026-06-20 22:59:27,969 | INFO     | ✅ Статистика сохранена: /home/runner/work/vpn-vless-configs-russia/vpn-vless-configs-russia/data/stats.json
2026-06-20 22:59:27,969 | INFO     | 
2026-06-20 22:59:27,969 | INFO     | ======================================================================
2026-06-20 22:59:27,969 | INFO     | 📊 ИТОГОВЫЙ ОТЧЁТ
2026-06-20 22:59:27,969 | INFO     | ======================================================================
2026-06-20 22:59:27,969 | INFO     |   ✅ OK         | Загрузка и geo-фильтрация
2026-06-20 22:59:27,969 | INFO     |   ✅ OK         | Генерация 50 уникальных CF-VLESS
2026-06-20 22:59:27,969 | INFO     |   ✅ OK         | Слияние CF с основным списком
2026-06-20 22:59:27,969 | INFO     |   ✅ OK         | Фильтрация по реальному SNI
2026-06-20 22:59:27,969 | INFO     |   ✅ OK         | Экспериментальный RU-SNI фильтр
2026-06-20 22:59:27,969 | INFO     |   ✅ OK         | Сбор статистики
2026-06-20 22:59:27,969 | INFO     | ──────────────────────────────────────────────────────────────────────
2026-06-20 22:59:27,969 | INFO     | ✅ ВСЕ ЭТАПЫ УСПЕШНЫ (6/6)
2026-06-20 22:59:27,969 | INFO     | ⏰ Время завершения: 2026-06-20 22:59:27
2026-06-20 22:59:27,969 | INFO     | ======================================================================
