2026-06-05 19:30:52,669 | INFO     | ======================================================================
2026-06-05 19:30:52,669 | INFO     | 🔍 VPN KEY CHECKER - Начало проверки
2026-06-05 19:30:52,669 | INFO     | ⏰ Время старта: 2026-06-05 19:30:52
2026-06-05 19:30:52,669 | INFO     | 📂 Рабочая директория: /home/runner/work/vpn-vless-configs-russia/vpn-vless-configs-russia
2026-06-05 19:30:52,669 | INFO     | ======================================================================
2026-06-05 19:30:52,669 | INFO     | 
2026-06-05 19:30:52,669 | INFO     | 🔍 Проверка наличия скриптов...
2026-06-05 19:30:52,669 | INFO     |   ✅ mirror.py
2026-06-05 19:30:52,669 | INFO     |   ✅ generate_cf_vless.py
2026-06-05 19:30:52,669 | INFO     |   ✅ filter_ru_sni.py
2026-06-05 19:30:52,669 | INFO     |   ✅ filter_ru_sni_local.py
2026-06-05 19:30:52,669 | INFO     | 
2026-06-05 19:30:52,669 | INFO     | ──────────────────────────────────────────────────────────────────────
2026-06-05 19:30:52,670 | INFO     | 📌 ЭТАП: Загрузка и geo-фильтрация
2026-06-05 19:30:52,670 | INFO     | ──────────────────────────────────────────────────────────────────────
2026-06-05 19:30:52,670 | INFO     | 🚀 Запуск mirror.py (Загрузка и фильтрация по РФ/СНГ/Европа)...
2026-06-05 19:31:07,789 | INFO     |   → DEBUG: mirror.py started
2026-06-05 19:31:07,789 | INFO     |   → DEBUG: BASE_PATH = /home/runner/work/vpn-vless-configs-russia/vpn-vless-configs-russia
2026-06-05 19:31:07,789 | INFO     |   → DEBUG: CONFIG_SOURCES_FILE = /home/runner/work/vpn-vless-configs-russia/vpn-vless-configs-russia/data/config_sources.json
2026-06-05 19:31:07,789 | INFO     |   → 📂 Загружено 16 источников из /home/runner/work/vpn-vless-configs-russia/vpn-vless-configs-russia/data/config_sources.json
2026-06-05 19:31:07,789 | INFO     |   → 🚀 Старт: всего источников: 16
2026-06-05 19:31:07,789 | INFO     |   → 1/16: ✅ 0 взято | 🗑️ 0 мусор
2026-06-05 19:31:07,789 | INFO     |   → 2/16: ✅ 0 взято | 🗑️ 0 мусор
2026-06-05 19:31:07,789 | INFO     |   → 3/16: ✅ 0 взято | 🗑️ 0 мусор
2026-06-05 19:31:07,789 | INFO     |   → 4/16: ✅ 0 взято | 🗑️ 0 мусор
2026-06-05 19:31:07,789 | INFO     |   → 5/16: ✅ 10 взято | 🗑️ 151 мусор
2026-06-05 19:31:07,789 | INFO     |   → 6/16: ✅ 0 взято | 🗑️ 0 мусор
2026-06-05 19:31:07,789 | INFO     |   → 7/16: ✅ 2 взято | 🗑️ 115 мусор
2026-06-05 19:31:07,789 | INFO     |   → 8/16: ✅ 0 взято | 🗑️ 0 мусор
2026-06-05 19:31:07,789 | INFO     |   → 9/16: ✅ 3 взято | 🗑️ 145 мусор
2026-06-05 19:31:07,789 | INFO     |   → 10/16: ✅ 0 взято | 🗑️ 0 мусор
2026-06-05 19:31:07,789 | INFO     |   → 11/16: ✅ 0 взято | 🗑️ 157 мусор
2026-06-05 19:31:07,789 | INFO     |   → 12/16: ✅ 0 взято | 🗑️ 0 мусор
2026-06-05 19:31:07,790 | INFO     |   → 13/16: ✅ 13 взято | 🗑️ 7 мусор
2026-06-05 19:31:07,790 | INFO     |   → 14/16: ✅ 0 взято | 🗑️ 7 мусор
2026-06-05 19:31:07,790 | INFO     |   → 15/16: ✅ 0 взято | 🗑️ 7 мусор
2026-06-05 19:31:07,790 | INFO     |   → 16/16: ✅ 0 взято | 🗑️ 7 мусор
2026-06-05 19:31:07,790 | INFO     |   → 📡 С sstap.org получено 0 ключей
2026-06-05 19:31:07,790 | INFO     |   → 📡 С sstap.org не добавлено ни одного ключа (все 0 отклонены фильтром)
2026-06-05 19:31:07,790 | INFO     |   → ✅ ГОТОВО!
2026-06-05 19:31:07,790 | INFO     |   →    📥 Всего ключей после фильтра: 28
2026-06-05 19:31:07,790 | INFO     |   →    🔗 Уникальных IP:PORT:SCHEME: 23
2026-06-05 19:31:07,790 | INFO     |   →    🗑️ Выброшено мусора: 596
2026-06-05 19:31:07,790 | INFO     |   → 📊 По протоколам:
2026-06-05 19:31:07,790 | INFO     |   →    vless: 14
2026-06-05 19:31:07,790 | INFO     |   →    vmess: 1
2026-06-05 19:31:07,790 | INFO     |   →    trojan: 4
2026-06-05 19:31:07,790 | INFO     |   →    ss: 3
2026-06-05 19:31:07,790 | INFO     |   →    hysteria2: 1
2026-06-05 19:31:07,790 | INFO     | ✅ mirror.py завершён успешно
2026-06-05 19:31:07,790 | INFO     | 
2026-06-05 19:31:07,790 | INFO     | 
2026-06-05 19:31:07,790 | INFO     | ──────────────────────────────────────────────────────────────────────
2026-06-05 19:31:07,790 | INFO     | 📌 ЭТАП: Генерация 50 уникальных CF-VLESS
2026-06-05 19:31:07,790 | INFO     | ──────────────────────────────────────────────────────────────────────
2026-06-05 19:31:07,790 | INFO     | 🚀 Запуск generate_cf_vless.py (50 новых CF-VLESS)...
2026-06-05 19:31:07,967 | INFO     |   → === Генератор свежих VLESS-конфигов на IP Cloudflare ===
2026-06-05 19:31:07,967 | INFO     |   → ✅ Сгенерировано и сохранено 50 VLESS-конфигов.
2026-06-05 19:31:07,967 | INFO     |   → 📂 Файл: /home/runner/work/vpn-vless-configs-russia/vpn-vless-configs-russia/data/githubmirror/new/cf_fresh.txt
2026-06-05 19:31:07,967 | INFO     | ✅ generate_cf_vless.py завершён успешно
2026-06-05 19:31:07,967 | INFO     | 
2026-06-05 19:31:07,967 | INFO     | 
2026-06-05 19:31:07,967 | INFO     | ──────────────────────────────────────────────────────────────────────
2026-06-05 19:31:07,967 | INFO     | 📌 ЭТАП: Слияние CF с основным списком
2026-06-05 19:31:07,967 | INFO     | ──────────────────────────────────────────────────────────────────────
2026-06-05 19:31:07,969 | INFO     | 🔄 Добавлено 50 новых CF-VLESS в /home/runner/work/vpn-vless-configs-russia/vpn-vless-configs-russia/data/githubmirror/clean/vless.txt
2026-06-05 19:31:07,969 | INFO     | 📊 Всего в clean/vless.txt теперь: 64
2026-06-05 19:31:07,969 | INFO     | 
2026-06-05 19:31:07,969 | INFO     | 
2026-06-05 19:31:07,969 | INFO     | ──────────────────────────────────────────────────────────────────────
2026-06-05 19:31:07,969 | INFO     | 📌 ЭТАП: Фильтрация по реальному SNI
2026-06-05 19:31:07,969 | INFO     | ──────────────────────────────────────────────────────────────────────
2026-06-05 19:31:07,969 | INFO     | 🚀 Запуск filter_ru_sni.py (Фильтр по реальному SNI (CDN+RU))...
2026-06-05 19:31:07,994 | INFO     |   → hysteria2.txt: 1 → 0 (SNI-filtered)
2026-06-05 19:31:07,994 | INFO     |   →   ss.txt: 3 → 0 (SNI-filtered)
2026-06-05 19:31:07,994 | INFO     |   →   trojan.txt: 4 → 0 (SNI-filtered)
2026-06-05 19:31:07,994 | INFO     |   →   vless.txt: 64 → 55 (SNI-filtered)
2026-06-05 19:31:07,994 | INFO     |   →   vmess.txt: 1 → 0 (SNI-filtered)
2026-06-05 19:31:07,994 | INFO     |   → ==================================================
2026-06-05 19:31:07,994 | INFO     |   →   Всего входных:  73
2026-06-05 19:31:07,994 | INFO     |   →   Прошли фильтр:  55
2026-06-05 19:31:07,994 | INFO     |   →   Отброшено:      18
2026-06-05 19:31:07,994 | INFO     |   → ==================================================
2026-06-05 19:31:07,994 | INFO     |   → Готово → /home/runner/work/vpn-vless-configs-russia/vpn-vless-configs-russia/data/githubmirror/ru-sni
2026-06-05 19:31:07,994 | INFO     | ✅ filter_ru_sni.py завершён успешно
2026-06-05 19:31:07,994 | INFO     | 
2026-06-05 19:31:07,994 | INFO     | 
2026-06-05 19:31:07,994 | INFO     | ──────────────────────────────────────────────────────────────────────
2026-06-05 19:31:07,994 | INFO     | 📌 ЭТАП: Экспериментальный RU-SNI фильтр
2026-06-05 19:31:07,994 | INFO     | ──────────────────────────────────────────────────────────────────────
2026-06-05 19:31:07,994 | INFO     | 🚀 Запуск filter_ru_sni_local.py (Экспериментальный фильтр по RU-SNI)...
2026-06-05 19:31:08,019 | INFO     |   → hysteria2.txt: 1 → 0 (RU-SNI)
2026-06-05 19:31:08,019 | INFO     |   → ss.txt: 3 → 0 (RU-SNI)
2026-06-05 19:31:08,019 | INFO     |   → trojan.txt: 4 → 0 (RU-SNI)
2026-06-05 19:31:08,019 | INFO     |   → vless.txt: 64 → 1 (RU-SNI)
2026-06-05 19:31:08,019 | INFO     |   → vmess.txt: 1 → 0 (RU-SNI)
2026-06-05 19:31:08,019 | INFO     |   → ==================================================
2026-06-05 19:31:08,019 | INFO     |   → Всего входных:  73
2026-06-05 19:31:08,019 | INFO     |   → Прошли RU-SNI:  1
2026-06-05 19:31:08,019 | INFO     |   → Отброшено:      72
2026-06-05 19:31:08,019 | INFO     |   → ==================================================
2026-06-05 19:31:08,019 | INFO     |   → Готово → /home/runner/work/vpn-vless-configs-russia/vpn-vless-configs-russia/data/githubmirror/ru-sni-local
2026-06-05 19:31:08,019 | INFO     | ✅ filter_ru_sni_local.py завершён успешно
2026-06-05 19:31:08,019 | INFO     | 
2026-06-05 19:31:08,020 | INFO     | 
2026-06-05 19:31:08,020 | INFO     | ──────────────────────────────────────────────────────────────────────
2026-06-05 19:31:08,020 | INFO     | 📌 ЭТАП: Сбор статистики
2026-06-05 19:31:08,020 | INFO     | ──────────────────────────────────────────────────────────────────────
2026-06-05 19:31:08,020 | INFO     | 📊 Сбор статистики...
2026-06-05 19:31:08,020 | INFO     |   📁 githubmirror/clean:
2026-06-05 19:31:08,020 | INFO     |     • hysteria2   :     1 конфигов
2026-06-05 19:31:08,020 | INFO     |     • ss          :     3 конфигов
2026-06-05 19:31:08,020 | INFO     |     • trojan      :     4 конфигов
2026-06-05 19:31:08,020 | INFO     |     • vless       :    64 конфигов
2026-06-05 19:31:08,021 | INFO     |     • vmess       :     1 конфигов
2026-06-05 19:31:08,021 | INFO     |   📁 githubmirror/ru-sni:
2026-06-05 19:31:08,021 | INFO     |     • hysteria2   :     0 конфигов (  0.0% от clean)
2026-06-05 19:31:08,021 | INFO     |     • ss          :     0 конфигов (  0.0% от clean)
2026-06-05 19:31:08,021 | INFO     |     • trojan      :     0 конфигов (  0.0% от clean)
2026-06-05 19:31:08,021 | INFO     |     • vless       :    55 конфигов ( 85.9% от clean)
2026-06-05 19:31:08,021 | INFO     |     • vmess       :     0 конфигов (  0.0% от clean)
2026-06-05 19:31:08,021 | INFO     |   ✨ Новых CF-VLESS в этом запуске: 50
2026-06-05 19:31:08,021 | INFO     | 
2026-06-05 19:31:08,021 | INFO     |   ──────────────────────────────────────────────────
2026-06-05 19:31:08,021 | INFO     |   📈 ИТОГО:
2026-06-05 19:31:08,021 | INFO     |     Clean (после geo-фильтра):       73
2026-06-05 19:31:08,021 | INFO     |     RU-SNI (после SNI-фильтра):      55
2026-06-05 19:31:08,022 | INFO     |     Прошло фильтр:                 75.3%
2026-06-05 19:31:08,022 | INFO     |   ──────────────────────────────────────────────────
2026-06-05 19:31:08,022 | INFO     | ✅ Статистика сохранена: /home/runner/work/vpn-vless-configs-russia/vpn-vless-configs-russia/data/stats.json
2026-06-05 19:31:08,022 | INFO     | 
2026-06-05 19:31:08,022 | INFO     | ======================================================================
2026-06-05 19:31:08,022 | INFO     | 📊 ИТОГОВЫЙ ОТЧЁТ
2026-06-05 19:31:08,022 | INFO     | ======================================================================
2026-06-05 19:31:08,022 | INFO     |   ✅ OK         | Загрузка и geo-фильтрация
2026-06-05 19:31:08,022 | INFO     |   ✅ OK         | Генерация 50 уникальных CF-VLESS
2026-06-05 19:31:08,022 | INFO     |   ✅ OK         | Слияние CF с основным списком
2026-06-05 19:31:08,022 | INFO     |   ✅ OK         | Фильтрация по реальному SNI
2026-06-05 19:31:08,022 | INFO     |   ✅ OK         | Экспериментальный RU-SNI фильтр
2026-06-05 19:31:08,022 | INFO     |   ✅ OK         | Сбор статистики
2026-06-05 19:31:08,022 | INFO     | ──────────────────────────────────────────────────────────────────────
2026-06-05 19:31:08,022 | INFO     | ✅ ВСЕ ЭТАПЫ УСПЕШНЫ (6/6)
2026-06-05 19:31:08,022 | INFO     | ⏰ Время завершения: 2026-06-05 19:31:08
2026-06-05 19:31:08,022 | INFO     | ======================================================================
