2026-06-06 22:55:21,603 | INFO     | ======================================================================
2026-06-06 22:55:21,603 | INFO     | 🔍 VPN KEY CHECKER - Начало проверки
2026-06-06 22:55:21,603 | INFO     | ⏰ Время старта: 2026-06-06 22:55:21
2026-06-06 22:55:21,603 | INFO     | 📂 Рабочая директория: /home/runner/work/vpn-vless-configs-russia/vpn-vless-configs-russia
2026-06-06 22:55:21,603 | INFO     | ======================================================================
2026-06-06 22:55:21,603 | INFO     | 
2026-06-06 22:55:21,603 | INFO     | 🔍 Проверка наличия скриптов...
2026-06-06 22:55:21,603 | INFO     |   ✅ mirror.py
2026-06-06 22:55:21,604 | INFO     |   ✅ generate_cf_vless.py
2026-06-06 22:55:21,604 | INFO     |   ✅ filter_ru_sni.py
2026-06-06 22:55:21,604 | INFO     |   ✅ filter_ru_sni_local.py
2026-06-06 22:55:21,604 | INFO     | 
2026-06-06 22:55:21,604 | INFO     | ──────────────────────────────────────────────────────────────────────
2026-06-06 22:55:21,604 | INFO     | 📌 ЭТАП: Загрузка и geo-фильтрация
2026-06-06 22:55:21,604 | INFO     | ──────────────────────────────────────────────────────────────────────
2026-06-06 22:55:21,604 | INFO     | 🚀 Запуск mirror.py (Загрузка и фильтрация по РФ/СНГ/Европа)...
2026-06-06 22:55:31,054 | INFO     |   → DEBUG: mirror.py started
2026-06-06 22:55:31,055 | INFO     |   → DEBUG: BASE_PATH = /home/runner/work/vpn-vless-configs-russia/vpn-vless-configs-russia
2026-06-06 22:55:31,055 | INFO     |   → DEBUG: CONFIG_SOURCES_FILE = /home/runner/work/vpn-vless-configs-russia/vpn-vless-configs-russia/data/config_sources.json
2026-06-06 22:55:31,055 | INFO     |   → 📂 Загружено 26 источников из /home/runner/work/vpn-vless-configs-russia/vpn-vless-configs-russia/data/config_sources.json
2026-06-06 22:55:31,055 | INFO     |   → 🚀 Старт: всего источников: 26
2026-06-06 22:55:31,055 | INFO     |   → 1/26: ✅ 0 взято | 🗑️ 0 мусор
2026-06-06 22:55:31,055 | INFO     |   → 2/26: ✅ 0 взято | 🗑️ 0 мусор
2026-06-06 22:55:31,055 | INFO     |   → 3/26: ✅ 0 взято | 🗑️ 0 мусор
2026-06-06 22:55:31,055 | INFO     |   → 4/26: ✅ 0 взято | 🗑️ 0 мусор
2026-06-06 22:55:31,055 | INFO     |   → 5/26: ✅ 0 взято | 🗑️ 0 мусор
2026-06-06 22:55:31,055 | INFO     |   → 6/26: ✅ 0 взято | 🗑️ 0 мусор
2026-06-06 22:55:31,055 | INFO     |   → 7/26: ✅ 0 взято | 🗑️ 0 мусор
2026-06-06 22:55:31,055 | INFO     |   → 8/26: ✅ 0 взято | 🗑️ 0 мусор
2026-06-06 22:55:31,055 | INFO     |   → 9/26: ✅ 10 взято | 🗑️ 151 мусор
2026-06-06 22:55:31,055 | INFO     |   → 10/26: ✅ 0 взято | 🗑️ 0 мусор
2026-06-06 22:55:31,055 | INFO     |   → 11/26: ✅ 10 взято | 🗑️ 113 мусор
2026-06-06 22:55:31,055 | INFO     |   → 12/26: ✅ 2 взято | 🗑️ 115 мусор
2026-06-06 22:55:31,055 | INFO     |   → 13/26: ✅ 0 взято | 🗑️ 0 мусор
2026-06-06 22:55:31,056 | INFO     |   → 14/26: ✅ 0 взято | 🗑️ 0 мусор
2026-06-06 22:55:31,056 | INFO     |   → 15/26: ✅ 3 взято | 🗑️ 145 мусор
2026-06-06 22:55:31,056 | INFO     |   → 16/26: ✅ 0 взято | 🗑️ 0 мусор
2026-06-06 22:55:31,056 | INFO     |   → 17/26: ✅ 0 взято | 🗑️ 157 мусор
2026-06-06 22:55:31,056 | INFO     |   → 18/26: ✅ 0 взято | 🗑️ 0 мусор
2026-06-06 22:55:31,056 | INFO     |   → 19/26: ✅ 0 взято | 🗑️ 131 мусор
2026-06-06 22:55:31,056 | INFO     |   → 20/26: ✅ 0 взято | 🗑️ 0 мусор
2026-06-06 22:55:31,056 | INFO     |   → 21/26: ✅ 13 взято | 🗑️ 7 мусор
2026-06-06 22:55:31,056 | INFO     |   → 22/26: ✅ 0 взято | 🗑️ 7 мусор
2026-06-06 22:55:31,056 | INFO     |   → 23/26: ✅ 0 взято | 🗑️ 7 мусор
2026-06-06 22:55:31,056 | INFO     |   → 24/26: ✅ 0 взято | 🗑️ 7 мусор
2026-06-06 22:55:31,056 | INFO     |   → 25/26: ✅ 0 взято | 🗑️ 7 мусор
2026-06-06 22:55:31,056 | INFO     |   → 26/26: ✅ 0 взято | 🗑️ 7 мусор
2026-06-06 22:55:31,056 | INFO     |   → 📡 С sstap.org получено 0 ключей
2026-06-06 22:55:31,056 | INFO     |   → 📡 С sstap.org не добавлено ни одного ключа (все 0 отклонены фильтром)
2026-06-06 22:55:31,056 | INFO     |   → ✅ ГОТОВО!
2026-06-06 22:55:31,056 | INFO     |   →    📥 Всего ключей после фильтра: 38
2026-06-06 22:55:31,056 | INFO     |   →    🔗 Уникальных IP:PORT:SCHEME: 26
2026-06-06 22:55:31,056 | INFO     |   →    🗑️ Выброшено мусора: 854
2026-06-06 22:55:31,056 | INFO     |   → 📊 По протоколам:
2026-06-06 22:55:31,056 | INFO     |   →    vless: 16
2026-06-06 22:55:31,056 | INFO     |   →    vmess: 1
2026-06-06 22:55:31,056 | INFO     |   →    trojan: 4
2026-06-06 22:55:31,057 | INFO     |   →    ss: 3
2026-06-06 22:55:31,057 | INFO     |   →    hysteria2: 2
2026-06-06 22:55:31,057 | INFO     | ✅ mirror.py завершён успешно
2026-06-06 22:55:31,057 | INFO     | 
2026-06-06 22:55:31,057 | INFO     | 
2026-06-06 22:55:31,057 | INFO     | ──────────────────────────────────────────────────────────────────────
2026-06-06 22:55:31,057 | INFO     | 📌 ЭТАП: Генерация 50 уникальных CF-VLESS
2026-06-06 22:55:31,057 | INFO     | ──────────────────────────────────────────────────────────────────────
2026-06-06 22:55:31,057 | INFO     | 🚀 Запуск generate_cf_vless.py (50 новых CF-VLESS)...
2026-06-06 22:55:31,243 | INFO     |   → === Генератор свежих VLESS-конфигов на IP Cloudflare ===
2026-06-06 22:55:31,243 | INFO     |   → ✅ Сгенерировано и сохранено 50 VLESS-конфигов.
2026-06-06 22:55:31,243 | INFO     |   → 📂 Файл: /home/runner/work/vpn-vless-configs-russia/vpn-vless-configs-russia/data/githubmirror/new/cf_fresh.txt
2026-06-06 22:55:31,243 | INFO     | ✅ generate_cf_vless.py завершён успешно
2026-06-06 22:55:31,243 | INFO     | 
2026-06-06 22:55:31,243 | INFO     | 
2026-06-06 22:55:31,244 | INFO     | ──────────────────────────────────────────────────────────────────────
2026-06-06 22:55:31,244 | INFO     | 📌 ЭТАП: Слияние CF с основным списком
2026-06-06 22:55:31,244 | INFO     | ──────────────────────────────────────────────────────────────────────
2026-06-06 22:55:31,245 | INFO     | 🔄 Добавлено 50 новых CF-VLESS в /home/runner/work/vpn-vless-configs-russia/vpn-vless-configs-russia/data/githubmirror/clean/vless.txt
2026-06-06 22:55:31,245 | INFO     | 📊 Всего в clean/vless.txt теперь: 66
2026-06-06 22:55:31,246 | INFO     | 
2026-06-06 22:55:31,246 | INFO     | 
2026-06-06 22:55:31,246 | INFO     | ──────────────────────────────────────────────────────────────────────
2026-06-06 22:55:31,246 | INFO     | 📌 ЭТАП: Фильтрация по реальному SNI
2026-06-06 22:55:31,246 | INFO     | ──────────────────────────────────────────────────────────────────────
2026-06-06 22:55:31,246 | INFO     | 🚀 Запуск filter_ru_sni.py (Фильтр по реальному SNI (CDN+RU))...
2026-06-06 22:55:31,277 | INFO     |   → hysteria2.txt: 2 → 1 (SNI-filtered)
2026-06-06 22:55:31,277 | INFO     |   →   ss.txt: 3 → 0 (SNI-filtered)
2026-06-06 22:55:31,277 | INFO     |   →   trojan.txt: 4 → 0 (SNI-filtered)
2026-06-06 22:55:31,277 | INFO     |   →   vless.txt: 66 → 55 (SNI-filtered)
2026-06-06 22:55:31,277 | INFO     |   →   vmess.txt: 1 → 0 (SNI-filtered)
2026-06-06 22:55:31,277 | INFO     |   → ==================================================
2026-06-06 22:55:31,277 | INFO     |   →   Всего входных:  76
2026-06-06 22:55:31,277 | INFO     |   →   Прошли фильтр:  56
2026-06-06 22:55:31,277 | INFO     |   →   Отброшено:      20
2026-06-06 22:55:31,277 | INFO     |   → ==================================================
2026-06-06 22:55:31,277 | INFO     |   → Готово → /home/runner/work/vpn-vless-configs-russia/vpn-vless-configs-russia/data/githubmirror/ru-sni
2026-06-06 22:55:31,277 | INFO     | ✅ filter_ru_sni.py завершён успешно
2026-06-06 22:55:31,277 | INFO     | 
2026-06-06 22:55:31,277 | INFO     | 
2026-06-06 22:55:31,277 | INFO     | ──────────────────────────────────────────────────────────────────────
2026-06-06 22:55:31,277 | INFO     | 📌 ЭТАП: Экспериментальный RU-SNI фильтр
2026-06-06 22:55:31,277 | INFO     | ──────────────────────────────────────────────────────────────────────
2026-06-06 22:55:31,277 | INFO     | 🚀 Запуск filter_ru_sni_local.py (Экспериментальный фильтр по RU-SNI)...
2026-06-06 22:55:31,306 | INFO     |   → hysteria2.txt: 2 → 0 (RU-SNI)
2026-06-06 22:55:31,307 | INFO     |   → ss.txt: 3 → 0 (RU-SNI)
2026-06-06 22:55:31,307 | INFO     |   → trojan.txt: 4 → 0 (RU-SNI)
2026-06-06 22:55:31,307 | INFO     |   → vless.txt: 66 → 1 (RU-SNI)
2026-06-06 22:55:31,307 | INFO     |   → vmess.txt: 1 → 0 (RU-SNI)
2026-06-06 22:55:31,307 | INFO     |   → ==================================================
2026-06-06 22:55:31,307 | INFO     |   → Всего входных:  76
2026-06-06 22:55:31,307 | INFO     |   → Прошли RU-SNI:  1
2026-06-06 22:55:31,307 | INFO     |   → Отброшено:      75
2026-06-06 22:55:31,307 | INFO     |   → ==================================================
2026-06-06 22:55:31,307 | INFO     |   → Готово → /home/runner/work/vpn-vless-configs-russia/vpn-vless-configs-russia/data/githubmirror/ru-sni-local
2026-06-06 22:55:31,307 | INFO     | ✅ filter_ru_sni_local.py завершён успешно
2026-06-06 22:55:31,307 | INFO     | 
2026-06-06 22:55:31,307 | INFO     | 
2026-06-06 22:55:31,307 | INFO     | ──────────────────────────────────────────────────────────────────────
2026-06-06 22:55:31,307 | INFO     | 📌 ЭТАП: Сбор статистики
2026-06-06 22:55:31,307 | INFO     | ──────────────────────────────────────────────────────────────────────
2026-06-06 22:55:31,307 | INFO     | 📊 Сбор статистики...
2026-06-06 22:55:31,307 | INFO     |   📁 githubmirror/clean:
2026-06-06 22:55:31,308 | INFO     |     • hysteria2   :     2 конфигов
2026-06-06 22:55:31,308 | INFO     |     • ss          :     3 конфигов
2026-06-06 22:55:31,308 | INFO     |     • trojan      :     4 конфигов
2026-06-06 22:55:31,308 | INFO     |     • vless       :    66 конфигов
2026-06-06 22:55:31,308 | INFO     |     • vmess       :     1 конфигов
2026-06-06 22:55:31,308 | INFO     |   📁 githubmirror/ru-sni:
2026-06-06 22:55:31,309 | INFO     |     • hysteria2   :     1 конфигов ( 50.0% от clean)
2026-06-06 22:55:31,309 | INFO     |     • ss          :     0 конфигов (  0.0% от clean)
2026-06-06 22:55:31,309 | INFO     |     • trojan      :     0 конфигов (  0.0% от clean)
2026-06-06 22:55:31,309 | INFO     |     • vless       :    55 конфигов ( 83.3% от clean)
2026-06-06 22:55:31,309 | INFO     |     • vmess       :     0 конфигов (  0.0% от clean)
2026-06-06 22:55:31,309 | INFO     |   ✨ Новых CF-VLESS в этом запуске: 50
2026-06-06 22:55:31,309 | INFO     | 
2026-06-06 22:55:31,309 | INFO     |   ──────────────────────────────────────────────────
2026-06-06 22:55:31,309 | INFO     |   📈 ИТОГО:
2026-06-06 22:55:31,309 | INFO     |     Clean (после geo-фильтра):       76
2026-06-06 22:55:31,309 | INFO     |     RU-SNI (после SNI-фильтра):      56
2026-06-06 22:55:31,309 | INFO     |     Прошло фильтр:                 73.7%
2026-06-06 22:55:31,309 | INFO     |   ──────────────────────────────────────────────────
2026-06-06 22:55:31,310 | INFO     | ✅ Статистика сохранена: /home/runner/work/vpn-vless-configs-russia/vpn-vless-configs-russia/data/stats.json
2026-06-06 22:55:31,310 | INFO     | 
2026-06-06 22:55:31,310 | INFO     | ======================================================================
2026-06-06 22:55:31,310 | INFO     | 📊 ИТОГОВЫЙ ОТЧЁТ
2026-06-06 22:55:31,310 | INFO     | ======================================================================
2026-06-06 22:55:31,310 | INFO     |   ✅ OK         | Загрузка и geo-фильтрация
2026-06-06 22:55:31,310 | INFO     |   ✅ OK         | Генерация 50 уникальных CF-VLESS
2026-06-06 22:55:31,310 | INFO     |   ✅ OK         | Слияние CF с основным списком
2026-06-06 22:55:31,310 | INFO     |   ✅ OK         | Фильтрация по реальному SNI
2026-06-06 22:55:31,310 | INFO     |   ✅ OK         | Экспериментальный RU-SNI фильтр
2026-06-06 22:55:31,310 | INFO     |   ✅ OK         | Сбор статистики
2026-06-06 22:55:31,310 | INFO     | ──────────────────────────────────────────────────────────────────────
2026-06-06 22:55:31,310 | INFO     | ✅ ВСЕ ЭТАПЫ УСПЕШНЫ (6/6)
2026-06-06 22:55:31,310 | INFO     | ⏰ Время завершения: 2026-06-06 22:55:31
2026-06-06 22:55:31,310 | INFO     | ======================================================================
