2026-06-24 02:03:41,170 | INFO     | ======================================================================
2026-06-24 02:03:41,170 | INFO     | 🔍 VPN KEY CHECKER - Начало проверки
2026-06-24 02:03:41,170 | INFO     | ⏰ Время старта: 2026-06-24 02:03:41
2026-06-24 02:03:41,170 | INFO     | 📂 Рабочая директория: /home/runner/work/vpn-vless-configs-russia/vpn-vless-configs-russia
2026-06-24 02:03:41,170 | INFO     | ======================================================================
2026-06-24 02:03:41,170 | INFO     | 
2026-06-24 02:03:41,170 | INFO     | 🔍 Проверка наличия скриптов...
2026-06-24 02:03:41,170 | INFO     |   ✅ mirror.py
2026-06-24 02:03:41,170 | INFO     |   ✅ generate_cf_vless.py
2026-06-24 02:03:41,170 | INFO     |   ✅ filter_ru_sni.py
2026-06-24 02:03:41,170 | INFO     |   ✅ filter_ru_sni_local.py
2026-06-24 02:03:41,170 | INFO     | 
2026-06-24 02:03:41,170 | INFO     | ──────────────────────────────────────────────────────────────────────
2026-06-24 02:03:41,170 | INFO     | 📌 ЭТАП: Загрузка и geo-фильтрация
2026-06-24 02:03:41,170 | INFO     | ──────────────────────────────────────────────────────────────────────
2026-06-24 02:03:41,170 | INFO     | 🚀 Запуск mirror.py (Загрузка и фильтрация по РФ/СНГ/Европа)...
2026-06-24 02:04:18,185 | INFO     |   → DEBUG: mirror.py started
2026-06-24 02:04:18,185 | INFO     |   → DEBUG: BASE_PATH = /home/runner/work/vpn-vless-configs-russia/vpn-vless-configs-russia
2026-06-24 02:04:18,185 | INFO     |   → DEBUG: CONFIG_SOURCES_FILE = /home/runner/work/vpn-vless-configs-russia/vpn-vless-configs-russia/data/config_sources.json
2026-06-24 02:04:18,185 | INFO     |   → 📂 Загружено 96 источников из /home/runner/work/vpn-vless-configs-russia/vpn-vless-configs-russia/data/config_sources.json
2026-06-24 02:04:18,185 | INFO     |   → 🚀 Старт: всего источников: 96
2026-06-24 02:04:18,186 | INFO     |   → 1/96: ✅ 0 взято | 🗑️ 0 мусор
2026-06-24 02:04:18,186 | INFO     |   → 2/96: ✅ 0 взято | 🗑️ 0 мусор
2026-06-24 02:04:18,186 | INFO     |   → 3/96: ✅ 0 взято | 🗑️ 0 мусор
2026-06-24 02:04:18,186 | INFO     |   → 4/96: ✅ 0 взято | 🗑️ 0 мусор
2026-06-24 02:04:18,186 | INFO     |   → 5/96: ✅ 0 взято | 🗑️ 0 мусор
2026-06-24 02:04:18,186 | INFO     |   → 6/96: ✅ 0 взято | 🗑️ 0 мусор
2026-06-24 02:04:18,186 | INFO     |   → 7/96: ✅ 0 взято | 🗑️ 0 мусор
2026-06-24 02:04:18,186 | INFO     |   → 8/96: ✅ 0 взято | 🗑️ 0 мусор
2026-06-24 02:04:18,186 | INFO     |   → 9/96: ✅ 0 взято | 🗑️ 0 мусор
2026-06-24 02:04:18,186 | INFO     |   → 10/96: ✅ 0 взято | 🗑️ 0 мусор
2026-06-24 02:04:18,186 | INFO     |   → 11/96: ✅ 0 взято | 🗑️ 0 мусор
2026-06-24 02:04:18,186 | INFO     |   → 12/96: ✅ 0 взято | 🗑️ 0 мусор
2026-06-24 02:04:18,186 | INFO     |   → 13/96: ✅ 0 взято | 🗑️ 0 мусор
2026-06-24 02:04:18,186 | INFO     |   → 14/96: ✅ 0 взято | 🗑️ 0 мусор
2026-06-24 02:04:18,186 | INFO     |   → 15/96: ✅ 0 взято | 🗑️ 0 мусор
2026-06-24 02:04:18,186 | INFO     |   → 16/96: ✅ 0 взято | 🗑️ 0 мусор
2026-06-24 02:04:18,186 | INFO     |   → 17/96: ✅ 0 взято | 🗑️ 0 мусор
2026-06-24 02:04:18,186 | INFO     |   → 18/96: ✅ 0 взято | 🗑️ 0 мусор
2026-06-24 02:04:18,186 | INFO     |   → 19/96: ✅ 0 взято | 🗑️ 0 мусор
2026-06-24 02:04:18,186 | INFO     |   → 20/96: ✅ 0 взято | 🗑️ 0 мусор
2026-06-24 02:04:18,186 | INFO     |   → 21/96: ✅ 0 взято | 🗑️ 0 мусор
2026-06-24 02:04:18,186 | INFO     |   → 22/96: ✅ 0 взято | 🗑️ 0 мусор
2026-06-24 02:04:18,186 | INFO     |   → 23/96: ✅ 0 взято | 🗑️ 0 мусор
2026-06-24 02:04:18,186 | INFO     |   → 24/96: ✅ 0 взято | 🗑️ 0 мусор
2026-06-24 02:04:18,186 | INFO     |   → 25/96: ✅ 5 взято | 🗑️ 166 мусор
2026-06-24 02:04:18,186 | INFO     |   → 26/96: ✅ 0 взято | 🗑️ 115 мусор
2026-06-24 02:04:18,187 | INFO     |   → 27/96: ✅ 0 взято | 🗑️ 0 мусор
2026-06-24 02:04:18,187 | INFO     |   → 28/96: ✅ 0 взято | 🗑️ 0 мусор
2026-06-24 02:04:18,187 | INFO     |   → 29/96: ✅ 0 взято | 🗑️ 0 мусор
2026-06-24 02:04:18,187 | INFO     |   → 30/96: ✅ 0 взято | 🗑️ 0 мусор
2026-06-24 02:04:18,187 | INFO     |   → 31/96: ✅ 1 взято | 🗑️ 169 мусор
2026-06-24 02:04:18,187 | INFO     |   → 32/96: ✅ 0 взято | 🗑️ 0 мусор
2026-06-24 02:04:18,187 | INFO     |   → 33/96: ✅ 1 взято | 🗑️ 213 мусор
2026-06-24 02:04:18,187 | INFO     |   → 34/96: ✅ 0 взято | 🗑️ 0 мусор
2026-06-24 02:04:18,187 | INFO     |   → 35/96: ✅ 0 взято | 🗑️ 0 мусор
2026-06-24 02:04:18,187 | INFO     |   → 36/96: ✅ 3 взято | 🗑️ 99 мусор
2026-06-24 02:04:18,187 | INFO     |   → 37/96: ✅ 0 взято | 🗑️ 0 мусор
2026-06-24 02:04:18,187 | INFO     |   → 38/96: ✅ 0 взято | 🗑️ 117 мусор
2026-06-24 02:04:18,187 | INFO     |   → 39/96: ✅ 11 взято | 🗑️ 225 мусор
2026-06-24 02:04:18,187 | INFO     |   → 40/96: ✅ 1 взято | 🗑️ 141 мусор
2026-06-24 02:04:18,187 | INFO     |   → 41/96: ✅ 0 взято | 🗑️ 96 мусор
2026-06-24 02:04:18,187 | INFO     |   → 42/96: ✅ 0 взято | 🗑️ 0 мусор
2026-06-24 02:04:18,187 | INFO     |   → 43/96: ✅ 0 взято | 🗑️ 0 мусор
2026-06-24 02:04:18,187 | INFO     |   → 44/96: ✅ 0 взято | 🗑️ 137 мусор
2026-06-24 02:04:18,187 | INFO     |   → 45/96: ✅ 0 взято | 🗑️ 112 мусор
2026-06-24 02:04:18,187 | INFO     |   → 46/96: ✅ 0 взято | 🗑️ 0 мусор
2026-06-24 02:04:18,187 | INFO     |   → 47/96: ✅ 3 взято | 🗑️ 100 мусор
2026-06-24 02:04:18,187 | INFO     |   → 48/96: ✅ 0 взято | 🗑️ 0 мусор
2026-06-24 02:04:18,187 | INFO     |   → 49/96: ✅ 1 взято | 🗑️ 171 мусор
2026-06-24 02:04:18,187 | INFO     |   → 50/96: ✅ 0 взято | 🗑️ 0 мусор
2026-06-24 02:04:18,187 | INFO     |   → 51/96: ✅ 0 взято | 🗑️ 202 мусор
2026-06-24 02:04:18,187 | INFO     |   → 52/96: ✅ 0 взято | 🗑️ 0 мусор
2026-06-24 02:04:18,187 | INFO     |   → 53/96: ✅ 0 взято | 🗑️ 138 мусор
2026-06-24 02:04:18,187 | INFO     |   → 54/96: ✅ 0 взято | 🗑️ 0 мусор
2026-06-24 02:04:18,187 | INFO     |   → 55/96: ✅ 0 взято | 🗑️ 236 мусор
2026-06-24 02:04:18,187 | INFO     |   → 56/96: ✅ 0 взято | 🗑️ 0 мусор
2026-06-24 02:04:18,188 | INFO     |   → 57/96: ✅ 0 взято | 🗑️ 192 мусор
2026-06-24 02:04:18,188 | INFO     |   → 58/96: ✅ 0 взято | 🗑️ 0 мусор
2026-06-24 02:04:18,188 | INFO     |   → 59/96: ✅ 1 взято | 🗑️ 174 мусор
2026-06-24 02:04:18,188 | INFO     |   → 60/96: ✅ 0 взято | 🗑️ 0 мусор
2026-06-24 02:04:18,188 | INFO     |   → 61/96: ✅ 1 взято | 🗑️ 149 мусор
2026-06-24 02:04:18,188 | INFO     |   → 62/96: ✅ 0 взято | 🗑️ 0 мусор
2026-06-24 02:04:18,188 | INFO     |   → 63/96: ✅ 3 взято | 🗑️ 147 мусор
2026-06-24 02:04:18,188 | INFO     |   → 64/96: ✅ 0 взято | 🗑️ 0 мусор
2026-06-24 02:04:18,188 | INFO     |   → 65/96: ✅ 2 взято | 🗑️ 196 мусор
2026-06-24 02:04:18,188 | INFO     |   → 66/96: ✅ 0 взято | 🗑️ 0 мусор
2026-06-24 02:04:18,188 | INFO     |   → 67/96: ✅ 2 взято | 🗑️ 277 мусор
2026-06-24 02:04:18,188 | INFO     |   → 68/96: ✅ 0 взято | 🗑️ 0 мусор
2026-06-24 02:04:18,188 | INFO     |   → 69/96: ✅ 5 взято | 🗑️ 9 мусор
2026-06-24 02:04:18,188 | INFO     |   → 70/96: ✅ 0 взято | 🗑️ 9 мусор
2026-06-24 02:04:18,188 | INFO     |   → 71/96: ✅ 0 взято | 🗑️ 9 мусор
2026-06-24 02:04:18,188 | INFO     |   → 72/96: ✅ 0 взято | 🗑️ 9 мусор
2026-06-24 02:04:18,188 | INFO     |   → 73/96: ✅ 0 взято | 🗑️ 9 мусор
2026-06-24 02:04:18,188 | INFO     |   → 74/96: ✅ 0 взято | 🗑️ 9 мусор
2026-06-24 02:04:18,188 | INFO     |   → 75/96: ✅ 0 взято | 🗑️ 9 мусор
2026-06-24 02:04:18,188 | INFO     |   → 76/96: ✅ 0 взято | 🗑️ 9 мусор
2026-06-24 02:04:18,188 | INFO     |   → 77/96: ✅ 13 взято | 🗑️ 10 мусор
2026-06-24 02:04:18,188 | INFO     |   → 78/96: ✅ 0 взято | 🗑️ 10 мусор
2026-06-24 02:04:18,188 | INFO     |   → 79/96: ✅ 0 взято | 🗑️ 10 мусор
2026-06-24 02:04:18,188 | INFO     |   → 80/96: ✅ 0 взято | 🗑️ 9 мусор
2026-06-24 02:04:18,188 | INFO     |   → 81/96: ✅ 0 взято | 🗑️ 9 мусор
2026-06-24 02:04:18,188 | INFO     |   → 82/96: ✅ 0 взято | 🗑️ 9 мусор
2026-06-24 02:04:18,188 | INFO     |   → 83/96: ✅ 0 взято | 🗑️ 9 мусор
2026-06-24 02:04:18,188 | INFO     |   → 84/96: ✅ 0 взято | 🗑️ 9 мусор
2026-06-24 02:04:18,188 | INFO     |   → 85/96: ✅ 0 взято | 🗑️ 9 мусор
2026-06-24 02:04:18,188 | INFO     |   → 86/96: ✅ 0 взято | 🗑️ 9 мусор
2026-06-24 02:04:18,188 | INFO     |   → 87/96: ✅ 0 взято | 🗑️ 9 мусор
2026-06-24 02:04:18,188 | INFO     |   → 88/96: ✅ 0 взято | 🗑️ 10 мусор
2026-06-24 02:04:18,188 | INFO     |   → 89/96: ✅ 0 взято | 🗑️ 10 мусор
2026-06-24 02:04:18,188 | INFO     |   → 90/96: ✅ 0 взято | 🗑️ 10 мусор
2026-06-24 02:04:18,188 | INFO     |   → 91/96: ✅ 0 взято | 🗑️ 0 мусор
2026-06-24 02:04:18,188 | INFO     |   → 92/96: ✅ 4 взято | 🗑️ 458 мусор
2026-06-24 02:04:18,188 | INFO     |   → 93/96: ✅ 0 взято | 🗑️ 0 мусор
2026-06-24 02:04:18,188 | INFO     |   → 94/96: ✅ 1 взято | 🗑️ 164 мусор
2026-06-24 02:04:18,188 | INFO     |   → 95/96: ✅ 0 взято | 🗑️ 0 мусор
2026-06-24 02:04:18,188 | INFO     |   → 96/96: ✅ 6 взято | 🗑️ 221 мусор
2026-06-24 02:04:18,188 | INFO     |   → 📡 С sstap.org получено 0 ключей
2026-06-24 02:04:18,188 | INFO     |   → 📡 С sstap.org не добавлено ни одного ключа (все 0 отклонены фильтром)
2026-06-24 02:04:18,188 | INFO     |   → ✅ ГОТОВО!
2026-06-24 02:04:18,188 | INFO     |   →    📥 Всего ключей после фильтра: 64
2026-06-24 02:04:18,188 | INFO     |   →    🔗 Уникальных IP:PORT:SCHEME: 51
2026-06-24 02:04:18,188 | INFO     |   →    🗑️ Выброшено мусора: 4619
2026-06-24 02:04:18,189 | INFO     |   → 📊 По протоколам:
2026-06-24 02:04:18,189 | INFO     |   →    vless: 41
2026-06-24 02:04:18,189 | INFO     |   →    vmess: 1
2026-06-24 02:04:18,189 | INFO     |   →    trojan: 7
2026-06-24 02:04:18,189 | INFO     |   →    hysteria2: 2
2026-06-24 02:04:18,189 | INFO     | ✅ mirror.py завершён успешно
2026-06-24 02:04:18,189 | INFO     | 
2026-06-24 02:04:18,189 | INFO     | 
2026-06-24 02:04:18,189 | INFO     | ──────────────────────────────────────────────────────────────────────
2026-06-24 02:04:18,189 | INFO     | 📌 ЭТАП: Генерация 50 уникальных CF-VLESS
2026-06-24 02:04:18,189 | INFO     | ──────────────────────────────────────────────────────────────────────
2026-06-24 02:04:18,189 | INFO     | 🚀 Запуск generate_cf_vless.py (50 новых CF-VLESS)...
2026-06-24 02:04:18,366 | INFO     |   → === Генератор свежих VLESS-конфигов на IP Cloudflare ===
2026-06-24 02:04:18,366 | INFO     |   → ✅ Сгенерировано и сохранено 50 VLESS-конфигов.
2026-06-24 02:04:18,366 | INFO     |   → 📂 Файл: /home/runner/work/vpn-vless-configs-russia/vpn-vless-configs-russia/data/githubmirror/new/cf_fresh.txt
2026-06-24 02:04:18,366 | INFO     | ✅ generate_cf_vless.py завершён успешно
2026-06-24 02:04:18,366 | INFO     | 
2026-06-24 02:04:18,366 | INFO     | 
2026-06-24 02:04:18,366 | INFO     | ──────────────────────────────────────────────────────────────────────
2026-06-24 02:04:18,366 | INFO     | 📌 ЭТАП: Слияние CF с основным списком
2026-06-24 02:04:18,366 | INFO     | ──────────────────────────────────────────────────────────────────────
2026-06-24 02:04:18,368 | INFO     | 🔄 Добавлено 50 новых CF-VLESS в /home/runner/work/vpn-vless-configs-russia/vpn-vless-configs-russia/data/githubmirror/clean/vless.txt
2026-06-24 02:04:18,368 | INFO     | 📊 Всего в clean/vless.txt теперь: 91
2026-06-24 02:04:18,368 | INFO     | 
2026-06-24 02:04:18,368 | INFO     | 
2026-06-24 02:04:18,368 | INFO     | ──────────────────────────────────────────────────────────────────────
2026-06-24 02:04:18,368 | INFO     | 📌 ЭТАП: Фильтрация по реальному SNI
2026-06-24 02:04:18,368 | INFO     | ──────────────────────────────────────────────────────────────────────
2026-06-24 02:04:18,368 | INFO     | 🚀 Запуск filter_ru_sni.py (Фильтр по реальному SNI (CDN+RU))...
2026-06-24 02:04:18,399 | INFO     |   → hysteria2.txt: 2 → 0 (SNI-filtered)
2026-06-24 02:04:18,399 | INFO     |   →   trojan.txt: 7 → 0 (SNI-filtered)
2026-06-24 02:04:18,399 | INFO     |   →   vless.txt: 91 → 53 (SNI-filtered)
2026-06-24 02:04:18,399 | INFO     |   →   vmess.txt: 1 → 0 (SNI-filtered)
2026-06-24 02:04:18,399 | INFO     |   → ==================================================
2026-06-24 02:04:18,399 | INFO     |   →   Всего входных:  101
2026-06-24 02:04:18,400 | INFO     |   →   Прошли фильтр:  53
2026-06-24 02:04:18,400 | INFO     |   →   Отброшено:      48
2026-06-24 02:04:18,400 | INFO     |   → ==================================================
2026-06-24 02:04:18,400 | INFO     |   → Готово → /home/runner/work/vpn-vless-configs-russia/vpn-vless-configs-russia/data/githubmirror/ru-sni
2026-06-24 02:04:18,400 | INFO     | ✅ filter_ru_sni.py завершён успешно
2026-06-24 02:04:18,400 | INFO     | 
2026-06-24 02:04:18,400 | INFO     | 
2026-06-24 02:04:18,400 | INFO     | ──────────────────────────────────────────────────────────────────────
2026-06-24 02:04:18,400 | INFO     | 📌 ЭТАП: Экспериментальный RU-SNI фильтр
2026-06-24 02:04:18,400 | INFO     | ──────────────────────────────────────────────────────────────────────
2026-06-24 02:04:18,400 | INFO     | 🚀 Запуск filter_ru_sni_local.py (Экспериментальный фильтр по RU-SNI)...
2026-06-24 02:04:18,430 | INFO     |   → hysteria2.txt: 2 → 0 (RU-SNI)
2026-06-24 02:04:18,430 | INFO     |   → trojan.txt: 7 → 0 (RU-SNI)
2026-06-24 02:04:18,430 | INFO     |   → vless.txt: 91 → 0 (RU-SNI)
2026-06-24 02:04:18,430 | INFO     |   → vmess.txt: 1 → 0 (RU-SNI)
2026-06-24 02:04:18,430 | INFO     |   → ==================================================
2026-06-24 02:04:18,430 | INFO     |   → Всего входных:  101
2026-06-24 02:04:18,430 | INFO     |   → Прошли RU-SNI:  0
2026-06-24 02:04:18,430 | INFO     |   → Отброшено:      101
2026-06-24 02:04:18,430 | INFO     |   → ==================================================
2026-06-24 02:04:18,430 | INFO     |   → Готово → /home/runner/work/vpn-vless-configs-russia/vpn-vless-configs-russia/data/githubmirror/ru-sni-local
2026-06-24 02:04:18,430 | INFO     | ✅ filter_ru_sni_local.py завершён успешно
2026-06-24 02:04:18,430 | INFO     | 
2026-06-24 02:04:18,431 | INFO     | 
2026-06-24 02:04:18,431 | INFO     | ──────────────────────────────────────────────────────────────────────
2026-06-24 02:04:18,431 | INFO     | 📌 ЭТАП: Сбор статистики
2026-06-24 02:04:18,431 | INFO     | ──────────────────────────────────────────────────────────────────────
2026-06-24 02:04:18,431 | INFO     | 📊 Сбор статистики...
2026-06-24 02:04:18,431 | INFO     |   📁 githubmirror/clean:
2026-06-24 02:04:18,431 | INFO     |     • hysteria2   :     2 конфигов
2026-06-24 02:04:18,431 | INFO     |     • trojan      :     7 конфигов
2026-06-24 02:04:18,431 | INFO     |     • vless       :    91 конфигов
2026-06-24 02:04:18,431 | INFO     |     • vmess       :     1 конфигов
2026-06-24 02:04:18,431 | INFO     |   📁 githubmirror/ru-sni:
2026-06-24 02:04:18,432 | INFO     |     • hysteria2   :     0 конфигов (  0.0% от clean)
2026-06-24 02:04:18,432 | INFO     |     • trojan      :     0 конфигов (  0.0% от clean)
2026-06-24 02:04:18,432 | INFO     |     • vless       :    53 конфигов ( 58.2% от clean)
2026-06-24 02:04:18,432 | INFO     |     • vmess       :     0 конфигов (  0.0% от clean)
2026-06-24 02:04:18,432 | INFO     |   ✨ Новых CF-VLESS в этом запуске: 50
2026-06-24 02:04:18,432 | INFO     | 
2026-06-24 02:04:18,432 | INFO     |   ──────────────────────────────────────────────────
2026-06-24 02:04:18,432 | INFO     |   📈 ИТОГО:
2026-06-24 02:04:18,432 | INFO     |     Clean (после geo-фильтра):      101
2026-06-24 02:04:18,432 | INFO     |     RU-SNI (после SNI-фильтра):      53
2026-06-24 02:04:18,432 | INFO     |     Прошло фильтр:                 52.5%
2026-06-24 02:04:18,432 | INFO     |   ──────────────────────────────────────────────────
2026-06-24 02:04:18,433 | INFO     | ✅ Статистика сохранена: /home/runner/work/vpn-vless-configs-russia/vpn-vless-configs-russia/data/stats.json
2026-06-24 02:04:18,433 | INFO     | 
2026-06-24 02:04:18,433 | INFO     | ======================================================================
2026-06-24 02:04:18,433 | INFO     | 📊 ИТОГОВЫЙ ОТЧЁТ
2026-06-24 02:04:18,433 | INFO     | ======================================================================
2026-06-24 02:04:18,433 | INFO     |   ✅ OK         | Загрузка и geo-фильтрация
2026-06-24 02:04:18,433 | INFO     |   ✅ OK         | Генерация 50 уникальных CF-VLESS
2026-06-24 02:04:18,433 | INFO     |   ✅ OK         | Слияние CF с основным списком
2026-06-24 02:04:18,433 | INFO     |   ✅ OK         | Фильтрация по реальному SNI
2026-06-24 02:04:18,433 | INFO     |   ✅ OK         | Экспериментальный RU-SNI фильтр
2026-06-24 02:04:18,433 | INFO     |   ✅ OK         | Сбор статистики
2026-06-24 02:04:18,433 | INFO     | ──────────────────────────────────────────────────────────────────────
2026-06-24 02:04:18,433 | INFO     | ✅ ВСЕ ЭТАПЫ УСПЕШНЫ (6/6)
2026-06-24 02:04:18,433 | INFO     | ⏰ Время завершения: 2026-06-24 02:04:18
2026-06-24 02:04:18,433 | INFO     | ======================================================================
