2026-06-12 23:08:48,020 | INFO     | ======================================================================
2026-06-12 23:08:48,020 | INFO     | 🔍 VPN KEY CHECKER - Начало проверки
2026-06-12 23:08:48,020 | INFO     | ⏰ Время старта: 2026-06-12 23:08:48
2026-06-12 23:08:48,020 | INFO     | 📂 Рабочая директория: /home/runner/work/vpn-vless-configs-russia/vpn-vless-configs-russia
2026-06-12 23:08:48,020 | INFO     | ======================================================================
2026-06-12 23:08:48,020 | INFO     | 
2026-06-12 23:08:48,020 | INFO     | 🔍 Проверка наличия скриптов...
2026-06-12 23:08:48,020 | INFO     |   ✅ mirror.py
2026-06-12 23:08:48,021 | INFO     |   ✅ generate_cf_vless.py
2026-06-12 23:08:48,021 | INFO     |   ✅ filter_ru_sni.py
2026-06-12 23:08:48,021 | INFO     |   ✅ filter_ru_sni_local.py
2026-06-12 23:08:48,021 | INFO     | 
2026-06-12 23:08:48,021 | INFO     | ──────────────────────────────────────────────────────────────────────
2026-06-12 23:08:48,021 | INFO     | 📌 ЭТАП: Загрузка и geo-фильтрация
2026-06-12 23:08:48,021 | INFO     | ──────────────────────────────────────────────────────────────────────
2026-06-12 23:08:48,021 | INFO     | 🚀 Запуск mirror.py (Загрузка и фильтрация по РФ/СНГ/Европа)...
2026-06-12 23:09:25,114 | INFO     |   → DEBUG: mirror.py started
2026-06-12 23:09:25,114 | INFO     |   → DEBUG: BASE_PATH = /home/runner/work/vpn-vless-configs-russia/vpn-vless-configs-russia
2026-06-12 23:09:25,115 | INFO     |   → DEBUG: CONFIG_SOURCES_FILE = /home/runner/work/vpn-vless-configs-russia/vpn-vless-configs-russia/data/config_sources.json
2026-06-12 23:09:25,115 | INFO     |   → 📂 Загружено 72 источников из /home/runner/work/vpn-vless-configs-russia/vpn-vless-configs-russia/data/config_sources.json
2026-06-12 23:09:25,115 | INFO     |   → 🚀 Старт: всего источников: 72
2026-06-12 23:09:25,115 | INFO     |   → 1/72: ✅ 0 взято | 🗑️ 0 мусор
2026-06-12 23:09:25,115 | INFO     |   → 2/72: ✅ 0 взято | 🗑️ 0 мусор
2026-06-12 23:09:25,115 | INFO     |   → 3/72: ✅ 0 взято | 🗑️ 0 мусор
2026-06-12 23:09:25,115 | INFO     |   → 4/72: ✅ 0 взято | 🗑️ 0 мусор
2026-06-12 23:09:25,115 | INFO     |   → 5/72: ✅ 0 взято | 🗑️ 0 мусор
2026-06-12 23:09:25,115 | INFO     |   → 6/72: ✅ 0 взято | 🗑️ 0 мусор
2026-06-12 23:09:25,115 | INFO     |   → 7/72: ✅ 0 взято | 🗑️ 0 мусор
2026-06-12 23:09:25,115 | INFO     |   → 8/72: ✅ 0 взято | 🗑️ 0 мусор
2026-06-12 23:09:25,115 | INFO     |   → 9/72: ✅ 0 взято | 🗑️ 0 мусор
2026-06-12 23:09:25,115 | INFO     |   → 10/72: ✅ 0 взято | 🗑️ 0 мусор
2026-06-12 23:09:25,115 | INFO     |   → 11/72: ✅ 0 взято | 🗑️ 0 мусор
2026-06-12 23:09:25,115 | INFO     |   → 12/72: ✅ 0 взято | 🗑️ 0 мусор
2026-06-12 23:09:25,115 | INFO     |   → 13/72: ✅ 0 взято | 🗑️ 0 мусор
2026-06-12 23:09:25,116 | INFO     |   → 14/72: ✅ 0 взято | 🗑️ 0 мусор
2026-06-12 23:09:25,116 | INFO     |   → 15/72: ✅ 0 взято | 🗑️ 0 мусор
2026-06-12 23:09:25,116 | INFO     |   → 16/72: ✅ 0 взято | 🗑️ 0 мусор
2026-06-12 23:09:25,116 | INFO     |   → 17/72: ✅ 0 взято | 🗑️ 0 мусор
2026-06-12 23:09:25,116 | INFO     |   → 18/72: ✅ 0 взято | 🗑️ 0 мусор
2026-06-12 23:09:25,116 | INFO     |   → 19/72: ✅ 0 взято | 🗑️ 0 мусор
2026-06-12 23:09:25,116 | INFO     |   → 20/72: ✅ 0 взято | 🗑️ 0 мусор
2026-06-12 23:09:25,116 | INFO     |   → 21/72: ✅ 11 взято | 🗑️ 232 мусор
2026-06-12 23:09:25,116 | INFO     |   → 22/72: ✅ 4 взято | 🗑️ 151 мусор
2026-06-12 23:09:25,116 | INFO     |   → 23/72: ✅ 0 взято | 🗑️ 0 мусор
2026-06-12 23:09:25,116 | INFO     |   → 24/72: ✅ 0 взято | 🗑️ 0 мусор
2026-06-12 23:09:25,116 | INFO     |   → 25/72: ✅ 7 взято | 🗑️ 113 мусор
2026-06-12 23:09:25,116 | INFO     |   → 26/72: ✅ 0 взято | 🗑️ 0 мусор
2026-06-12 23:09:25,116 | INFO     |   → 27/72: ✅ 0 взято | 🗑️ 0 мусор
2026-06-12 23:09:25,116 | INFO     |   → 28/72: ✅ 2 взято | 🗑️ 124 мусор
2026-06-12 23:09:25,116 | INFO     |   → 29/72: ✅ 2 взято | 🗑️ 115 мусор
2026-06-12 23:09:25,116 | INFO     |   → 30/72: ✅ 7 взято | 🗑️ 179 мусор
2026-06-12 23:09:25,116 | INFO     |   → 31/72: ✅ 1 взято | 🗑️ 279 мусор
2026-06-12 23:09:25,117 | INFO     |   → 32/72: ✅ 1 взято | 🗑️ 109 мусор
2026-06-12 23:09:25,117 | INFO     |   → 33/72: ✅ 0 взято | 🗑️ 0 мусор
2026-06-12 23:09:25,117 | INFO     |   → 34/72: ✅ 0 взято | 🗑️ 0 мусор
2026-06-12 23:09:25,117 | INFO     |   → 35/72: ✅ 0 взято | 🗑️ 0 мусор
2026-06-12 23:09:25,117 | INFO     |   → 36/72: ✅ 0 взято | 🗑️ 0 мусор
2026-06-12 23:09:25,117 | INFO     |   → 37/72: ✅ 3 взято | 🗑️ 145 мусор
2026-06-12 23:09:25,117 | INFO     |   → 38/72: ✅ 0 взято | 🗑️ 0 мусор
2026-06-12 23:09:25,117 | INFO     |   → 39/72: ✅ 0 взято | 🗑️ 157 мусор
2026-06-12 23:09:25,117 | INFO     |   → 40/72: ✅ 0 взято | 🗑️ 0 мусор
2026-06-12 23:09:25,117 | INFO     |   → 41/72: ✅ 0 взято | 🗑️ 131 мусор
2026-06-12 23:09:25,117 | INFO     |   → 42/72: ✅ 0 взято | 🗑️ 0 мусор
2026-06-12 23:09:25,117 | INFO     |   → 43/72: ✅ 1 взято | 🗑️ 124 мусор
2026-06-12 23:09:25,117 | INFO     |   → 44/72: ✅ 0 взято | 🗑️ 0 мусор
2026-06-12 23:09:25,117 | INFO     |   → 45/72: ✅ 2 взято | 🗑️ 189 мусор
2026-06-12 23:09:25,117 | INFO     |   → 46/72: ✅ 0 взято | 🗑️ 0 мусор
2026-06-12 23:09:25,117 | INFO     |   → 47/72: ✅ 1 взято | 🗑️ 279 мусор
2026-06-12 23:09:25,117 | INFO     |   → 48/72: ✅ 0 взято | 🗑️ 0 мусор
2026-06-12 23:09:25,117 | INFO     |   → 49/72: ✅ 0 взято | 🗑️ 270 мусор
2026-06-12 23:09:25,117 | INFO     |   → 50/72: ✅ 0 взято | 🗑️ 0 мусор
2026-06-12 23:09:25,117 | INFO     |   → 51/72: ✅ 0 взято | 🗑️ 161 мусор
2026-06-12 23:09:25,118 | INFO     |   → 52/72: ✅ 0 взято | 🗑️ 0 мусор
2026-06-12 23:09:25,118 | INFO     |   → 53/72: ✅ 3 взято | 🗑️ 117 мусор
2026-06-12 23:09:25,118 | INFO     |   → 54/72: ✅ 0 взято | 🗑️ 0 мусор
2026-06-12 23:09:25,118 | INFO     |   → 55/72: ✅ 13 взято | 🗑️ 7 мусор
2026-06-12 23:09:25,118 | INFO     |   → 56/72: ✅ 0 взято | 🗑️ 7 мусор
2026-06-12 23:09:25,118 | INFO     |   → 57/72: ✅ 0 взято | 🗑️ 7 мусор
2026-06-12 23:09:25,118 | INFO     |   → 58/72: ✅ 0 взято | 🗑️ 7 мусор
2026-06-12 23:09:25,118 | INFO     |   → 59/72: ✅ 0 взято | 🗑️ 7 мусор
2026-06-12 23:09:25,118 | INFO     |   → 60/72: ✅ 0 взято | 🗑️ 7 мусор
2026-06-12 23:09:25,118 | INFO     |   → 61/72: ✅ 0 взято | 🗑️ 7 мусор
2026-06-12 23:09:25,118 | INFO     |   → 62/72: ✅ 5 взято | 🗑️ 9 мусор
2026-06-12 23:09:25,118 | INFO     |   → 63/72: ✅ 0 взято | 🗑️ 9 мусор
2026-06-12 23:09:25,118 | INFO     |   → 64/72: ✅ 0 взято | 🗑️ 7 мусор
2026-06-12 23:09:25,118 | INFO     |   → 65/72: ✅ 0 взято | 🗑️ 7 мусор
2026-06-12 23:09:25,118 | INFO     |   → 66/72: ✅ 0 взято | 🗑️ 7 мусор
2026-06-12 23:09:25,118 | INFO     |   → 67/72: ✅ 0 взято | 🗑️ 7 мусор
2026-06-12 23:09:25,118 | INFO     |   → 68/72: ✅ 0 взято | 🗑️ 7 мусор
2026-06-12 23:09:25,118 | INFO     |   → 69/72: ✅ 0 взято | 🗑️ 7 мусор
2026-06-12 23:09:25,118 | INFO     |   → 70/72: ✅ 0 взято | 🗑️ 7 мусор
2026-06-12 23:09:25,118 | INFO     |   → 71/72: ✅ 0 взято | 🗑️ 9 мусор
2026-06-12 23:09:25,118 | INFO     |   → 72/72: ✅ 0 взято | 🗑️ 9 мусор
2026-06-12 23:09:25,118 | INFO     |   → 📡 С sstap.org получено 0 ключей
2026-06-12 23:09:25,118 | INFO     |   → 📡 С sstap.org не добавлено ни одного ключа (все 0 отклонены фильтром)
2026-06-12 23:09:25,118 | INFO     |   → ✅ ГОТОВО!
2026-06-12 23:09:25,118 | INFO     |   →    📥 Всего ключей после фильтра: 63
2026-06-12 23:09:25,118 | INFO     |   →    🔗 Уникальных IP:PORT:SCHEME: 41
2026-06-12 23:09:25,119 | INFO     |   →    🗑️ Выброшено мусора: 3009
2026-06-12 23:09:25,119 | INFO     |   → 📊 По протоколам:
2026-06-12 23:09:25,119 | INFO     |   →    vless: 25
2026-06-12 23:09:25,119 | INFO     |   →    vmess: 2
2026-06-12 23:09:25,119 | INFO     |   →    trojan: 9
2026-06-12 23:09:25,119 | INFO     |   →    ss: 3
2026-06-12 23:09:25,119 | INFO     |   →    hysteria2: 2
2026-06-12 23:09:25,119 | INFO     | ✅ mirror.py завершён успешно
2026-06-12 23:09:25,119 | INFO     | 
2026-06-12 23:09:25,119 | INFO     | 
2026-06-12 23:09:25,119 | INFO     | ──────────────────────────────────────────────────────────────────────
2026-06-12 23:09:25,119 | INFO     | 📌 ЭТАП: Генерация 50 уникальных CF-VLESS
2026-06-12 23:09:25,119 | INFO     | ──────────────────────────────────────────────────────────────────────
2026-06-12 23:09:25,119 | INFO     | 🚀 Запуск generate_cf_vless.py (50 новых CF-VLESS)...
2026-06-12 23:09:25,311 | INFO     |   → === Генератор свежих VLESS-конфигов на IP Cloudflare ===
2026-06-12 23:09:25,311 | INFO     |   → ✅ Сгенерировано и сохранено 50 VLESS-конфигов.
2026-06-12 23:09:25,311 | INFO     |   → 📂 Файл: /home/runner/work/vpn-vless-configs-russia/vpn-vless-configs-russia/data/githubmirror/new/cf_fresh.txt
2026-06-12 23:09:25,311 | INFO     | ✅ generate_cf_vless.py завершён успешно
2026-06-12 23:09:25,311 | INFO     | 
2026-06-12 23:09:25,312 | INFO     | 
2026-06-12 23:09:25,312 | INFO     | ──────────────────────────────────────────────────────────────────────
2026-06-12 23:09:25,312 | INFO     | 📌 ЭТАП: Слияние CF с основным списком
2026-06-12 23:09:25,312 | INFO     | ──────────────────────────────────────────────────────────────────────
2026-06-12 23:09:25,314 | INFO     | 🔄 Добавлено 50 новых CF-VLESS в /home/runner/work/vpn-vless-configs-russia/vpn-vless-configs-russia/data/githubmirror/clean/vless.txt
2026-06-12 23:09:25,314 | INFO     | 📊 Всего в clean/vless.txt теперь: 75
2026-06-12 23:09:25,314 | INFO     | 
2026-06-12 23:09:25,314 | INFO     | 
2026-06-12 23:09:25,314 | INFO     | ──────────────────────────────────────────────────────────────────────
2026-06-12 23:09:25,314 | INFO     | 📌 ЭТАП: Фильтрация по реальному SNI
2026-06-12 23:09:25,314 | INFO     | ──────────────────────────────────────────────────────────────────────
2026-06-12 23:09:25,314 | INFO     | 🚀 Запуск filter_ru_sni.py (Фильтр по реальному SNI (CDN+RU))...
2026-06-12 23:09:25,343 | INFO     |   → hysteria2.txt: 2 → 1 (SNI-filtered)
2026-06-12 23:09:25,343 | INFO     |   →   ss.txt: 3 → 0 (SNI-filtered)
2026-06-12 23:09:25,343 | INFO     |   →   trojan.txt: 9 → 0 (SNI-filtered)
2026-06-12 23:09:25,343 | INFO     |   →   vless.txt: 75 → 56 (SNI-filtered)
2026-06-12 23:09:25,343 | INFO     |   →   vmess.txt: 2 → 0 (SNI-filtered)
2026-06-12 23:09:25,343 | INFO     |   → ==================================================
2026-06-12 23:09:25,343 | INFO     |   →   Всего входных:  91
2026-06-12 23:09:25,343 | INFO     |   →   Прошли фильтр:  57
2026-06-12 23:09:25,343 | INFO     |   →   Отброшено:      34
2026-06-12 23:09:25,343 | INFO     |   → ==================================================
2026-06-12 23:09:25,343 | INFO     |   → Готово → /home/runner/work/vpn-vless-configs-russia/vpn-vless-configs-russia/data/githubmirror/ru-sni
2026-06-12 23:09:25,343 | INFO     | ✅ filter_ru_sni.py завершён успешно
2026-06-12 23:09:25,343 | INFO     | 
2026-06-12 23:09:25,343 | INFO     | 
2026-06-12 23:09:25,343 | INFO     | ──────────────────────────────────────────────────────────────────────
2026-06-12 23:09:25,343 | INFO     | 📌 ЭТАП: Экспериментальный RU-SNI фильтр
2026-06-12 23:09:25,343 | INFO     | ──────────────────────────────────────────────────────────────────────
2026-06-12 23:09:25,344 | INFO     | 🚀 Запуск filter_ru_sni_local.py (Экспериментальный фильтр по RU-SNI)...
2026-06-12 23:09:25,373 | INFO     |   → hysteria2.txt: 2 → 0 (RU-SNI)
2026-06-12 23:09:25,373 | INFO     |   → ss.txt: 3 → 0 (RU-SNI)
2026-06-12 23:09:25,373 | INFO     |   → trojan.txt: 9 → 0 (RU-SNI)
2026-06-12 23:09:25,373 | INFO     |   → vless.txt: 75 → 1 (RU-SNI)
2026-06-12 23:09:25,373 | INFO     |   → vmess.txt: 2 → 0 (RU-SNI)
2026-06-12 23:09:25,373 | INFO     |   → ==================================================
2026-06-12 23:09:25,373 | INFO     |   → Всего входных:  91
2026-06-12 23:09:25,373 | INFO     |   → Прошли RU-SNI:  1
2026-06-12 23:09:25,373 | INFO     |   → Отброшено:      90
2026-06-12 23:09:25,374 | INFO     |   → ==================================================
2026-06-12 23:09:25,374 | INFO     |   → Готово → /home/runner/work/vpn-vless-configs-russia/vpn-vless-configs-russia/data/githubmirror/ru-sni-local
2026-06-12 23:09:25,374 | INFO     | ✅ filter_ru_sni_local.py завершён успешно
2026-06-12 23:09:25,374 | INFO     | 
2026-06-12 23:09:25,374 | INFO     | 
2026-06-12 23:09:25,374 | INFO     | ──────────────────────────────────────────────────────────────────────
2026-06-12 23:09:25,374 | INFO     | 📌 ЭТАП: Сбор статистики
2026-06-12 23:09:25,374 | INFO     | ──────────────────────────────────────────────────────────────────────
2026-06-12 23:09:25,374 | INFO     | 📊 Сбор статистики...
2026-06-12 23:09:25,374 | INFO     |   📁 githubmirror/clean:
2026-06-12 23:09:25,374 | INFO     |     • hysteria2   :     2 конфигов
2026-06-12 23:09:25,375 | INFO     |     • ss          :     3 конфигов
2026-06-12 23:09:25,375 | INFO     |     • trojan      :     9 конфигов
2026-06-12 23:09:25,375 | INFO     |     • vless       :    75 конфигов
2026-06-12 23:09:25,375 | INFO     |     • vmess       :     2 конфигов
2026-06-12 23:09:25,375 | INFO     |   📁 githubmirror/ru-sni:
2026-06-12 23:09:25,375 | INFO     |     • hysteria2   :     1 конфигов ( 50.0% от clean)
2026-06-12 23:09:25,375 | INFO     |     • ss          :     0 конфигов (  0.0% от clean)
2026-06-12 23:09:25,376 | INFO     |     • trojan      :     0 конфигов (  0.0% от clean)
2026-06-12 23:09:25,376 | INFO     |     • vless       :    56 конфигов ( 74.7% от clean)
2026-06-12 23:09:25,376 | INFO     |     • vmess       :     0 конфигов (  0.0% от clean)
2026-06-12 23:09:25,376 | INFO     |   ✨ Новых CF-VLESS в этом запуске: 50
2026-06-12 23:09:25,376 | INFO     | 
2026-06-12 23:09:25,376 | INFO     |   ──────────────────────────────────────────────────
2026-06-12 23:09:25,376 | INFO     |   📈 ИТОГО:
2026-06-12 23:09:25,376 | INFO     |     Clean (после geo-фильтра):       91
2026-06-12 23:09:25,376 | INFO     |     RU-SNI (после SNI-фильтра):      57
2026-06-12 23:09:25,376 | INFO     |     Прошло фильтр:                 62.6%
2026-06-12 23:09:25,376 | INFO     |   ──────────────────────────────────────────────────
2026-06-12 23:09:25,377 | INFO     | ✅ Статистика сохранена: /home/runner/work/vpn-vless-configs-russia/vpn-vless-configs-russia/data/stats.json
2026-06-12 23:09:25,377 | INFO     | 
2026-06-12 23:09:25,377 | INFO     | ======================================================================
2026-06-12 23:09:25,377 | INFO     | 📊 ИТОГОВЫЙ ОТЧЁТ
2026-06-12 23:09:25,377 | INFO     | ======================================================================
2026-06-12 23:09:25,377 | INFO     |   ✅ OK         | Загрузка и geo-фильтрация
2026-06-12 23:09:25,377 | INFO     |   ✅ OK         | Генерация 50 уникальных CF-VLESS
2026-06-12 23:09:25,377 | INFO     |   ✅ OK         | Слияние CF с основным списком
2026-06-12 23:09:25,377 | INFO     |   ✅ OK         | Фильтрация по реальному SNI
2026-06-12 23:09:25,377 | INFO     |   ✅ OK         | Экспериментальный RU-SNI фильтр
2026-06-12 23:09:25,377 | INFO     |   ✅ OK         | Сбор статистики
2026-06-12 23:09:25,377 | INFO     | ──────────────────────────────────────────────────────────────────────
2026-06-12 23:09:25,377 | INFO     | ✅ ВСЕ ЭТАПЫ УСПЕШНЫ (6/6)
2026-06-12 23:09:25,378 | INFO     | ⏰ Время завершения: 2026-06-12 23:09:25
2026-06-12 23:09:25,378 | INFO     | ======================================================================
