2026-06-26 16:11:51,907 | INFO     | ======================================================================
2026-06-26 16:11:51,907 | INFO     | 🔍 VPN KEY CHECKER - Начало проверки
2026-06-26 16:11:51,907 | INFO     | ⏰ Время старта: 2026-06-26 16:11:51
2026-06-26 16:11:51,907 | INFO     | 📂 Рабочая директория: /home/runner/work/vpn-vless-configs-russia/vpn-vless-configs-russia
2026-06-26 16:11:51,907 | INFO     | ======================================================================
2026-06-26 16:11:51,907 | INFO     | 
2026-06-26 16:11:51,907 | INFO     | 🔍 Проверка наличия скриптов...
2026-06-26 16:11:51,907 | INFO     |   ✅ mirror.py
2026-06-26 16:11:51,907 | INFO     |   ✅ generate_cf_vless.py
2026-06-26 16:11:51,907 | INFO     |   ✅ filter_ru_sni.py
2026-06-26 16:11:51,907 | INFO     |   ✅ filter_ru_sni_local.py
2026-06-26 16:11:51,908 | INFO     | 
2026-06-26 16:11:51,908 | INFO     | ──────────────────────────────────────────────────────────────────────
2026-06-26 16:11:51,908 | INFO     | 📌 ЭТАП: Загрузка и geo-фильтрация
2026-06-26 16:11:51,908 | INFO     | ──────────────────────────────────────────────────────────────────────
2026-06-26 16:11:51,908 | INFO     | 🚀 Запуск mirror.py (Загрузка и фильтрация по РФ/СНГ/Европа)...
2026-06-26 16:12:32,846 | INFO     |   → DEBUG: mirror.py started
2026-06-26 16:12:32,847 | INFO     |   → DEBUG: BASE_PATH = /home/runner/work/vpn-vless-configs-russia/vpn-vless-configs-russia
2026-06-26 16:12:32,847 | INFO     |   → DEBUG: CONFIG_SOURCES_FILE = /home/runner/work/vpn-vless-configs-russia/vpn-vless-configs-russia/data/config_sources.json
2026-06-26 16:12:32,847 | INFO     |   → 📂 Загружено 118 источников из /home/runner/work/vpn-vless-configs-russia/vpn-vless-configs-russia/data/config_sources.json
2026-06-26 16:12:32,847 | INFO     |   → 🚀 Старт: всего источников: 118
2026-06-26 16:12:32,847 | INFO     |   → 1/118: ✅ 0 взято | 🗑️ 0 мусор
2026-06-26 16:12:32,847 | INFO     |   → 2/118: ✅ 0 взято | 🗑️ 0 мусор
2026-06-26 16:12:32,847 | INFO     |   → 3/118: ✅ 0 взято | 🗑️ 0 мусор
2026-06-26 16:12:32,847 | INFO     |   → 4/118: ✅ 0 взято | 🗑️ 0 мусор
2026-06-26 16:12:32,847 | INFO     |   → 5/118: ✅ 0 взято | 🗑️ 0 мусор
2026-06-26 16:12:32,847 | INFO     |   → 6/118: ✅ 0 взято | 🗑️ 0 мусор
2026-06-26 16:12:32,847 | INFO     |   → 7/118: ✅ 0 взято | 🗑️ 0 мусор
2026-06-26 16:12:32,847 | INFO     |   → 8/118: ✅ 0 взято | 🗑️ 0 мусор
2026-06-26 16:12:32,847 | INFO     |   → 9/118: ✅ 0 взято | 🗑️ 0 мусор
2026-06-26 16:12:32,847 | INFO     |   → 10/118: ✅ 0 взято | 🗑️ 0 мусор
2026-06-26 16:12:32,847 | INFO     |   → 11/118: ✅ 0 взято | 🗑️ 0 мусор
2026-06-26 16:12:32,847 | INFO     |   → 12/118: ✅ 0 взято | 🗑️ 0 мусор
2026-06-26 16:12:32,848 | INFO     |   → 13/118: ✅ 0 взято | 🗑️ 0 мусор
2026-06-26 16:12:32,848 | INFO     |   → 14/118: ✅ 0 взято | 🗑️ 0 мусор
2026-06-26 16:12:32,848 | INFO     |   → 15/118: ✅ 0 взято | 🗑️ 0 мусор
2026-06-26 16:12:32,848 | INFO     |   → 16/118: ✅ 0 взято | 🗑️ 0 мусор
2026-06-26 16:12:32,848 | INFO     |   → 17/118: ✅ 0 взято | 🗑️ 0 мусор
2026-06-26 16:12:32,848 | INFO     |   → 18/118: ✅ 0 взято | 🗑️ 0 мусор
2026-06-26 16:12:32,848 | INFO     |   → 19/118: ✅ 0 взято | 🗑️ 0 мусор
2026-06-26 16:12:32,848 | INFO     |   → 20/118: ✅ 0 взято | 🗑️ 0 мусор
2026-06-26 16:12:32,848 | INFO     |   → 21/118: ✅ 0 взято | 🗑️ 0 мусор
2026-06-26 16:12:32,848 | INFO     |   → 22/118: ✅ 0 взято | 🗑️ 0 мусор
2026-06-26 16:12:32,848 | INFO     |   → 23/118: ✅ 0 взято | 🗑️ 0 мусор
2026-06-26 16:12:32,848 | INFO     |   → 24/118: ✅ 0 взято | 🗑️ 0 мусор
2026-06-26 16:12:32,848 | INFO     |   → 25/118: ✅ 0 взято | 🗑️ 0 мусор
2026-06-26 16:12:32,848 | INFO     |   → 26/118: ✅ 0 взято | 🗑️ 0 мусор
2026-06-26 16:12:32,848 | INFO     |   → 27/118: ✅ 0 взято | 🗑️ 0 мусор
2026-06-26 16:12:32,848 | INFO     |   → 28/118: ✅ 0 взято | 🗑️ 0 мусор
2026-06-26 16:12:32,848 | INFO     |   → 29/118: ✅ 0 взято | 🗑️ 0 мусор
2026-06-26 16:12:32,849 | INFO     |   → 30/118: ✅ 5 взято | 🗑️ 166 мусор
2026-06-26 16:12:32,849 | INFO     |   → 31/118: ✅ 0 взято | 🗑️ 115 мусор
2026-06-26 16:12:32,849 | INFO     |   → 32/118: ✅ 0 взято | 🗑️ 0 мусор
2026-06-26 16:12:32,849 | INFO     |   → 33/118: ✅ 0 взято | 🗑️ 0 мусор
2026-06-26 16:12:32,849 | INFO     |   → 34/118: ✅ 0 взято | 🗑️ 0 мусор
2026-06-26 16:12:32,849 | INFO     |   → 35/118: ✅ 1 взято | 🗑️ 226 мусор
2026-06-26 16:12:32,849 | INFO     |   → 36/118: ✅ 0 взято | 🗑️ 0 мусор
2026-06-26 16:12:32,849 | INFO     |   → 37/118: ✅ 1 взято | 🗑️ 169 мусор
2026-06-26 16:12:32,849 | INFO     |   → 38/118: ✅ 0 взято | 🗑️ 0 мусор
2026-06-26 16:12:32,849 | INFO     |   → 39/118: ✅ 1 взято | 🗑️ 213 мусор
2026-06-26 16:12:32,849 | INFO     |   → 40/118: ✅ 0 взято | 🗑️ 0 мусор
2026-06-26 16:12:32,849 | INFO     |   → 41/118: ✅ 0 взято | 🗑️ 0 мусор
2026-06-26 16:12:32,849 | INFO     |   → 42/118: ✅ 3 взято | 🗑️ 99 мусор
2026-06-26 16:12:32,849 | INFO     |   → 43/118: ✅ 0 взято | 🗑️ 0 мусор
2026-06-26 16:12:32,849 | INFO     |   → 44/118: ✅ 0 взято | 🗑️ 0 мусор
2026-06-26 16:12:32,849 | INFO     |   → 45/118: ✅ 2 взято | 🗑️ 96 мусор
2026-06-26 16:12:32,849 | INFO     |   → 46/118: ✅ 0 взято | 🗑️ 117 мусор
2026-06-26 16:12:32,849 | INFO     |   → 47/118: ✅ 11 взято | 🗑️ 225 мусор
2026-06-26 16:12:32,849 | INFO     |   → 48/118: ✅ 1 взято | 🗑️ 141 мусор
2026-06-26 16:12:32,849 | INFO     |   → 49/118: ✅ 0 взято | 🗑️ 96 мусор
2026-06-26 16:12:32,849 | INFO     |   → 50/118: ✅ 0 взято | 🗑️ 263 мусор
2026-06-26 16:12:32,849 | INFO     |   → 51/118: ✅ 0 взято | 🗑️ 0 мусор
2026-06-26 16:12:32,849 | INFO     |   → 52/118: ✅ 0 взято | 🗑️ 0 мусор
2026-06-26 16:12:32,849 | INFO     |   → 53/118: ✅ 0 взято | 🗑️ 137 мусор
2026-06-26 16:12:32,849 | INFO     |   → 54/118: ✅ 0 взято | 🗑️ 0 мусор
2026-06-26 16:12:32,849 | INFO     |   → 55/118: ✅ 0 взято | 🗑️ 112 мусор
2026-06-26 16:12:32,850 | INFO     |   → 56/118: ✅ 0 взято | 🗑️ 0 мусор
2026-06-26 16:12:32,850 | INFO     |   → 57/118: ✅ 3 взято | 🗑️ 100 мусор
2026-06-26 16:12:32,850 | INFO     |   → 58/118: ✅ 0 взято | 🗑️ 0 мусор
2026-06-26 16:12:32,850 | INFO     |   → 59/118: ✅ 1 взято | 🗑️ 171 мусор
2026-06-26 16:12:32,850 | INFO     |   → 60/118: ✅ 0 взято | 🗑️ 0 мусор
2026-06-26 16:12:32,850 | INFO     |   → 61/118: ✅ 0 взято | 🗑️ 202 мусор
2026-06-26 16:12:32,850 | INFO     |   → 62/118: ✅ 0 взято | 🗑️ 0 мусор
2026-06-26 16:12:32,850 | INFO     |   → 63/118: ✅ 0 взято | 🗑️ 138 мусор
2026-06-26 16:12:32,850 | INFO     |   → 64/118: ✅ 0 взято | 🗑️ 0 мусор
2026-06-26 16:12:32,850 | INFO     |   → 65/118: ✅ 0 взято | 🗑️ 236 мусор
2026-06-26 16:12:32,850 | INFO     |   → 66/118: ✅ 0 взято | 🗑️ 0 мусор
2026-06-26 16:12:32,850 | INFO     |   → 67/118: ✅ 0 взято | 🗑️ 192 мусор
2026-06-26 16:12:32,850 | INFO     |   → 68/118: ✅ 0 взято | 🗑️ 0 мусор
2026-06-26 16:12:32,850 | INFO     |   → 69/118: ✅ 1 взято | 🗑️ 174 мусор
2026-06-26 16:12:32,850 | INFO     |   → 70/118: ✅ 0 взято | 🗑️ 0 мусор
2026-06-26 16:12:32,850 | INFO     |   → 71/118: ✅ 1 взято | 🗑️ 149 мусор
2026-06-26 16:12:32,850 | INFO     |   → 72/118: ✅ 0 взято | 🗑️ 0 мусор
2026-06-26 16:12:32,850 | INFO     |   → 73/118: ✅ 3 взято | 🗑️ 147 мусор
2026-06-26 16:12:32,850 | INFO     |   → 74/118: ✅ 0 взято | 🗑️ 0 мусор
2026-06-26 16:12:32,850 | INFO     |   → 75/118: ✅ 2 взято | 🗑️ 196 мусор
2026-06-26 16:12:32,850 | INFO     |   → 76/118: ✅ 0 взято | 🗑️ 0 мусор
2026-06-26 16:12:32,850 | INFO     |   → 77/118: ✅ 2 взято | 🗑️ 277 мусор
2026-06-26 16:12:32,850 | INFO     |   → 78/118: ✅ 0 взято | 🗑️ 0 мусор
2026-06-26 16:12:32,850 | INFO     |   → 79/118: ✅ 0 взято | 🗑️ 211 мусор
2026-06-26 16:12:32,850 | INFO     |   → 80/118: ✅ 0 взято | 🗑️ 0 мусор
2026-06-26 16:12:32,850 | INFO     |   → 81/118: ✅ 1 взято | 🗑️ 229 мусор
2026-06-26 16:12:32,850 | INFO     |   → 82/118: ✅ 0 взято | 🗑️ 0 мусор
2026-06-26 16:12:32,850 | INFO     |   → 83/118: ✅ 1 взято | 🗑️ 131 мусор
2026-06-26 16:12:32,850 | INFO     |   → 84/118: ✅ 0 взято | 🗑️ 0 мусор
2026-06-26 16:12:32,850 | INFO     |   → 85/118: ✅ 5 взято | 🗑️ 9 мусор
2026-06-26 16:12:32,850 | INFO     |   → 86/118: ✅ 0 взято | 🗑️ 9 мусор
2026-06-26 16:12:32,850 | INFO     |   → 87/118: ✅ 0 взято | 🗑️ 9 мусор
2026-06-26 16:12:32,850 | INFO     |   → 88/118: ✅ 0 взято | 🗑️ 9 мусор
2026-06-26 16:12:32,850 | INFO     |   → 89/118: ✅ 0 взято | 🗑️ 9 мусор
2026-06-26 16:12:32,850 | INFO     |   → 90/118: ✅ 0 взято | 🗑️ 9 мусор
2026-06-26 16:12:32,850 | INFO     |   → 91/118: ✅ 0 взято | 🗑️ 9 мусор
2026-06-26 16:12:32,850 | INFO     |   → 92/118: ✅ 0 взято | 🗑️ 9 мусор
2026-06-26 16:12:32,850 | INFO     |   → 93/118: ✅ 13 взято | 🗑️ 10 мусор
2026-06-26 16:12:32,850 | INFO     |   → 94/118: ✅ 0 взято | 🗑️ 10 мусор
2026-06-26 16:12:32,850 | INFO     |   → 95/118: ✅ 0 взято | 🗑️ 10 мусор
2026-06-26 16:12:32,850 | INFO     |   → 96/118: ✅ 0 взято | 🗑️ 10 мусор
2026-06-26 16:12:32,850 | INFO     |   → 97/118: ✅ 0 взято | 🗑️ 10 мусор
2026-06-26 16:12:32,850 | INFO     |   → 98/118: ✅ 0 взято | 🗑️ 10 мусор
2026-06-26 16:12:32,850 | INFO     |   → 99/118: ✅ 0 взято | 🗑️ 9 мусор
2026-06-26 16:12:32,850 | INFO     |   → 100/118: ✅ 0 взято | 🗑️ 9 мусор
2026-06-26 16:12:32,851 | INFO     |   → 101/118: ✅ 0 взято | 🗑️ 9 мусор
2026-06-26 16:12:32,851 | INFO     |   → 102/118: ✅ 0 взято | 🗑️ 9 мусор
2026-06-26 16:12:32,851 | INFO     |   → 103/118: ✅ 0 взято | 🗑️ 9 мусор
2026-06-26 16:12:32,851 | INFO     |   → 104/118: ✅ 0 взято | 🗑️ 9 мусор
2026-06-26 16:12:32,851 | INFO     |   → 105/118: ✅ 0 взято | 🗑️ 9 мусор
2026-06-26 16:12:32,851 | INFO     |   → 106/118: ✅ 0 взято | 🗑️ 9 мусор
2026-06-26 16:12:32,851 | INFO     |   → 107/118: ✅ 0 взято | 🗑️ 10 мусор
2026-06-26 16:12:32,851 | INFO     |   → 108/118: ✅ 0 взято | 🗑️ 10 мусор
2026-06-26 16:12:32,851 | INFO     |   → 109/118: ✅ 0 взято | 🗑️ 10 мусор
2026-06-26 16:12:32,851 | INFO     |   → 110/118: ✅ 0 взято | 🗑️ 10 мусор
2026-06-26 16:12:32,851 | INFO     |   → 111/118: ✅ 0 взято | 🗑️ 10 мусор
2026-06-26 16:12:32,851 | INFO     |   → 112/118: ✅ 0 взято | 🗑️ 10 мусор
2026-06-26 16:12:32,851 | INFO     |   → 113/118: ✅ 0 взято | 🗑️ 0 мусор
2026-06-26 16:12:32,851 | INFO     |   → 114/118: ✅ 4 взято | 🗑️ 458 мусор
2026-06-26 16:12:32,851 | INFO     |   → 115/118: ✅ 0 взято | 🗑️ 0 мусор
2026-06-26 16:12:32,851 | INFO     |   → 116/118: ✅ 1 взято | 🗑️ 164 мусор
2026-06-26 16:12:32,851 | INFO     |   → 117/118: ✅ 0 взято | 🗑️ 0 мусор
2026-06-26 16:12:32,851 | INFO     |   → 118/118: ✅ 6 взято | 🗑️ 221 мусор
2026-06-26 16:12:32,851 | INFO     |   → 📡 С sstap.org получено 0 ключей
2026-06-26 16:12:32,851 | INFO     |   → 📡 С sstap.org не добавлено ни одного ключа (все 0 отклонены фильтром)
2026-06-26 16:12:32,851 | INFO     |   → ✅ ГОТОВО!
2026-06-26 16:12:32,851 | INFO     |   →    📥 Всего ключей после фильтра: 69
2026-06-26 16:12:32,851 | INFO     |   →    🔗 Уникальных IP:PORT:SCHEME: 54
2026-06-26 16:12:32,851 | INFO     |   →    🗑️ Выброшено мусора: 5835
2026-06-26 16:12:32,851 | INFO     |   → 📊 По протоколам:
2026-06-26 16:12:32,851 | INFO     |   →    vless: 43
2026-06-26 16:12:32,851 | INFO     |   →    vmess: 1
2026-06-26 16:12:32,851 | INFO     |   →    trojan: 8
2026-06-26 16:12:32,851 | INFO     |   →    hysteria2: 2
2026-06-26 16:12:32,852 | INFO     | ✅ mirror.py завершён успешно
2026-06-26 16:12:32,852 | INFO     | 
2026-06-26 16:12:32,852 | INFO     | 
2026-06-26 16:12:32,852 | INFO     | ──────────────────────────────────────────────────────────────────────
2026-06-26 16:12:32,852 | INFO     | 📌 ЭТАП: Генерация 50 уникальных CF-VLESS
2026-06-26 16:12:32,852 | INFO     | ──────────────────────────────────────────────────────────────────────
2026-06-26 16:12:32,852 | INFO     | 🚀 Запуск generate_cf_vless.py (50 новых CF-VLESS)...
2026-06-26 16:12:33,036 | INFO     |   → === Генератор свежих VLESS-конфигов на IP Cloudflare ===
2026-06-26 16:12:33,036 | INFO     |   → ✅ Сгенерировано и сохранено 50 VLESS-конфигов.
2026-06-26 16:12:33,036 | INFO     |   → 📂 Файл: /home/runner/work/vpn-vless-configs-russia/vpn-vless-configs-russia/data/githubmirror/new/cf_fresh.txt
2026-06-26 16:12:33,036 | INFO     | ✅ generate_cf_vless.py завершён успешно
2026-06-26 16:12:33,036 | INFO     | 
2026-06-26 16:12:33,036 | INFO     | 
2026-06-26 16:12:33,036 | INFO     | ──────────────────────────────────────────────────────────────────────
2026-06-26 16:12:33,036 | INFO     | 📌 ЭТАП: Слияние CF с основным списком
2026-06-26 16:12:33,036 | INFO     | ──────────────────────────────────────────────────────────────────────
2026-06-26 16:12:33,039 | INFO     | 🔄 Добавлено 50 новых CF-VLESS в /home/runner/work/vpn-vless-configs-russia/vpn-vless-configs-russia/data/githubmirror/clean/vless.txt
2026-06-26 16:12:33,039 | INFO     | 📊 Всего в clean/vless.txt теперь: 93
2026-06-26 16:12:33,039 | INFO     | 
2026-06-26 16:12:33,039 | INFO     | 
2026-06-26 16:12:33,039 | INFO     | ──────────────────────────────────────────────────────────────────────
2026-06-26 16:12:33,039 | INFO     | 📌 ЭТАП: Фильтрация по реальному SNI
2026-06-26 16:12:33,039 | INFO     | ──────────────────────────────────────────────────────────────────────
2026-06-26 16:12:33,039 | INFO     | 🚀 Запуск filter_ru_sni.py (Фильтр по реальному SNI (CDN+RU))...
2026-06-26 16:12:33,068 | INFO     |   → hysteria2.txt: 2 → 0 (SNI-filtered)
2026-06-26 16:12:33,068 | INFO     |   →   trojan.txt: 8 → 0 (SNI-filtered)
2026-06-26 16:12:33,068 | INFO     |   →   vless.txt: 93 → 54 (SNI-filtered)
2026-06-26 16:12:33,068 | INFO     |   →   vmess.txt: 1 → 0 (SNI-filtered)
2026-06-26 16:12:33,068 | INFO     |   → ==================================================
2026-06-26 16:12:33,068 | INFO     |   →   Всего входных:  104
2026-06-26 16:12:33,068 | INFO     |   →   Прошли фильтр:  54
2026-06-26 16:12:33,068 | INFO     |   →   Отброшено:      50
2026-06-26 16:12:33,068 | INFO     |   → ==================================================
2026-06-26 16:12:33,068 | INFO     |   → Готово → /home/runner/work/vpn-vless-configs-russia/vpn-vless-configs-russia/data/githubmirror/ru-sni
2026-06-26 16:12:33,069 | INFO     | ✅ filter_ru_sni.py завершён успешно
2026-06-26 16:12:33,069 | INFO     | 
2026-06-26 16:12:33,069 | INFO     | 
2026-06-26 16:12:33,069 | INFO     | ──────────────────────────────────────────────────────────────────────
2026-06-26 16:12:33,069 | INFO     | 📌 ЭТАП: Экспериментальный RU-SNI фильтр
2026-06-26 16:12:33,069 | INFO     | ──────────────────────────────────────────────────────────────────────
2026-06-26 16:12:33,069 | INFO     | 🚀 Запуск filter_ru_sni_local.py (Экспериментальный фильтр по RU-SNI)...
2026-06-26 16:12:33,098 | INFO     |   → hysteria2.txt: 2 → 0 (RU-SNI)
2026-06-26 16:12:33,098 | INFO     |   → trojan.txt: 8 → 0 (RU-SNI)
2026-06-26 16:12:33,098 | INFO     |   → vless.txt: 93 → 0 (RU-SNI)
2026-06-26 16:12:33,098 | INFO     |   → vmess.txt: 1 → 0 (RU-SNI)
2026-06-26 16:12:33,098 | INFO     |   → ==================================================
2026-06-26 16:12:33,098 | INFO     |   → Всего входных:  104
2026-06-26 16:12:33,098 | INFO     |   → Прошли RU-SNI:  0
2026-06-26 16:12:33,098 | INFO     |   → Отброшено:      104
2026-06-26 16:12:33,098 | INFO     |   → ==================================================
2026-06-26 16:12:33,098 | INFO     |   → Готово → /home/runner/work/vpn-vless-configs-russia/vpn-vless-configs-russia/data/githubmirror/ru-sni-local
2026-06-26 16:12:33,098 | INFO     | ✅ filter_ru_sni_local.py завершён успешно
2026-06-26 16:12:33,098 | INFO     | 
2026-06-26 16:12:33,098 | INFO     | 
2026-06-26 16:12:33,099 | INFO     | ──────────────────────────────────────────────────────────────────────
2026-06-26 16:12:33,099 | INFO     | 📌 ЭТАП: Сбор статистики
2026-06-26 16:12:33,099 | INFO     | ──────────────────────────────────────────────────────────────────────
2026-06-26 16:12:33,099 | INFO     | 📊 Сбор статистики...
2026-06-26 16:12:33,099 | INFO     |   📁 githubmirror/clean:
2026-06-26 16:12:33,099 | INFO     |     • hysteria2   :     2 конфигов
2026-06-26 16:12:33,099 | INFO     |     • trojan      :     8 конфигов
2026-06-26 16:12:33,099 | INFO     |     • vless       :    93 конфигов
2026-06-26 16:12:33,099 | INFO     |     • vmess       :     1 конфигов
2026-06-26 16:12:33,100 | INFO     |   📁 githubmirror/ru-sni:
2026-06-26 16:12:33,100 | INFO     |     • hysteria2   :     0 конфигов (  0.0% от clean)
2026-06-26 16:12:33,100 | INFO     |     • trojan      :     0 конфигов (  0.0% от clean)
2026-06-26 16:12:33,100 | INFO     |     • vless       :    54 конфигов ( 58.1% от clean)
2026-06-26 16:12:33,100 | INFO     |     • vmess       :     0 конфигов (  0.0% от clean)
2026-06-26 16:12:33,100 | INFO     |   ✨ Новых CF-VLESS в этом запуске: 50
2026-06-26 16:12:33,100 | INFO     | 
2026-06-26 16:12:33,100 | INFO     |   ──────────────────────────────────────────────────
2026-06-26 16:12:33,100 | INFO     |   📈 ИТОГО:
2026-06-26 16:12:33,100 | INFO     |     Clean (после geo-фильтра):      104
2026-06-26 16:12:33,100 | INFO     |     RU-SNI (после SNI-фильтра):      54
2026-06-26 16:12:33,101 | INFO     |     Прошло фильтр:                 51.9%
2026-06-26 16:12:33,101 | INFO     |   ──────────────────────────────────────────────────
2026-06-26 16:12:33,101 | INFO     | ✅ Статистика сохранена: /home/runner/work/vpn-vless-configs-russia/vpn-vless-configs-russia/data/stats.json
2026-06-26 16:12:33,101 | INFO     | 
2026-06-26 16:12:33,101 | INFO     | ======================================================================
2026-06-26 16:12:33,101 | INFO     | 📊 ИТОГОВЫЙ ОТЧЁТ
2026-06-26 16:12:33,101 | INFO     | ======================================================================
2026-06-26 16:12:33,101 | INFO     |   ✅ OK         | Загрузка и geo-фильтрация
2026-06-26 16:12:33,101 | INFO     |   ✅ OK         | Генерация 50 уникальных CF-VLESS
2026-06-26 16:12:33,101 | INFO     |   ✅ OK         | Слияние CF с основным списком
2026-06-26 16:12:33,101 | INFO     |   ✅ OK         | Фильтрация по реальному SNI
2026-06-26 16:12:33,101 | INFO     |   ✅ OK         | Экспериментальный RU-SNI фильтр
2026-06-26 16:12:33,101 | INFO     |   ✅ OK         | Сбор статистики
2026-06-26 16:12:33,101 | INFO     | ──────────────────────────────────────────────────────────────────────
2026-06-26 16:12:33,101 | INFO     | ✅ ВСЕ ЭТАПЫ УСПЕШНЫ (6/6)
2026-06-26 16:12:33,102 | INFO     | ⏰ Время завершения: 2026-06-26 16:12:33
2026-06-26 16:12:33,102 | INFO     | ======================================================================
