2026-05-18 04:11:24,604 | INFO     | ======================================================================
2026-05-18 04:11:24,604 | INFO     | 🔍 VPN KEY CHECKER - Начало проверки
2026-05-18 04:11:24,604 | INFO     | ⏰ Время старта: 2026-05-18 04:11:24
2026-05-18 04:11:24,604 | INFO     | 📂 Рабочая директория: /home/runner/work/vpn-vless-configs-russia/vpn-vless-configs-russia
2026-05-18 04:11:24,604 | INFO     | ======================================================================
2026-05-18 04:11:24,604 | INFO     | 
2026-05-18 04:11:24,604 | INFO     | 🔍 Проверка наличия скриптов...
2026-05-18 04:11:24,604 | INFO     |   ✅ mirror.py
2026-05-18 04:11:24,604 | INFO     |   ✅ generate_cf_vless.py
2026-05-18 04:11:24,604 | INFO     |   ✅ filter_ru_sni.py
2026-05-18 04:11:24,604 | INFO     |   ✅ filter_ru_sni_local.py
2026-05-18 04:11:24,605 | INFO     | 
2026-05-18 04:11:24,605 | INFO     | 
2026-05-18 04:11:24,605 | INFO     | ──────────────────────────────────────────────────────────────────────
2026-05-18 04:11:24,605 | INFO     | 📌 ЭТАП: Загрузка и geo-фильтрация
2026-05-18 04:11:24,605 | INFO     | ──────────────────────────────────────────────────────────────────────
2026-05-18 04:11:24,605 | INFO     | 🚀 Запуск mirror.py (Загрузка и фильтрация по РФ/СНГ/Европа)...
2026-05-18 04:11:53,766 | INFO     |   → 🚀 Старт: всего источников (старые + новые): 357
2026-05-18 04:11:53,766 | INFO     |   → 1/357: ✅ 0 взято | 🗑️ 0 мусор
2026-05-18 04:11:53,766 | INFO     |   → 2/357: ✅ 0 взято | 🗑️ 0 мусор
2026-05-18 04:11:53,766 | INFO     |   → 3/357: ✅ 2 взято | 🗑️ 167 мусор
2026-05-18 04:11:53,766 | INFO     |   → 4/357: ✅ 0 взято | 🗑️ 0 мусор
2026-05-18 04:11:53,766 | INFO     |   → 5/357: ✅ 6 взято | 🗑️ 17 мусор
2026-05-18 04:11:53,766 | INFO     |   → 6/357: ✅ 0 взято | 🗑️ 17 мусор
2026-05-18 04:11:53,766 | INFO     |   → 7/357: ✅ 521 взято | 🗑️ 3587 мусор
2026-05-18 04:11:53,766 | INFO     |   → 8/357: ✅ 4 взято | 🗑️ 218 мусор
2026-05-18 04:11:53,766 | INFO     |   → 9/357: ✅ 299 взято | 🗑️ 2820 мусор
2026-05-18 04:11:53,766 | INFO     |   → 10/357: ✅ 584 взято | 🗑️ 1170 мусор
2026-05-18 04:11:53,766 | INFO     |   → 11/357: ✅ 32 взято | 🗑️ 5 мусор
2026-05-18 04:11:53,766 | INFO     |   → 12/357: ✅ 100 взято | 🗑️ 381 мусор
2026-05-18 04:11:53,766 | INFO     |   → 13/357: ✅ 55 взято | 🗑️ 245 мусор
2026-05-18 04:11:53,766 | INFO     |   → 14/357: ✅ 79 взято | 🗑️ 221 мусор
2026-05-18 04:11:53,766 | INFO     |   → 15/357: ✅ 27 взято | 🗑️ 173 мусор
2026-05-18 04:11:53,766 | INFO     |   → 16/357: ✅ 20 взято | 🗑️ 280 мусор
2026-05-18 04:11:53,766 | INFO     |   → 17/357: ✅ 85 взято | 🗑️ 115 мусор
2026-05-18 04:11:53,766 | INFO     |   → 18/357: ✅ 25 взято | 🗑️ 275 мусор
2026-05-18 04:11:53,767 | INFO     |   → 19/357: ✅ 76 взято | 🗑️ 0 мусор
2026-05-18 04:11:53,767 | INFO     |   → 20/357: ✅ 4 взято | 🗑️ 306 мусор
2026-05-18 04:11:53,767 | INFO     |   → 21/357: ✅ 19 взято | 🗑️ 81 мусор
2026-05-18 04:11:53,767 | INFO     |   → 22/357: ✅ 11 взято | 🗑️ 87 мусор
2026-05-18 04:11:53,767 | INFO     |   → 23/357: ✅ 27 взято | 🗑️ 73 мусор
2026-05-18 04:11:53,767 | INFO     |   → 24/357: ✅ 13 взято | 🗑️ 75 мусор
2026-05-18 04:11:53,767 | INFO     |   → 25/357: ✅ 10 взято | 🗑️ 83 мусор
2026-05-18 04:11:53,767 | INFO     |   → 26/357: ✅ 12 взято | 🗑️ 86 мусор
2026-05-18 04:11:53,767 | INFO     |   → 27/357: ✅ 11 взято | 🗑️ 87 мусор
2026-05-18 04:11:53,767 | INFO     |   → 28/357: ✅ 11 взято | 🗑️ 80 мусор
2026-05-18 04:11:53,767 | INFO     |   → 29/357: ✅ 9 взято | 🗑️ 82 мусор
2026-05-18 04:11:53,767 | INFO     |   → 30/357: ✅ 69 взято | 🗑️ 3 мусор
2026-05-18 04:11:53,767 | INFO     |   → 31/357: ✅ 3 взято | 🗑️ 75 мусор
2026-05-18 04:11:53,767 | INFO     |   → 32/357: ✅ 4 взято | 🗑️ 69 мусор
2026-05-18 04:11:53,767 | INFO     |   → 33/357: ✅ 4 взято | 🗑️ 80 мусор
2026-05-18 04:11:53,767 | INFO     |   → 34/357: ✅ 6 взято | 🗑️ 81 мусор
2026-05-18 04:11:53,767 | INFO     |   → 35/357: ✅ 5 взято | 🗑️ 79 мусор
2026-05-18 04:11:53,767 | INFO     |   → 36/357: ✅ 11 взято | 🗑️ 78 мусор
2026-05-18 04:11:53,767 | INFO     |   → 37/357: ✅ 3 взято | 🗑️ 83 мусор
2026-05-18 04:11:53,767 | INFO     |   → 38/357: ✅ 14 взято | 🗑️ 76 мусор
2026-05-18 04:11:53,767 | INFO     |   → 39/357: ✅ 12 взято | 🗑️ 78 мусор
2026-05-18 04:11:53,767 | INFO     |   → 40/357: ✅ 26 взято | 🗑️ 218 мусор
2026-05-18 04:11:53,767 | INFO     |   → 41/357: ✅ 44 взято | 🗑️ 141 мусор
2026-05-18 04:11:53,767 | INFO     |   → 42/357: ✅ 10 взято | 🗑️ 71 мусор
2026-05-18 04:11:53,767 | INFO     |   → 43/357: ✅ 2 взято | 🗑️ 88 мусор
2026-05-18 04:11:53,767 | INFO     |   → 44/357: ✅ 0 взято | 🗑️ 3 мусор
2026-05-18 04:11:53,767 | INFO     |   → 45/357: ✅ 14 взято | 🗑️ 4 мусор
2026-05-18 04:11:53,767 | INFO     |   → 46/357: ✅ 622 взято | 🗑️ 2509 мусор
2026-05-18 04:11:53,767 | INFO     |   → 47/357 ❌ HTTP 404 — https://raw.githubusercontent.com/AmirHDevo/temp2/7f15e7ddb311a6f8c5ab338bd1af0e1f2136a84b/configs.txt
2026-05-18 04:11:53,767 | INFO     |   → 48/357: ✅ 119 взято | 🗑️ 2295 мусор
2026-05-18 04:11:53,768 | INFO     |   → 49/357: ✅ 0 взято | 🗑️ 83 мусор
2026-05-18 04:11:53,768 | INFO     |   → 50/357: ✅ 1622 взято | 🗑️ 29024 мусор
2026-05-18 04:11:53,768 | INFO     |   → 51/357: ✅ 5 взято | 🗑️ 47 мусор
2026-05-18 04:11:53,768 | INFO     |   → 52/357: ✅ 48 взято | 🗑️ 494 мусор
2026-05-18 04:11:53,768 | INFO     |   → 53/357: ✅ 339 взято | 🗑️ 1542 мусор
2026-05-18 04:11:53,768 | INFO     |   → 54/357: ✅ 1 взято | 🗑️ 235 мусор
2026-05-18 04:11:53,768 | INFO     |   → 55/357: ✅ 49 взято | 🗑️ 86 мусор
2026-05-18 04:11:53,768 | INFO     |   → 56/357: ✅ 0 взято | 🗑️ 16 мусор
2026-05-18 04:11:53,768 | INFO     |   → 57/357: ✅ 0 взято | 🗑️ 17 мусор
2026-05-18 04:11:53,768 | INFO     |   → 58/357: ✅ 1 взято | 🗑️ 12 мусор
2026-05-18 04:11:53,768 | INFO     |   → 59/357: ✅ 0 взято | 🗑️ 17 мусор
2026-05-18 04:11:53,768 | INFO     |   → 60/357: ✅ 0 взято | 🗑️ 17 мусор
2026-05-18 04:11:53,768 | INFO     |   → 61/357: ✅ 26 взято | 🗑️ 331 мусор
2026-05-18 04:11:53,768 | INFO     |   → 62/357: ✅ 66 взято | 🗑️ 19 мусор
2026-05-18 04:11:53,768 | INFO     |   → 63/357: ✅ 80 взято | 🗑️ 1110 мусор
2026-05-18 04:11:53,768 | INFO     |   → 64/357: ✅ 18 взято | 🗑️ 1107 мусор
2026-05-18 04:11:53,768 | INFO     |   → 65/357 ❌ HTTP 404 — https://raw.githubusercontent.com/Egkaz/Proxy-list-20k-server/main/stable.txt
2026-05-18 04:11:53,768 | INFO     |   → 66/357: ✅ 5 взято | 🗑️ 13 мусор
2026-05-18 04:11:53,768 | INFO     |   → 67/357 ❌ HTTP 404 — https://raw.githubusercontent.com/Epodonios/v2ray-configs/raw/main/Splitted-By-Protocol/trojan.txt
2026-05-18 04:11:53,768 | INFO     |   → 68/357 ❌ HTTP 404 — https://raw.githubusercontent.com/Epodonios/v2ray-configs/raw/main/Splitted-By-Protocol/vmess.txt
2026-05-18 04:11:53,768 | INFO     |   → 69/357: ✅ 728 взято | 🗑️ 1042 мусор
2026-05-18 04:11:53,768 | INFO     |   → 70/357: ✅ 0 взято | 🗑️ 116 мусор
2026-05-18 04:11:53,768 | INFO     |   → 71/357: ✅ 0 взято | 🗑️ 746 мусор
2026-05-18 04:11:53,768 | INFO     |   → 72/357: ✅ 537 взято | 🗑️ 187 мусор
2026-05-18 04:11:53,768 | INFO     |   → 73/357: ✅ 109 взято | 🗑️ 7 мусор
2026-05-18 04:11:53,768 | INFO     |   → 74/357: ✅ 8 взято | 🗑️ 328 мусор
2026-05-18 04:11:53,769 | INFO     |   → 75/357 ❌ HTTP 404 — https://raw.githubusercontent.com/Fido6/FreeNodes/57221e59caddde55ffdda21d491ae952cd608049/nodes/halekj.txt
2026-05-18 04:11:53,769 | INFO     |   → 76/357 ❌ HTTP 404 — https://raw.githubusercontent.com/Fido6/FreeNodes/57221e59caddde55ffdda21d491ae952cd608049/nodes/kkzui.txt
2026-05-18 04:11:53,769 | INFO     |   → 77/357 ❌ HTTP 404 — https://raw.githubusercontent.com/Fido6/FreeNodes/57221e59caddde55ffdda21d491ae952cd608049/nodes/wenode.txt
2026-05-18 04:11:53,769 | INFO     |   → 78/357: ✅ 48 взято | 🗑️ 406 мусор
2026-05-18 04:11:53,769 | INFO     |   → 79/357: ✅ 7 взято | 🗑️ 38 мусор
2026-05-18 04:11:53,769 | INFO     |   → 80/357: ✅ 170 взято | 🗑️ 1529 мусор
2026-05-18 04:11:53,769 | INFO     |   → 81/357: ✅ 173 взято | 🗑️ 565 мусор
2026-05-18 04:11:53,769 | INFO     |   → 82/357: ✅ 221 взято | 🗑️ 3837 мусор
2026-05-18 04:11:53,769 | INFO     |   → 83/357: ✅ 46 взято | 🗑️ 669 мусор
2026-05-18 04:11:53,769 | INFO     |   → 84/357: ✅ 14 взято | 🗑️ 250 мусор
2026-05-18 04:11:53,769 | INFO     |   → 85/357: ✅ 0 взято | 🗑️ 16 мусор
2026-05-18 04:11:53,769 | INFO     |   → 86/357: ✅ 15 взято | 🗑️ 0 мусор
2026-05-18 04:11:53,769 | INFO     |   → 87/357: ✅ 0 взято | 🗑️ 609 мусор
2026-05-18 04:11:53,769 | INFO     |   → 88/357: ✅ 18 взято | 🗑️ 63 мусор
2026-05-18 04:11:53,769 | INFO     |   → 89/357: ✅ 456 взято | 🗑️ 131 мусор
2026-05-18 04:11:53,769 | INFO     |   → 90/357: ✅ 221 взято | 🗑️ 403 мусор
2026-05-18 04:11:53,769 | INFO     |   → 91/357: ✅ 35 взято | 🗑️ 596 мусор
2026-05-18 04:11:53,769 | INFO     |   → 92/357: ✅ 5972 взято | 🗑️ 46237 мусор
2026-05-18 04:11:53,769 | INFO     |   → 93/357: ✅ 0 взято | 🗑️ 35 мусор
2026-05-18 04:11:53,769 | INFO     |   → 94/357: ✅ 0 взято | 🗑️ 9698 мусор
2026-05-18 04:11:53,769 | INFO     |   → 95/357: ✅ 0 взято | 🗑️ 31035 мусор
2026-05-18 04:11:53,769 | INFO     |   → 96/357: ✅ 0 взято | 🗑️ 5 мусор
2026-05-18 04:11:53,769 | INFO     |   → 97/357: ✅ 0 взято | 🗑️ 4 мусор
2026-05-18 04:11:53,769 | INFO     |   → 98/357: ✅ 1 взято | 🗑️ 51 мусор
2026-05-18 04:11:53,769 | INFO     |   → 99/357: ✅ 0 взято | 🗑️ 8 мусор
2026-05-18 04:11:53,769 | INFO     |   → 100/357 ❌ HTTP 404 — https://raw.githubusercontent.com/Kwinshadow/TelegramV2rayCollector/raw/refs/heads/main/sublinks/mix.txt
2026-05-18 04:11:53,769 | INFO     |   → 101/357 ❌ HTTP 404 — https://raw.githubusercontent.com/LalatinaHub/Mineral/raw/refs/heads/master/result/nodes
2026-05-18 04:11:53,769 | INFO     |   → 102/357: ✅ 4 взято | 🗑️ 2 мусор
2026-05-18 04:11:53,769 | INFO     |   → 103/357: ✅ 0 взято | 🗑️ 147 мусор
2026-05-18 04:11:53,769 | INFO     |   → 104/357 ❌ HTTP 404 — https://raw.githubusercontent.com/M-Mashreghi/free-config-collector/main/Splitted-By-Protocol/ssr.txt
2026-05-18 04:11:53,770 | INFO     |   → 105/357: ✅ 139 взято | 🗑️ 114 мусор
2026-05-18 04:11:53,770 | INFO     |   → 106/357: ✅ 126 взято | 🗑️ 137 мусор
2026-05-18 04:11:53,770 | INFO     |   → 107/357: ✅ 108 взято | 🗑️ 468 мусор
2026-05-18 04:11:53,770 | INFO     |   → 108/357: ✅ 0 взято | 🗑️ 3 мусор
2026-05-18 04:11:53,770 | INFO     |   → 109/357: ✅ 308 взято | 🗑️ 3620 мусор
2026-05-18 04:11:53,770 | INFO     |   → 110/357: ✅ 24 взято | 🗑️ 170 мусор
2026-05-18 04:11:53,770 | INFO     |   → 111/357: ✅ 13 взято | 🗑️ 361 мусор
2026-05-18 04:11:53,770 | INFO     |   → 112/357: ✅ 7 взято | 🗑️ 266 мусор
2026-05-18 04:11:53,770 | INFO     |   → 113/357: ✅ 6 взято | 🗑️ 72 мусор
2026-05-18 04:11:53,770 | INFO     |   → 114/357 ❌ HTTP 404 — https://raw.githubusercontent.com/MhdiTaheri/V2rayCollector/raw/refs/heads/main/sub/mix
2026-05-18 04:11:53,770 | INFO     |   → 115/357: ✅ 53 взято | 🗑️ 267 мусор
2026-05-18 04:11:53,770 | INFO     |   → 116/357 ❌ HTTP 404 — https://raw.githubusercontent.com/MhdiTaheri/V2rayCollector_Py/raw/refs/heads/main/sub/Mix/mix.txt
2026-05-18 04:11:53,770 | INFO     |   → 117/357: ✅ 92 взято | 🗑️ 282 мусор
2026-05-18 04:11:53,770 | INFO     |   → 118/357: ✅ 0 взято | 🗑️ 6 мусор
2026-05-18 04:11:53,770 | INFO     |   → 119/357 ❌ HTTP 404 — https://raw.githubusercontent.com/MrMohebi/xray-proxy-grabber-telegram/master/collected-proxies/row-url/actives.txt
2026-05-18 04:11:53,770 | INFO     |   → 120/357 ❌ HTTP 404 — https://raw.githubusercontent.com/MrMohebi/xray-proxy-grabber-telegram/master/collected-proxies/row-url/all.txt
2026-05-18 04:11:53,770 | INFO     |   → 121/357: ✅ 66 взято | 🗑️ 123 мусор
2026-05-18 04:11:53,770 | INFO     |   → 122/357: ✅ 175 взято | 🗑️ 582 мусор
2026-05-18 04:11:53,770 | INFO     |   → 123/357 ❌ HTTP 404 — https://raw.githubusercontent.com/OpenCNLink/freevpn/3cfcff048bfdd1493ccffa52ecf30ce7f9fc6b28/src/list/vmess.txt
2026-05-18 04:11:53,770 | INFO     |   → 124/357: ✅ 0 взято | 🗑️ 20 мусор
2026-05-18 04:11:53,770 | INFO     |   → 125/357: ✅ 2 взято | 🗑️ 45 мусор
2026-05-18 04:11:53,770 | INFO     |   → 126/357 ❌ HTTP 404 — https://raw.githubusercontent.com/RKPchannel/RKP_bypass_configs/main/configs
2026-05-18 04:11:53,770 | INFO     |   → 127/357: ✅ 0 взято | 🗑️ 35 мусор
2026-05-18 04:11:53,770 | INFO     |   → 128/357: ✅ 0 взято | 🗑️ 0 мусор
2026-05-18 04:11:53,770 | INFO     |   → 129/357: ✅ 0 взято | 🗑️ 50 мусор
2026-05-18 04:11:53,770 | INFO     |   → 130/357 ❌ HTTP 404 — https://raw.githubusercontent.com/STR97/STRUGOV/main/BYPASS
2026-05-18 04:11:53,770 | INFO     |   → 131/357 ❌ HTTP 404 — https://raw.githubusercontent.com/STR97/STRUGOV/main/CUSTOM
2026-05-18 04:11:53,770 | INFO     |   → 132/357 ❌ HTTP 404 — https://raw.githubusercontent.com/STR97/STRUGOV/main/STR
2026-05-18 04:11:53,771 | INFO     |   → 133/357 ❌ HTTP 404 — https://raw.githubusercontent.com/STR97/STRUGOV/main/STR.BYPASS
2026-05-18 04:11:53,771 | INFO     |   → 134/357 ❌ HTTP 404 — https://raw.githubusercontent.com/STR97/STRUGOV/main/Vless
2026-05-18 04:11:53,771 | INFO     |   → 135/357 ❌ HTTP 404 — https://raw.githubusercontent.com/STR97/STRUGOV/refs/heads/main/STR.BYPASS
2026-05-18 04:11:53,771 | INFO     |   → 136/357: ✅ 4 взято | 🗑️ 34 мусор
2026-05-18 04:11:53,771 | INFO     |   → 137/357: ✅ 0 взято | 🗑️ 27 мусор
2026-05-18 04:11:53,771 | INFO     |   → 138/357: ✅ 140 взято | 🗑️ 1153 мусор
2026-05-18 04:11:53,771 | INFO     |   → 139/357: ✅ 65 взято | 🗑️ 2662 мусор
2026-05-18 04:11:53,771 | INFO     |   → 140/357: ✅ 9 взято | 🗑️ 969 мусор
2026-05-18 04:11:53,771 | INFO     |   → 141/357: ✅ 103 взято | 🗑️ 3137 мусор
2026-05-18 04:11:53,771 | INFO     |   → 142/357: ✅ 194 взято | 🗑️ 526 мусор
2026-05-18 04:11:53,771 | INFO     |   → 143/357: ✅ 67 взято | 🗑️ 4652 мусор
2026-05-18 04:11:53,771 | INFO     |   → 144/357: ✅ 76 взято | 🗑️ 362 мусор
2026-05-18 04:11:53,771 | INFO     |   → 145/357: ✅ 0 взято | 🗑️ 0 мусор
2026-05-18 04:11:53,771 | INFO     |   → 146/357: ✅ 0 взято | 🗑️ 0 мусор
2026-05-18 04:11:53,771 | INFO     |   → 147/357: ✅ 1 взято | 🗑️ 1301 мусор
2026-05-18 04:11:53,771 | INFO     |   → 148/357: ✅ 0 взято | 🗑️ 73 мусор
2026-05-18 04:11:53,771 | INFO     |   → 149/357: ✅ 0 взято | 🗑️ 1099 мусор
2026-05-18 04:11:53,771 | INFO     |   → 150/357: ✅ 0 взято | 🗑️ 58 мусор
2026-05-18 04:11:53,771 | INFO     |   → 151/357 ❌ HTTP 404 — https://raw.githubusercontent.com/Syavar/V2ray-Configs/main/OK_TLS_activision.com.txt
2026-05-18 04:11:53,771 | INFO     |   → 152/357: ✅ 3 взято | 🗑️ 1 мусор
2026-05-18 04:11:53,771 | INFO     |   → 153/357: ✅ 3 взято | 🗑️ 1 мусор
2026-05-18 04:11:53,771 | INFO     |   → 154/357: ✅ 3 взято | 🗑️ 1 мусор
2026-05-18 04:11:53,771 | INFO     |   → 155/357: ✅ 3 взято | 🗑️ 1 мусор
2026-05-18 04:11:53,771 | INFO     |   → 156/357 ❌ HTTP 404 — https://raw.githubusercontent.com/Syavar/V2ray-Configs/main/OK_TLS_viber.com.txt
2026-05-18 04:11:53,771 | INFO     |   → 157/357: ✅ 3 взято | 🗑️ 1 мусор
2026-05-18 04:11:53,771 | INFO     |   → 158/357: ✅ 3 взято | 🗑️ 1 мусор
2026-05-18 04:11:53,771 | INFO     |   → 159/357 ❌ HTTP 404 — https://raw.githubusercontent.com/Syavar/V2ray-Configs/main/OK_activision.com.txt
2026-05-18 04:11:53,771 | INFO     |   → 160/357 ❌ HTTP 404 — https://raw.githubusercontent.com/Syavar/V2ray-Configs/main/OK_css.rbxcdn.com.txt
2026-05-18 04:11:53,771 | INFO     |   → 161/357 ❌ HTTP 404 — https://raw.githubusercontent.com/Syavar/V2ray-Configs/main/OK_google.com.txt
2026-05-18 04:11:53,772 | INFO     |   → 162/357 ❌ HTTP 404 — https://raw.githubusercontent.com/Syavar/V2ray-Configs/main/OK_speedtest.tinkoff.ru.txt
2026-05-18 04:11:53,772 | INFO     |   → 163/357 ❌ HTTP 404 — https://raw.githubusercontent.com/Syavar/V2ray-Configs/main/OK_telegram.org.txt
2026-05-18 04:11:53,772 | INFO     |   → 164/357 ❌ HTTP 404 — https://raw.githubusercontent.com/Syavar/V2ray-Configs/main/OK_viber.com.txt
2026-05-18 04:11:53,772 | INFO     |   → 165/357 ❌ HTTP 404 — https://raw.githubusercontent.com/Syavar/V2ray-Configs/main/OK_vk.com.txt
2026-05-18 04:11:53,772 | INFO     |   → 166/357 ❌ HTTP 404 — https://raw.githubusercontent.com/Syavar/V2ray-Configs/main/OK_whatsapp.com.txt
2026-05-18 04:11:53,772 | INFO     |   → 167/357: ✅ 614 взято | 🗑️ 1079 мусор
2026-05-18 04:11:53,772 | INFO     |   → 168/357: ✅ 4 взято | 🗑️ 291 мусор
2026-05-18 04:11:53,772 | INFO     |   → 169/357: ✅ 14 взято | 🗑️ 6 мусор
2026-05-18 04:11:53,772 | INFO     |   → 170/357: ✅ 6 взято | 🗑️ 6 мусор
2026-05-18 04:11:53,772 | INFO     |   → 171/357: ✅ 3 взято | 🗑️ 9 мусор
2026-05-18 04:11:53,772 | INFO     |   → 172/357: ✅ 3 взято | 🗑️ 9 мусор
2026-05-18 04:11:53,772 | INFO     |   → 173/357: ✅ 7 взято | 🗑️ 11 мусор
2026-05-18 04:11:53,772 | INFO     |   → 174/357: ✅ 6 взято | 🗑️ 9 мусор
2026-05-18 04:11:53,772 | INFO     |   → 175/357: ✅ 2 взято | 🗑️ 13 мусор
2026-05-18 04:11:53,772 | INFO     |   → 176/357: ✅ 3 взято | 🗑️ 16 мусор
2026-05-18 04:11:53,772 | INFO     |   → 177/357: ✅ 10 взято | 🗑️ 9 мусор
2026-05-18 04:11:53,772 | INFO     |   → 178/357: ✅ 1 взято | 🗑️ 7 мусор
2026-05-18 04:11:53,772 | INFO     |   → 179/357: ✅ 43 взято | 🗑️ 88 мусор
2026-05-18 04:11:53,772 | INFO     |   → 180/357: ✅ 0 взято | 🗑️ 5 мусор
2026-05-18 04:11:53,772 | INFO     |   → 181/357: ✅ 12 взято | 🗑️ 76 мусор
2026-05-18 04:11:53,772 | INFO     |   → 182/357: ✅ 123 взято | 🗑️ 432 мусор
2026-05-18 04:11:53,772 | INFO     |   → 183/357: ✅ 4 взято | 🗑️ 114 мусор
2026-05-18 04:11:53,772 | INFO     |   → 184/357: ✅ 21 взято | 🗑️ 51 мусор
2026-05-18 04:11:53,772 | INFO     |   → 185/357: ✅ 0 взято | 🗑️ 1096 мусор
2026-05-18 04:11:53,772 | INFO     |   → 186/357: ✅ 0 взято | 🗑️ 932 мусор
2026-05-18 04:11:53,772 | INFO     |   → 187/357: ✅ 20 взято | 🗑️ 71 мусор
2026-05-18 04:11:53,772 | INFO     |   → 188/357 ❌ HTTP 404 — https://raw.githubusercontent.com/awesome-vpn/awesome-vpn/master/ss
2026-05-18 04:11:53,772 | INFO     |   → 189/357: ✅ 84 взято | 🗑️ 2805 мусор
2026-05-18 04:11:53,773 | INFO     |   → 190/357: ✅ 6 взято | 🗑️ 287 мусор
2026-05-18 04:11:53,773 | INFO     |   → 191/357: ✅ 19 взято | 🗑️ 2188 мусор
2026-05-18 04:11:53,773 | INFO     |   → 192/357: ✅ 0 взято | 🗑️ 104 мусор
2026-05-18 04:11:53,773 | INFO     |   → 193/357 ❌ HTTP 404 — https://raw.githubusercontent.com/barry-far/V2ray-Configs/ced94ddfff48276ec365b40227561f36b1b64bc8/Sub5.txt
2026-05-18 04:11:53,773 | INFO     |   → 194/357 ❌ HTTP 404 — https://raw.githubusercontent.com/barry-far/V2ray-Configs/main/Splitted-By-Protocol/vless.txt
2026-05-18 04:11:53,773 | INFO     |   → 195/357 ❌ HTTP 404 — https://raw.githubusercontent.com/barry-far/V2ray-Configs/main/Sub1.txt
2026-05-18 04:11:53,773 | INFO     |   → 196/357: ✅ 0 взято | 🗑️ 287 мусор
2026-05-18 04:11:53,773 | INFO     |   → 197/357: ✅ 0 взято | 🗑️ 2188 мусор
2026-05-18 04:11:53,773 | INFO     |   → 198/357: ✅ 0 взято | 🗑️ 104 мусор
2026-05-18 04:11:53,773 | INFO     |   → 199/357 ❌ HTTP 404 — https://raw.githubusercontent.com/bywarm/whitelists-vpns-etc/main/whitelists1-4pda.txt
2026-05-18 04:11:53,773 | INFO     |   → 200/357: ✅ 7 взято | 🗑️ 40 мусор
2026-05-18 04:11:53,773 | INFO     |   → 201/357 ❌ HTTP 404 — https://raw.githubusercontent.com/chxxyz2004/zd/17fca23b73c46b5dd73e9be49b14d219b5e5f836/sub/2401/240110.txt
2026-05-18 04:11:53,773 | INFO     |   → 202/357: ✅ 356 взято | 🗑️ 5284 мусор
2026-05-18 04:11:53,773 | INFO     |   → 203/357: ✅ 236 взято | 🗑️ 517 мусор
2026-05-18 04:11:53,773 | INFO     |   → 204/357: ✅ 6 взято | 🗑️ 78 мусор
2026-05-18 04:11:53,773 | INFO     |   → 205/357: ✅ 6 взято | 🗑️ 4 мусор
2026-05-18 04:11:53,773 | INFO     |   → 206/357: ✅ 145 взято | 🗑️ 3646 мусор
2026-05-18 04:11:53,773 | INFO     |   → 207/357: ✅ 39 взято | 🗑️ 106 мусор
2026-05-18 04:11:53,773 | INFO     |   → 208/357: ✅ 3395 взято | 🗑️ 64318 мусор
2026-05-18 04:11:53,773 | INFO     |   → 209/357: ✅ 0 взято | 🗑️ 38677 мусор
2026-05-18 04:11:53,773 | INFO     |   → 210/357: ✅ 0 взято | 🗑️ 5150 мусор
2026-05-18 04:11:53,773 | INFO     |   → 211/357: ✅ 6 взято | 🗑️ 113 мусор
2026-05-18 04:11:53,773 | INFO     |   → 212/357: ✅ 2 взято | 🗑️ 80 мусор
2026-05-18 04:11:53,773 | INFO     |   → 213/357: ✅ 5 взято | 🗑️ 169 мусор
2026-05-18 04:11:53,773 | INFO     |   → 214/357: ✅ 34 взято | 🗑️ 121 мусор
2026-05-18 04:11:53,773 | INFO     |   → 215/357: ✅ 4 взято | 🗑️ 97 мусор
2026-05-18 04:11:53,773 | INFO     |   → 216/357 ❌ HTTP 404 — https://raw.githubusercontent.com/freev2rayconfig/V2RAY_SUB/3e6a7786a1601ee3723e8d043ae79e70dbdfd9a8/v2rayconfigs.txt
2026-05-18 04:11:53,773 | INFO     |   → 217/357: ✅ 0 взято | 🗑️ 5 мусор
2026-05-18 04:11:53,774 | INFO     |   → 218/357: ✅ 530 взято | 🗑️ 2808 мусор
2026-05-18 04:11:53,774 | INFO     |   → 219/357: ✅ 272 взято | 🗑️ 996 мусор
2026-05-18 04:11:53,774 | INFO     |   → 220/357: ✅ 417 взято | 🗑️ 6081 мусор
2026-05-18 04:11:53,774 | INFO     |   → 221/357: ✅ 109 взято | 🗑️ 2171 мусор
2026-05-18 04:11:53,774 | INFO     |   → 222/357 ❌ HTTP 404 — https://raw.githubusercontent.com/hameed-maleki/TVC/89a4522969c57dcc22458cae9898426e5c4f2679/lite/config.txt
2026-05-18 04:11:53,774 | INFO     |   → 223/357: ✅ 5 взято | 🗑️ 132 мусор
2026-05-18 04:11:53,774 | INFO     |   → 224/357 ❌ HTTP 404 — https://raw.githubusercontent.com/hkpc/Autoproxy/6cf946ddfc677a29062007e4b47d70674474baa7/sub/2401/240110.txt
2026-05-18 04:11:53,774 | INFO     |   → 225/357 ❌ HTTP 404 — https://raw.githubusercontent.com/hkpc/V2ray-Configs/7d9aa0dabf947af180a7dd6302818ed37950531a/Sub1.txt
2026-05-18 04:11:53,774 | INFO     |   → 226/357: ✅ 79 взято | 🗑️ 255 мусор
2026-05-18 04:11:53,774 | INFO     |   → 227/357: ✅ 0 взято | 🗑️ 12 мусор
2026-05-18 04:11:53,774 | INFO     |   → 228/357: ✅ 0 взято | 🗑️ 214 мусор
2026-05-18 04:11:53,774 | INFO     |   → 229/357: ✅ 0 взято | 🗑️ 21 мусор
2026-05-18 04:11:53,774 | INFO     |   → 230/357: ✅ 11 взято | 🗑️ 1234 мусор
2026-05-18 04:11:53,774 | INFO     |   → 231/357: ✅ 26 взято | 🗑️ 22 мусор
2026-05-18 04:11:53,774 | INFO     |   → 232/357: ✅ 0 взято | 🗑️ 145 мусор
2026-05-18 04:11:53,774 | INFO     |   → 233/357 ❌ HTTP 404 — https://raw.githubusercontent.com/igareck/vpn-configs-for-russia/refs/heads/main/Vless-Reality-White-Lists-Rus-Cable.txt
2026-05-18 04:11:53,774 | INFO     |   → 234/357: ✅ 53 взято | 🗑️ 80 мусор
2026-05-18 04:11:53,774 | INFO     |   → 235/357: ✅ 1 взято | 🗑️ 326 мусор
2026-05-18 04:11:53,774 | INFO     |   → 236/357 ❌ HTTP 404 — https://raw.githubusercontent.com/kismetpro/NodeSuber/main/Splitted-By-Protocol/vless.txt
2026-05-18 04:11:53,774 | INFO     |   → 237/357 ❌ HTTP 404 — https://raw.githubusercontent.com/kismetpro/NodeSuber/main/out/All_Configs_Sub.txt
2026-05-18 04:11:53,774 | INFO     |   → 238/357: ✅ 12205 взято | 🗑️ 98921 мусор
2026-05-18 04:11:53,774 | INFO     |   → 239/357: ✅ 224 взято | 🗑️ 176 мусор
2026-05-18 04:11:53,774 | INFO     |   → 240/357: ✅ 0 взято | 🗑️ 29 мусор
2026-05-18 04:11:53,774 | INFO     |   → 241/357 ❌ HTTP 404 — https://raw.githubusercontent.com/koteey/Ms.Kerosin-VPN/main/proxies.txt
2026-05-18 04:11:53,774 | INFO     |   → 242/357: ✅ 534 взято | 🗑️ 1494 мусор
2026-05-18 04:11:53,774 | INFO     |   → 243/357: ✅ 1 взято | 🗑️ 121 мусор
2026-05-18 04:11:53,774 | INFO     |   → 244/357: ✅ 0 взято | 🗑️ 0 мусор
2026-05-18 04:11:53,774 | INFO     |   → 245/357: ✅ 0 взято | 🗑️ 421 мусор
2026-05-18 04:11:53,775 | INFO     |   → 246/357: ✅ 213 взято | 🗑️ 1155 мусор
2026-05-18 04:11:53,775 | INFO     |   → 247/357: ✅ 0 взято | 🗑️ 53 мусор
2026-05-18 04:11:53,775 | INFO     |   → 248/357: ✅ 146 взято | 🗑️ 343 мусор
2026-05-18 04:11:53,775 | INFO     |   → 249/357: ✅ 0 взято | 🗑️ 122 мусор
2026-05-18 04:11:53,775 | INFO     |   → 250/357: ✅ 0 взято | 🗑️ 122 мусор
2026-05-18 04:11:53,775 | INFO     |   → 251/357: ✅ 0 взято | 🗑️ 3939 мусор
2026-05-18 04:11:53,775 | INFO     |   → 252/357: ✅ 0 взято | 🗑️ 0 мусор
2026-05-18 04:11:53,775 | INFO     |   → 253/357: ✅ 0 взято | 🗑️ 3939 мусор
2026-05-18 04:11:53,775 | INFO     |   → 254/357: ✅ 20 взято | 🗑️ 370 мусор
2026-05-18 04:11:53,775 | INFO     |   → 255/357: ✅ 0 взято | 🗑️ 370 мусор
2026-05-18 04:11:53,775 | INFO     |   → 256/357: ✅ 699 взято | 🗑️ 6258 мусор
2026-05-18 04:11:53,775 | INFO     |   → 257/357: ✅ 8 взято | 🗑️ 853 мусор
2026-05-18 04:11:53,775 | INFO     |   → 258/357 ❌ HTTP 404 — https://raw.githubusercontent.com/mfuu/v2ray/master/merge/merge.txt
2026-05-18 04:11:53,775 | INFO     |   → 259/357: ✅ 496 взято | 🗑️ 13383 мусор
2026-05-18 04:11:53,775 | INFO     |   → 260/357: ✅ 0 взято | 🗑️ 4496 мусор
2026-05-18 04:11:53,775 | INFO     |   → 261/357 ❌ HTTP 404 — https://raw.githubusercontent.com/miladtahanian/V2RayCFGDumper/refs/heads/main/config.txt
2026-05-18 04:11:53,775 | INFO     |   → 262/357 ❌ HTTP 404 — https://raw.githubusercontent.com/miladtahanian/multi-proxy-config-fetcher/refs/heads/main/configs/proxy_configs.txt
2026-05-18 04:11:53,775 | INFO     |   → 263/357: ✅ 0 взято | 🗑️ 0 мусор
2026-05-18 04:11:53,775 | INFO     |   → 264/357: ✅ 15 взято | 🗑️ 46 мусор
2026-05-18 04:11:53,775 | INFO     |   → 265/357: ✅ 0 взято | 🗑️ 9 мусор
2026-05-18 04:11:53,775 | INFO     |   → 266/357: ✅ 0 взято | 🗑️ 214 мусор
2026-05-18 04:11:53,775 | INFO     |   → 267/357: ✅ 0 взято | 🗑️ 16 мусор
2026-05-18 04:11:53,775 | INFO     |   → 268/357: ✅ 28 взято | 🗑️ 93 мусор
2026-05-18 04:11:53,775 | INFO     |   → 269/357: ✅ 74 взято | 🗑️ 425 мусор
2026-05-18 04:11:53,775 | INFO     |   → 270/357: ✅ 168 взято | 🗑️ 330 мусор
2026-05-18 04:11:53,775 | INFO     |   → 271/357: ✅ 15 взято | 🗑️ 70 мусор
2026-05-18 04:11:53,775 | INFO     |   → 272/357: ✅ 126 взято | 🗑️ 492 мусор
2026-05-18 04:11:53,776 | INFO     |   → 273/357: ✅ 0 взято | 🗑️ 190 мусор
2026-05-18 04:11:53,776 | INFO     |   → 274/357: ✅ 3 взято | 🗑️ 2621 мусор
2026-05-18 04:11:53,776 | INFO     |   → 275/357: ✅ 25 взято | 🗑️ 1546 мусор
2026-05-18 04:11:53,776 | INFO     |   → 276/357: ✅ 9 взято | 🗑️ 132 мусор
2026-05-18 04:11:53,776 | INFO     |   → 277/357: ✅ 5 взято | 🗑️ 789 мусор
2026-05-18 04:11:53,776 | INFO     |   → 278/357: ✅ 1181 взято | 🗑️ 177 мусор
2026-05-18 04:11:53,776 | INFO     |   → 279/357 ❌ HTTP 404 — https://raw.githubusercontent.com/op30mmd/things/909b38024ba14d69dc0f95c238f63bc6e930a00f/eut.txt
2026-05-18 04:11:53,776 | INFO     |   → 280/357: ✅ 12 взято | 🗑️ 204 мусор
2026-05-18 04:11:53,776 | INFO     |   → 281/357: ✅ 4 взято | 🗑️ 3 мусор
2026-05-18 04:11:53,776 | INFO     |   → 282/357: ✅ 6703 взято | 🗑️ 35561 мусор
2026-05-18 04:11:53,776 | INFO     |   → 283/357: ✅ 0 взято | 🗑️ 45 мусор
2026-05-18 04:11:53,776 | INFO     |   → 284/357: ✅ 0 взято | 🗑️ 1 мусор
2026-05-18 04:11:53,776 | INFO     |   → 285/357: ✅ 0 взято | 🗑️ 44 мусор
2026-05-18 04:11:53,776 | INFO     |   → 286/357: ✅ 63 взято | 🗑️ 521 мусор
2026-05-18 04:11:53,776 | INFO     |   → 287/357: ✅ 165 взято | 🗑️ 273 мусор
2026-05-18 04:11:53,776 | INFO     |   → 288/357: ✅ 13 взято | 🗑️ 211 мусор
2026-05-18 04:11:53,776 | INFO     |   → 289/357: ✅ 8 взято | 🗑️ 106 мусор
2026-05-18 04:11:53,776 | INFO     |   → 290/357 ❌ HTTP 404 — https://raw.githubusercontent.com/sajad-sajadi/V2ray-Collector/raw/main/output/protocols/vmess.txt
2026-05-18 04:11:53,776 | INFO     |   → 291/357: ✅ 5997 взято | 🗑️ 2627 мусор
2026-05-18 04:11:53,776 | INFO     |   → 292/357 ❌ HTTP 404 — https://raw.githubusercontent.com/sakha1370/OpenRay/raw/refs/heads/main/output/all_valid_proxies.txt
2026-05-18 04:11:53,776 | INFO     |   → 293/357: ✅ 2 взято | 🗑️ 399 мусор
2026-05-18 04:11:53,776 | INFO     |   → 294/357 ❌ HTTP 404 — https://raw.githubusercontent.com/satrom/V2SSR/master/SSR/Sub.txt
2026-05-18 04:11:53,776 | INFO     |   → 295/357 ❌ HTTP 404 — https://raw.githubusercontent.com/satrom/V2SSR/master/V2RAY/Sub.txt
2026-05-18 04:11:53,776 | INFO     |   → 296/357: ✅ 822 взято | 🗑️ 24768 мусор
2026-05-18 04:11:53,776 | INFO     |   → 297/357: ✅ 3 взято | 🗑️ 49 мусор
2026-05-18 04:11:53,776 | INFO     |   → 298/357: ✅ 0 взято | 🗑️ 1239 мусор
2026-05-18 04:11:53,776 | INFO     |   → 299/357 ❌ HTTP 404 — https://raw.githubusercontent.com/soroushmirzaei/telegram-configs-collector/main/splitted/subscribe
2026-05-18 04:11:53,777 | INFO     |   → 300/357 ❌ HTTP 404 — https://raw.githubusercontent.com/ssrsub/ssr/master/vless.txt
2026-05-18 04:11:53,777 | INFO     |   → 301/357: ✅ 2 взято | 🗑️ 12 мусор
2026-05-18 04:11:53,777 | INFO     |   → 302/357: ✅ 0 взято | 🗑️ 13 мусор
2026-05-18 04:11:53,777 | INFO     |   → 303/357: ✅ 0 взято | 🗑️ 13 мусор
2026-05-18 04:11:53,777 | INFO     |   → 304/357: ✅ 55 взято | 🗑️ 245 мусор
2026-05-18 04:11:53,777 | INFO     |   → 305/357: ✅ 60 взято | 🗑️ 178 мусор
2026-05-18 04:11:53,777 | INFO     |   → 306/357: ✅ 27 взято | 🗑️ 173 мусор
2026-05-18 04:11:53,777 | INFO     |   → 307/357: ✅ 29 взято | 🗑️ 271 мусор
2026-05-18 04:11:53,777 | INFO     |   → 308/357: ✅ 20 взято | 🗑️ 280 мусор
2026-05-18 04:11:53,777 | INFO     |   → 309/357: ✅ 85 взято | 🗑️ 115 мусор
2026-05-18 04:11:53,777 | INFO     |   → 310/357: ✅ 25 взято | 🗑️ 275 мусор
2026-05-18 04:11:53,777 | INFO     |   → 311/357: ✅ 184 взято | 🗑️ 116 мусор
2026-05-18 04:11:53,777 | INFO     |   → 312/357: ✅ 5 взято | 🗑️ 111 мусор
2026-05-18 04:11:53,777 | INFO     |   → 313/357 ❌ HTTP 404 — https://raw.githubusercontent.com/v2clash/Autoproxy/a81f840ab2364124133572ec94e4b81fb0d4e58d/sub/2401/240104.txt
2026-05-18 04:11:53,777 | INFO     |   → 314/357 ❌ HTTP 404 — https://raw.githubusercontent.com/v2clash/V2ray-Configs/31f493c584d0c7b56350f4a34d80c53ad82bcc18/Sub9.txt
2026-05-18 04:11:53,777 | INFO     |   → 315/357: ✅ 36 взято | 🗑️ 303 мусор
2026-05-18 04:11:53,777 | INFO     |   → 316/357 ❌ HTTP 404 — https://raw.githubusercontent.com/vsevjik/OBSpiskov/main/wwh
2026-05-18 04:11:53,777 | INFO     |   → 317/357 ❌ HTTP 404 — https://raw.githubusercontent.com/vsevjik/OBSpiskov/main/wwhjk
2026-05-18 04:11:53,777 | INFO     |   → 318/357 ❌ HTTP 404 — https://raw.githubusercontent.com/vsevjik/OBSpiskov/main/wwhljjjkk
2026-05-18 04:11:53,777 | INFO     |   → 319/357: ✅ 0 взято | 🗑️ 10 мусор
2026-05-18 04:11:53,777 | INFO     |   → 320/357: ✅ 107 взято | 🗑️ 689 мусор
2026-05-18 04:11:53,777 | INFO     |   → 321/357: ✅ 49 взято | 🗑️ 841 мусор
2026-05-18 04:11:53,777 | INFO     |   → 322/357: ✅ 21 взято | 🗑️ 789 мусор
2026-05-18 04:11:53,777 | INFO     |   → 323/357: ✅ 24 взято | 🗑️ 774 мусор
2026-05-18 04:11:53,777 | INFO     |   → 324/357: ✅ 52 взято | 🗑️ 756 мусор
2026-05-18 04:11:53,777 | INFO     |   → 325/357: ✅ 191 взято | 🗑️ 745 мусор
2026-05-18 04:11:53,777 | INFO     |   → 326/357: ✅ 9 взято | 🗑️ 651 мусор
2026-05-18 04:11:53,778 | INFO     |   → 327/357: ✅ 185 взято | 🗑️ 388 мусор
2026-05-18 04:11:53,778 | INFO     |   → 328/357: ✅ 130 взято | 🗑️ 523 мусор
2026-05-18 04:11:53,778 | INFO     |   → 329/357: ✅ 67 взято | 🗑️ 533 мусор
2026-05-18 04:11:53,778 | INFO     |   → 330/357: ✅ 98 взято | 🗑️ 444 мусор
2026-05-18 04:11:53,778 | INFO     |   → 331/357: ✅ 102 взято | 🗑️ 670 мусор
2026-05-18 04:11:53,778 | INFO     |   → 332/357: ✅ 86 взято | 🗑️ 476 мусор
2026-05-18 04:11:53,778 | INFO     |   → 333/357: ✅ 95 взято | 🗑️ 657 мусор
2026-05-18 04:11:53,778 | INFO     |   → 334/357: ✅ 105 взято | 🗑️ 645 мусор
2026-05-18 04:11:53,778 | INFO     |   → 335/357: ✅ 115 взято | 🗑️ 985 мусор
2026-05-18 04:11:53,778 | INFO     |   → 336/357: ✅ 19 взято | 🗑️ 489 мусор
2026-05-18 04:11:53,778 | INFO     |   → 337/357: ✅ 5 взято | 🗑️ 10 мусор
2026-05-18 04:11:53,778 | INFO     |   → 338/357: ✅ 1 взято | 🗑️ 124 мусор
2026-05-18 04:11:53,778 | INFO     |   → 339/357: ✅ 88 взято | 🗑️ 71 мусор
2026-05-18 04:11:53,778 | INFO     |   → 340/357: ✅ 48 взято | 🗑️ 471 мусор
2026-05-18 04:11:53,778 | INFO     |   → 341/357: ✅ 0 взято | 🗑️ 437 мусор
2026-05-18 04:11:53,778 | INFO     |   → 342/357: ✅ 0 взято | 🗑️ 17 мусор
2026-05-18 04:11:53,778 | INFO     |   → 343/357 ❌ HTTP 404 — https://raw.githubusercontent.com/xiaozhu2007/xiaozhu2007/61a755a044dbaeea678bc2d1e20f21a21c6d7170/docs/fxxk.txt
2026-05-18 04:11:53,778 | INFO     |   → 344/357 ❌ HTTP 404 — https://raw.githubusercontent.com/yebekhe/TVC/0f745f92bf381e505f1245abbc7c145b19b11503/config.txt
2026-05-18 04:11:53,778 | INFO     |   → 345/357 ❌ HTTP 404 — https://raw.githubusercontent.com/yebekhe/TVC/9fac69239c69327fb7a61f5a8d79d107133889e1/lite/config.txt
2026-05-18 04:11:53,778 | INFO     |   → 346/357 ❌ HTTP 404 — https://raw.githubusercontent.com/yebekhe/TelegramV2rayCollector/main/sub/normal/mix
2026-05-18 04:11:53,778 | INFO     |   → 347/357 ❌ HTTP 404 — https://raw.githubusercontent.com/yebekhe/TelegramV2rayCollector/main/sub/normal/vless
2026-05-18 04:11:53,778 | INFO     |   → 348/357 ❌ HTTP 404 — https://raw.githubusercontent.com/yebekhe/V2Hub/main/Split/Normal/shadowsocks
2026-05-18 04:11:53,778 | INFO     |   → 349/357 ❌ HTTP 404 — https://raw.githubusercontent.com/yebekhe/V2Hub/main/merged
2026-05-18 04:11:53,778 | INFO     |   → 350/357: ✅ 328 взято | 🗑️ 7094 мусор
2026-05-18 04:11:53,778 | INFO     |   → 351/357: ✅ 0 взято | 🗑️ 7094 мусор
2026-05-18 04:11:53,778 | INFO     |   → 352/357: ✅ 7 взято | 🗑️ 339 мусор
2026-05-18 04:11:53,778 | INFO     |   → 353/357: ✅ 7 взято | 🗑️ 276 мусор
2026-05-18 04:11:53,779 | INFO     |   → 354/357: ✅ 116 взято | 🗑️ 1370 мусор
2026-05-18 04:11:53,779 | INFO     |   → 355/357 ❌ HTTP 404 — https://raw.githubusercontent.com/yyyr-otz/tele-providers-collector/019cb3e07ee52fddbc7caa54fc670c6b9bae6539/sub/proxies.txt
2026-05-18 04:11:53,779 | INFO     |   → 356/357 ❌ HTTP 404 — https://raw.githubusercontent.com/yyyr-otz/tele-providers-collector/b7a74ee98bcf02c5a507d688a1bed3aa9f7f4ed1/script/raw/protocols/mixed.txt
2026-05-18 04:11:53,779 | INFO     |   → 357/357: ✅ 416 взято | 🗑️ 43 мусор
2026-05-18 04:11:53,779 | INFO     |   → ✅ ГОТОВО!
2026-05-18 04:11:53,779 | INFO     |   →    📥 Всего ключей после фильтра: 55584
2026-05-18 04:11:53,779 | INFO     |   →    🔗 Уникальных IP:PORT:SCHEME: 24886
2026-05-18 04:11:53,779 | INFO     |   →    🗑️ Выброшено мусора: 557849
2026-05-18 04:11:53,779 | INFO     |   → 📊 По протоколам:
2026-05-18 04:11:53,779 | INFO     |   →    vless: 10632
2026-05-18 04:11:53,779 | INFO     |   →    vmess: 2792
2026-05-18 04:11:53,779 | INFO     |   →    trojan: 6337
2026-05-18 04:11:53,779 | INFO     |   →    ss: 4904
2026-05-18 04:11:53,779 | INFO     |   →    hysteria: 17
2026-05-18 04:11:53,779 | INFO     |   →    hysteria2: 73
2026-05-18 04:11:53,779 | INFO     |   →    hy2: 78
2026-05-18 04:11:53,779 | INFO     |   →    tuic: 53
2026-05-18 04:11:53,779 | INFO     | ✅ mirror.py завершён успешно
2026-05-18 04:11:53,779 | INFO     | 
2026-05-18 04:11:53,779 | INFO     | 
2026-05-18 04:11:53,779 | INFO     | ──────────────────────────────────────────────────────────────────────
2026-05-18 04:11:53,779 | INFO     | 📌 ЭТАП: Генерация 50 уникальных CF-VLESS
2026-05-18 04:11:53,779 | INFO     | ──────────────────────────────────────────────────────────────────────
2026-05-18 04:11:53,779 | INFO     | 🚀 Запуск generate_cf_vless.py (50 новых CF-VLESS)...
2026-05-18 04:11:54,690 | INFO     |   → ======================================================================
2026-05-18 04:11:54,690 | INFO     |   → 🗺️  Генератор свежих VLESS-конфигов на IP Cloudflare
2026-05-18 04:11:54,690 | INFO     |   → ======================================================================
2026-05-18 04:11:54,690 | INFO     |   →   → Загружаем актуальные IP-диапазоны Cloudflare: https://www.cloudflare.com/ips-v4
2026-05-18 04:11:54,690 | INFO     |   →   → Найдено 15 IPv4 CIDR-блоков. Преобразуем их в IP-адреса...
2026-05-18 04:11:54,690 | INFO     |   → ✅ Успешно загружено и подготовлено 7500 IP-адресов для ротации.
2026-05-18 04:11:54,690 | INFO     |   → ✨ Сгенерировано и сохранено 50 VLESS-конфигов.
2026-05-18 04:11:54,690 | INFO     |   → 📂 Файл: /home/runner/work/vpn-vless-configs-russia/vpn-vless-configs-russia/githubmirror/new/cf_fresh.txt
2026-05-18 04:11:54,690 | INFO     |   → ======================================================================
2026-05-18 04:11:54,690 | INFO     | ✅ generate_cf_vless.py завершён успешно
2026-05-18 04:11:54,690 | INFO     | 
2026-05-18 04:11:54,690 | INFO     | 
2026-05-18 04:11:54,690 | INFO     | ──────────────────────────────────────────────────────────────────────
2026-05-18 04:11:54,690 | INFO     | 📌 ЭТАП: Слияние CF с основным списком
2026-05-18 04:11:54,690 | INFO     | ──────────────────────────────────────────────────────────────────────
2026-05-18 04:11:54,810 | INFO     | 🔄 Добавлено 50 новых CF-VLESS в /home/runner/work/vpn-vless-configs-russia/vpn-vless-configs-russia/githubmirror/clean/vless.txt
2026-05-18 04:11:54,810 | INFO     | 📊 Всего в clean/vless.txt теперь: 10682
2026-05-18 04:11:54,812 | INFO     | 
2026-05-18 04:11:54,812 | INFO     | 
2026-05-18 04:11:54,812 | INFO     | ──────────────────────────────────────────────────────────────────────
2026-05-18 04:11:54,812 | INFO     | 📌 ЭТАП: Фильтрация по реальному SNI
2026-05-18 04:11:54,813 | INFO     | ──────────────────────────────────────────────────────────────────────
2026-05-18 04:11:54,813 | INFO     | 🚀 Запуск filter_ru_sni.py (Фильтр по реальному SNI (CDN+RU))...
2026-05-18 04:11:55,395 | INFO     |   → hy2.txt: 78 → 21 (SNI-filtered)
2026-05-18 04:11:55,395 | INFO     |   →   hysteria.txt: 17 → 0 (SNI-filtered)
2026-05-18 04:11:55,395 | INFO     |   →   hysteria2.txt: 73 → 14 (SNI-filtered)
2026-05-18 04:11:55,395 | INFO     |   →   ss.txt: 4904 → 234 (SNI-filtered)
2026-05-18 04:11:55,395 | INFO     |   →   trojan.txt: 6337 → 13 (SNI-filtered)
2026-05-18 04:11:55,395 | INFO     |   →   tuic.txt: 53 → 0 (SNI-filtered)
2026-05-18 04:11:55,395 | INFO     |   →   vless.txt: 10682 → 1587 (SNI-filtered)
2026-05-18 04:11:55,395 | INFO     |   →   vmess.txt: 2792 → 31 (SNI-filtered)
2026-05-18 04:11:55,395 | INFO     |   → ==================================================
2026-05-18 04:11:55,395 | INFO     |   →   Всего входных:  24936
2026-05-18 04:11:55,395 | INFO     |   →   Прошли фильтр:  1900
2026-05-18 04:11:55,396 | INFO     |   →   Отброшено:      23036
2026-05-18 04:11:55,396 | INFO     |   → ==================================================
2026-05-18 04:11:55,396 | INFO     |   → Готово → /home/runner/work/vpn-vless-configs-russia/vpn-vless-configs-russia/githubmirror/ru-sni
2026-05-18 04:11:55,396 | INFO     | ✅ filter_ru_sni.py завершён успешно
2026-05-18 04:11:55,396 | INFO     | 
2026-05-18 04:11:55,396 | INFO     | 
2026-05-18 04:11:55,396 | INFO     | ──────────────────────────────────────────────────────────────────────
2026-05-18 04:11:55,396 | INFO     | 📌 ЭТАП: Экспериментальный RU-SNI фильтр
2026-05-18 04:11:55,396 | INFO     | ──────────────────────────────────────────────────────────────────────
2026-05-18 04:11:55,396 | INFO     | 🚀 Запуск filter_ru_sni_local.py (Экспериментальный фильтр по RU-SNI (локальные домены))...
2026-05-18 04:11:55,766 | INFO     |   → hy2.txt: 78 → 0 (RU-SNI)
2026-05-18 04:11:55,766 | INFO     |   → hysteria.txt: 17 → 0 (RU-SNI)
2026-05-18 04:11:55,766 | INFO     |   → hysteria2.txt: 73 → 0 (RU-SNI)
2026-05-18 04:11:55,766 | INFO     |   → ss.txt: 4904 → 62 (RU-SNI)
2026-05-18 04:11:55,766 | INFO     |   → trojan.txt: 6337 → 3 (RU-SNI)
2026-05-18 04:11:55,766 | INFO     |   → tuic.txt: 53 → 0 (RU-SNI)
2026-05-18 04:11:55,766 | INFO     |   → vless.txt: 10682 → 738 (RU-SNI)
2026-05-18 04:11:55,766 | INFO     |   → vmess.txt: 2792 → 2 (RU-SNI)
2026-05-18 04:11:55,766 | INFO     |   → ==================================================
2026-05-18 04:11:55,766 | INFO     |   → Всего входных:  24936
2026-05-18 04:11:55,766 | INFO     |   → Прошли RU-SNI:  805
2026-05-18 04:11:55,766 | INFO     |   → Отброшено:      24131
2026-05-18 04:11:55,766 | INFO     |   → ==================================================
2026-05-18 04:11:55,766 | INFO     |   → Готово → /home/runner/work/vpn-vless-configs-russia/vpn-vless-configs-russia/githubmirror/ru-sni-local
2026-05-18 04:11:55,766 | INFO     | ✅ filter_ru_sni_local.py завершён успешно
2026-05-18 04:11:55,766 | INFO     | 
2026-05-18 04:11:55,766 | INFO     | 
2026-05-18 04:11:55,766 | INFO     | ──────────────────────────────────────────────────────────────────────
2026-05-18 04:11:55,766 | INFO     | 📌 ЭТАП: Сбор статистики
2026-05-18 04:11:55,766 | INFO     | ──────────────────────────────────────────────────────────────────────
2026-05-18 04:11:55,766 | INFO     | 📊 Сбор статистики...
2026-05-18 04:11:55,766 | INFO     |   📁 githubmirror/clean:
2026-05-18 04:11:55,767 | INFO     |     • hy2         :    78 конфигов
2026-05-18 04:11:55,767 | INFO     |     • hysteria    :    17 конфигов
2026-05-18 04:11:55,767 | INFO     |     • hysteria2   :    73 конфигов
2026-05-18 04:11:55,770 | INFO     |     • ss          :  4904 конфигов
2026-05-18 04:11:55,772 | INFO     |     • trojan      :  6337 конфигов
2026-05-18 04:11:55,773 | INFO     |     • tuic        :    53 конфигов
2026-05-18 04:11:55,781 | INFO     |     • vless       : 10682 конфигов
2026-05-18 04:11:55,784 | INFO     |     • vmess       :  2792 конфигов
2026-05-18 04:11:55,784 | INFO     |   📁 githubmirror/ru-sni:
2026-05-18 04:11:55,784 | INFO     |     • hy2         :    21 конфигов ( 26.9% от clean)
2026-05-18 04:11:55,784 | INFO     |     • hysteria    :     0 конфигов (  0.0% от clean)
2026-05-18 04:11:55,785 | INFO     |     • hysteria2   :    14 конфигов ( 19.2% от clean)
2026-05-18 04:11:55,785 | INFO     |     • ss          :   234 конфигов (  4.8% от clean)
2026-05-18 04:11:55,785 | INFO     |     • trojan      :    13 конфигов (  0.2% от clean)
2026-05-18 04:11:55,785 | INFO     |     • tuic        :     0 конфигов (  0.0% от clean)
2026-05-18 04:11:55,787 | INFO     |     • vless       :  1587 конфигов ( 14.9% от clean)
2026-05-18 04:11:55,787 | INFO     |     • vmess       :    31 конфигов (  1.1% от clean)
2026-05-18 04:11:55,787 | INFO     |   ✨ Новых CF-VLESS в этом запуске: 50
2026-05-18 04:11:55,787 | INFO     | 
2026-05-18 04:11:55,787 | INFO     |   ──────────────────────────────────────────────────
2026-05-18 04:11:55,787 | INFO     |   📈 ИТОГО:
2026-05-18 04:11:55,787 | INFO     |     Clean (после geo-фильтра):    24936
2026-05-18 04:11:55,787 | INFO     |     RU-SNI (после SNI-фильтра):    1900
2026-05-18 04:11:55,787 | INFO     |     Прошло фильтр:                  7.6%
2026-05-18 04:11:55,787 | INFO     |   ──────────────────────────────────────────────────
2026-05-18 04:11:55,787 | INFO     | ✅ Статистика сохранена: /home/runner/work/vpn-vless-configs-russia/vpn-vless-configs-russia/stats.json
2026-05-18 04:11:55,787 | INFO     | 
2026-05-18 04:11:55,788 | INFO     | ======================================================================
2026-05-18 04:11:55,788 | INFO     | 📊 ИТОГОВЫЙ ОТЧЁТ
2026-05-18 04:11:55,788 | INFO     | ======================================================================
2026-05-18 04:11:55,788 | INFO     |   ✅ OK         | Загрузка и geo-фильтрация
2026-05-18 04:11:55,788 | INFO     |   ✅ OK         | Генерация 50 уникальных CF-VLESS
2026-05-18 04:11:55,788 | INFO     |   ✅ OK         | Слияние CF с основным списком
2026-05-18 04:11:55,788 | INFO     |   ✅ OK         | Фильтрация по реальному SNI
2026-05-18 04:11:55,788 | INFO     |   ✅ OK         | Экспериментальный RU-SNI фильтр
2026-05-18 04:11:55,788 | INFO     |   ✅ OK         | Сбор статистики
2026-05-18 04:11:55,788 | INFO     | ──────────────────────────────────────────────────────────────────────
2026-05-18 04:11:55,788 | INFO     | ✅ ВСЕ ЭТАПЫ УСПЕШНЫ (6/6)
2026-05-18 04:11:55,788 | INFO     | ⏰ Время завершения: 2026-05-18 04:11:55
2026-05-18 04:11:55,788 | INFO     | ======================================================================
