2026-06-09 16:44:06,092 | INFO     | ======================================================================
2026-06-09 16:44:06,092 | INFO     | 🔍 VPN KEY CHECKER - Начало проверки
2026-06-09 16:44:06,092 | INFO     | ⏰ Время старта: 2026-06-09 16:44:06
2026-06-09 16:44:06,092 | INFO     | 📂 Рабочая директория: /home/runner/work/vpn-vless-configs-russia/vpn-vless-configs-russia
2026-06-09 16:44:06,092 | INFO     | ======================================================================
2026-06-09 16:44:06,092 | INFO     | 
2026-06-09 16:44:06,092 | INFO     | 🔍 Проверка наличия скриптов...
2026-06-09 16:44:06,093 | INFO     |   ✅ mirror.py
2026-06-09 16:44:06,093 | INFO     |   ✅ generate_cf_vless.py
2026-06-09 16:44:06,093 | INFO     |   ✅ filter_ru_sni.py
2026-06-09 16:44:06,093 | INFO     |   ✅ filter_ru_sni_local.py
2026-06-09 16:44:06,093 | INFO     | 
2026-06-09 16:44:06,093 | INFO     | ──────────────────────────────────────────────────────────────────────
2026-06-09 16:44:06,093 | INFO     | 📌 ЭТАП: Загрузка и geo-фильтрация
2026-06-09 16:44:06,093 | INFO     | ──────────────────────────────────────────────────────────────────────
2026-06-09 16:44:06,093 | INFO     | 🚀 Запуск mirror.py (Загрузка и фильтрация по РФ/СНГ/Европа)...
2026-06-09 16:44:37,380 | INFO     |   → DEBUG: mirror.py started
2026-06-09 16:44:37,380 | INFO     |   → DEBUG: BASE_PATH = /home/runner/work/vpn-vless-configs-russia/vpn-vless-configs-russia
2026-06-09 16:44:37,380 | INFO     |   → DEBUG: CONFIG_SOURCES_FILE = /home/runner/work/vpn-vless-configs-russia/vpn-vless-configs-russia/data/config_sources.json
2026-06-09 16:44:37,380 | INFO     |   → 📂 Загружено 48 источников из /home/runner/work/vpn-vless-configs-russia/vpn-vless-configs-russia/data/config_sources.json
2026-06-09 16:44:37,380 | INFO     |   → 🚀 Старт: всего источников: 48
2026-06-09 16:44:37,380 | INFO     |   → 1/48: ✅ 0 взято | 🗑️ 0 мусор
2026-06-09 16:44:37,380 | INFO     |   → 2/48: ✅ 0 взято | 🗑️ 0 мусор
2026-06-09 16:44:37,380 | INFO     |   → 3/48: ✅ 0 взято | 🗑️ 0 мусор
2026-06-09 16:44:37,380 | INFO     |   → 4/48: ✅ 0 взято | 🗑️ 0 мусор
2026-06-09 16:44:37,380 | INFO     |   → 5/48: ✅ 0 взято | 🗑️ 0 мусор
2026-06-09 16:44:37,380 | INFO     |   → 6/48: ✅ 0 взято | 🗑️ 0 мусор
2026-06-09 16:44:37,380 | INFO     |   → 7/48: ✅ 0 взято | 🗑️ 0 мусор
2026-06-09 16:44:37,380 | INFO     |   → 8/48 ⚠️ Ошибка: HTTPSConnectionPool(host='free.datiya.com', port=443): Read timed out. (read timeout=15) — https://free.datiya.com/uploads/20260607-v2ray.txt
2026-06-09 16:44:37,380 | INFO     |   → 9/48: ✅ 0 взято | 🗑️ 0 мусор
2026-06-09 16:44:37,380 | INFO     |   → 10/48: ✅ 0 взято | 🗑️ 0 мусор
2026-06-09 16:44:37,381 | INFO     |   → 11/48: ✅ 0 взято | 🗑️ 0 мусор
2026-06-09 16:44:37,381 | INFO     |   → 12/48: ✅ 0 взято | 🗑️ 0 мусор
2026-06-09 16:44:37,381 | INFO     |   → 13/48: ✅ 10 взято | 🗑️ 151 мусор
2026-06-09 16:44:37,381 | INFO     |   → 14/48: ✅ 0 взято | 🗑️ 0 мусор
2026-06-09 16:44:37,381 | INFO     |   → 15/48: ✅ 10 взято | 🗑️ 113 мусор
2026-06-09 16:44:37,381 | INFO     |   → 16/48: ✅ 0 взято | 🗑️ 0 мусор
2026-06-09 16:44:37,381 | INFO     |   → 17/48: ✅ 0 взято | 🗑️ 0 мусор
2026-06-09 16:44:37,381 | INFO     |   → 18/48: ✅ 2 взято | 🗑️ 124 мусор
2026-06-09 16:44:37,381 | INFO     |   → 19/48: ✅ 2 взято | 🗑️ 115 мусор
2026-06-09 16:44:37,381 | INFO     |   → 20/48: ✅ 1 взято | 🗑️ 279 мусор
2026-06-09 16:44:37,381 | INFO     |   → 21/48: ✅ 1 взято | 🗑️ 109 мусор
2026-06-09 16:44:37,381 | INFO     |   → 22/48: ✅ 0 взято | 🗑️ 0 мусор
2026-06-09 16:44:37,381 | INFO     |   → 23/48: ✅ 0 взято | 🗑️ 0 мусор
2026-06-09 16:44:37,381 | INFO     |   → 24/48: ✅ 0 взято | 🗑️ 0 мусор
2026-06-09 16:44:37,381 | INFO     |   → 25/48: ✅ 3 взято | 🗑️ 145 мусор
2026-06-09 16:44:37,381 | INFO     |   → 26/48: ✅ 0 взято | 🗑️ 0 мусор
2026-06-09 16:44:37,381 | INFO     |   → 27/48: ✅ 0 взято | 🗑️ 157 мусор
2026-06-09 16:44:37,381 | INFO     |   → 28/48: ✅ 0 взято | 🗑️ 0 мусор
2026-06-09 16:44:37,381 | INFO     |   → 29/48: ✅ 0 взято | 🗑️ 131 мусор
2026-06-09 16:44:37,381 | INFO     |   → 30/48: ✅ 0 взято | 🗑️ 0 мусор
2026-06-09 16:44:37,381 | INFO     |   → 31/48: ✅ 1 взято | 🗑️ 124 мусор
2026-06-09 16:44:37,381 | INFO     |   → 32/48: ✅ 0 взято | 🗑️ 0 мусор
2026-06-09 16:44:37,381 | INFO     |   → 33/48: ✅ 2 взято | 🗑️ 189 мусор
2026-06-09 16:44:37,381 | INFO     |   → 34/48: ✅ 0 взято | 🗑️ 0 мусор
2026-06-09 16:44:37,382 | INFO     |   → 35/48: ✅ 1 взято | 🗑️ 279 мусор
2026-06-09 16:44:37,382 | INFO     |   → 36/48: ✅ 0 взято | 🗑️ 0 мусор
2026-06-09 16:44:37,382 | INFO     |   → 37/48: ✅ 13 взято | 🗑️ 7 мусор
2026-06-09 16:44:37,382 | INFO     |   → 38/48: ✅ 0 взято | 🗑️ 7 мусор
2026-06-09 16:44:37,382 | INFO     |   → 39/48: ✅ 0 взято | 🗑️ 7 мусор
2026-06-09 16:44:37,382 | INFO     |   → 40/48: ✅ 0 взято | 🗑️ 7 мусор
2026-06-09 16:44:37,382 | INFO     |   → 41/48: ✅ 0 взято | 🗑️ 7 мусор
2026-06-09 16:44:37,382 | INFO     |   → 42/48: ✅ 0 взято | 🗑️ 7 мусор
2026-06-09 16:44:37,382 | INFO     |   → 43/48: ✅ 0 взято | 🗑️ 7 мусор
2026-06-09 16:44:37,382 | INFO     |   → 44/48: ✅ 0 взято | 🗑️ 7 мусор
2026-06-09 16:44:37,382 | INFO     |   → 45/48: ✅ 0 взято | 🗑️ 7 мусор
2026-06-09 16:44:37,382 | INFO     |   → 46/48: ✅ 0 взято | 🗑️ 7 мусор
2026-06-09 16:44:37,382 | INFO     |   → 47/48: ✅ 0 взято | 🗑️ 7 мусор
2026-06-09 16:44:37,382 | INFO     |   → 48/48: ✅ 0 взято | 🗑️ 7 мусор
2026-06-09 16:44:37,382 | INFO     |   → 📡 С sstap.org получено 0 ключей
2026-06-09 16:44:37,382 | INFO     |   → 📡 С sstap.org не добавлено ни одного ключа (все 0 отклонены фильтром)
2026-06-09 16:44:37,382 | INFO     |   → ✅ ГОТОВО!
2026-06-09 16:44:37,382 | INFO     |   →    📥 Всего ключей после фильтра: 46
2026-06-09 16:44:37,382 | INFO     |   →    🔗 Уникальных IP:PORT:SCHEME: 29
2026-06-09 16:44:37,382 | INFO     |   →    🗑️ Выброшено мусора: 2000
2026-06-09 16:44:37,382 | INFO     |   → 📊 По протоколам:
2026-06-09 16:44:37,382 | INFO     |   →    vless: 19
2026-06-09 16:44:37,382 | INFO     |   →    vmess: 1
2026-06-09 16:44:37,382 | INFO     |   →    trojan: 4
2026-06-09 16:44:37,382 | INFO     |   →    ss: 3
2026-06-09 16:44:37,382 | INFO     |   →    hysteria2: 2
2026-06-09 16:44:37,382 | INFO     | ✅ mirror.py завершён успешно
2026-06-09 16:44:37,383 | INFO     | 
2026-06-09 16:44:37,383 | INFO     | 
2026-06-09 16:44:37,383 | INFO     | ──────────────────────────────────────────────────────────────────────
2026-06-09 16:44:37,383 | INFO     | 📌 ЭТАП: Генерация 50 уникальных CF-VLESS
2026-06-09 16:44:37,383 | INFO     | ──────────────────────────────────────────────────────────────────────
2026-06-09 16:44:37,383 | INFO     | 🚀 Запуск generate_cf_vless.py (50 новых CF-VLESS)...
2026-06-09 16:44:37,576 | INFO     |   → === Генератор свежих VLESS-конфигов на IP Cloudflare ===
2026-06-09 16:44:37,576 | INFO     |   → ✅ Сгенерировано и сохранено 50 VLESS-конфигов.
2026-06-09 16:44:37,576 | INFO     |   → 📂 Файл: /home/runner/work/vpn-vless-configs-russia/vpn-vless-configs-russia/data/githubmirror/new/cf_fresh.txt
2026-06-09 16:44:37,576 | INFO     | ✅ generate_cf_vless.py завершён успешно
2026-06-09 16:44:37,576 | INFO     | 
2026-06-09 16:44:37,576 | INFO     | 
2026-06-09 16:44:37,576 | INFO     | ──────────────────────────────────────────────────────────────────────
2026-06-09 16:44:37,576 | INFO     | 📌 ЭТАП: Слияние CF с основным списком
2026-06-09 16:44:37,576 | INFO     | ──────────────────────────────────────────────────────────────────────
2026-06-09 16:44:37,577 | INFO     | 🔄 Добавлено 50 новых CF-VLESS в /home/runner/work/vpn-vless-configs-russia/vpn-vless-configs-russia/data/githubmirror/clean/vless.txt
2026-06-09 16:44:37,577 | INFO     | 📊 Всего в clean/vless.txt теперь: 69
2026-06-09 16:44:37,578 | INFO     | 
2026-06-09 16:44:37,578 | INFO     | 
2026-06-09 16:44:37,578 | INFO     | ──────────────────────────────────────────────────────────────────────
2026-06-09 16:44:37,578 | INFO     | 📌 ЭТАП: Фильтрация по реальному SNI
2026-06-09 16:44:37,578 | INFO     | ──────────────────────────────────────────────────────────────────────
2026-06-09 16:44:37,578 | INFO     | 🚀 Запуск filter_ru_sni.py (Фильтр по реальному SNI (CDN+RU))...
2026-06-09 16:44:37,606 | INFO     |   → hysteria2.txt: 2 → 1 (SNI-filtered)
2026-06-09 16:44:37,606 | INFO     |   →   ss.txt: 3 → 0 (SNI-filtered)
2026-06-09 16:44:37,606 | INFO     |   →   trojan.txt: 4 → 0 (SNI-filtered)
2026-06-09 16:44:37,606 | INFO     |   →   vless.txt: 69 → 56 (SNI-filtered)
2026-06-09 16:44:37,606 | INFO     |   →   vmess.txt: 1 → 0 (SNI-filtered)
2026-06-09 16:44:37,606 | INFO     |   → ==================================================
2026-06-09 16:44:37,606 | INFO     |   →   Всего входных:  79
2026-06-09 16:44:37,606 | INFO     |   →   Прошли фильтр:  57
2026-06-09 16:44:37,606 | INFO     |   →   Отброшено:      22
2026-06-09 16:44:37,606 | INFO     |   → ==================================================
2026-06-09 16:44:37,606 | INFO     |   → Готово → /home/runner/work/vpn-vless-configs-russia/vpn-vless-configs-russia/data/githubmirror/ru-sni
2026-06-09 16:44:37,606 | INFO     | ✅ filter_ru_sni.py завершён успешно
2026-06-09 16:44:37,606 | INFO     | 
2026-06-09 16:44:37,606 | INFO     | 
2026-06-09 16:44:37,606 | INFO     | ──────────────────────────────────────────────────────────────────────
2026-06-09 16:44:37,606 | INFO     | 📌 ЭТАП: Экспериментальный RU-SNI фильтр
2026-06-09 16:44:37,606 | INFO     | ──────────────────────────────────────────────────────────────────────
2026-06-09 16:44:37,606 | INFO     | 🚀 Запуск filter_ru_sni_local.py (Экспериментальный фильтр по RU-SNI)...
2026-06-09 16:44:37,635 | INFO     |   → hysteria2.txt: 2 → 0 (RU-SNI)
2026-06-09 16:44:37,635 | INFO     |   → ss.txt: 3 → 0 (RU-SNI)
2026-06-09 16:44:37,635 | INFO     |   → trojan.txt: 4 → 0 (RU-SNI)
2026-06-09 16:44:37,635 | INFO     |   → vless.txt: 69 → 1 (RU-SNI)
2026-06-09 16:44:37,635 | INFO     |   → vmess.txt: 1 → 0 (RU-SNI)
2026-06-09 16:44:37,635 | INFO     |   → ==================================================
2026-06-09 16:44:37,635 | INFO     |   → Всего входных:  79
2026-06-09 16:44:37,635 | INFO     |   → Прошли RU-SNI:  1
2026-06-09 16:44:37,635 | INFO     |   → Отброшено:      78
2026-06-09 16:44:37,635 | INFO     |   → ==================================================
2026-06-09 16:44:37,635 | INFO     |   → Готово → /home/runner/work/vpn-vless-configs-russia/vpn-vless-configs-russia/data/githubmirror/ru-sni-local
2026-06-09 16:44:37,636 | INFO     | ✅ filter_ru_sni_local.py завершён успешно
2026-06-09 16:44:37,636 | INFO     | 
2026-06-09 16:44:37,636 | INFO     | 
2026-06-09 16:44:37,636 | INFO     | ──────────────────────────────────────────────────────────────────────
2026-06-09 16:44:37,636 | INFO     | 📌 ЭТАП: Сбор статистики
2026-06-09 16:44:37,636 | INFO     | ──────────────────────────────────────────────────────────────────────
2026-06-09 16:44:37,636 | INFO     | 📊 Сбор статистики...
2026-06-09 16:44:37,636 | INFO     |   📁 githubmirror/clean:
2026-06-09 16:44:37,636 | INFO     |     • hysteria2   :     2 конфигов
2026-06-09 16:44:37,636 | INFO     |     • ss          :     3 конфигов
2026-06-09 16:44:37,636 | INFO     |     • trojan      :     4 конфигов
2026-06-09 16:44:37,636 | INFO     |     • vless       :    69 конфигов
2026-06-09 16:44:37,637 | INFO     |     • vmess       :     1 конфигов
2026-06-09 16:44:37,637 | INFO     |   📁 githubmirror/ru-sni:
2026-06-09 16:44:37,637 | INFO     |     • hysteria2   :     1 конфигов ( 50.0% от clean)
2026-06-09 16:44:37,637 | INFO     |     • ss          :     0 конфигов (  0.0% от clean)
2026-06-09 16:44:37,637 | INFO     |     • trojan      :     0 конфигов (  0.0% от clean)
2026-06-09 16:44:37,637 | INFO     |     • vless       :    56 конфигов ( 81.2% от clean)
2026-06-09 16:44:37,637 | INFO     |     • vmess       :     0 конфигов (  0.0% от clean)
2026-06-09 16:44:37,637 | INFO     |   ✨ Новых CF-VLESS в этом запуске: 50
2026-06-09 16:44:37,637 | INFO     | 
2026-06-09 16:44:37,637 | INFO     |   ──────────────────────────────────────────────────
2026-06-09 16:44:37,637 | INFO     |   📈 ИТОГО:
2026-06-09 16:44:37,637 | INFO     |     Clean (после geo-фильтра):       79
2026-06-09 16:44:37,637 | INFO     |     RU-SNI (после SNI-фильтра):      57
2026-06-09 16:44:37,637 | INFO     |     Прошло фильтр:                 72.2%
2026-06-09 16:44:37,637 | INFO     |   ──────────────────────────────────────────────────
2026-06-09 16:44:37,638 | INFO     | ✅ Статистика сохранена: /home/runner/work/vpn-vless-configs-russia/vpn-vless-configs-russia/data/stats.json
2026-06-09 16:44:37,638 | INFO     | 
2026-06-09 16:44:37,638 | INFO     | ======================================================================
2026-06-09 16:44:37,638 | INFO     | 📊 ИТОГОВЫЙ ОТЧЁТ
2026-06-09 16:44:37,638 | INFO     | ======================================================================
2026-06-09 16:44:37,638 | INFO     |   ✅ OK         | Загрузка и geo-фильтрация
2026-06-09 16:44:37,638 | INFO     |   ✅ OK         | Генерация 50 уникальных CF-VLESS
2026-06-09 16:44:37,638 | INFO     |   ✅ OK         | Слияние CF с основным списком
2026-06-09 16:44:37,638 | INFO     |   ✅ OK         | Фильтрация по реальному SNI
2026-06-09 16:44:37,638 | INFO     |   ✅ OK         | Экспериментальный RU-SNI фильтр
2026-06-09 16:44:37,638 | INFO     |   ✅ OK         | Сбор статистики
2026-06-09 16:44:37,638 | INFO     | ──────────────────────────────────────────────────────────────────────
2026-06-09 16:44:37,638 | INFO     | ✅ ВСЕ ЭТАПЫ УСПЕШНЫ (6/6)
2026-06-09 16:44:37,638 | INFO     | ⏰ Время завершения: 2026-06-09 16:44:37
2026-06-09 16:44:37,638 | INFO     | ======================================================================
