2026-06-23 06:11:18,837 | INFO     | ======================================================================
2026-06-23 06:11:18,837 | INFO     | 🔍 VPN KEY CHECKER - Начало проверки
2026-06-23 06:11:18,837 | INFO     | ⏰ Время старта: 2026-06-23 06:11:18
2026-06-23 06:11:18,837 | INFO     | 📂 Рабочая директория: /home/runner/work/vpn-vless-configs-russia/vpn-vless-configs-russia
2026-06-23 06:11:18,837 | INFO     | ======================================================================
2026-06-23 06:11:18,838 | INFO     | 
2026-06-23 06:11:18,838 | INFO     | 🔍 Проверка наличия скриптов...
2026-06-23 06:11:18,838 | INFO     |   ✅ mirror.py
2026-06-23 06:11:18,838 | INFO     |   ✅ generate_cf_vless.py
2026-06-23 06:11:18,838 | INFO     |   ✅ filter_ru_sni.py
2026-06-23 06:11:18,838 | INFO     |   ✅ filter_ru_sni_local.py
2026-06-23 06:11:18,838 | INFO     | 
2026-06-23 06:11:18,838 | INFO     | ──────────────────────────────────────────────────────────────────────
2026-06-23 06:11:18,838 | INFO     | 📌 ЭТАП: Загрузка и geo-фильтрация
2026-06-23 06:11:18,838 | INFO     | ──────────────────────────────────────────────────────────────────────
2026-06-23 06:11:18,838 | INFO     | 🚀 Запуск mirror.py (Загрузка и фильтрация по РФ/СНГ/Европа)...
2026-06-23 06:11:51,452 | INFO     |   → DEBUG: mirror.py started
2026-06-23 06:11:51,452 | INFO     |   → DEBUG: BASE_PATH = /home/runner/work/vpn-vless-configs-russia/vpn-vless-configs-russia
2026-06-23 06:11:51,452 | INFO     |   → DEBUG: CONFIG_SOURCES_FILE = /home/runner/work/vpn-vless-configs-russia/vpn-vless-configs-russia/data/config_sources.json
2026-06-23 06:11:51,452 | INFO     |   → 📂 Загружено 93 источников из /home/runner/work/vpn-vless-configs-russia/vpn-vless-configs-russia/data/config_sources.json
2026-06-23 06:11:51,452 | INFO     |   → 🚀 Старт: всего источников: 93
2026-06-23 06:11:51,452 | INFO     |   → 1/93: ✅ 0 взято | 🗑️ 0 мусор
2026-06-23 06:11:51,452 | INFO     |   → 2/93: ✅ 0 взято | 🗑️ 0 мусор
2026-06-23 06:11:51,452 | INFO     |   → 3/93: ✅ 0 взято | 🗑️ 0 мусор
2026-06-23 06:11:51,452 | INFO     |   → 4/93: ✅ 0 взято | 🗑️ 0 мусор
2026-06-23 06:11:51,452 | INFO     |   → 5/93: ✅ 0 взято | 🗑️ 0 мусор
2026-06-23 06:11:51,452 | INFO     |   → 6/93: ✅ 0 взято | 🗑️ 0 мусор
2026-06-23 06:11:51,453 | INFO     |   → 7/93: ✅ 0 взято | 🗑️ 0 мусор
2026-06-23 06:11:51,453 | INFO     |   → 8/93: ✅ 0 взято | 🗑️ 0 мусор
2026-06-23 06:11:51,453 | INFO     |   → 9/93: ✅ 0 взято | 🗑️ 0 мусор
2026-06-23 06:11:51,453 | INFO     |   → 10/93: ✅ 0 взято | 🗑️ 0 мусор
2026-06-23 06:11:51,453 | INFO     |   → 11/93: ✅ 0 взято | 🗑️ 0 мусор
2026-06-23 06:11:51,453 | INFO     |   → 12/93: ✅ 0 взято | 🗑️ 0 мусор
2026-06-23 06:11:51,453 | INFO     |   → 13/93: ✅ 0 взято | 🗑️ 0 мусор
2026-06-23 06:11:51,453 | INFO     |   → 14/93: ✅ 0 взято | 🗑️ 0 мусор
2026-06-23 06:11:51,453 | INFO     |   → 15/93: ✅ 0 взято | 🗑️ 0 мусор
2026-06-23 06:11:51,453 | INFO     |   → 16/93: ✅ 0 взято | 🗑️ 0 мусор
2026-06-23 06:11:51,453 | INFO     |   → 17/93: ✅ 0 взято | 🗑️ 0 мусор
2026-06-23 06:11:51,453 | INFO     |   → 18/93: ✅ 0 взято | 🗑️ 0 мусор
2026-06-23 06:11:51,453 | INFO     |   → 19/93: ✅ 0 взято | 🗑️ 0 мусор
2026-06-23 06:11:51,453 | INFO     |   → 20/93: ✅ 0 взято | 🗑️ 0 мусор
2026-06-23 06:11:51,453 | INFO     |   → 21/93: ✅ 0 взято | 🗑️ 0 мусор
2026-06-23 06:11:51,453 | INFO     |   → 22/93: ✅ 0 взято | 🗑️ 0 мусор
2026-06-23 06:11:51,453 | INFO     |   → 23/93: ✅ 5 взято | 🗑️ 166 мусор
2026-06-23 06:11:51,453 | INFO     |   → 24/93: ✅ 0 взято | 🗑️ 115 мусор
2026-06-23 06:11:51,453 | INFO     |   → 25/93: ✅ 0 взято | 🗑️ 0 мусор
2026-06-23 06:11:51,453 | INFO     |   → 26/93: ✅ 0 взято | 🗑️ 0 мусор
2026-06-23 06:11:51,453 | INFO     |   → 27/93: ✅ 0 взято | 🗑️ 0 мусор
2026-06-23 06:11:51,453 | INFO     |   → 28/93: ✅ 0 взято | 🗑️ 0 мусор
2026-06-23 06:11:51,453 | INFO     |   → 29/93: ✅ 1 взято | 🗑️ 169 мусор
2026-06-23 06:11:51,453 | INFO     |   → 30/93: ✅ 0 взято | 🗑️ 0 мусор
2026-06-23 06:11:51,453 | INFO     |   → 31/93: ✅ 1 взято | 🗑️ 213 мусор
2026-06-23 06:11:51,453 | INFO     |   → 32/93: ✅ 0 взято | 🗑️ 0 мусор
2026-06-23 06:11:51,453 | INFO     |   → 33/93: ✅ 0 взято | 🗑️ 0 мусор
2026-06-23 06:11:51,453 | INFO     |   → 34/93: ✅ 3 взято | 🗑️ 99 мусор
2026-06-23 06:11:51,453 | INFO     |   → 35/93: ✅ 0 взято | 🗑️ 0 мусор
2026-06-23 06:11:51,453 | INFO     |   → 36/93: ✅ 0 взято | 🗑️ 117 мусор
2026-06-23 06:11:51,453 | INFO     |   → 37/93: ✅ 11 взято | 🗑️ 225 мусор
2026-06-23 06:11:51,453 | INFO     |   → 38/93: ✅ 1 взято | 🗑️ 141 мусор
2026-06-23 06:11:51,453 | INFO     |   → 39/93: ✅ 0 взято | 🗑️ 96 мусор
2026-06-23 06:11:51,453 | INFO     |   → 40/93: ✅ 0 взято | 🗑️ 0 мусор
2026-06-23 06:11:51,453 | INFO     |   → 41/93: ✅ 0 взято | 🗑️ 0 мусор
2026-06-23 06:11:51,453 | INFO     |   → 42/93: ✅ 0 взято | 🗑️ 137 мусор
2026-06-23 06:11:51,453 | INFO     |   → 43/93: ✅ 0 взято | 🗑️ 112 мусор
2026-06-23 06:11:51,453 | INFO     |   → 44/93: ✅ 0 взято | 🗑️ 0 мусор
2026-06-23 06:11:51,453 | INFO     |   → 45/93: ✅ 3 взято | 🗑️ 100 мусор
2026-06-23 06:11:51,453 | INFO     |   → 46/93: ✅ 0 взято | 🗑️ 0 мусор
2026-06-23 06:11:51,453 | INFO     |   → 47/93: ✅ 1 взято | 🗑️ 171 мусор
2026-06-23 06:11:51,454 | INFO     |   → 48/93: ✅ 0 взято | 🗑️ 0 мусор
2026-06-23 06:11:51,454 | INFO     |   → 49/93: ✅ 0 взято | 🗑️ 202 мусор
2026-06-23 06:11:51,454 | INFO     |   → 50/93: ✅ 0 взято | 🗑️ 0 мусор
2026-06-23 06:11:51,454 | INFO     |   → 51/93: ✅ 0 взято | 🗑️ 138 мусор
2026-06-23 06:11:51,454 | INFO     |   → 52/93: ✅ 0 взято | 🗑️ 0 мусор
2026-06-23 06:11:51,454 | INFO     |   → 53/93: ✅ 0 взято | 🗑️ 236 мусор
2026-06-23 06:11:51,454 | INFO     |   → 54/93: ✅ 0 взято | 🗑️ 0 мусор
2026-06-23 06:11:51,454 | INFO     |   → 55/93: ✅ 0 взято | 🗑️ 192 мусор
2026-06-23 06:11:51,454 | INFO     |   → 56/93: ✅ 0 взято | 🗑️ 0 мусор
2026-06-23 06:11:51,454 | INFO     |   → 57/93: ✅ 1 взято | 🗑️ 174 мусор
2026-06-23 06:11:51,454 | INFO     |   → 58/93: ✅ 0 взято | 🗑️ 0 мусор
2026-06-23 06:11:51,454 | INFO     |   → 59/93: ✅ 1 взято | 🗑️ 149 мусор
2026-06-23 06:11:51,454 | INFO     |   → 60/93: ✅ 0 взято | 🗑️ 0 мусор
2026-06-23 06:11:51,454 | INFO     |   → 61/93: ✅ 3 взято | 🗑️ 147 мусор
2026-06-23 06:11:51,454 | INFO     |   → 62/93: ✅ 0 взято | 🗑️ 0 мусор
2026-06-23 06:11:51,454 | INFO     |   → 63/93: ✅ 2 взято | 🗑️ 196 мусор
2026-06-23 06:11:51,454 | INFO     |   → 64/93: ✅ 0 взято | 🗑️ 0 мусор
2026-06-23 06:11:51,454 | INFO     |   → 65/93: ✅ 2 взято | 🗑️ 277 мусор
2026-06-23 06:11:51,454 | INFO     |   → 66/93: ✅ 0 взято | 🗑️ 0 мусор
2026-06-23 06:11:51,454 | INFO     |   → 67/93: ✅ 5 взято | 🗑️ 9 мусор
2026-06-23 06:11:51,454 | INFO     |   → 68/93: ✅ 0 взято | 🗑️ 9 мусор
2026-06-23 06:11:51,454 | INFO     |   → 69/93: ✅ 0 взято | 🗑️ 9 мусор
2026-06-23 06:11:51,454 | INFO     |   → 70/93: ✅ 0 взято | 🗑️ 9 мусор
2026-06-23 06:11:51,454 | INFO     |   → 71/93: ✅ 0 взято | 🗑️ 9 мусор
2026-06-23 06:11:51,454 | INFO     |   → 72/93: ✅ 0 взято | 🗑️ 9 мусор
2026-06-23 06:11:51,454 | INFO     |   → 73/93: ✅ 0 взято | 🗑️ 9 мусор
2026-06-23 06:11:51,455 | INFO     |   → 74/93: ✅ 0 взято | 🗑️ 9 мусор
2026-06-23 06:11:51,455 | INFO     |   → 75/93: ✅ 13 взято | 🗑️ 10 мусор
2026-06-23 06:11:51,455 | INFO     |   → 76/93: ✅ 0 взято | 🗑️ 10 мусор
2026-06-23 06:11:51,455 | INFO     |   → 77/93: ✅ 0 взято | 🗑️ 10 мусор
2026-06-23 06:11:51,455 | INFO     |   → 78/93: ✅ 0 взято | 🗑️ 9 мусор
2026-06-23 06:11:51,455 | INFO     |   → 79/93: ✅ 0 взято | 🗑️ 9 мусор
2026-06-23 06:11:51,455 | INFO     |   → 80/93: ✅ 0 взято | 🗑️ 9 мусор
2026-06-23 06:11:51,455 | INFO     |   → 81/93: ✅ 0 взято | 🗑️ 9 мусор
2026-06-23 06:11:51,455 | INFO     |   → 82/93: ✅ 0 взято | 🗑️ 9 мусор
2026-06-23 06:11:51,455 | INFO     |   → 83/93: ✅ 0 взято | 🗑️ 9 мусор
2026-06-23 06:11:51,455 | INFO     |   → 84/93: ✅ 0 взято | 🗑️ 9 мусор
2026-06-23 06:11:51,455 | INFO     |   → 85/93: ✅ 0 взято | 🗑️ 9 мусор
2026-06-23 06:11:51,455 | INFO     |   → 86/93: ✅ 0 взято | 🗑️ 10 мусор
2026-06-23 06:11:51,455 | INFO     |   → 87/93: ✅ 0 взято | 🗑️ 10 мусор
2026-06-23 06:11:51,455 | INFO     |   → 88/93: ✅ 0 взято | 🗑️ 0 мусор
2026-06-23 06:11:51,455 | INFO     |   → 89/93: ✅ 4 взято | 🗑️ 458 мусор
2026-06-23 06:11:51,455 | INFO     |   → 90/93: ✅ 0 взято | 🗑️ 0 мусор
2026-06-23 06:11:51,455 | INFO     |   → 91/93: ✅ 1 взято | 🗑️ 164 мусор
2026-06-23 06:11:51,455 | INFO     |   → 92/93: ✅ 0 взято | 🗑️ 0 мусор
2026-06-23 06:11:51,455 | INFO     |   → 93/93: ✅ 6 взято | 🗑️ 221 мусор
2026-06-23 06:11:51,455 | INFO     |   → 📡 С sstap.org получено 0 ключей
2026-06-23 06:11:51,455 | INFO     |   → 📡 С sstap.org не добавлено ни одного ключа (все 0 отклонены фильтром)
2026-06-23 06:11:51,455 | INFO     |   → ✅ ГОТОВО!
2026-06-23 06:11:51,455 | INFO     |   →    📥 Всего ключей после фильтра: 64
2026-06-23 06:11:51,455 | INFO     |   →    🔗 Уникальных IP:PORT:SCHEME: 51
2026-06-23 06:11:51,456 | INFO     |   →    🗑️ Выброшено мусора: 4609
2026-06-23 06:11:51,456 | INFO     |   → 📊 По протоколам:
2026-06-23 06:11:51,456 | INFO     |   →    vless: 41
2026-06-23 06:11:51,456 | INFO     |   →    vmess: 1
2026-06-23 06:11:51,456 | INFO     |   →    trojan: 7
2026-06-23 06:11:51,456 | INFO     |   →    hysteria2: 2
2026-06-23 06:11:51,456 | INFO     | ✅ mirror.py завершён успешно
2026-06-23 06:11:51,456 | INFO     | 
2026-06-23 06:11:51,456 | INFO     | 
2026-06-23 06:11:51,456 | INFO     | ──────────────────────────────────────────────────────────────────────
2026-06-23 06:11:51,456 | INFO     | 📌 ЭТАП: Генерация 50 уникальных CF-VLESS
2026-06-23 06:11:51,456 | INFO     | ──────────────────────────────────────────────────────────────────────
2026-06-23 06:11:51,456 | INFO     | 🚀 Запуск generate_cf_vless.py (50 новых CF-VLESS)...
2026-06-23 06:11:51,642 | INFO     |   → === Генератор свежих VLESS-конфигов на IP Cloudflare ===
2026-06-23 06:11:51,642 | INFO     |   → ✅ Сгенерировано и сохранено 50 VLESS-конфигов.
2026-06-23 06:11:51,642 | INFO     |   → 📂 Файл: /home/runner/work/vpn-vless-configs-russia/vpn-vless-configs-russia/data/githubmirror/new/cf_fresh.txt
2026-06-23 06:11:51,642 | INFO     | ✅ generate_cf_vless.py завершён успешно
2026-06-23 06:11:51,643 | INFO     | 
2026-06-23 06:11:51,643 | INFO     | 
2026-06-23 06:11:51,643 | INFO     | ──────────────────────────────────────────────────────────────────────
2026-06-23 06:11:51,643 | INFO     | 📌 ЭТАП: Слияние CF с основным списком
2026-06-23 06:11:51,643 | INFO     | ──────────────────────────────────────────────────────────────────────
2026-06-23 06:11:51,644 | INFO     | 🔄 Добавлено 50 новых CF-VLESS в /home/runner/work/vpn-vless-configs-russia/vpn-vless-configs-russia/data/githubmirror/clean/vless.txt
2026-06-23 06:11:51,644 | INFO     | 📊 Всего в clean/vless.txt теперь: 91
2026-06-23 06:11:51,644 | INFO     | 
2026-06-23 06:11:51,644 | INFO     | 
2026-06-23 06:11:51,645 | INFO     | ──────────────────────────────────────────────────────────────────────
2026-06-23 06:11:51,645 | INFO     | 📌 ЭТАП: Фильтрация по реальному SNI
2026-06-23 06:11:51,645 | INFO     | ──────────────────────────────────────────────────────────────────────
2026-06-23 06:11:51,645 | INFO     | 🚀 Запуск filter_ru_sni.py (Фильтр по реальному SNI (CDN+RU))...
2026-06-23 06:11:51,675 | INFO     |   → hysteria2.txt: 2 → 0 (SNI-filtered)
2026-06-23 06:11:51,675 | INFO     |   →   trojan.txt: 7 → 0 (SNI-filtered)
2026-06-23 06:11:51,676 | INFO     |   →   vless.txt: 91 → 53 (SNI-filtered)
2026-06-23 06:11:51,676 | INFO     |   →   vmess.txt: 1 → 0 (SNI-filtered)
2026-06-23 06:11:51,676 | INFO     |   → ==================================================
2026-06-23 06:11:51,676 | INFO     |   →   Всего входных:  101
2026-06-23 06:11:51,676 | INFO     |   →   Прошли фильтр:  53
2026-06-23 06:11:51,676 | INFO     |   →   Отброшено:      48
2026-06-23 06:11:51,676 | INFO     |   → ==================================================
2026-06-23 06:11:51,676 | INFO     |   → Готово → /home/runner/work/vpn-vless-configs-russia/vpn-vless-configs-russia/data/githubmirror/ru-sni
2026-06-23 06:11:51,676 | INFO     | ✅ filter_ru_sni.py завершён успешно
2026-06-23 06:11:51,676 | INFO     | 
2026-06-23 06:11:51,676 | INFO     | 
2026-06-23 06:11:51,676 | INFO     | ──────────────────────────────────────────────────────────────────────
2026-06-23 06:11:51,676 | INFO     | 📌 ЭТАП: Экспериментальный RU-SNI фильтр
2026-06-23 06:11:51,676 | INFO     | ──────────────────────────────────────────────────────────────────────
2026-06-23 06:11:51,676 | INFO     | 🚀 Запуск filter_ru_sni_local.py (Экспериментальный фильтр по RU-SNI)...
2026-06-23 06:11:51,707 | INFO     |   → hysteria2.txt: 2 → 0 (RU-SNI)
2026-06-23 06:11:51,707 | INFO     |   → trojan.txt: 7 → 0 (RU-SNI)
2026-06-23 06:11:51,707 | INFO     |   → vless.txt: 91 → 0 (RU-SNI)
2026-06-23 06:11:51,707 | INFO     |   → vmess.txt: 1 → 0 (RU-SNI)
2026-06-23 06:11:51,707 | INFO     |   → ==================================================
2026-06-23 06:11:51,707 | INFO     |   → Всего входных:  101
2026-06-23 06:11:51,708 | INFO     |   → Прошли RU-SNI:  0
2026-06-23 06:11:51,708 | INFO     |   → Отброшено:      101
2026-06-23 06:11:51,708 | INFO     |   → ==================================================
2026-06-23 06:11:51,708 | INFO     |   → Готово → /home/runner/work/vpn-vless-configs-russia/vpn-vless-configs-russia/data/githubmirror/ru-sni-local
2026-06-23 06:11:51,708 | INFO     | ✅ filter_ru_sni_local.py завершён успешно
2026-06-23 06:11:51,708 | INFO     | 
2026-06-23 06:11:51,708 | INFO     | 
2026-06-23 06:11:51,708 | INFO     | ──────────────────────────────────────────────────────────────────────
2026-06-23 06:11:51,708 | INFO     | 📌 ЭТАП: Сбор статистики
2026-06-23 06:11:51,708 | INFO     | ──────────────────────────────────────────────────────────────────────
2026-06-23 06:11:51,708 | INFO     | 📊 Сбор статистики...
2026-06-23 06:11:51,708 | INFO     |   📁 githubmirror/clean:
2026-06-23 06:11:51,708 | INFO     |     • hysteria2   :     2 конфигов
2026-06-23 06:11:51,708 | INFO     |     • trojan      :     7 конфигов
2026-06-23 06:11:51,709 | INFO     |     • vless       :    91 конфигов
2026-06-23 06:11:51,709 | INFO     |     • vmess       :     1 конфигов
2026-06-23 06:11:51,709 | INFO     |   📁 githubmirror/ru-sni:
2026-06-23 06:11:51,709 | INFO     |     • hysteria2   :     0 конфигов (  0.0% от clean)
2026-06-23 06:11:51,709 | INFO     |     • trojan      :     0 конфигов (  0.0% от clean)
2026-06-23 06:11:51,709 | INFO     |     • vless       :    53 конфигов ( 58.2% от clean)
2026-06-23 06:11:51,709 | INFO     |     • vmess       :     0 конфигов (  0.0% от clean)
2026-06-23 06:11:51,709 | INFO     |   ✨ Новых CF-VLESS в этом запуске: 50
2026-06-23 06:11:51,709 | INFO     | 
2026-06-23 06:11:51,709 | INFO     |   ──────────────────────────────────────────────────
2026-06-23 06:11:51,709 | INFO     |   📈 ИТОГО:
2026-06-23 06:11:51,709 | INFO     |     Clean (после geo-фильтра):      101
2026-06-23 06:11:51,709 | INFO     |     RU-SNI (после SNI-фильтра):      53
2026-06-23 06:11:51,709 | INFO     |     Прошло фильтр:                 52.5%
2026-06-23 06:11:51,709 | INFO     |   ──────────────────────────────────────────────────
2026-06-23 06:11:51,709 | INFO     | ✅ Статистика сохранена: /home/runner/work/vpn-vless-configs-russia/vpn-vless-configs-russia/data/stats.json
2026-06-23 06:11:51,710 | INFO     | 
2026-06-23 06:11:51,710 | INFO     | ======================================================================
2026-06-23 06:11:51,710 | INFO     | 📊 ИТОГОВЫЙ ОТЧЁТ
2026-06-23 06:11:51,710 | INFO     | ======================================================================
2026-06-23 06:11:51,710 | INFO     |   ✅ OK         | Загрузка и geo-фильтрация
2026-06-23 06:11:51,710 | INFO     |   ✅ OK         | Генерация 50 уникальных CF-VLESS
2026-06-23 06:11:51,710 | INFO     |   ✅ OK         | Слияние CF с основным списком
2026-06-23 06:11:51,710 | INFO     |   ✅ OK         | Фильтрация по реальному SNI
2026-06-23 06:11:51,710 | INFO     |   ✅ OK         | Экспериментальный RU-SNI фильтр
2026-06-23 06:11:51,710 | INFO     |   ✅ OK         | Сбор статистики
2026-06-23 06:11:51,710 | INFO     | ──────────────────────────────────────────────────────────────────────
2026-06-23 06:11:51,710 | INFO     | ✅ ВСЕ ЭТАПЫ УСПЕШНЫ (6/6)
2026-06-23 06:11:51,710 | INFO     | ⏰ Время завершения: 2026-06-23 06:11:51
2026-06-23 06:11:51,710 | INFO     | ======================================================================
