2026-06-10 23:20:27,040 | INFO     | ======================================================================
2026-06-10 23:20:27,040 | INFO     | 🔍 VPN KEY CHECKER - Начало проверки
2026-06-10 23:20:27,040 | INFO     | ⏰ Время старта: 2026-06-10 23:20:27
2026-06-10 23:20:27,040 | INFO     | 📂 Рабочая директория: /home/runner/work/vpn-vless-configs-russia/vpn-vless-configs-russia
2026-06-10 23:20:27,041 | INFO     | ======================================================================
2026-06-10 23:20:27,041 | INFO     | 
2026-06-10 23:20:27,041 | INFO     | 🔍 Проверка наличия скриптов...
2026-06-10 23:20:27,041 | INFO     |   ✅ mirror.py
2026-06-10 23:20:27,041 | INFO     |   ✅ generate_cf_vless.py
2026-06-10 23:20:27,041 | INFO     |   ✅ filter_ru_sni.py
2026-06-10 23:20:27,041 | INFO     |   ✅ filter_ru_sni_local.py
2026-06-10 23:20:27,041 | INFO     | 
2026-06-10 23:20:27,041 | INFO     | ──────────────────────────────────────────────────────────────────────
2026-06-10 23:20:27,041 | INFO     | 📌 ЭТАП: Загрузка и geo-фильтрация
2026-06-10 23:20:27,041 | INFO     | ──────────────────────────────────────────────────────────────────────
2026-06-10 23:20:27,041 | INFO     | 🚀 Запуск mirror.py (Загрузка и фильтрация по РФ/СНГ/Европа)...
2026-06-10 23:20:51,569 | INFO     |   → DEBUG: mirror.py started
2026-06-10 23:20:51,569 | INFO     |   → DEBUG: BASE_PATH = /home/runner/work/vpn-vless-configs-russia/vpn-vless-configs-russia
2026-06-10 23:20:51,569 | INFO     |   → DEBUG: CONFIG_SOURCES_FILE = /home/runner/work/vpn-vless-configs-russia/vpn-vless-configs-russia/data/config_sources.json
2026-06-10 23:20:51,569 | INFO     |   → 📂 Загружено 58 источников из /home/runner/work/vpn-vless-configs-russia/vpn-vless-configs-russia/data/config_sources.json
2026-06-10 23:20:51,569 | INFO     |   → 🚀 Старт: всего источников: 58
2026-06-10 23:20:51,569 | INFO     |   → 1/58: ✅ 0 взято | 🗑️ 0 мусор
2026-06-10 23:20:51,569 | INFO     |   → 2/58: ✅ 0 взято | 🗑️ 0 мусор
2026-06-10 23:20:51,569 | INFO     |   → 3/58: ✅ 0 взято | 🗑️ 0 мусор
2026-06-10 23:20:51,569 | INFO     |   → 4/58: ✅ 0 взято | 🗑️ 0 мусор
2026-06-10 23:20:51,569 | INFO     |   → 5/58: ✅ 0 взято | 🗑️ 0 мусор
2026-06-10 23:20:51,569 | INFO     |   → 6/58: ✅ 0 взято | 🗑️ 0 мусор
2026-06-10 23:20:51,569 | INFO     |   → 7/58: ✅ 0 взято | 🗑️ 0 мусор
2026-06-10 23:20:51,569 | INFO     |   → 8/58: ✅ 0 взято | 🗑️ 0 мусор
2026-06-10 23:20:51,569 | INFO     |   → 9/58: ✅ 0 взято | 🗑️ 0 мусор
2026-06-10 23:20:51,569 | INFO     |   → 10/58: ✅ 0 взято | 🗑️ 0 мусор
2026-06-10 23:20:51,569 | INFO     |   → 11/58: ✅ 0 взято | 🗑️ 0 мусор
2026-06-10 23:20:51,569 | INFO     |   → 12/58: ✅ 0 взято | 🗑️ 0 мусор
2026-06-10 23:20:51,569 | INFO     |   → 13/58: ✅ 0 взято | 🗑️ 0 мусор
2026-06-10 23:20:51,569 | INFO     |   → 14/58: ✅ 0 взято | 🗑️ 0 мусор
2026-06-10 23:20:51,569 | INFO     |   → 15/58: ✅ 0 взято | 🗑️ 0 мусор
2026-06-10 23:20:51,569 | INFO     |   → 16/58: ✅ 0 взято | 🗑️ 0 мусор
2026-06-10 23:20:51,569 | INFO     |   → 17/58: ✅ 11 взято | 🗑️ 232 мусор
2026-06-10 23:20:51,569 | INFO     |   → 18/58: ✅ 4 взято | 🗑️ 151 мусор
2026-06-10 23:20:51,569 | INFO     |   → 19/58: ✅ 0 взято | 🗑️ 0 мусор
2026-06-10 23:20:51,569 | INFO     |   → 20/58: ✅ 7 взято | 🗑️ 113 мусор
2026-06-10 23:20:51,570 | INFO     |   → 21/58: ✅ 0 взято | 🗑️ 0 мусор
2026-06-10 23:20:51,570 | INFO     |   → 22/58: ✅ 0 взято | 🗑️ 0 мусор
2026-06-10 23:20:51,570 | INFO     |   → 23/58: ✅ 2 взято | 🗑️ 124 мусор
2026-06-10 23:20:51,570 | INFO     |   → 24/58: ✅ 2 взято | 🗑️ 115 мусор
2026-06-10 23:20:51,570 | INFO     |   → 25/58: ✅ 1 взято | 🗑️ 279 мусор
2026-06-10 23:20:51,570 | INFO     |   → 26/58: ✅ 1 взято | 🗑️ 109 мусор
2026-06-10 23:20:51,570 | INFO     |   → 27/58: ✅ 0 взято | 🗑️ 0 мусор
2026-06-10 23:20:51,570 | INFO     |   → 28/58: ✅ 0 взято | 🗑️ 0 мусор
2026-06-10 23:20:51,570 | INFO     |   → 29/58: ✅ 0 взято | 🗑️ 0 мусор
2026-06-10 23:20:51,570 | INFO     |   → 30/58: ✅ 0 взято | 🗑️ 0 мусор
2026-06-10 23:20:51,570 | INFO     |   → 31/58: ✅ 3 взято | 🗑️ 145 мусор
2026-06-10 23:20:51,570 | INFO     |   → 32/58: ✅ 0 взято | 🗑️ 0 мусор
2026-06-10 23:20:51,570 | INFO     |   → 33/58: ✅ 0 взято | 🗑️ 157 мусор
2026-06-10 23:20:51,570 | INFO     |   → 34/58: ✅ 0 взято | 🗑️ 0 мусор
2026-06-10 23:20:51,570 | INFO     |   → 35/58: ✅ 0 взято | 🗑️ 131 мусор
2026-06-10 23:20:51,570 | INFO     |   → 36/58: ✅ 0 взято | 🗑️ 0 мусор
2026-06-10 23:20:51,570 | INFO     |   → 37/58: ✅ 1 взято | 🗑️ 124 мусор
2026-06-10 23:20:51,570 | INFO     |   → 38/58: ✅ 0 взято | 🗑️ 0 мусор
2026-06-10 23:20:51,570 | INFO     |   → 39/58: ✅ 2 взято | 🗑️ 189 мусор
2026-06-10 23:20:51,570 | INFO     |   → 40/58: ✅ 0 взято | 🗑️ 0 мусор
2026-06-10 23:20:51,570 | INFO     |   → 41/58: ✅ 1 взято | 🗑️ 279 мусор
2026-06-10 23:20:51,570 | INFO     |   → 42/58: ✅ 0 взято | 🗑️ 0 мусор
2026-06-10 23:20:51,570 | INFO     |   → 43/58: ✅ 0 взято | 🗑️ 270 мусор
2026-06-10 23:20:51,570 | INFO     |   → 44/58: ✅ 0 взято | 🗑️ 0 мусор
2026-06-10 23:20:51,570 | INFO     |   → 45/58: ✅ 13 взято | 🗑️ 7 мусор
2026-06-10 23:20:51,570 | INFO     |   → 46/58: ✅ 0 взято | 🗑️ 7 мусор
2026-06-10 23:20:51,570 | INFO     |   → 47/58: ✅ 0 взято | 🗑️ 7 мусор
2026-06-10 23:20:51,570 | INFO     |   → 48/58: ✅ 0 взято | 🗑️ 7 мусор
2026-06-10 23:20:51,570 | INFO     |   → 49/58: ✅ 0 взято | 🗑️ 7 мусор
2026-06-10 23:20:51,570 | INFO     |   → 50/58: ✅ 0 взято | 🗑️ 7 мусор
2026-06-10 23:20:51,571 | INFO     |   → 51/58: ✅ 0 взято | 🗑️ 7 мусор
2026-06-10 23:20:51,571 | INFO     |   → 52/58: ✅ 0 взято | 🗑️ 7 мусор
2026-06-10 23:20:51,571 | INFO     |   → 53/58: ✅ 0 взято | 🗑️ 7 мусор
2026-06-10 23:20:51,571 | INFO     |   → 54/58: ✅ 0 взято | 🗑️ 7 мусор
2026-06-10 23:20:51,571 | INFO     |   → 55/58: ✅ 0 взято | 🗑️ 7 мусор
2026-06-10 23:20:51,571 | INFO     |   → 56/58: ✅ 0 взято | 🗑️ 7 мусор
2026-06-10 23:20:51,571 | INFO     |   → 57/58: ✅ 0 взято | 🗑️ 7 мусор
2026-06-10 23:20:51,571 | INFO     |   → 58/58: ✅ 0 взято | 🗑️ 7 мусор
2026-06-10 23:20:51,571 | INFO     |   → 📡 С sstap.org получено 0 ключей
2026-06-10 23:20:51,571 | INFO     |   → 📡 С sstap.org не добавлено ни одного ключа (все 0 отклонены фильтром)
2026-06-10 23:20:51,571 | INFO     |   → ✅ ГОТОВО!
2026-06-10 23:20:51,571 | INFO     |   →    📥 Всего ключей после фильтра: 48
2026-06-10 23:20:51,571 | INFO     |   →    🔗 Уникальных IP:PORT:SCHEME: 31
2026-06-10 23:20:51,571 | INFO     |   →    🗑️ Выброшено мусора: 2516
2026-06-10 23:20:51,571 | INFO     |   → 📊 По протоколам:
2026-06-10 23:20:51,571 | INFO     |   →    vless: 19
2026-06-10 23:20:51,571 | INFO     |   →    vmess: 1
2026-06-10 23:20:51,571 | INFO     |   →    trojan: 6
2026-06-10 23:20:51,571 | INFO     |   →    ss: 3
2026-06-10 23:20:51,571 | INFO     |   →    hysteria2: 2
2026-06-10 23:20:51,571 | INFO     | ✅ mirror.py завершён успешно
2026-06-10 23:20:51,571 | INFO     | 
2026-06-10 23:20:51,571 | INFO     | 
2026-06-10 23:20:51,571 | INFO     | ──────────────────────────────────────────────────────────────────────
2026-06-10 23:20:51,571 | INFO     | 📌 ЭТАП: Генерация 50 уникальных CF-VLESS
2026-06-10 23:20:51,571 | INFO     | ──────────────────────────────────────────────────────────────────────
2026-06-10 23:20:51,572 | INFO     | 🚀 Запуск generate_cf_vless.py (50 новых CF-VLESS)...
2026-06-10 23:20:51,775 | INFO     |   → === Генератор свежих VLESS-конфигов на IP Cloudflare ===
2026-06-10 23:20:51,775 | INFO     |   → ✅ Сгенерировано и сохранено 50 VLESS-конфигов.
2026-06-10 23:20:51,775 | INFO     |   → 📂 Файл: /home/runner/work/vpn-vless-configs-russia/vpn-vless-configs-russia/data/githubmirror/new/cf_fresh.txt
2026-06-10 23:20:51,775 | INFO     | ✅ generate_cf_vless.py завершён успешно
2026-06-10 23:20:51,775 | INFO     | 
2026-06-10 23:20:51,775 | INFO     | 
2026-06-10 23:20:51,775 | INFO     | ──────────────────────────────────────────────────────────────────────
2026-06-10 23:20:51,775 | INFO     | 📌 ЭТАП: Слияние CF с основным списком
2026-06-10 23:20:51,775 | INFO     | ──────────────────────────────────────────────────────────────────────
2026-06-10 23:20:51,777 | INFO     | 🔄 Добавлено 50 новых CF-VLESS в /home/runner/work/vpn-vless-configs-russia/vpn-vless-configs-russia/data/githubmirror/clean/vless.txt
2026-06-10 23:20:51,777 | INFO     | 📊 Всего в clean/vless.txt теперь: 69
2026-06-10 23:20:51,777 | INFO     | 
2026-06-10 23:20:51,777 | INFO     | 
2026-06-10 23:20:51,777 | INFO     | ──────────────────────────────────────────────────────────────────────
2026-06-10 23:20:51,777 | INFO     | 📌 ЭТАП: Фильтрация по реальному SNI
2026-06-10 23:20:51,777 | INFO     | ──────────────────────────────────────────────────────────────────────
2026-06-10 23:20:51,777 | INFO     | 🚀 Запуск filter_ru_sni.py (Фильтр по реальному SNI (CDN+RU))...
2026-06-10 23:20:51,806 | INFO     |   → hysteria2.txt: 2 → 1 (SNI-filtered)
2026-06-10 23:20:51,806 | INFO     |   →   ss.txt: 3 → 0 (SNI-filtered)
2026-06-10 23:20:51,806 | INFO     |   →   trojan.txt: 6 → 0 (SNI-filtered)
2026-06-10 23:20:51,806 | INFO     |   →   vless.txt: 69 → 56 (SNI-filtered)
2026-06-10 23:20:51,806 | INFO     |   →   vmess.txt: 1 → 0 (SNI-filtered)
2026-06-10 23:20:51,807 | INFO     |   → ==================================================
2026-06-10 23:20:51,807 | INFO     |   →   Всего входных:  81
2026-06-10 23:20:51,807 | INFO     |   →   Прошли фильтр:  57
2026-06-10 23:20:51,807 | INFO     |   →   Отброшено:      24
2026-06-10 23:20:51,807 | INFO     |   → ==================================================
2026-06-10 23:20:51,807 | INFO     |   → Готово → /home/runner/work/vpn-vless-configs-russia/vpn-vless-configs-russia/data/githubmirror/ru-sni
2026-06-10 23:20:51,807 | INFO     | ✅ filter_ru_sni.py завершён успешно
2026-06-10 23:20:51,807 | INFO     | 
2026-06-10 23:20:51,807 | INFO     | 
2026-06-10 23:20:51,807 | INFO     | ──────────────────────────────────────────────────────────────────────
2026-06-10 23:20:51,807 | INFO     | 📌 ЭТАП: Экспериментальный RU-SNI фильтр
2026-06-10 23:20:51,807 | INFO     | ──────────────────────────────────────────────────────────────────────
2026-06-10 23:20:51,807 | INFO     | 🚀 Запуск filter_ru_sni_local.py (Экспериментальный фильтр по RU-SNI)...
2026-06-10 23:20:51,838 | INFO     |   → hysteria2.txt: 2 → 0 (RU-SNI)
2026-06-10 23:20:51,838 | INFO     |   → ss.txt: 3 → 0 (RU-SNI)
2026-06-10 23:20:51,838 | INFO     |   → trojan.txt: 6 → 0 (RU-SNI)
2026-06-10 23:20:51,838 | INFO     |   → vless.txt: 69 → 1 (RU-SNI)
2026-06-10 23:20:51,838 | INFO     |   → vmess.txt: 1 → 0 (RU-SNI)
2026-06-10 23:20:51,838 | INFO     |   → ==================================================
2026-06-10 23:20:51,838 | INFO     |   → Всего входных:  81
2026-06-10 23:20:51,838 | INFO     |   → Прошли RU-SNI:  1
2026-06-10 23:20:51,838 | INFO     |   → Отброшено:      80
2026-06-10 23:20:51,838 | INFO     |   → ==================================================
2026-06-10 23:20:51,838 | INFO     |   → Готово → /home/runner/work/vpn-vless-configs-russia/vpn-vless-configs-russia/data/githubmirror/ru-sni-local
2026-06-10 23:20:51,838 | INFO     | ✅ filter_ru_sni_local.py завершён успешно
2026-06-10 23:20:51,838 | INFO     | 
2026-06-10 23:20:51,838 | INFO     | 
2026-06-10 23:20:51,838 | INFO     | ──────────────────────────────────────────────────────────────────────
2026-06-10 23:20:51,838 | INFO     | 📌 ЭТАП: Сбор статистики
2026-06-10 23:20:51,838 | INFO     | ──────────────────────────────────────────────────────────────────────
2026-06-10 23:20:51,838 | INFO     | 📊 Сбор статистики...
2026-06-10 23:20:51,839 | INFO     |   📁 githubmirror/clean:
2026-06-10 23:20:51,839 | INFO     |     • hysteria2   :     2 конфигов
2026-06-10 23:20:51,839 | INFO     |     • ss          :     3 конфигов
2026-06-10 23:20:51,839 | INFO     |     • trojan      :     6 конфигов
2026-06-10 23:20:51,839 | INFO     |     • vless       :    69 конфигов
2026-06-10 23:20:51,839 | INFO     |     • vmess       :     1 конфигов
2026-06-10 23:20:51,839 | INFO     |   📁 githubmirror/ru-sni:
2026-06-10 23:20:51,840 | INFO     |     • hysteria2   :     1 конфигов ( 50.0% от clean)
2026-06-10 23:20:51,840 | INFO     |     • ss          :     0 конфигов (  0.0% от clean)
2026-06-10 23:20:51,840 | INFO     |     • trojan      :     0 конфигов (  0.0% от clean)
2026-06-10 23:20:51,840 | INFO     |     • vless       :    56 конфигов ( 81.2% от clean)
2026-06-10 23:20:51,840 | INFO     |     • vmess       :     0 конфигов (  0.0% от clean)
2026-06-10 23:20:51,840 | INFO     |   ✨ Новых CF-VLESS в этом запуске: 50
2026-06-10 23:20:51,840 | INFO     | 
2026-06-10 23:20:51,840 | INFO     |   ──────────────────────────────────────────────────
2026-06-10 23:20:51,840 | INFO     |   📈 ИТОГО:
2026-06-10 23:20:51,840 | INFO     |     Clean (после geo-фильтра):       81
2026-06-10 23:20:51,840 | INFO     |     RU-SNI (после SNI-фильтра):      57
2026-06-10 23:20:51,840 | INFO     |     Прошло фильтр:                 70.4%
2026-06-10 23:20:51,841 | INFO     |   ──────────────────────────────────────────────────
2026-06-10 23:20:51,841 | INFO     | ✅ Статистика сохранена: /home/runner/work/vpn-vless-configs-russia/vpn-vless-configs-russia/data/stats.json
2026-06-10 23:20:51,841 | INFO     | 
2026-06-10 23:20:51,841 | INFO     | ======================================================================
2026-06-10 23:20:51,841 | INFO     | 📊 ИТОГОВЫЙ ОТЧЁТ
2026-06-10 23:20:51,841 | INFO     | ======================================================================
2026-06-10 23:20:51,841 | INFO     |   ✅ OK         | Загрузка и geo-фильтрация
2026-06-10 23:20:51,841 | INFO     |   ✅ OK         | Генерация 50 уникальных CF-VLESS
2026-06-10 23:20:51,841 | INFO     |   ✅ OK         | Слияние CF с основным списком
2026-06-10 23:20:51,841 | INFO     |   ✅ OK         | Фильтрация по реальному SNI
2026-06-10 23:20:51,841 | INFO     |   ✅ OK         | Экспериментальный RU-SNI фильтр
2026-06-10 23:20:51,841 | INFO     |   ✅ OK         | Сбор статистики
2026-06-10 23:20:51,841 | INFO     | ──────────────────────────────────────────────────────────────────────
2026-06-10 23:20:51,841 | INFO     | ✅ ВСЕ ЭТАПЫ УСПЕШНЫ (6/6)
2026-06-10 23:20:51,841 | INFO     | ⏰ Время завершения: 2026-06-10 23:20:51
2026-06-10 23:20:51,841 | INFO     | ======================================================================
