2026-06-22 19:20:44,115 | INFO     | ======================================================================
2026-06-22 19:20:44,115 | INFO     | 🔍 VPN KEY CHECKER - Начало проверки
2026-06-22 19:20:44,115 | INFO     | ⏰ Время старта: 2026-06-22 19:20:44
2026-06-22 19:20:44,115 | INFO     | 📂 Рабочая директория: /home/runner/work/vpn-vless-configs-russia/vpn-vless-configs-russia
2026-06-22 19:20:44,115 | INFO     | ======================================================================
2026-06-22 19:20:44,115 | INFO     | 
2026-06-22 19:20:44,115 | INFO     | 🔍 Проверка наличия скриптов...
2026-06-22 19:20:44,115 | INFO     |   ✅ mirror.py
2026-06-22 19:20:44,115 | INFO     |   ✅ generate_cf_vless.py
2026-06-22 19:20:44,115 | INFO     |   ✅ filter_ru_sni.py
2026-06-22 19:20:44,115 | INFO     |   ✅ filter_ru_sni_local.py
2026-06-22 19:20:44,115 | INFO     | 
2026-06-22 19:20:44,116 | INFO     | ──────────────────────────────────────────────────────────────────────
2026-06-22 19:20:44,116 | INFO     | 📌 ЭТАП: Загрузка и geo-фильтрация
2026-06-22 19:20:44,116 | INFO     | ──────────────────────────────────────────────────────────────────────
2026-06-22 19:20:44,116 | INFO     | 🚀 Запуск mirror.py (Загрузка и фильтрация по РФ/СНГ/Европа)...
2026-06-22 19:21:14,465 | INFO     |   → DEBUG: mirror.py started
2026-06-22 19:21:14,465 | INFO     |   → DEBUG: BASE_PATH = /home/runner/work/vpn-vless-configs-russia/vpn-vless-configs-russia
2026-06-22 19:21:14,465 | INFO     |   → DEBUG: CONFIG_SOURCES_FILE = /home/runner/work/vpn-vless-configs-russia/vpn-vless-configs-russia/data/config_sources.json
2026-06-22 19:21:14,465 | INFO     |   → 📂 Загружено 86 источников из /home/runner/work/vpn-vless-configs-russia/vpn-vless-configs-russia/data/config_sources.json
2026-06-22 19:21:14,465 | INFO     |   → 🚀 Старт: всего источников: 86
2026-06-22 19:21:14,465 | INFO     |   → 1/86: ✅ 0 взято | 🗑️ 0 мусор
2026-06-22 19:21:14,465 | INFO     |   → 2/86: ✅ 0 взято | 🗑️ 0 мусор
2026-06-22 19:21:14,465 | INFO     |   → 3/86: ✅ 0 взято | 🗑️ 0 мусор
2026-06-22 19:21:14,465 | INFO     |   → 4/86: ✅ 0 взято | 🗑️ 0 мусор
2026-06-22 19:21:14,465 | INFO     |   → 5/86: ✅ 0 взято | 🗑️ 0 мусор
2026-06-22 19:21:14,465 | INFO     |   → 6/86: ✅ 0 взято | 🗑️ 0 мусор
2026-06-22 19:21:14,465 | INFO     |   → 7/86: ✅ 0 взято | 🗑️ 0 мусор
2026-06-22 19:21:14,465 | INFO     |   → 8/86: ✅ 0 взято | 🗑️ 0 мусор
2026-06-22 19:21:14,465 | INFO     |   → 9/86: ✅ 0 взято | 🗑️ 0 мусор
2026-06-22 19:21:14,466 | INFO     |   → 10/86: ✅ 0 взято | 🗑️ 0 мусор
2026-06-22 19:21:14,466 | INFO     |   → 11/86: ✅ 0 взято | 🗑️ 0 мусор
2026-06-22 19:21:14,466 | INFO     |   → 12/86: ✅ 0 взято | 🗑️ 0 мусор
2026-06-22 19:21:14,466 | INFO     |   → 13/86: ✅ 0 взято | 🗑️ 0 мусор
2026-06-22 19:21:14,466 | INFO     |   → 14/86: ✅ 0 взято | 🗑️ 0 мусор
2026-06-22 19:21:14,466 | INFO     |   → 15/86: ✅ 0 взято | 🗑️ 0 мусор
2026-06-22 19:21:14,466 | INFO     |   → 16/86: ✅ 0 взято | 🗑️ 0 мусор
2026-06-22 19:21:14,466 | INFO     |   → 17/86: ✅ 0 взято | 🗑️ 0 мусор
2026-06-22 19:21:14,466 | INFO     |   → 18/86: ✅ 0 взято | 🗑️ 0 мусор
2026-06-22 19:21:14,466 | INFO     |   → 19/86: ✅ 0 взято | 🗑️ 0 мусор
2026-06-22 19:21:14,466 | INFO     |   → 20/86: ✅ 0 взято | 🗑️ 0 мусор
2026-06-22 19:21:14,466 | INFO     |   → 21/86: ✅ 5 взято | 🗑️ 166 мусор
2026-06-22 19:21:14,466 | INFO     |   → 22/86: ✅ 0 взято | 🗑️ 115 мусор
2026-06-22 19:21:14,466 | INFO     |   → 23/86: ✅ 0 взято | 🗑️ 0 мусор
2026-06-22 19:21:14,466 | INFO     |   → 24/86: ✅ 0 взято | 🗑️ 0 мусор
2026-06-22 19:21:14,466 | INFO     |   → 25/86: ✅ 0 взято | 🗑️ 0 мусор
2026-06-22 19:21:14,466 | INFO     |   → 26/86: ✅ 1 взято | 🗑️ 169 мусор
2026-06-22 19:21:14,466 | INFO     |   → 27/86: ✅ 0 взято | 🗑️ 0 мусор
2026-06-22 19:21:14,466 | INFO     |   → 28/86: ✅ 1 взято | 🗑️ 213 мусор
2026-06-22 19:21:14,466 | INFO     |   → 29/86: ✅ 0 взято | 🗑️ 0 мусор
2026-06-22 19:21:14,467 | INFO     |   → 30/86: ✅ 0 взято | 🗑️ 0 мусор
2026-06-22 19:21:14,467 | INFO     |   → 31/86: ✅ 3 взято | 🗑️ 99 мусор
2026-06-22 19:21:14,467 | INFO     |   → 32/86: ✅ 0 взято | 🗑️ 0 мусор
2026-06-22 19:21:14,467 | INFO     |   → 33/86: ✅ 0 взято | 🗑️ 117 мусор
2026-06-22 19:21:14,467 | INFO     |   → 34/86: ✅ 11 взято | 🗑️ 225 мусор
2026-06-22 19:21:14,467 | INFO     |   → 35/86: ✅ 1 взято | 🗑️ 141 мусор
2026-06-22 19:21:14,467 | INFO     |   → 36/86: ✅ 0 взято | 🗑️ 0 мусор
2026-06-22 19:21:14,467 | INFO     |   → 37/86: ✅ 0 взято | 🗑️ 0 мусор
2026-06-22 19:21:14,467 | INFO     |   → 38/86: ✅ 0 взято | 🗑️ 137 мусор
2026-06-22 19:21:14,467 | INFO     |   → 39/86: ✅ 0 взято | 🗑️ 112 мусор
2026-06-22 19:21:14,467 | INFO     |   → 40/86: ✅ 0 взято | 🗑️ 0 мусор
2026-06-22 19:21:14,467 | INFO     |   → 41/86: ✅ 3 взято | 🗑️ 100 мусор
2026-06-22 19:21:14,467 | INFO     |   → 42/86: ✅ 0 взято | 🗑️ 0 мусор
2026-06-22 19:21:14,467 | INFO     |   → 43/86: ✅ 1 взято | 🗑️ 171 мусор
2026-06-22 19:21:14,467 | INFO     |   → 44/86: ✅ 0 взято | 🗑️ 0 мусор
2026-06-22 19:21:14,467 | INFO     |   → 45/86: ✅ 0 взято | 🗑️ 202 мусор
2026-06-22 19:21:14,467 | INFO     |   → 46/86: ✅ 0 взято | 🗑️ 0 мусор
2026-06-22 19:21:14,467 | INFO     |   → 47/86: ✅ 0 взято | 🗑️ 138 мусор
2026-06-22 19:21:14,467 | INFO     |   → 48/86: ✅ 0 взято | 🗑️ 0 мусор
2026-06-22 19:21:14,467 | INFO     |   → 49/86: ✅ 0 взято | 🗑️ 236 мусор
2026-06-22 19:21:14,468 | INFO     |   → 50/86: ✅ 0 взято | 🗑️ 0 мусор
2026-06-22 19:21:14,468 | INFO     |   → 51/86: ✅ 0 взято | 🗑️ 192 мусор
2026-06-22 19:21:14,468 | INFO     |   → 52/86: ✅ 0 взято | 🗑️ 0 мусор
2026-06-22 19:21:14,468 | INFO     |   → 53/86: ✅ 1 взято | 🗑️ 174 мусор
2026-06-22 19:21:14,468 | INFO     |   → 54/86: ✅ 0 взято | 🗑️ 0 мусор
2026-06-22 19:21:14,468 | INFO     |   → 55/86: ✅ 1 взято | 🗑️ 149 мусор
2026-06-22 19:21:14,468 | INFO     |   → 56/86: ✅ 0 взято | 🗑️ 0 мусор
2026-06-22 19:21:14,468 | INFO     |   → 57/86: ✅ 3 взято | 🗑️ 147 мусор
2026-06-22 19:21:14,468 | INFO     |   → 58/86: ✅ 0 взято | 🗑️ 0 мусор
2026-06-22 19:21:14,468 | INFO     |   → 59/86: ✅ 2 взято | 🗑️ 196 мусор
2026-06-22 19:21:14,468 | INFO     |   → 60/86: ✅ 0 взято | 🗑️ 0 мусор
2026-06-22 19:21:14,468 | INFO     |   → 61/86: ✅ 5 взято | 🗑️ 9 мусор
2026-06-22 19:21:14,468 | INFO     |   → 62/86: ✅ 0 взято | 🗑️ 9 мусор
2026-06-22 19:21:14,468 | INFO     |   → 63/86: ✅ 0 взято | 🗑️ 9 мусор
2026-06-22 19:21:14,468 | INFO     |   → 64/86: ✅ 0 взято | 🗑️ 9 мусор
2026-06-22 19:21:14,468 | INFO     |   → 65/86: ✅ 0 взято | 🗑️ 9 мусор
2026-06-22 19:21:14,468 | INFO     |   → 66/86: ✅ 0 взято | 🗑️ 9 мусор
2026-06-22 19:21:14,468 | INFO     |   → 67/86: ✅ 0 взято | 🗑️ 9 мусор
2026-06-22 19:21:14,468 | INFO     |   → 68/86: ✅ 0 взято | 🗑️ 9 мусор
2026-06-22 19:21:14,468 | INFO     |   → 69/86: ✅ 13 взято | 🗑️ 10 мусор
2026-06-22 19:21:14,468 | INFO     |   → 70/86: ✅ 0 взято | 🗑️ 10 мусор
2026-06-22 19:21:14,469 | INFO     |   → 71/86: ✅ 0 взято | 🗑️ 9 мусор
2026-06-22 19:21:14,469 | INFO     |   → 72/86: ✅ 0 взято | 🗑️ 9 мусор
2026-06-22 19:21:14,469 | INFO     |   → 73/86: ✅ 0 взято | 🗑️ 9 мусор
2026-06-22 19:21:14,469 | INFO     |   → 74/86: ✅ 0 взято | 🗑️ 9 мусор
2026-06-22 19:21:14,469 | INFO     |   → 75/86: ✅ 0 взято | 🗑️ 9 мусор
2026-06-22 19:21:14,469 | INFO     |   → 76/86: ✅ 0 взято | 🗑️ 9 мусор
2026-06-22 19:21:14,469 | INFO     |   → 77/86: ✅ 0 взято | 🗑️ 9 мусор
2026-06-22 19:21:14,469 | INFO     |   → 78/86: ✅ 0 взято | 🗑️ 9 мусор
2026-06-22 19:21:14,469 | INFO     |   → 79/86: ✅ 0 взято | 🗑️ 10 мусор
2026-06-22 19:21:14,469 | INFO     |   → 80/86: ✅ 0 взято | 🗑️ 10 мусор
2026-06-22 19:21:14,469 | INFO     |   → 81/86: ✅ 0 взято | 🗑️ 0 мусор
2026-06-22 19:21:14,469 | INFO     |   → 82/86: ✅ 4 взято | 🗑️ 458 мусор
2026-06-22 19:21:14,469 | INFO     |   → 83/86: ✅ 0 взято | 🗑️ 0 мусор
2026-06-22 19:21:14,469 | INFO     |   → 84/86: ✅ 1 взято | 🗑️ 164 мусор
2026-06-22 19:21:14,469 | INFO     |   → 85/86: ✅ 0 взято | 🗑️ 0 мусор
2026-06-22 19:21:14,469 | INFO     |   → 86/86: ✅ 6 взято | 🗑️ 221 мусор
2026-06-22 19:21:14,469 | INFO     |   → 📡 С sstap.org получено 0 ключей
2026-06-22 19:21:14,469 | INFO     |   → 📡 С sstap.org не добавлено ни одного ключа (все 0 отклонены фильтром)
2026-06-22 19:21:14,470 | INFO     |   → ✅ ГОТОВО!
2026-06-22 19:21:14,470 | INFO     |   →    📥 Всего ключей после фильтра: 62
2026-06-22 19:21:14,470 | INFO     |   →    🔗 Уникальных IP:PORT:SCHEME: 49
2026-06-22 19:21:14,470 | INFO     |   →    🗑️ Выброшено мусора: 4226
2026-06-22 19:21:14,470 | INFO     |   → 📊 По протоколам:
2026-06-22 19:21:14,470 | INFO     |   →    vless: 39
2026-06-22 19:21:14,470 | INFO     |   →    vmess: 1
2026-06-22 19:21:14,470 | INFO     |   →    trojan: 7
2026-06-22 19:21:14,470 | INFO     |   →    hysteria2: 2
2026-06-22 19:21:14,470 | INFO     | ✅ mirror.py завершён успешно
2026-06-22 19:21:14,470 | INFO     | 
2026-06-22 19:21:14,470 | INFO     | 
2026-06-22 19:21:14,470 | INFO     | ──────────────────────────────────────────────────────────────────────
2026-06-22 19:21:14,470 | INFO     | 📌 ЭТАП: Генерация 50 уникальных CF-VLESS
2026-06-22 19:21:14,470 | INFO     | ──────────────────────────────────────────────────────────────────────
2026-06-22 19:21:14,470 | INFO     | 🚀 Запуск generate_cf_vless.py (50 новых CF-VLESS)...
2026-06-22 19:21:14,704 | INFO     |   → === Генератор свежих VLESS-конфигов на IP Cloudflare ===
2026-06-22 19:21:14,704 | INFO     |   → ✅ Сгенерировано и сохранено 50 VLESS-конфигов.
2026-06-22 19:21:14,704 | INFO     |   → 📂 Файл: /home/runner/work/vpn-vless-configs-russia/vpn-vless-configs-russia/data/githubmirror/new/cf_fresh.txt
2026-06-22 19:21:14,704 | INFO     | ✅ generate_cf_vless.py завершён успешно
2026-06-22 19:21:14,704 | INFO     | 
2026-06-22 19:21:14,705 | INFO     | 
2026-06-22 19:21:14,705 | INFO     | ──────────────────────────────────────────────────────────────────────
2026-06-22 19:21:14,705 | INFO     | 📌 ЭТАП: Слияние CF с основным списком
2026-06-22 19:21:14,705 | INFO     | ──────────────────────────────────────────────────────────────────────
2026-06-22 19:21:14,706 | INFO     | 🔄 Добавлено 50 новых CF-VLESS в /home/runner/work/vpn-vless-configs-russia/vpn-vless-configs-russia/data/githubmirror/clean/vless.txt
2026-06-22 19:21:14,706 | INFO     | 📊 Всего в clean/vless.txt теперь: 89
2026-06-22 19:21:14,706 | INFO     | 
2026-06-22 19:21:14,706 | INFO     | 
2026-06-22 19:21:14,706 | INFO     | ──────────────────────────────────────────────────────────────────────
2026-06-22 19:21:14,706 | INFO     | 📌 ЭТАП: Фильтрация по реальному SNI
2026-06-22 19:21:14,706 | INFO     | ──────────────────────────────────────────────────────────────────────
2026-06-22 19:21:14,706 | INFO     | 🚀 Запуск filter_ru_sni.py (Фильтр по реальному SNI (CDN+RU))...
2026-06-22 19:21:14,734 | INFO     |   → hysteria2.txt: 2 → 0 (SNI-filtered)
2026-06-22 19:21:14,735 | INFO     |   →   trojan.txt: 7 → 0 (SNI-filtered)
2026-06-22 19:21:14,735 | INFO     |   →   vless.txt: 89 → 52 (SNI-filtered)
2026-06-22 19:21:14,735 | INFO     |   →   vmess.txt: 1 → 0 (SNI-filtered)
2026-06-22 19:21:14,735 | INFO     |   → ==================================================
2026-06-22 19:21:14,735 | INFO     |   →   Всего входных:  99
2026-06-22 19:21:14,735 | INFO     |   →   Прошли фильтр:  52
2026-06-22 19:21:14,735 | INFO     |   →   Отброшено:      47
2026-06-22 19:21:14,735 | INFO     |   → ==================================================
2026-06-22 19:21:14,735 | INFO     |   → Готово → /home/runner/work/vpn-vless-configs-russia/vpn-vless-configs-russia/data/githubmirror/ru-sni
2026-06-22 19:21:14,735 | INFO     | ✅ filter_ru_sni.py завершён успешно
2026-06-22 19:21:14,735 | INFO     | 
2026-06-22 19:21:14,735 | INFO     | 
2026-06-22 19:21:14,735 | INFO     | ──────────────────────────────────────────────────────────────────────
2026-06-22 19:21:14,735 | INFO     | 📌 ЭТАП: Экспериментальный RU-SNI фильтр
2026-06-22 19:21:14,735 | INFO     | ──────────────────────────────────────────────────────────────────────
2026-06-22 19:21:14,735 | INFO     | 🚀 Запуск filter_ru_sni_local.py (Экспериментальный фильтр по RU-SNI)...
2026-06-22 19:21:14,764 | INFO     |   → hysteria2.txt: 2 → 0 (RU-SNI)
2026-06-22 19:21:14,764 | INFO     |   → trojan.txt: 7 → 0 (RU-SNI)
2026-06-22 19:21:14,764 | INFO     |   → vless.txt: 89 → 0 (RU-SNI)
2026-06-22 19:21:14,764 | INFO     |   → vmess.txt: 1 → 0 (RU-SNI)
2026-06-22 19:21:14,764 | INFO     |   → ==================================================
2026-06-22 19:21:14,764 | INFO     |   → Всего входных:  99
2026-06-22 19:21:14,764 | INFO     |   → Прошли RU-SNI:  0
2026-06-22 19:21:14,764 | INFO     |   → Отброшено:      99
2026-06-22 19:21:14,764 | INFO     |   → ==================================================
2026-06-22 19:21:14,764 | INFO     |   → Готово → /home/runner/work/vpn-vless-configs-russia/vpn-vless-configs-russia/data/githubmirror/ru-sni-local
2026-06-22 19:21:14,764 | INFO     | ✅ filter_ru_sni_local.py завершён успешно
2026-06-22 19:21:14,764 | INFO     | 
2026-06-22 19:21:14,764 | INFO     | 
2026-06-22 19:21:14,764 | INFO     | ──────────────────────────────────────────────────────────────────────
2026-06-22 19:21:14,764 | INFO     | 📌 ЭТАП: Сбор статистики
2026-06-22 19:21:14,764 | INFO     | ──────────────────────────────────────────────────────────────────────
2026-06-22 19:21:14,764 | INFO     | 📊 Сбор статистики...
2026-06-22 19:21:14,765 | INFO     |   📁 githubmirror/clean:
2026-06-22 19:21:14,765 | INFO     |     • hysteria2   :     2 конфигов
2026-06-22 19:21:14,765 | INFO     |     • trojan      :     7 конфигов
2026-06-22 19:21:14,765 | INFO     |     • vless       :    89 конфигов
2026-06-22 19:21:14,765 | INFO     |     • vmess       :     1 конфигов
2026-06-22 19:21:14,765 | INFO     |   📁 githubmirror/ru-sni:
2026-06-22 19:21:14,765 | INFO     |     • hysteria2   :     0 конфигов (  0.0% от clean)
2026-06-22 19:21:14,766 | INFO     |     • trojan      :     0 конфигов (  0.0% от clean)
2026-06-22 19:21:14,766 | INFO     |     • vless       :    52 конфигов ( 58.4% от clean)
2026-06-22 19:21:14,766 | INFO     |     • vmess       :     0 конфигов (  0.0% от clean)
2026-06-22 19:21:14,766 | INFO     |   ✨ Новых CF-VLESS в этом запуске: 50
2026-06-22 19:21:14,766 | INFO     | 
2026-06-22 19:21:14,766 | INFO     |   ──────────────────────────────────────────────────
2026-06-22 19:21:14,766 | INFO     |   📈 ИТОГО:
2026-06-22 19:21:14,766 | INFO     |     Clean (после geo-фильтра):       99
2026-06-22 19:21:14,766 | INFO     |     RU-SNI (после SNI-фильтра):      52
2026-06-22 19:21:14,766 | INFO     |     Прошло фильтр:                 52.5%
2026-06-22 19:21:14,766 | INFO     |   ──────────────────────────────────────────────────
2026-06-22 19:21:14,767 | INFO     | ✅ Статистика сохранена: /home/runner/work/vpn-vless-configs-russia/vpn-vless-configs-russia/data/stats.json
2026-06-22 19:21:14,767 | INFO     | 
2026-06-22 19:21:14,767 | INFO     | ======================================================================
2026-06-22 19:21:14,767 | INFO     | 📊 ИТОГОВЫЙ ОТЧЁТ
2026-06-22 19:21:14,767 | INFO     | ======================================================================
2026-06-22 19:21:14,767 | INFO     |   ✅ OK         | Загрузка и geo-фильтрация
2026-06-22 19:21:14,767 | INFO     |   ✅ OK         | Генерация 50 уникальных CF-VLESS
2026-06-22 19:21:14,767 | INFO     |   ✅ OK         | Слияние CF с основным списком
2026-06-22 19:21:14,767 | INFO     |   ✅ OK         | Фильтрация по реальному SNI
2026-06-22 19:21:14,767 | INFO     |   ✅ OK         | Экспериментальный RU-SNI фильтр
2026-06-22 19:21:14,767 | INFO     |   ✅ OK         | Сбор статистики
2026-06-22 19:21:14,767 | INFO     | ──────────────────────────────────────────────────────────────────────
2026-06-22 19:21:14,767 | INFO     | ✅ ВСЕ ЭТАПЫ УСПЕШНЫ (6/6)
2026-06-22 19:21:14,767 | INFO     | ⏰ Время завершения: 2026-06-22 19:21:14
2026-06-22 19:21:14,767 | INFO     | ======================================================================
