2026-06-13 07:41:28,726 | INFO     | ======================================================================
2026-06-13 07:41:28,726 | INFO     | 🔍 VPN KEY CHECKER - Начало проверки
2026-06-13 07:41:28,726 | INFO     | ⏰ Время старта: 2026-06-13 07:41:28
2026-06-13 07:41:28,726 | INFO     | 📂 Рабочая директория: /home/runner/work/vpn-vless-configs-russia/vpn-vless-configs-russia
2026-06-13 07:41:28,726 | INFO     | ======================================================================
2026-06-13 07:41:28,726 | INFO     | 
2026-06-13 07:41:28,726 | INFO     | 🔍 Проверка наличия скриптов...
2026-06-13 07:41:28,726 | INFO     |   ✅ mirror.py
2026-06-13 07:41:28,727 | INFO     |   ✅ generate_cf_vless.py
2026-06-13 07:41:28,727 | INFO     |   ✅ filter_ru_sni.py
2026-06-13 07:41:28,727 | INFO     |   ✅ filter_ru_sni_local.py
2026-06-13 07:41:28,727 | INFO     | 
2026-06-13 07:41:28,727 | INFO     | ──────────────────────────────────────────────────────────────────────
2026-06-13 07:41:28,727 | INFO     | 📌 ЭТАП: Загрузка и geo-фильтрация
2026-06-13 07:41:28,727 | INFO     | ──────────────────────────────────────────────────────────────────────
2026-06-13 07:41:28,727 | INFO     | 🚀 Запуск mirror.py (Загрузка и фильтрация по РФ/СНГ/Европа)...
2026-06-13 07:42:09,783 | INFO     |   → DEBUG: mirror.py started
2026-06-13 07:42:09,783 | INFO     |   → DEBUG: BASE_PATH = /home/runner/work/vpn-vless-configs-russia/vpn-vless-configs-russia
2026-06-13 07:42:09,783 | INFO     |   → DEBUG: CONFIG_SOURCES_FILE = /home/runner/work/vpn-vless-configs-russia/vpn-vless-configs-russia/data/config_sources.json
2026-06-13 07:42:09,783 | INFO     |   → 📂 Загружено 76 источников из /home/runner/work/vpn-vless-configs-russia/vpn-vless-configs-russia/data/config_sources.json
2026-06-13 07:42:09,783 | INFO     |   → 🚀 Старт: всего источников: 76
2026-06-13 07:42:09,784 | INFO     |   → 1/76: ✅ 0 взято | 🗑️ 0 мусор
2026-06-13 07:42:09,784 | INFO     |   → 2/76: ✅ 0 взято | 🗑️ 0 мусор
2026-06-13 07:42:09,784 | INFO     |   → 3/76: ✅ 0 взято | 🗑️ 0 мусор
2026-06-13 07:42:09,784 | INFO     |   → 4/76: ✅ 0 взято | 🗑️ 0 мусор
2026-06-13 07:42:09,784 | INFO     |   → 5/76: ✅ 0 взято | 🗑️ 0 мусор
2026-06-13 07:42:09,784 | INFO     |   → 6/76: ✅ 0 взято | 🗑️ 0 мусор
2026-06-13 07:42:09,784 | INFO     |   → 7/76: ✅ 0 взято | 🗑️ 0 мусор
2026-06-13 07:42:09,784 | INFO     |   → 8/76: ✅ 0 взято | 🗑️ 0 мусор
2026-06-13 07:42:09,784 | INFO     |   → 9/76: ✅ 0 взято | 🗑️ 0 мусор
2026-06-13 07:42:09,784 | INFO     |   → 10/76: ✅ 0 взято | 🗑️ 0 мусор
2026-06-13 07:42:09,784 | INFO     |   → 11/76: ✅ 0 взято | 🗑️ 0 мусор
2026-06-13 07:42:09,784 | INFO     |   → 12/76: ✅ 0 взято | 🗑️ 0 мусор
2026-06-13 07:42:09,784 | INFO     |   → 13/76: ✅ 0 взято | 🗑️ 0 мусор
2026-06-13 07:42:09,784 | INFO     |   → 14/76: ✅ 0 взято | 🗑️ 0 мусор
2026-06-13 07:42:09,784 | INFO     |   → 15/76: ✅ 0 взято | 🗑️ 0 мусор
2026-06-13 07:42:09,784 | INFO     |   → 16/76: ✅ 0 взято | 🗑️ 0 мусор
2026-06-13 07:42:09,784 | INFO     |   → 17/76: ✅ 0 взято | 🗑️ 0 мусор
2026-06-13 07:42:09,784 | INFO     |   → 18/76: ✅ 0 взято | 🗑️ 0 мусор
2026-06-13 07:42:09,784 | INFO     |   → 19/76: ✅ 0 взято | 🗑️ 0 мусор
2026-06-13 07:42:09,784 | INFO     |   → 20/76: ✅ 0 взято | 🗑️ 0 мусор
2026-06-13 07:42:09,784 | INFO     |   → 21/76: ✅ 11 взято | 🗑️ 232 мусор
2026-06-13 07:42:09,784 | INFO     |   → 22/76: ✅ 4 взято | 🗑️ 151 мусор
2026-06-13 07:42:09,785 | INFO     |   → 23/76: ✅ 0 взято | 🗑️ 0 мусор
2026-06-13 07:42:09,785 | INFO     |   → 24/76: ✅ 0 взято | 🗑️ 0 мусор
2026-06-13 07:42:09,785 | INFO     |   → 25/76: ✅ 7 взято | 🗑️ 113 мусор
2026-06-13 07:42:09,785 | INFO     |   → 26/76: ✅ 0 взято | 🗑️ 0 мусор
2026-06-13 07:42:09,785 | INFO     |   → 27/76: ✅ 0 взято | 🗑️ 0 мусор
2026-06-13 07:42:09,785 | INFO     |   → 28/76: ✅ 2 взято | 🗑️ 124 мусор
2026-06-13 07:42:09,785 | INFO     |   → 29/76: ✅ 2 взято | 🗑️ 115 мусор
2026-06-13 07:42:09,785 | INFO     |   → 30/76: ✅ 7 взято | 🗑️ 179 мусор
2026-06-13 07:42:09,785 | INFO     |   → 31/76: ✅ 1 взято | 🗑️ 279 мусор
2026-06-13 07:42:09,785 | INFO     |   → 32/76: ✅ 1 взято | 🗑️ 109 мусор
2026-06-13 07:42:09,785 | INFO     |   → 33/76: ✅ 0 взято | 🗑️ 0 мусор
2026-06-13 07:42:09,785 | INFO     |   → 34/76: ✅ 0 взято | 🗑️ 0 мусор
2026-06-13 07:42:09,785 | INFO     |   → 35/76: ✅ 0 взято | 🗑️ 0 мусор
2026-06-13 07:42:09,785 | INFO     |   → 36/76: ✅ 0 взято | 🗑️ 0 мусор
2026-06-13 07:42:09,785 | INFO     |   → 37/76: ✅ 3 взято | 🗑️ 145 мусор
2026-06-13 07:42:09,785 | INFO     |   → 38/76: ✅ 0 взято | 🗑️ 0 мусор
2026-06-13 07:42:09,785 | INFO     |   → 39/76: ✅ 0 взято | 🗑️ 157 мусор
2026-06-13 07:42:09,785 | INFO     |   → 40/76: ✅ 0 взято | 🗑️ 0 мусор
2026-06-13 07:42:09,785 | INFO     |   → 41/76: ✅ 0 взято | 🗑️ 131 мусор
2026-06-13 07:42:09,785 | INFO     |   → 42/76: ✅ 0 взято | 🗑️ 0 мусор
2026-06-13 07:42:09,786 | INFO     |   → 43/76: ✅ 1 взято | 🗑️ 124 мусор
2026-06-13 07:42:09,786 | INFO     |   → 44/76: ✅ 0 взято | 🗑️ 0 мусор
2026-06-13 07:42:09,786 | INFO     |   → 45/76: ✅ 2 взято | 🗑️ 189 мусор
2026-06-13 07:42:09,786 | INFO     |   → 46/76: ✅ 0 взято | 🗑️ 0 мусор
2026-06-13 07:42:09,786 | INFO     |   → 47/76: ✅ 1 взято | 🗑️ 279 мусор
2026-06-13 07:42:09,786 | INFO     |   → 48/76: ✅ 0 взято | 🗑️ 0 мусор
2026-06-13 07:42:09,786 | INFO     |   → 49/76: ✅ 0 взято | 🗑️ 270 мусор
2026-06-13 07:42:09,786 | INFO     |   → 50/76: ✅ 0 взято | 🗑️ 0 мусор
2026-06-13 07:42:09,786 | INFO     |   → 51/76: ✅ 0 взято | 🗑️ 161 мусор
2026-06-13 07:42:09,786 | INFO     |   → 52/76: ✅ 0 взято | 🗑️ 0 мусор
2026-06-13 07:42:09,786 | INFO     |   → 53/76: ✅ 3 взято | 🗑️ 117 мусор
2026-06-13 07:42:09,786 | INFO     |   → 54/76: ✅ 0 взято | 🗑️ 0 мусор
2026-06-13 07:42:09,786 | INFO     |   → 55/76: ✅ 0 взято | 🗑️ 100 мусор
2026-06-13 07:42:09,786 | INFO     |   → 56/76: ✅ 0 взято | 🗑️ 0 мусор
2026-06-13 07:42:09,786 | INFO     |   → 57/76: ✅ 13 взято | 🗑️ 7 мусор
2026-06-13 07:42:09,786 | INFO     |   → 58/76: ✅ 0 взято | 🗑️ 7 мусор
2026-06-13 07:42:09,786 | INFO     |   → 59/76: ✅ 0 взято | 🗑️ 7 мусор
2026-06-13 07:42:09,786 | INFO     |   → 60/76: ✅ 0 взято | 🗑️ 7 мусор
2026-06-13 07:42:09,786 | INFO     |   → 61/76: ✅ 0 взято | 🗑️ 7 мусор
2026-06-13 07:42:09,787 | INFO     |   → 62/76: ✅ 0 взято | 🗑️ 7 мусор
2026-06-13 07:42:09,787 | INFO     |   → 63/76: ✅ 0 взято | 🗑️ 7 мусор
2026-06-13 07:42:09,787 | INFO     |   → 64/76: ✅ 5 взято | 🗑️ 9 мусор
2026-06-13 07:42:09,787 | INFO     |   → 65/76: ✅ 0 взято | 🗑️ 9 мусор
2026-06-13 07:42:09,787 | INFO     |   → 66/76: ✅ 0 взято | 🗑️ 9 мусор
2026-06-13 07:42:09,787 | INFO     |   → 67/76: ✅ 0 взято | 🗑️ 7 мусор
2026-06-13 07:42:09,787 | INFO     |   → 68/76: ✅ 0 взято | 🗑️ 7 мусор
2026-06-13 07:42:09,787 | INFO     |   → 69/76: ✅ 0 взято | 🗑️ 7 мусор
2026-06-13 07:42:09,787 | INFO     |   → 70/76: ✅ 0 взято | 🗑️ 7 мусор
2026-06-13 07:42:09,787 | INFO     |   → 71/76 ⚠️ Ошибка: HTTPSConnectionPool(host='oss.oneclash.cc', port=443): Read timed out. (read timeout=15) — https://oss.oneclash.cc/2026/06/20260608.txt
2026-06-13 07:42:09,787 | INFO     |   → 72/76: ✅ 0 взято | 🗑️ 7 мусор
2026-06-13 07:42:09,787 | INFO     |   → 73/76: ✅ 0 взято | 🗑️ 7 мусор
2026-06-13 07:42:09,787 | INFO     |   → 74/76: ✅ 0 взято | 🗑️ 9 мусор
2026-06-13 07:42:09,787 | INFO     |   → 75/76: ✅ 0 взято | 🗑️ 9 мусор
2026-06-13 07:42:09,787 | INFO     |   → 76/76: ✅ 0 взято | 🗑️ 9 мусор
2026-06-13 07:42:09,787 | INFO     |   → 📡 С sstap.org получено 0 ключей
2026-06-13 07:42:09,787 | INFO     |   → 📡 С sstap.org не добавлено ни одного ключа (все 0 отклонены фильтром)
2026-06-13 07:42:09,787 | INFO     |   → ✅ ГОТОВО!
2026-06-13 07:42:09,787 | INFO     |   →    📥 Всего ключей после фильтра: 63
2026-06-13 07:42:09,787 | INFO     |   →    🔗 Уникальных IP:PORT:SCHEME: 41
2026-06-13 07:42:09,787 | INFO     |   →    🗑️ Выброшено мусора: 3120
2026-06-13 07:42:09,788 | INFO     |   → 📊 По протоколам:
2026-06-13 07:42:09,788 | INFO     |   →    vless: 25
2026-06-13 07:42:09,788 | INFO     |   →    vmess: 2
2026-06-13 07:42:09,788 | INFO     |   →    trojan: 9
2026-06-13 07:42:09,788 | INFO     |   →    ss: 3
2026-06-13 07:42:09,788 | INFO     |   →    hysteria2: 2
2026-06-13 07:42:09,788 | INFO     | ✅ mirror.py завершён успешно
2026-06-13 07:42:09,788 | INFO     | 
2026-06-13 07:42:09,788 | INFO     | 
2026-06-13 07:42:09,788 | INFO     | ──────────────────────────────────────────────────────────────────────
2026-06-13 07:42:09,788 | INFO     | 📌 ЭТАП: Генерация 50 уникальных CF-VLESS
2026-06-13 07:42:09,788 | INFO     | ──────────────────────────────────────────────────────────────────────
2026-06-13 07:42:09,788 | INFO     | 🚀 Запуск generate_cf_vless.py (50 новых CF-VLESS)...
2026-06-13 07:42:09,955 | INFO     |   → === Генератор свежих VLESS-конфигов на IP Cloudflare ===
2026-06-13 07:42:09,955 | INFO     |   → ✅ Сгенерировано и сохранено 50 VLESS-конфигов.
2026-06-13 07:42:09,955 | INFO     |   → 📂 Файл: /home/runner/work/vpn-vless-configs-russia/vpn-vless-configs-russia/data/githubmirror/new/cf_fresh.txt
2026-06-13 07:42:09,955 | INFO     | ✅ generate_cf_vless.py завершён успешно
2026-06-13 07:42:09,955 | INFO     | 
2026-06-13 07:42:09,955 | INFO     | 
2026-06-13 07:42:09,955 | INFO     | ──────────────────────────────────────────────────────────────────────
2026-06-13 07:42:09,955 | INFO     | 📌 ЭТАП: Слияние CF с основным списком
2026-06-13 07:42:09,955 | INFO     | ──────────────────────────────────────────────────────────────────────
2026-06-13 07:42:09,957 | INFO     | 🔄 Добавлено 50 новых CF-VLESS в /home/runner/work/vpn-vless-configs-russia/vpn-vless-configs-russia/data/githubmirror/clean/vless.txt
2026-06-13 07:42:09,957 | INFO     | 📊 Всего в clean/vless.txt теперь: 75
2026-06-13 07:42:09,957 | INFO     | 
2026-06-13 07:42:09,957 | INFO     | 
2026-06-13 07:42:09,957 | INFO     | ──────────────────────────────────────────────────────────────────────
2026-06-13 07:42:09,957 | INFO     | 📌 ЭТАП: Фильтрация по реальному SNI
2026-06-13 07:42:09,957 | INFO     | ──────────────────────────────────────────────────────────────────────
2026-06-13 07:42:09,957 | INFO     | 🚀 Запуск filter_ru_sni.py (Фильтр по реальному SNI (CDN+RU))...
2026-06-13 07:42:09,984 | INFO     |   → hysteria2.txt: 2 → 1 (SNI-filtered)
2026-06-13 07:42:09,984 | INFO     |   →   ss.txt: 3 → 0 (SNI-filtered)
2026-06-13 07:42:09,985 | INFO     |   →   trojan.txt: 9 → 0 (SNI-filtered)
2026-06-13 07:42:09,985 | INFO     |   →   vless.txt: 75 → 56 (SNI-filtered)
2026-06-13 07:42:09,985 | INFO     |   →   vmess.txt: 2 → 0 (SNI-filtered)
2026-06-13 07:42:09,985 | INFO     |   → ==================================================
2026-06-13 07:42:09,985 | INFO     |   →   Всего входных:  91
2026-06-13 07:42:09,985 | INFO     |   →   Прошли фильтр:  57
2026-06-13 07:42:09,985 | INFO     |   →   Отброшено:      34
2026-06-13 07:42:09,985 | INFO     |   → ==================================================
2026-06-13 07:42:09,985 | INFO     |   → Готово → /home/runner/work/vpn-vless-configs-russia/vpn-vless-configs-russia/data/githubmirror/ru-sni
2026-06-13 07:42:09,985 | INFO     | ✅ filter_ru_sni.py завершён успешно
2026-06-13 07:42:09,985 | INFO     | 
2026-06-13 07:42:09,985 | INFO     | 
2026-06-13 07:42:09,985 | INFO     | ──────────────────────────────────────────────────────────────────────
2026-06-13 07:42:09,985 | INFO     | 📌 ЭТАП: Экспериментальный RU-SNI фильтр
2026-06-13 07:42:09,985 | INFO     | ──────────────────────────────────────────────────────────────────────
2026-06-13 07:42:09,985 | INFO     | 🚀 Запуск filter_ru_sni_local.py (Экспериментальный фильтр по RU-SNI)...
2026-06-13 07:42:10,013 | INFO     |   → hysteria2.txt: 2 → 0 (RU-SNI)
2026-06-13 07:42:10,013 | INFO     |   → ss.txt: 3 → 0 (RU-SNI)
2026-06-13 07:42:10,013 | INFO     |   → trojan.txt: 9 → 0 (RU-SNI)
2026-06-13 07:42:10,013 | INFO     |   → vless.txt: 75 → 1 (RU-SNI)
2026-06-13 07:42:10,013 | INFO     |   → vmess.txt: 2 → 0 (RU-SNI)
2026-06-13 07:42:10,013 | INFO     |   → ==================================================
2026-06-13 07:42:10,013 | INFO     |   → Всего входных:  91
2026-06-13 07:42:10,013 | INFO     |   → Прошли RU-SNI:  1
2026-06-13 07:42:10,014 | INFO     |   → Отброшено:      90
2026-06-13 07:42:10,014 | INFO     |   → ==================================================
2026-06-13 07:42:10,014 | INFO     |   → Готово → /home/runner/work/vpn-vless-configs-russia/vpn-vless-configs-russia/data/githubmirror/ru-sni-local
2026-06-13 07:42:10,014 | INFO     | ✅ filter_ru_sni_local.py завершён успешно
2026-06-13 07:42:10,014 | INFO     | 
2026-06-13 07:42:10,014 | INFO     | 
2026-06-13 07:42:10,014 | INFO     | ──────────────────────────────────────────────────────────────────────
2026-06-13 07:42:10,014 | INFO     | 📌 ЭТАП: Сбор статистики
2026-06-13 07:42:10,014 | INFO     | ──────────────────────────────────────────────────────────────────────
2026-06-13 07:42:10,014 | INFO     | 📊 Сбор статистики...
2026-06-13 07:42:10,014 | INFO     |   📁 githubmirror/clean:
2026-06-13 07:42:10,014 | INFO     |     • hysteria2   :     2 конфигов
2026-06-13 07:42:10,015 | INFO     |     • ss          :     3 конфигов
2026-06-13 07:42:10,015 | INFO     |     • trojan      :     9 конфигов
2026-06-13 07:42:10,015 | INFO     |     • vless       :    75 конфигов
2026-06-13 07:42:10,015 | INFO     |     • vmess       :     2 конфигов
2026-06-13 07:42:10,015 | INFO     |   📁 githubmirror/ru-sni:
2026-06-13 07:42:10,015 | INFO     |     • hysteria2   :     1 конфигов ( 50.0% от clean)
2026-06-13 07:42:10,015 | INFO     |     • ss          :     0 конфигов (  0.0% от clean)
2026-06-13 07:42:10,015 | INFO     |     • trojan      :     0 конфигов (  0.0% от clean)
2026-06-13 07:42:10,016 | INFO     |     • vless       :    56 конфигов ( 74.7% от clean)
2026-06-13 07:42:10,016 | INFO     |     • vmess       :     0 конфигов (  0.0% от clean)
2026-06-13 07:42:10,016 | INFO     |   ✨ Новых CF-VLESS в этом запуске: 50
2026-06-13 07:42:10,016 | INFO     | 
2026-06-13 07:42:10,016 | INFO     |   ──────────────────────────────────────────────────
2026-06-13 07:42:10,016 | INFO     |   📈 ИТОГО:
2026-06-13 07:42:10,016 | INFO     |     Clean (после geo-фильтра):       91
2026-06-13 07:42:10,016 | INFO     |     RU-SNI (после SNI-фильтра):      57
2026-06-13 07:42:10,016 | INFO     |     Прошло фильтр:                 62.6%
2026-06-13 07:42:10,016 | INFO     |   ──────────────────────────────────────────────────
2026-06-13 07:42:10,017 | INFO     | ✅ Статистика сохранена: /home/runner/work/vpn-vless-configs-russia/vpn-vless-configs-russia/data/stats.json
2026-06-13 07:42:10,017 | INFO     | 
2026-06-13 07:42:10,017 | INFO     | ======================================================================
2026-06-13 07:42:10,017 | INFO     | 📊 ИТОГОВЫЙ ОТЧЁТ
2026-06-13 07:42:10,017 | INFO     | ======================================================================
2026-06-13 07:42:10,017 | INFO     |   ✅ OK         | Загрузка и geo-фильтрация
2026-06-13 07:42:10,017 | INFO     |   ✅ OK         | Генерация 50 уникальных CF-VLESS
2026-06-13 07:42:10,017 | INFO     |   ✅ OK         | Слияние CF с основным списком
2026-06-13 07:42:10,017 | INFO     |   ✅ OK         | Фильтрация по реальному SNI
2026-06-13 07:42:10,017 | INFO     |   ✅ OK         | Экспериментальный RU-SNI фильтр
2026-06-13 07:42:10,017 | INFO     |   ✅ OK         | Сбор статистики
2026-06-13 07:42:10,017 | INFO     | ──────────────────────────────────────────────────────────────────────
2026-06-13 07:42:10,017 | INFO     | ✅ ВСЕ ЭТАПЫ УСПЕШНЫ (6/6)
2026-06-13 07:42:10,017 | INFO     | ⏰ Время завершения: 2026-06-13 07:42:10
2026-06-13 07:42:10,017 | INFO     | ======================================================================
