2026-06-23 14:22:17,390 | INFO     | ======================================================================
2026-06-23 14:22:17,390 | INFO     | 🔍 VPN KEY CHECKER - Начало проверки
2026-06-23 14:22:17,390 | INFO     | ⏰ Время старта: 2026-06-23 14:22:17
2026-06-23 14:22:17,390 | INFO     | 📂 Рабочая директория: /home/runner/work/vpn-vless-configs-russia/vpn-vless-configs-russia
2026-06-23 14:22:17,390 | INFO     | ======================================================================
2026-06-23 14:22:17,391 | INFO     | 
2026-06-23 14:22:17,391 | INFO     | 🔍 Проверка наличия скриптов...
2026-06-23 14:22:17,391 | INFO     |   ✅ mirror.py
2026-06-23 14:22:17,391 | INFO     |   ✅ generate_cf_vless.py
2026-06-23 14:22:17,391 | INFO     |   ✅ filter_ru_sni.py
2026-06-23 14:22:17,391 | INFO     |   ✅ filter_ru_sni_local.py
2026-06-23 14:22:17,391 | INFO     | 
2026-06-23 14:22:17,391 | INFO     | ──────────────────────────────────────────────────────────────────────
2026-06-23 14:22:17,391 | INFO     | 📌 ЭТАП: Загрузка и geo-фильтрация
2026-06-23 14:22:17,391 | INFO     | ──────────────────────────────────────────────────────────────────────
2026-06-23 14:22:17,391 | INFO     | 🚀 Запуск mirror.py (Загрузка и фильтрация по РФ/СНГ/Европа)...
2026-06-23 14:23:00,601 | INFO     |   → DEBUG: mirror.py started
2026-06-23 14:23:00,602 | INFO     |   → DEBUG: BASE_PATH = /home/runner/work/vpn-vless-configs-russia/vpn-vless-configs-russia
2026-06-23 14:23:00,602 | INFO     |   → DEBUG: CONFIG_SOURCES_FILE = /home/runner/work/vpn-vless-configs-russia/vpn-vless-configs-russia/data/config_sources.json
2026-06-23 14:23:00,602 | INFO     |   → 📂 Загружено 94 источников из /home/runner/work/vpn-vless-configs-russia/vpn-vless-configs-russia/data/config_sources.json
2026-06-23 14:23:00,602 | INFO     |   → 🚀 Старт: всего источников: 94
2026-06-23 14:23:00,602 | INFO     |   → 1/94: ✅ 0 взято | 🗑️ 0 мусор
2026-06-23 14:23:00,602 | INFO     |   → 2/94: ✅ 0 взято | 🗑️ 0 мусор
2026-06-23 14:23:00,602 | INFO     |   → 3/94: ✅ 0 взято | 🗑️ 0 мусор
2026-06-23 14:23:00,602 | INFO     |   → 4/94: ✅ 0 взято | 🗑️ 0 мусор
2026-06-23 14:23:00,602 | INFO     |   → 5/94: ✅ 0 взято | 🗑️ 0 мусор
2026-06-23 14:23:00,602 | INFO     |   → 6/94: ✅ 0 взято | 🗑️ 0 мусор
2026-06-23 14:23:00,602 | INFO     |   → 7/94: ✅ 0 взято | 🗑️ 0 мусор
2026-06-23 14:23:00,602 | INFO     |   → 8/94: ✅ 0 взято | 🗑️ 0 мусор
2026-06-23 14:23:00,602 | INFO     |   → 9/94 ⚠️ Ошибка: HTTPSConnectionPool(host='free.datiya.com', port=443): Read timed out. (read timeout=15) — https://free.datiya.com/uploads/20260617-clash.yaml
2026-06-23 14:23:00,602 | INFO     |   → 10/94: ✅ 0 взято | 🗑️ 0 мусор
2026-06-23 14:23:00,602 | INFO     |   → 11/94: ✅ 0 взято | 🗑️ 0 мусор
2026-06-23 14:23:00,602 | INFO     |   → 12/94: ✅ 0 взято | 🗑️ 0 мусор
2026-06-23 14:23:00,602 | INFO     |   → 13/94: ✅ 0 взято | 🗑️ 0 мусор
2026-06-23 14:23:00,602 | INFO     |   → 14/94: ✅ 0 взято | 🗑️ 0 мусор
2026-06-23 14:23:00,603 | INFO     |   → 15/94: ✅ 0 взято | 🗑️ 0 мусор
2026-06-23 14:23:00,603 | INFO     |   → 16/94: ✅ 0 взято | 🗑️ 0 мусор
2026-06-23 14:23:00,603 | INFO     |   → 17/94: ✅ 0 взято | 🗑️ 0 мусор
2026-06-23 14:23:00,603 | INFO     |   → 18/94: ✅ 0 взято | 🗑️ 0 мусор
2026-06-23 14:23:00,603 | INFO     |   → 19/94: ✅ 0 взято | 🗑️ 0 мусор
2026-06-23 14:23:00,603 | INFO     |   → 20/94: ✅ 0 взято | 🗑️ 0 мусор
2026-06-23 14:23:00,603 | INFO     |   → 21/94: ✅ 0 взято | 🗑️ 0 мусор
2026-06-23 14:23:00,603 | INFO     |   → 22/94: ✅ 0 взято | 🗑️ 0 мусор
2026-06-23 14:23:00,603 | INFO     |   → 23/94: ✅ 5 взято | 🗑️ 166 мусор
2026-06-23 14:23:00,603 | INFO     |   → 24/94: ✅ 0 взято | 🗑️ 115 мусор
2026-06-23 14:23:00,603 | INFO     |   → 25/94: ✅ 0 взято | 🗑️ 0 мусор
2026-06-23 14:23:00,603 | INFO     |   → 26/94: ✅ 0 взято | 🗑️ 0 мусор
2026-06-23 14:23:00,603 | INFO     |   → 27/94: ✅ 0 взято | 🗑️ 0 мусор
2026-06-23 14:23:00,603 | INFO     |   → 28/94: ✅ 0 взято | 🗑️ 0 мусор
2026-06-23 14:23:00,603 | INFO     |   → 29/94: ✅ 1 взято | 🗑️ 169 мусор
2026-06-23 14:23:00,603 | INFO     |   → 30/94: ✅ 0 взято | 🗑️ 0 мусор
2026-06-23 14:23:00,603 | INFO     |   → 31/94: ✅ 1 взято | 🗑️ 213 мусор
2026-06-23 14:23:00,603 | INFO     |   → 32/94: ✅ 0 взято | 🗑️ 0 мусор
2026-06-23 14:23:00,603 | INFO     |   → 33/94: ✅ 0 взято | 🗑️ 0 мусор
2026-06-23 14:23:00,603 | INFO     |   → 34/94: ✅ 3 взято | 🗑️ 99 мусор
2026-06-23 14:23:00,604 | INFO     |   → 35/94: ✅ 0 взято | 🗑️ 0 мусор
2026-06-23 14:23:00,604 | INFO     |   → 36/94: ✅ 0 взято | 🗑️ 117 мусор
2026-06-23 14:23:00,604 | INFO     |   → 37/94: ✅ 11 взято | 🗑️ 225 мусор
2026-06-23 14:23:00,604 | INFO     |   → 38/94: ✅ 1 взято | 🗑️ 141 мусор
2026-06-23 14:23:00,604 | INFO     |   → 39/94: ✅ 0 взято | 🗑️ 96 мусор
2026-06-23 14:23:00,604 | INFO     |   → 40/94: ✅ 0 взято | 🗑️ 0 мусор
2026-06-23 14:23:00,604 | INFO     |   → 41/94: ✅ 0 взято | 🗑️ 0 мусор
2026-06-23 14:23:00,604 | INFO     |   → 42/94: ✅ 0 взято | 🗑️ 137 мусор
2026-06-23 14:23:00,604 | INFO     |   → 43/94: ✅ 0 взято | 🗑️ 112 мусор
2026-06-23 14:23:00,604 | INFO     |   → 44/94: ✅ 0 взято | 🗑️ 0 мусор
2026-06-23 14:23:00,604 | INFO     |   → 45/94: ✅ 3 взято | 🗑️ 100 мусор
2026-06-23 14:23:00,604 | INFO     |   → 46/94: ✅ 0 взято | 🗑️ 0 мусор
2026-06-23 14:23:00,604 | INFO     |   → 47/94: ✅ 1 взято | 🗑️ 171 мусор
2026-06-23 14:23:00,604 | INFO     |   → 48/94: ✅ 0 взято | 🗑️ 0 мусор
2026-06-23 14:23:00,604 | INFO     |   → 49/94: ✅ 0 взято | 🗑️ 202 мусор
2026-06-23 14:23:00,604 | INFO     |   → 50/94: ✅ 0 взято | 🗑️ 0 мусор
2026-06-23 14:23:00,604 | INFO     |   → 51/94: ✅ 0 взято | 🗑️ 138 мусор
2026-06-23 14:23:00,604 | INFO     |   → 52/94: ✅ 0 взято | 🗑️ 0 мусор
2026-06-23 14:23:00,605 | INFO     |   → 53/94: ✅ 0 взято | 🗑️ 236 мусор
2026-06-23 14:23:00,605 | INFO     |   → 54/94: ✅ 0 взято | 🗑️ 0 мусор
2026-06-23 14:23:00,605 | INFO     |   → 55/94: ✅ 0 взято | 🗑️ 192 мусор
2026-06-23 14:23:00,605 | INFO     |   → 56/94: ✅ 0 взято | 🗑️ 0 мусор
2026-06-23 14:23:00,605 | INFO     |   → 57/94: ✅ 1 взято | 🗑️ 174 мусор
2026-06-23 14:23:00,605 | INFO     |   → 58/94: ✅ 0 взято | 🗑️ 0 мусор
2026-06-23 14:23:00,605 | INFO     |   → 59/94: ✅ 1 взято | 🗑️ 149 мусор
2026-06-23 14:23:00,605 | INFO     |   → 60/94: ✅ 0 взято | 🗑️ 0 мусор
2026-06-23 14:23:00,605 | INFO     |   → 61/94: ✅ 3 взято | 🗑️ 147 мусор
2026-06-23 14:23:00,605 | INFO     |   → 62/94: ✅ 0 взято | 🗑️ 0 мусор
2026-06-23 14:23:00,605 | INFO     |   → 63/94: ✅ 2 взято | 🗑️ 196 мусор
2026-06-23 14:23:00,605 | INFO     |   → 64/94: ✅ 0 взято | 🗑️ 0 мусор
2026-06-23 14:23:00,605 | INFO     |   → 65/94: ✅ 2 взято | 🗑️ 277 мусор
2026-06-23 14:23:00,605 | INFO     |   → 66/94: ✅ 0 взято | 🗑️ 0 мусор
2026-06-23 14:23:00,605 | INFO     |   → 67/94: ✅ 5 взято | 🗑️ 9 мусор
2026-06-23 14:23:00,605 | INFO     |   → 68/94: ✅ 0 взято | 🗑️ 9 мусор
2026-06-23 14:23:00,605 | INFO     |   → 69/94: ✅ 0 взято | 🗑️ 9 мусор
2026-06-23 14:23:00,605 | INFO     |   → 70/94: ✅ 0 взято | 🗑️ 9 мусор
2026-06-23 14:23:00,605 | INFO     |   → 71/94: ✅ 0 взято | 🗑️ 9 мусор
2026-06-23 14:23:00,605 | INFO     |   → 72/94: ✅ 0 взято | 🗑️ 9 мусор
2026-06-23 14:23:00,605 | INFO     |   → 73/94: ✅ 0 взято | 🗑️ 9 мусор
2026-06-23 14:23:00,606 | INFO     |   → 74/94: ✅ 0 взято | 🗑️ 9 мусор
2026-06-23 14:23:00,606 | INFO     |   → 75/94: ✅ 13 взято | 🗑️ 10 мусор
2026-06-23 14:23:00,606 | INFO     |   → 76/94: ✅ 0 взято | 🗑️ 10 мусор
2026-06-23 14:23:00,606 | INFO     |   → 77/94: ✅ 0 взято | 🗑️ 10 мусор
2026-06-23 14:23:00,606 | INFO     |   → 78/94: ✅ 0 взято | 🗑️ 9 мусор
2026-06-23 14:23:00,606 | INFO     |   → 79/94: ✅ 0 взято | 🗑️ 9 мусор
2026-06-23 14:23:00,606 | INFO     |   → 80/94: ✅ 0 взято | 🗑️ 9 мусор
2026-06-23 14:23:00,606 | INFO     |   → 81/94: ✅ 0 взято | 🗑️ 9 мусор
2026-06-23 14:23:00,606 | INFO     |   → 82/94: ✅ 0 взято | 🗑️ 9 мусор
2026-06-23 14:23:00,606 | INFO     |   → 83/94: ✅ 0 взято | 🗑️ 9 мусор
2026-06-23 14:23:00,606 | INFO     |   → 84/94: ✅ 0 взято | 🗑️ 9 мусор
2026-06-23 14:23:00,606 | INFO     |   → 85/94: ✅ 0 взято | 🗑️ 9 мусор
2026-06-23 14:23:00,606 | INFO     |   → 86/94: ✅ 0 взято | 🗑️ 10 мусор
2026-06-23 14:23:00,606 | INFO     |   → 87/94: ✅ 0 взято | 🗑️ 10 мусор
2026-06-23 14:23:00,606 | INFO     |   → 88/94: ✅ 0 взято | 🗑️ 10 мусор
2026-06-23 14:23:00,606 | INFO     |   → 89/94: ✅ 0 взято | 🗑️ 0 мусор
2026-06-23 14:23:00,606 | INFO     |   → 90/94: ✅ 4 взято | 🗑️ 458 мусор
2026-06-23 14:23:00,606 | INFO     |   → 91/94: ✅ 0 взято | 🗑️ 0 мусор
2026-06-23 14:23:00,607 | INFO     |   → 92/94: ✅ 1 взято | 🗑️ 164 мусор
2026-06-23 14:23:00,607 | INFO     |   → 93/94: ✅ 0 взято | 🗑️ 0 мусор
2026-06-23 14:23:00,607 | INFO     |   → 94/94: ✅ 6 взято | 🗑️ 221 мусор
2026-06-23 14:23:00,607 | INFO     |   → 📡 С sstap.org получено 0 ключей
2026-06-23 14:23:00,607 | INFO     |   → 📡 С sstap.org не добавлено ни одного ключа (все 0 отклонены фильтром)
2026-06-23 14:23:00,607 | INFO     |   → ✅ ГОТОВО!
2026-06-23 14:23:00,607 | INFO     |   →    📥 Всего ключей после фильтра: 64
2026-06-23 14:23:00,607 | INFO     |   →    🔗 Уникальных IP:PORT:SCHEME: 51
2026-06-23 14:23:00,607 | INFO     |   →    🗑️ Выброшено мусора: 4619
2026-06-23 14:23:00,607 | INFO     |   → 📊 По протоколам:
2026-06-23 14:23:00,607 | INFO     |   →    vless: 41
2026-06-23 14:23:00,607 | INFO     |   →    vmess: 1
2026-06-23 14:23:00,607 | INFO     |   →    trojan: 7
2026-06-23 14:23:00,607 | INFO     |   →    hysteria2: 2
2026-06-23 14:23:00,607 | INFO     | ✅ mirror.py завершён успешно
2026-06-23 14:23:00,607 | INFO     | 
2026-06-23 14:23:00,607 | INFO     | 
2026-06-23 14:23:00,607 | INFO     | ──────────────────────────────────────────────────────────────────────
2026-06-23 14:23:00,607 | INFO     | 📌 ЭТАП: Генерация 50 уникальных CF-VLESS
2026-06-23 14:23:00,607 | INFO     | ──────────────────────────────────────────────────────────────────────
2026-06-23 14:23:00,607 | INFO     | 🚀 Запуск generate_cf_vless.py (50 новых CF-VLESS)...
2026-06-23 14:23:00,782 | INFO     |   → === Генератор свежих VLESS-конфигов на IP Cloudflare ===
2026-06-23 14:23:00,782 | INFO     |   → ✅ Сгенерировано и сохранено 50 VLESS-конфигов.
2026-06-23 14:23:00,782 | INFO     |   → 📂 Файл: /home/runner/work/vpn-vless-configs-russia/vpn-vless-configs-russia/data/githubmirror/new/cf_fresh.txt
2026-06-23 14:23:00,782 | INFO     | ✅ generate_cf_vless.py завершён успешно
2026-06-23 14:23:00,782 | INFO     | 
2026-06-23 14:23:00,782 | INFO     | 
2026-06-23 14:23:00,782 | INFO     | ──────────────────────────────────────────────────────────────────────
2026-06-23 14:23:00,782 | INFO     | 📌 ЭТАП: Слияние CF с основным списком
2026-06-23 14:23:00,782 | INFO     | ──────────────────────────────────────────────────────────────────────
2026-06-23 14:23:00,785 | INFO     | 🔄 Добавлено 50 новых CF-VLESS в /home/runner/work/vpn-vless-configs-russia/vpn-vless-configs-russia/data/githubmirror/clean/vless.txt
2026-06-23 14:23:00,785 | INFO     | 📊 Всего в clean/vless.txt теперь: 91
2026-06-23 14:23:00,785 | INFO     | 
2026-06-23 14:23:00,785 | INFO     | 
2026-06-23 14:23:00,785 | INFO     | ──────────────────────────────────────────────────────────────────────
2026-06-23 14:23:00,785 | INFO     | 📌 ЭТАП: Фильтрация по реальному SNI
2026-06-23 14:23:00,785 | INFO     | ──────────────────────────────────────────────────────────────────────
2026-06-23 14:23:00,785 | INFO     | 🚀 Запуск filter_ru_sni.py (Фильтр по реальному SNI (CDN+RU))...
2026-06-23 14:23:00,814 | INFO     |   → hysteria2.txt: 2 → 0 (SNI-filtered)
2026-06-23 14:23:00,814 | INFO     |   →   trojan.txt: 7 → 0 (SNI-filtered)
2026-06-23 14:23:00,814 | INFO     |   →   vless.txt: 91 → 53 (SNI-filtered)
2026-06-23 14:23:00,814 | INFO     |   →   vmess.txt: 1 → 0 (SNI-filtered)
2026-06-23 14:23:00,814 | INFO     |   → ==================================================
2026-06-23 14:23:00,814 | INFO     |   →   Всего входных:  101
2026-06-23 14:23:00,814 | INFO     |   →   Прошли фильтр:  53
2026-06-23 14:23:00,814 | INFO     |   →   Отброшено:      48
2026-06-23 14:23:00,814 | INFO     |   → ==================================================
2026-06-23 14:23:00,814 | INFO     |   → Готово → /home/runner/work/vpn-vless-configs-russia/vpn-vless-configs-russia/data/githubmirror/ru-sni
2026-06-23 14:23:00,814 | INFO     | ✅ filter_ru_sni.py завершён успешно
2026-06-23 14:23:00,814 | INFO     | 
2026-06-23 14:23:00,814 | INFO     | 
2026-06-23 14:23:00,814 | INFO     | ──────────────────────────────────────────────────────────────────────
2026-06-23 14:23:00,814 | INFO     | 📌 ЭТАП: Экспериментальный RU-SNI фильтр
2026-06-23 14:23:00,814 | INFO     | ──────────────────────────────────────────────────────────────────────
2026-06-23 14:23:00,814 | INFO     | 🚀 Запуск filter_ru_sni_local.py (Экспериментальный фильтр по RU-SNI)...
2026-06-23 14:23:00,843 | INFO     |   → hysteria2.txt: 2 → 0 (RU-SNI)
2026-06-23 14:23:00,843 | INFO     |   → trojan.txt: 7 → 0 (RU-SNI)
2026-06-23 14:23:00,844 | INFO     |   → vless.txt: 91 → 0 (RU-SNI)
2026-06-23 14:23:00,844 | INFO     |   → vmess.txt: 1 → 0 (RU-SNI)
2026-06-23 14:23:00,844 | INFO     |   → ==================================================
2026-06-23 14:23:00,844 | INFO     |   → Всего входных:  101
2026-06-23 14:23:00,844 | INFO     |   → Прошли RU-SNI:  0
2026-06-23 14:23:00,844 | INFO     |   → Отброшено:      101
2026-06-23 14:23:00,844 | INFO     |   → ==================================================
2026-06-23 14:23:00,844 | INFO     |   → Готово → /home/runner/work/vpn-vless-configs-russia/vpn-vless-configs-russia/data/githubmirror/ru-sni-local
2026-06-23 14:23:00,844 | INFO     | ✅ filter_ru_sni_local.py завершён успешно
2026-06-23 14:23:00,844 | INFO     | 
2026-06-23 14:23:00,844 | INFO     | 
2026-06-23 14:23:00,844 | INFO     | ──────────────────────────────────────────────────────────────────────
2026-06-23 14:23:00,844 | INFO     | 📌 ЭТАП: Сбор статистики
2026-06-23 14:23:00,844 | INFO     | ──────────────────────────────────────────────────────────────────────
2026-06-23 14:23:00,844 | INFO     | 📊 Сбор статистики...
2026-06-23 14:23:00,844 | INFO     |   📁 githubmirror/clean:
2026-06-23 14:23:00,845 | INFO     |     • hysteria2   :     2 конфигов
2026-06-23 14:23:00,845 | INFO     |     • trojan      :     7 конфигов
2026-06-23 14:23:00,845 | INFO     |     • vless       :    91 конфигов
2026-06-23 14:23:00,845 | INFO     |     • vmess       :     1 конфигов
2026-06-23 14:23:00,845 | INFO     |   📁 githubmirror/ru-sni:
2026-06-23 14:23:00,845 | INFO     |     • hysteria2   :     0 конфигов (  0.0% от clean)
2026-06-23 14:23:00,846 | INFO     |     • trojan      :     0 конфигов (  0.0% от clean)
2026-06-23 14:23:00,846 | INFO     |     • vless       :    53 конфигов ( 58.2% от clean)
2026-06-23 14:23:00,846 | INFO     |     • vmess       :     0 конфигов (  0.0% от clean)
2026-06-23 14:23:00,846 | INFO     |   ✨ Новых CF-VLESS в этом запуске: 50
2026-06-23 14:23:00,846 | INFO     | 
2026-06-23 14:23:00,846 | INFO     |   ──────────────────────────────────────────────────
2026-06-23 14:23:00,846 | INFO     |   📈 ИТОГО:
2026-06-23 14:23:00,846 | INFO     |     Clean (после geo-фильтра):      101
2026-06-23 14:23:00,846 | INFO     |     RU-SNI (после SNI-фильтра):      53
2026-06-23 14:23:00,846 | INFO     |     Прошло фильтр:                 52.5%
2026-06-23 14:23:00,846 | INFO     |   ──────────────────────────────────────────────────
2026-06-23 14:23:00,847 | INFO     | ✅ Статистика сохранена: /home/runner/work/vpn-vless-configs-russia/vpn-vless-configs-russia/data/stats.json
2026-06-23 14:23:00,847 | INFO     | 
2026-06-23 14:23:00,847 | INFO     | ======================================================================
2026-06-23 14:23:00,847 | INFO     | 📊 ИТОГОВЫЙ ОТЧЁТ
2026-06-23 14:23:00,847 | INFO     | ======================================================================
2026-06-23 14:23:00,847 | INFO     |   ✅ OK         | Загрузка и geo-фильтрация
2026-06-23 14:23:00,847 | INFO     |   ✅ OK         | Генерация 50 уникальных CF-VLESS
2026-06-23 14:23:00,847 | INFO     |   ✅ OK         | Слияние CF с основным списком
2026-06-23 14:23:00,847 | INFO     |   ✅ OK         | Фильтрация по реальному SNI
2026-06-23 14:23:00,847 | INFO     |   ✅ OK         | Экспериментальный RU-SNI фильтр
2026-06-23 14:23:00,847 | INFO     |   ✅ OK         | Сбор статистики
2026-06-23 14:23:00,847 | INFO     | ──────────────────────────────────────────────────────────────────────
2026-06-23 14:23:00,847 | INFO     | ✅ ВСЕ ЭТАПЫ УСПЕШНЫ (6/6)
2026-06-23 14:23:00,847 | INFO     | ⏰ Время завершения: 2026-06-23 14:23:00
2026-06-23 14:23:00,847 | INFO     | ======================================================================
