2026-07-01 08:04:06,005 | INFO     | ======================================================================
2026-07-01 08:04:06,005 | INFO     | 🔍 VPN KEY CHECKER - Начало проверки
2026-07-01 08:04:06,005 | INFO     | ⏰ Время старта: 2026-07-01 08:04:06
2026-07-01 08:04:06,005 | INFO     | 📂 Рабочая директория: /home/runner/work/vpn-vless-configs-russia/vpn-vless-configs-russia
2026-07-01 08:04:06,005 | INFO     | ======================================================================
2026-07-01 08:04:06,005 | INFO     | 
2026-07-01 08:04:06,005 | INFO     | 🔍 Проверка наличия скриптов...
2026-07-01 08:04:06,005 | INFO     |   ✅ mirror.py
2026-07-01 08:04:06,005 | INFO     |   ✅ generate_cf_vless.py
2026-07-01 08:04:06,005 | INFO     |   ✅ filter_ru_sni.py
2026-07-01 08:04:06,005 | INFO     |   ✅ filter_ru_sni_local.py
2026-07-01 08:04:06,005 | INFO     | 
2026-07-01 08:04:06,005 | INFO     | ──────────────────────────────────────────────────────────────────────
2026-07-01 08:04:06,005 | INFO     | 📌 ЭТАП: Загрузка и geo-фильтрация
2026-07-01 08:04:06,005 | INFO     | ──────────────────────────────────────────────────────────────────────
2026-07-01 08:04:06,005 | INFO     | 🚀 Запуск mirror.py (Загрузка и фильтрация по РФ/СНГ/Европа)...
2026-07-01 08:04:59,294 | INFO     |   → DEBUG: mirror.py started
2026-07-01 08:04:59,294 | INFO     |   → DEBUG: BASE_PATH = /home/runner/work/vpn-vless-configs-russia/vpn-vless-configs-russia
2026-07-01 08:04:59,294 | INFO     |   → DEBUG: CONFIG_SOURCES_FILE = /home/runner/work/vpn-vless-configs-russia/vpn-vless-configs-russia/data/config_sources.json
2026-07-01 08:04:59,294 | INFO     |   → 📂 Загружено 157 источников из /home/runner/work/vpn-vless-configs-russia/vpn-vless-configs-russia/data/config_sources.json
2026-07-01 08:04:59,294 | INFO     |   → 🚀 Старт: всего источников: 157
2026-07-01 08:04:59,294 | INFO     |   → 1/157: ✅ 0 взято | 🗑️ 0 мусор
2026-07-01 08:04:59,294 | INFO     |   → 2/157: ✅ 0 взято | 🗑️ 0 мусор
2026-07-01 08:04:59,294 | INFO     |   → 3/157: ✅ 0 взято | 🗑️ 0 мусор
2026-07-01 08:04:59,295 | INFO     |   → 4/157: ✅ 0 взято | 🗑️ 0 мусор
2026-07-01 08:04:59,295 | INFO     |   → 5/157: ✅ 0 взято | 🗑️ 0 мусор
2026-07-01 08:04:59,295 | INFO     |   → 6/157: ✅ 0 взято | 🗑️ 0 мусор
2026-07-01 08:04:59,295 | INFO     |   → 7/157: ✅ 0 взято | 🗑️ 0 мусор
2026-07-01 08:04:59,295 | INFO     |   → 8/157: ✅ 0 взято | 🗑️ 0 мусор
2026-07-01 08:04:59,295 | INFO     |   → 9/157: ✅ 0 взято | 🗑️ 0 мусор
2026-07-01 08:04:59,295 | INFO     |   → 10/157: ✅ 0 взято | 🗑️ 0 мусор
2026-07-01 08:04:59,295 | INFO     |   → 11/157: ✅ 0 взято | 🗑️ 0 мусор
2026-07-01 08:04:59,295 | INFO     |   → 12/157: ✅ 0 взято | 🗑️ 0 мусор
2026-07-01 08:04:59,295 | INFO     |   → 13/157: ✅ 0 взято | 🗑️ 0 мусор
2026-07-01 08:04:59,295 | INFO     |   → 14/157: ✅ 0 взято | 🗑️ 0 мусор
2026-07-01 08:04:59,295 | INFO     |   → 15/157: ✅ 0 взято | 🗑️ 0 мусор
2026-07-01 08:04:59,295 | INFO     |   → 16/157: ✅ 0 взято | 🗑️ 0 мусор
2026-07-01 08:04:59,295 | INFO     |   → 17/157: ✅ 0 взято | 🗑️ 0 мусор
2026-07-01 08:04:59,295 | INFO     |   → 18/157: ✅ 0 взято | 🗑️ 0 мусор
2026-07-01 08:04:59,295 | INFO     |   → 19/157: ✅ 0 взято | 🗑️ 0 мусор
2026-07-01 08:04:59,295 | INFO     |   → 20/157: ✅ 0 взято | 🗑️ 0 мусор
2026-07-01 08:04:59,295 | INFO     |   → 21/157: ✅ 0 взято | 🗑️ 0 мусор
2026-07-01 08:04:59,295 | INFO     |   → 22/157: ✅ 0 взято | 🗑️ 0 мусор
2026-07-01 08:04:59,295 | INFO     |   → 23/157: ✅ 0 взято | 🗑️ 0 мусор
2026-07-01 08:04:59,295 | INFO     |   → 24/157: ✅ 0 взято | 🗑️ 0 мусор
2026-07-01 08:04:59,295 | INFO     |   → 25/157: ✅ 0 взято | 🗑️ 0 мусор
2026-07-01 08:04:59,295 | INFO     |   → 26/157: ✅ 0 взято | 🗑️ 0 мусор
2026-07-01 08:04:59,295 | INFO     |   → 27/157: ✅ 0 взято | 🗑️ 0 мусор
2026-07-01 08:04:59,296 | INFO     |   → 28/157: ✅ 0 взято | 🗑️ 0 мусор
2026-07-01 08:04:59,296 | INFO     |   → 29/157: ✅ 0 взято | 🗑️ 0 мусор
2026-07-01 08:04:59,296 | INFO     |   → 30/157: ✅ 0 взято | 🗑️ 0 мусор
2026-07-01 08:04:59,296 | INFO     |   → 31/157: ✅ 0 взято | 🗑️ 0 мусор
2026-07-01 08:04:59,296 | INFO     |   → 32/157: ✅ 0 взято | 🗑️ 0 мусор
2026-07-01 08:04:59,296 | INFO     |   → 33/157: ✅ 0 взято | 🗑️ 0 мусор
2026-07-01 08:04:59,296 | INFO     |   → 34/157: ✅ 0 взято | 🗑️ 0 мусор
2026-07-01 08:04:59,296 | INFO     |   → 35/157: ✅ 0 взято | 🗑️ 0 мусор
2026-07-01 08:04:59,296 | INFO     |   → 36/157: ✅ 0 взято | 🗑️ 0 мусор
2026-07-01 08:04:59,296 | INFO     |   → 37/157: ✅ 0 взято | 🗑️ 0 мусор
2026-07-01 08:04:59,296 | INFO     |   → 38/157: ✅ 0 взято | 🗑️ 0 мусор
2026-07-01 08:04:59,296 | INFO     |   → 39/157: ✅ 0 взято | 🗑️ 0 мусор
2026-07-01 08:04:59,296 | INFO     |   → 40/157: ✅ 5 взято | 🗑️ 133 мусор
2026-07-01 08:04:59,296 | INFO     |   → 41/157: ✅ 5 взято | 🗑️ 166 мусор
2026-07-01 08:04:59,296 | INFO     |   → 42/157: ✅ 2 взято | 🗑️ 114 мусор
2026-07-01 08:04:59,296 | INFO     |   → 43/157: ✅ 0 взято | 🗑️ 115 мусор
2026-07-01 08:04:59,296 | INFO     |   → 44/157: ✅ 5 взято | 🗑️ 161 мусор
2026-07-01 08:04:59,296 | INFO     |   → 45/157: ✅ 2 взято | 🗑️ 60 мусор
2026-07-01 08:04:59,296 | INFO     |   → 46/157: ✅ 0 взято | 🗑️ 0 мусор
2026-07-01 08:04:59,296 | INFO     |   → 47/157: ✅ 0 взято | 🗑️ 0 мусор
2026-07-01 08:04:59,296 | INFO     |   → 48/157: ✅ 0 взято | 🗑️ 0 мусор
2026-07-01 08:04:59,296 | INFO     |   → 49/157: ✅ 1 взято | 🗑️ 226 мусор
2026-07-01 08:04:59,296 | INFO     |   → 50/157: ✅ 0 взято | 🗑️ 0 мусор
2026-07-01 08:04:59,296 | INFO     |   → 51/157: ✅ 1 взято | 🗑️ 169 мусор
2026-07-01 08:04:59,297 | INFO     |   → 52/157: ✅ 0 взято | 🗑️ 0 мусор
2026-07-01 08:04:59,297 | INFO     |   → 53/157: ✅ 0 взято | 🗑️ 0 мусор
2026-07-01 08:04:59,297 | INFO     |   → 54/157: ✅ 1 взято | 🗑️ 213 мусор
2026-07-01 08:04:59,297 | INFO     |   → 55/157: ✅ 0 взято | 🗑️ 0 мусор
2026-07-01 08:04:59,297 | INFO     |   → 56/157: ✅ 0 взято | 🗑️ 0 мусор
2026-07-01 08:04:59,297 | INFO     |   → 57/157: ✅ 2 взято | 🗑️ 60 мусор
2026-07-01 08:04:59,297 | INFO     |   → 58/157: ✅ 0 взято | 🗑️ 0 мусор
2026-07-01 08:04:59,297 | INFO     |   → 59/157: ✅ 3 взято | 🗑️ 99 мусор
2026-07-01 08:04:59,297 | INFO     |   → 60/157: ✅ 0 взято | 🗑️ 0 мусор
2026-07-01 08:04:59,297 | INFO     |   → 61/157: ✅ 0 взято | 🗑️ 0 мусор
2026-07-01 08:04:59,297 | INFO     |   → 62/157: ✅ 1 взято | 🗑️ 96 мусор
2026-07-01 08:04:59,297 | INFO     |   → 63/157: ✅ 0 взято | 🗑️ 117 мусор
2026-07-01 08:04:59,297 | INFO     |   → 64/157: ✅ 11 взято | 🗑️ 225 мусор
2026-07-01 08:04:59,297 | INFO     |   → 65/157: ✅ 1 взято | 🗑️ 141 мусор
2026-07-01 08:04:59,297 | INFO     |   → 66/157: ✅ 0 взято | 🗑️ 96 мусор
2026-07-01 08:04:59,297 | INFO     |   → 67/157: ✅ 0 взято | 🗑️ 263 мусор
2026-07-01 08:04:59,297 | INFO     |   → 68/157: ✅ 0 взято | 🗑️ 0 мусор
2026-07-01 08:04:59,297 | INFO     |   → 69/157: ✅ 0 взято | 🗑️ 0 мусор
2026-07-01 08:04:59,297 | INFO     |   → 70/157: ✅ 0 взято | 🗑️ 0 мусор
2026-07-01 08:04:59,297 | INFO     |   → 71/157: ✅ 0 взято | 🗑️ 137 мусор
2026-07-01 08:04:59,297 | INFO     |   → 72/157: ✅ 0 взято | 🗑️ 0 мусор
2026-07-01 08:04:59,297 | INFO     |   → 73/157: ✅ 0 взято | 🗑️ 0 мусор
2026-07-01 08:04:59,297 | INFO     |   → 74/157: ✅ 0 взято | 🗑️ 0 мусор
2026-07-01 08:04:59,297 | INFO     |   → 75/157: ✅ 0 взято | 🗑️ 112 мусор
2026-07-01 08:04:59,297 | INFO     |   → 76/157: ✅ 0 взято | 🗑️ 0 мусор
2026-07-01 08:04:59,297 | INFO     |   → 77/157: ✅ 3 взято | 🗑️ 100 мусор
2026-07-01 08:04:59,297 | INFO     |   → 78/157: ✅ 0 взято | 🗑️ 0 мусор
2026-07-01 08:04:59,297 | INFO     |   → 79/157: ✅ 1 взято | 🗑️ 171 мусор
2026-07-01 08:04:59,297 | INFO     |   → 80/157: ✅ 0 взято | 🗑️ 0 мусор
2026-07-01 08:04:59,297 | INFO     |   → 81/157: ✅ 0 взято | 🗑️ 202 мусор
2026-07-01 08:04:59,297 | INFO     |   → 82/157: ✅ 0 взято | 🗑️ 0 мусор
2026-07-01 08:04:59,297 | INFO     |   → 83/157: ✅ 0 взято | 🗑️ 138 мусор
2026-07-01 08:04:59,297 | INFO     |   → 84/157: ✅ 0 взято | 🗑️ 0 мусор
2026-07-01 08:04:59,297 | INFO     |   → 85/157: ✅ 0 взято | 🗑️ 236 мусор
2026-07-01 08:04:59,297 | INFO     |   → 86/157: ✅ 0 взято | 🗑️ 0 мусор
2026-07-01 08:04:59,298 | INFO     |   → 87/157: ✅ 0 взято | 🗑️ 192 мусор
2026-07-01 08:04:59,298 | INFO     |   → 88/157: ✅ 0 взято | 🗑️ 0 мусор
2026-07-01 08:04:59,298 | INFO     |   → 89/157: ✅ 1 взято | 🗑️ 174 мусор
2026-07-01 08:04:59,298 | INFO     |   → 90/157: ✅ 0 взято | 🗑️ 0 мусор
2026-07-01 08:04:59,298 | INFO     |   → 91/157: ✅ 1 взято | 🗑️ 149 мусор
2026-07-01 08:04:59,298 | INFO     |   → 92/157: ✅ 0 взято | 🗑️ 0 мусор
2026-07-01 08:04:59,298 | INFO     |   → 93/157: ✅ 3 взято | 🗑️ 147 мусор
2026-07-01 08:04:59,298 | INFO     |   → 94/157: ✅ 0 взято | 🗑️ 0 мусор
2026-07-01 08:04:59,298 | INFO     |   → 95/157: ✅ 2 взято | 🗑️ 196 мусор
2026-07-01 08:04:59,298 | INFO     |   → 96/157: ✅ 0 взято | 🗑️ 0 мусор
2026-07-01 08:04:59,298 | INFO     |   → 97/157: ✅ 2 взято | 🗑️ 277 мусор
2026-07-01 08:04:59,298 | INFO     |   → 98/157: ✅ 0 взято | 🗑️ 0 мусор
2026-07-01 08:04:59,298 | INFO     |   → 99/157: ✅ 0 взято | 🗑️ 211 мусор
2026-07-01 08:04:59,298 | INFO     |   → 100/157: ✅ 0 взято | 🗑️ 0 мусор
2026-07-01 08:04:59,298 | INFO     |   → 101/157: ✅ 1 взято | 🗑️ 229 мусор
2026-07-01 08:04:59,298 | INFO     |   → 102/157: ✅ 0 взято | 🗑️ 0 мусор
2026-07-01 08:04:59,298 | INFO     |   → 103/157: ✅ 1 взято | 🗑️ 131 мусор
2026-07-01 08:04:59,298 | INFO     |   → 104/157: ✅ 0 взято | 🗑️ 0 мусор
2026-07-01 08:04:59,298 | INFO     |   → 105/157: ✅ 3 взято | 🗑️ 257 мусор
2026-07-01 08:04:59,298 | INFO     |   → 106/157: ✅ 0 взято | 🗑️ 0 мусор
2026-07-01 08:04:59,298 | INFO     |   → 107/157: ✅ 0 взято | 🗑️ 180 мусор
2026-07-01 08:04:59,298 | INFO     |   → 108/157: ✅ 0 взято | 🗑️ 0 мусор
2026-07-01 08:04:59,298 | INFO     |   → 109/157: ✅ 0 взято | 🗑️ 191 мусор
2026-07-01 08:04:59,298 | INFO     |   → 110/157: ✅ 0 взято | 🗑️ 0 мусор
2026-07-01 08:04:59,298 | INFO     |   → 111/157: ✅ 1 взято | 🗑️ 224 мусор
2026-07-01 08:04:59,298 | INFO     |   → 112/157: ✅ 0 взято | 🗑️ 0 мусор
2026-07-01 08:04:59,298 | INFO     |   → 113/157: ✅ 2 взято | 🗑️ 183 мусор
2026-07-01 08:04:59,298 | INFO     |   → 114/157: ✅ 0 взято | 🗑️ 0 мусор
2026-07-01 08:04:59,298 | INFO     |   → 115/157: ✅ 5 взято | 🗑️ 9 мусор
2026-07-01 08:04:59,298 | INFO     |   → 116/157: ✅ 0 взято | 🗑️ 9 мусор
2026-07-01 08:04:59,298 | INFO     |   → 117/157: ✅ 0 взято | 🗑️ 9 мусор
2026-07-01 08:04:59,298 | INFO     |   → 118/157: ✅ 0 взято | 🗑️ 9 мусор
2026-07-01 08:04:59,298 | INFO     |   → 119/157: ✅ 0 взято | 🗑️ 9 мусор
2026-07-01 08:04:59,298 | INFO     |   → 120/157: ✅ 0 взято | 🗑️ 9 мусор
2026-07-01 08:04:59,298 | INFO     |   → 121/157: ✅ 0 взято | 🗑️ 9 мусор
2026-07-01 08:04:59,298 | INFO     |   → 122/157: ✅ 0 взято | 🗑️ 9 мусор
2026-07-01 08:04:59,298 | INFO     |   → 123/157: ✅ 13 взято | 🗑️ 10 мусор
2026-07-01 08:04:59,298 | INFO     |   → 124/157: ✅ 0 взято | 🗑️ 10 мусор
2026-07-01 08:04:59,298 | INFO     |   → 125/157: ✅ 0 взято | 🗑️ 10 мусор
2026-07-01 08:04:59,298 | INFO     |   → 126/157: ✅ 0 взято | 🗑️ 10 мусор
2026-07-01 08:04:59,298 | INFO     |   → 127/157: ✅ 0 взято | 🗑️ 10 мусор
2026-07-01 08:04:59,298 | INFO     |   → 128/157: ✅ 0 взято | 🗑️ 10 мусор
2026-07-01 08:04:59,298 | INFO     |   → 129/157: ✅ 0 взято | 🗑️ 10 мусор
2026-07-01 08:04:59,298 | INFO     |   → 130/157: ✅ 0 взято | 🗑️ 10 мусор
2026-07-01 08:04:59,298 | INFO     |   → 131/157: ✅ 0 взято | 🗑️ 10 мусор
2026-07-01 08:04:59,298 | INFO     |   → 132/157: ✅ 0 взято | 🗑️ 10 мусор
2026-07-01 08:04:59,298 | INFO     |   → 133/157: ✅ 13 взято | 🗑️ 7 мусор
2026-07-01 08:04:59,298 | INFO     |   → 134/157: ✅ 0 взято | 🗑️ 9 мусор
2026-07-01 08:04:59,299 | INFO     |   → 135/157: ✅ 0 взято | 🗑️ 9 мусор
2026-07-01 08:04:59,299 | INFO     |   → 136/157: ✅ 0 взято | 🗑️ 9 мусор
2026-07-01 08:04:59,299 | INFO     |   → 137/157: ✅ 0 взято | 🗑️ 9 мусор
2026-07-01 08:04:59,299 | INFO     |   → 138/157: ✅ 0 взято | 🗑️ 9 мусор
2026-07-01 08:04:59,299 | INFO     |   → 139/157: ✅ 0 взято | 🗑️ 9 мусор
2026-07-01 08:04:59,299 | INFO     |   → 140/157: ✅ 0 взято | 🗑️ 9 мусор
2026-07-01 08:04:59,299 | INFO     |   → 141/157: ✅ 0 взято | 🗑️ 9 мусор
2026-07-01 08:04:59,299 | INFO     |   → 142/157: ✅ 0 взято | 🗑️ 10 мусор
2026-07-01 08:04:59,299 | INFO     |   → 143/157: ✅ 0 взято | 🗑️ 10 мусор
2026-07-01 08:04:59,299 | INFO     |   → 144/157: ✅ 0 взято | 🗑️ 10 мусор
2026-07-01 08:04:59,299 | INFO     |   → 145/157: ✅ 0 взято | 🗑️ 10 мусор
2026-07-01 08:04:59,299 | INFO     |   → 146/157: ✅ 0 взято | 🗑️ 10 мусор
2026-07-01 08:04:59,299 | INFO     |   → 147/157: ✅ 0 взято | 🗑️ 10 мусор
2026-07-01 08:04:59,299 | INFO     |   → 148/157: ✅ 0 взято | 🗑️ 10 мусор
2026-07-01 08:04:59,299 | INFO     |   → 149/157: ✅ 0 взято | 🗑️ 10 мусор
2026-07-01 08:04:59,299 | INFO     |   → 150/157: ✅ 0 взято | 🗑️ 10 мусор
2026-07-01 08:04:59,299 | INFO     |   → 151/157: ✅ 0 взято | 🗑️ 10 мусор
2026-07-01 08:04:59,299 | INFO     |   → 152/157: ✅ 0 взято | 🗑️ 0 мусор
2026-07-01 08:04:59,299 | INFO     |   → 153/157: ✅ 4 взято | 🗑️ 458 мусор
2026-07-01 08:04:59,299 | INFO     |   → 154/157: ✅ 0 взято | 🗑️ 0 мусор
2026-07-01 08:04:59,299 | INFO     |   → 155/157: ✅ 1 взято | 🗑️ 164 мусор
2026-07-01 08:04:59,299 | INFO     |   → 156/157: ✅ 0 взято | 🗑️ 0 мусор
2026-07-01 08:04:59,299 | INFO     |   → 157/157: ✅ 6 взято | 🗑️ 221 мусор
2026-07-01 08:04:59,299 | INFO     |   → 📡 С sstap.org получено 0 ключей
2026-07-01 08:04:59,299 | INFO     |   → 📡 С sstap.org не добавлено ни одного ключа (все 0 отклонены фильтром)
2026-07-01 08:04:59,299 | INFO     |   → ✅ ГОТОВО!
2026-07-01 08:04:59,299 | INFO     |   →    📥 Всего ключей после фильтра: 103
2026-07-01 08:04:59,299 | INFO     |   →    🔗 Уникальных IP:PORT:SCHEME: 80
2026-07-01 08:04:59,299 | INFO     |   →    🗑️ Выброшено мусора: 7485
2026-07-01 08:04:59,299 | INFO     |   → 📊 По протоколам:
2026-07-01 08:04:59,300 | INFO     |   →    vless: 60
2026-07-01 08:04:59,300 | INFO     |   →    vmess: 2
2026-07-01 08:04:59,300 | INFO     |   →    trojan: 12
2026-07-01 08:04:59,300 | INFO     |   →    ss: 3
2026-07-01 08:04:59,300 | INFO     |   →    hysteria2: 3
2026-07-01 08:04:59,300 | INFO     | ✅ mirror.py завершён успешно
2026-07-01 08:04:59,300 | INFO     | 
2026-07-01 08:04:59,300 | INFO     | 
2026-07-01 08:04:59,300 | INFO     | ──────────────────────────────────────────────────────────────────────
2026-07-01 08:04:59,300 | INFO     | 📌 ЭТАП: Генерация 50 уникальных CF-VLESS
2026-07-01 08:04:59,300 | INFO     | ──────────────────────────────────────────────────────────────────────
2026-07-01 08:04:59,300 | INFO     | 🚀 Запуск generate_cf_vless.py (50 новых CF-VLESS)...
2026-07-01 08:04:59,515 | INFO     |   → === Генератор свежих VLESS-конфигов на IP Cloudflare ===
2026-07-01 08:04:59,515 | INFO     |   → ✅ Сгенерировано и сохранено 50 VLESS-конфигов.
2026-07-01 08:04:59,515 | INFO     |   → 📂 Файл: /home/runner/work/vpn-vless-configs-russia/vpn-vless-configs-russia/data/githubmirror/new/cf_fresh.txt
2026-07-01 08:04:59,515 | INFO     | ✅ generate_cf_vless.py завершён успешно
2026-07-01 08:04:59,515 | INFO     | 
2026-07-01 08:04:59,515 | INFO     | 
2026-07-01 08:04:59,515 | INFO     | ──────────────────────────────────────────────────────────────────────
2026-07-01 08:04:59,515 | INFO     | 📌 ЭТАП: Слияние CF с основным списком
2026-07-01 08:04:59,515 | INFO     | ──────────────────────────────────────────────────────────────────────
2026-07-01 08:04:59,517 | INFO     | 🔄 Добавлено 50 новых CF-VLESS в /home/runner/work/vpn-vless-configs-russia/vpn-vless-configs-russia/data/githubmirror/clean/vless.txt
2026-07-01 08:04:59,517 | INFO     | 📊 Всего в clean/vless.txt теперь: 110
2026-07-01 08:04:59,517 | INFO     | 
2026-07-01 08:04:59,517 | INFO     | 
2026-07-01 08:04:59,517 | INFO     | ──────────────────────────────────────────────────────────────────────
2026-07-01 08:04:59,517 | INFO     | 📌 ЭТАП: Фильтрация по реальному SNI
2026-07-01 08:04:59,517 | INFO     | ──────────────────────────────────────────────────────────────────────
2026-07-01 08:04:59,517 | INFO     | 🚀 Запуск filter_ru_sni.py (Фильтр по реальному SNI (CDN+RU))...
2026-07-01 08:04:59,543 | INFO     |   → hysteria2.txt: 3 → 0 (SNI-filtered)
2026-07-01 08:04:59,543 | INFO     |   →   ss.txt: 3 → 0 (SNI-filtered)
2026-07-01 08:04:59,543 | INFO     |   →   trojan.txt: 12 → 0 (SNI-filtered)
2026-07-01 08:04:59,543 | INFO     |   →   vless.txt: 110 → 58 (SNI-filtered)
2026-07-01 08:04:59,544 | INFO     |   →   vmess.txt: 2 → 0 (SNI-filtered)
2026-07-01 08:04:59,544 | INFO     |   → ==================================================
2026-07-01 08:04:59,544 | INFO     |   →   Всего входных:  130
2026-07-01 08:04:59,544 | INFO     |   →   Прошли фильтр:  58
2026-07-01 08:04:59,544 | INFO     |   →   Отброшено:      72
2026-07-01 08:04:59,544 | INFO     |   → ==================================================
2026-07-01 08:04:59,544 | INFO     |   → Готово → /home/runner/work/vpn-vless-configs-russia/vpn-vless-configs-russia/data/githubmirror/ru-sni
2026-07-01 08:04:59,544 | INFO     | ✅ filter_ru_sni.py завершён успешно
2026-07-01 08:04:59,544 | INFO     | 
2026-07-01 08:04:59,544 | INFO     | 
2026-07-01 08:04:59,544 | INFO     | ──────────────────────────────────────────────────────────────────────
2026-07-01 08:04:59,544 | INFO     | 📌 ЭТАП: Экспериментальный RU-SNI фильтр
2026-07-01 08:04:59,544 | INFO     | ──────────────────────────────────────────────────────────────────────
2026-07-01 08:04:59,544 | INFO     | 🚀 Запуск filter_ru_sni_local.py (Экспериментальный фильтр по RU-SNI)...
2026-07-01 08:04:59,570 | INFO     |   → hysteria2.txt: 3 → 0 (RU-SNI)
2026-07-01 08:04:59,570 | INFO     |   → ss.txt: 3 → 0 (RU-SNI)
2026-07-01 08:04:59,570 | INFO     |   → trojan.txt: 12 → 0 (RU-SNI)
2026-07-01 08:04:59,570 | INFO     |   → vless.txt: 110 → 1 (RU-SNI)
2026-07-01 08:04:59,570 | INFO     |   → vmess.txt: 2 → 0 (RU-SNI)
2026-07-01 08:04:59,570 | INFO     |   → ==================================================
2026-07-01 08:04:59,570 | INFO     |   → Всего входных:  130
2026-07-01 08:04:59,570 | INFO     |   → Прошли RU-SNI:  1
2026-07-01 08:04:59,570 | INFO     |   → Отброшено:      129
2026-07-01 08:04:59,570 | INFO     |   → ==================================================
2026-07-01 08:04:59,570 | INFO     |   → Готово → /home/runner/work/vpn-vless-configs-russia/vpn-vless-configs-russia/data/githubmirror/ru-sni-local
2026-07-01 08:04:59,570 | INFO     | ✅ filter_ru_sni_local.py завершён успешно
2026-07-01 08:04:59,571 | INFO     | 
2026-07-01 08:04:59,571 | INFO     | 
2026-07-01 08:04:59,571 | INFO     | ──────────────────────────────────────────────────────────────────────
2026-07-01 08:04:59,571 | INFO     | 📌 ЭТАП: Сбор статистики
2026-07-01 08:04:59,571 | INFO     | ──────────────────────────────────────────────────────────────────────
2026-07-01 08:04:59,571 | INFO     | 📊 Сбор статистики...
2026-07-01 08:04:59,571 | INFO     |   📁 githubmirror/clean:
2026-07-01 08:04:59,571 | INFO     |     • hysteria2   :     3 конфигов
2026-07-01 08:04:59,571 | INFO     |     • ss          :     3 конфигов
2026-07-01 08:04:59,572 | INFO     |     • trojan      :    12 конфигов
2026-07-01 08:04:59,572 | INFO     |     • vless       :   110 конфигов
2026-07-01 08:04:59,572 | INFO     |     • vmess       :     2 конфигов
2026-07-01 08:04:59,572 | INFO     |   📁 githubmirror/ru-sni:
2026-07-01 08:04:59,572 | INFO     |     • hysteria2   :     0 конфигов (  0.0% от clean)
2026-07-01 08:04:59,572 | INFO     |     • ss          :     0 конфигов (  0.0% от clean)
2026-07-01 08:04:59,572 | INFO     |     • trojan      :     0 конфигов (  0.0% от clean)
2026-07-01 08:04:59,572 | INFO     |     • vless       :    58 конфигов ( 52.7% от clean)
2026-07-01 08:04:59,573 | INFO     |     • vmess       :     0 конфигов (  0.0% от clean)
2026-07-01 08:04:59,573 | INFO     |   ✨ Новых CF-VLESS в этом запуске: 50
2026-07-01 08:04:59,573 | INFO     | 
2026-07-01 08:04:59,573 | INFO     |   ──────────────────────────────────────────────────
2026-07-01 08:04:59,573 | INFO     |   📈 ИТОГО:
2026-07-01 08:04:59,573 | INFO     |     Clean (после geo-фильтра):      130
2026-07-01 08:04:59,573 | INFO     |     RU-SNI (после SNI-фильтра):      58
2026-07-01 08:04:59,573 | INFO     |     Прошло фильтр:                 44.6%
2026-07-01 08:04:59,573 | INFO     |   ──────────────────────────────────────────────────
2026-07-01 08:04:59,573 | INFO     | ✅ Статистика сохранена: /home/runner/work/vpn-vless-configs-russia/vpn-vless-configs-russia/data/stats.json
2026-07-01 08:04:59,573 | INFO     | 
2026-07-01 08:04:59,574 | INFO     | ======================================================================
2026-07-01 08:04:59,574 | INFO     | 📊 ИТОГОВЫЙ ОТЧЁТ
2026-07-01 08:04:59,574 | INFO     | ======================================================================
2026-07-01 08:04:59,574 | INFO     |   ✅ OK         | Загрузка и geo-фильтрация
2026-07-01 08:04:59,574 | INFO     |   ✅ OK         | Генерация 50 уникальных CF-VLESS
2026-07-01 08:04:59,574 | INFO     |   ✅ OK         | Слияние CF с основным списком
2026-07-01 08:04:59,574 | INFO     |   ✅ OK         | Фильтрация по реальному SNI
2026-07-01 08:04:59,574 | INFO     |   ✅ OK         | Экспериментальный RU-SNI фильтр
2026-07-01 08:04:59,574 | INFO     |   ✅ OK         | Сбор статистики
2026-07-01 08:04:59,574 | INFO     | ──────────────────────────────────────────────────────────────────────
2026-07-01 08:04:59,574 | INFO     | ✅ ВСЕ ЭТАПЫ УСПЕШНЫ (6/6)
2026-07-01 08:04:59,574 | INFO     | ⏰ Время завершения: 2026-07-01 08:04:59
2026-07-01 08:04:59,574 | INFO     | ======================================================================
