2026-07-02 07:01:59,997 | INFO     | ======================================================================
2026-07-02 07:01:59,997 | INFO     | 🔍 VPN KEY CHECKER - Начало проверки
2026-07-02 07:01:59,997 | INFO     | ⏰ Время старта: 2026-07-02 07:01:59
2026-07-02 07:01:59,997 | INFO     | 📂 Рабочая директория: /home/runner/work/vpn-vless-configs-russia/vpn-vless-configs-russia
2026-07-02 07:01:59,997 | INFO     | ======================================================================
2026-07-02 07:01:59,997 | INFO     | 
2026-07-02 07:01:59,998 | INFO     | 🔍 Проверка наличия скриптов...
2026-07-02 07:01:59,998 | INFO     |   ✅ mirror.py
2026-07-02 07:01:59,998 | INFO     |   ✅ generate_cf_vless.py
2026-07-02 07:01:59,998 | INFO     |   ✅ filter_ru_sni.py
2026-07-02 07:01:59,998 | INFO     |   ✅ filter_ru_sni_local.py
2026-07-02 07:01:59,998 | INFO     | 
2026-07-02 07:01:59,998 | INFO     | ──────────────────────────────────────────────────────────────────────
2026-07-02 07:01:59,998 | INFO     | 📌 ЭТАП: Загрузка и geo-фильтрация
2026-07-02 07:01:59,998 | INFO     | ──────────────────────────────────────────────────────────────────────
2026-07-02 07:01:59,998 | INFO     | 🚀 Запуск mirror.py (Загрузка и фильтрация по РФ/СНГ/Европа)...
2026-07-02 07:03:06,848 | INFO     |   → DEBUG: mirror.py started
2026-07-02 07:03:06,848 | INFO     |   → DEBUG: BASE_PATH = /home/runner/work/vpn-vless-configs-russia/vpn-vless-configs-russia
2026-07-02 07:03:06,848 | INFO     |   → DEBUG: CONFIG_SOURCES_FILE = /home/runner/work/vpn-vless-configs-russia/vpn-vless-configs-russia/data/config_sources.json
2026-07-02 07:03:06,848 | INFO     |   → 📂 Загружено 163 источников из /home/runner/work/vpn-vless-configs-russia/vpn-vless-configs-russia/data/config_sources.json
2026-07-02 07:03:06,848 | INFO     |   → 🚀 Старт: всего источников: 163
2026-07-02 07:03:06,849 | INFO     |   → 1/163: ✅ 0 взято | 🗑️ 0 мусор
2026-07-02 07:03:06,849 | INFO     |   → 2/163: ✅ 0 взято | 🗑️ 0 мусор
2026-07-02 07:03:06,849 | INFO     |   → 3/163: ✅ 0 взято | 🗑️ 0 мусор
2026-07-02 07:03:06,849 | INFO     |   → 4/163: ✅ 0 взято | 🗑️ 0 мусор
2026-07-02 07:03:06,849 | INFO     |   → 5/163: ✅ 0 взято | 🗑️ 0 мусор
2026-07-02 07:03:06,849 | INFO     |   → 6/163: ✅ 0 взято | 🗑️ 0 мусор
2026-07-02 07:03:06,849 | INFO     |   → 7/163: ✅ 0 взято | 🗑️ 0 мусор
2026-07-02 07:03:06,849 | INFO     |   → 8/163: ✅ 0 взято | 🗑️ 0 мусор
2026-07-02 07:03:06,849 | INFO     |   → 9/163: ✅ 0 взято | 🗑️ 0 мусор
2026-07-02 07:03:06,849 | INFO     |   → 10/163: ✅ 0 взято | 🗑️ 0 мусор
2026-07-02 07:03:06,849 | INFO     |   → 11/163: ✅ 0 взято | 🗑️ 0 мусор
2026-07-02 07:03:06,849 | INFO     |   → 12/163: ✅ 0 взято | 🗑️ 0 мусор
2026-07-02 07:03:06,849 | INFO     |   → 13/163: ✅ 0 взято | 🗑️ 0 мусор
2026-07-02 07:03:06,849 | INFO     |   → 14/163: ✅ 0 взято | 🗑️ 0 мусор
2026-07-02 07:03:06,849 | INFO     |   → 15/163: ✅ 0 взято | 🗑️ 0 мусор
2026-07-02 07:03:06,849 | INFO     |   → 16/163: ✅ 0 взято | 🗑️ 0 мусор
2026-07-02 07:03:06,849 | INFO     |   → 17/163: ✅ 0 взято | 🗑️ 0 мусор
2026-07-02 07:03:06,849 | INFO     |   → 18/163: ✅ 0 взято | 🗑️ 0 мусор
2026-07-02 07:03:06,849 | INFO     |   → 19/163: ✅ 0 взято | 🗑️ 0 мусор
2026-07-02 07:03:06,850 | INFO     |   → 20/163: ✅ 0 взято | 🗑️ 0 мусор
2026-07-02 07:03:06,850 | INFO     |   → 21/163: ✅ 0 взято | 🗑️ 0 мусор
2026-07-02 07:03:06,850 | INFO     |   → 22/163: ✅ 0 взято | 🗑️ 0 мусор
2026-07-02 07:03:06,850 | INFO     |   → 23/163: ✅ 0 взято | 🗑️ 0 мусор
2026-07-02 07:03:06,850 | INFO     |   → 24/163: ✅ 0 взято | 🗑️ 0 мусор
2026-07-02 07:03:06,850 | INFO     |   → 25/163: ✅ 0 взято | 🗑️ 0 мусор
2026-07-02 07:03:06,850 | INFO     |   → 26/163: ✅ 0 взято | 🗑️ 0 мусор
2026-07-02 07:03:06,850 | INFO     |   → 27/163: ✅ 0 взято | 🗑️ 0 мусор
2026-07-02 07:03:06,850 | INFO     |   → 28/163: ✅ 0 взято | 🗑️ 0 мусор
2026-07-02 07:03:06,850 | INFO     |   → 29/163: ✅ 0 взято | 🗑️ 0 мусор
2026-07-02 07:03:06,850 | INFO     |   → 30/163 ⚠️ Ошибка: HTTPSConnectionPool(host='free.datiya.com', port=443): Read timed out. (read timeout=15) — https://free.datiya.com/uploads/20260627-v2ray.txt
2026-07-02 07:03:06,850 | INFO     |   → 31/163: ✅ 0 взято | 🗑️ 0 мусор
2026-07-02 07:03:06,850 | INFO     |   → 32/163: ✅ 0 взято | 🗑️ 0 мусор
2026-07-02 07:03:06,850 | INFO     |   → 33/163: ✅ 0 взято | 🗑️ 0 мусор
2026-07-02 07:03:06,850 | INFO     |   → 34/163: ✅ 0 взято | 🗑️ 0 мусор
2026-07-02 07:03:06,850 | INFO     |   → 35/163: ✅ 0 взято | 🗑️ 0 мусор
2026-07-02 07:03:06,850 | INFO     |   → 36/163: ✅ 0 взято | 🗑️ 0 мусор
2026-07-02 07:03:06,850 | INFO     |   → 37/163: ✅ 0 взято | 🗑️ 0 мусор
2026-07-02 07:03:06,850 | INFO     |   → 38/163: ✅ 0 взято | 🗑️ 0 мусор
2026-07-02 07:03:06,850 | INFO     |   → 39/163: ✅ 0 взято | 🗑️ 0 мусор
2026-07-02 07:03:06,850 | INFO     |   → 40/163: ✅ 0 взято | 🗑️ 0 мусор
2026-07-02 07:03:06,850 | INFO     |   → 41/163: ✅ 0 взято | 🗑️ 0 мусор
2026-07-02 07:03:06,850 | INFO     |   → 42/163: ✅ 5 взято | 🗑️ 133 мусор
2026-07-02 07:03:06,851 | INFO     |   → 43/163: ✅ 5 взято | 🗑️ 166 мусор
2026-07-02 07:03:06,851 | INFO     |   → 44/163: ✅ 2 взято | 🗑️ 114 мусор
2026-07-02 07:03:06,851 | INFO     |   → 45/163: ✅ 0 взято | 🗑️ 115 мусор
2026-07-02 07:03:06,851 | INFO     |   → 46/163: ✅ 5 взято | 🗑️ 161 мусор
2026-07-02 07:03:06,851 | INFO     |   → 47/163: ✅ 2 взято | 🗑️ 60 мусор
2026-07-02 07:03:06,851 | INFO     |   → 48/163: ✅ 0 взято | 🗑️ 0 мусор
2026-07-02 07:03:06,851 | INFO     |   → 49/163: ✅ 0 взято | 🗑️ 0 мусор
2026-07-02 07:03:06,851 | INFO     |   → 50/163: ✅ 0 взято | 🗑️ 0 мусор
2026-07-02 07:03:06,851 | INFO     |   → 51/163: ✅ 1 взято | 🗑️ 226 мусор
2026-07-02 07:03:06,851 | INFO     |   → 52/163: ✅ 0 взято | 🗑️ 0 мусор
2026-07-02 07:03:06,851 | INFO     |   → 53/163: ✅ 1 взято | 🗑️ 169 мусор
2026-07-02 07:03:06,851 | INFO     |   → 54/163: ✅ 0 взято | 🗑️ 0 мусор
2026-07-02 07:03:06,851 | INFO     |   → 55/163: ✅ 0 взято | 🗑️ 0 мусор
2026-07-02 07:03:06,851 | INFO     |   → 56/163: ✅ 1 взято | 🗑️ 213 мусор
2026-07-02 07:03:06,851 | INFO     |   → 57/163: ✅ 0 взято | 🗑️ 0 мусор
2026-07-02 07:03:06,851 | INFO     |   → 58/163: ✅ 0 взято | 🗑️ 0 мусор
2026-07-02 07:03:06,851 | INFO     |   → 59/163: ✅ 2 взято | 🗑️ 60 мусор
2026-07-02 07:03:06,851 | INFO     |   → 60/163: ✅ 0 взято | 🗑️ 0 мусор
2026-07-02 07:03:06,851 | INFO     |   → 61/163: ✅ 3 взято | 🗑️ 99 мусор
2026-07-02 07:03:06,851 | INFO     |   → 62/163: ✅ 0 взято | 🗑️ 0 мусор
2026-07-02 07:03:06,852 | INFO     |   → 63/163: ✅ 0 взято | 🗑️ 0 мусор
2026-07-02 07:03:06,852 | INFO     |   → 64/163: ✅ 1 взято | 🗑️ 96 мусор
2026-07-02 07:03:06,852 | INFO     |   → 65/163: ✅ 0 взято | 🗑️ 117 мусор
2026-07-02 07:03:06,852 | INFO     |   → 66/163: ✅ 11 взято | 🗑️ 225 мусор
2026-07-02 07:03:06,852 | INFO     |   → 67/163: ✅ 1 взято | 🗑️ 141 мусор
2026-07-02 07:03:06,852 | INFO     |   → 68/163: ✅ 0 взято | 🗑️ 96 мусор
2026-07-02 07:03:06,852 | INFO     |   → 69/163: ✅ 0 взято | 🗑️ 263 мусор
2026-07-02 07:03:06,852 | INFO     |   → 70/163: ✅ 0 взято | 🗑️ 0 мусор
2026-07-02 07:03:06,852 | INFO     |   → 71/163: ✅ 0 взято | 🗑️ 0 мусор
2026-07-02 07:03:06,852 | INFO     |   → 72/163: ✅ 0 взято | 🗑️ 0 мусор
2026-07-02 07:03:06,852 | INFO     |   → 73/163: ✅ 0 взято | 🗑️ 137 мусор
2026-07-02 07:03:06,852 | INFO     |   → 74/163: ✅ 0 взято | 🗑️ 0 мусор
2026-07-02 07:03:06,852 | INFO     |   → 75/163: ✅ 0 взято | 🗑️ 0 мусор
2026-07-02 07:03:06,852 | INFO     |   → 76/163: ✅ 0 взято | 🗑️ 0 мусор
2026-07-02 07:03:06,852 | INFO     |   → 77/163: ✅ 0 взято | 🗑️ 112 мусор
2026-07-02 07:03:06,852 | INFO     |   → 78/163: ✅ 0 взято | 🗑️ 0 мусор
2026-07-02 07:03:06,852 | INFO     |   → 79/163: ✅ 3 взято | 🗑️ 100 мусор
2026-07-02 07:03:06,852 | INFO     |   → 80/163: ✅ 0 взято | 🗑️ 0 мусор
2026-07-02 07:03:06,852 | INFO     |   → 81/163: ✅ 1 взято | 🗑️ 171 мусор
2026-07-02 07:03:06,852 | INFO     |   → 82/163: ✅ 0 взято | 🗑️ 0 мусор
2026-07-02 07:03:06,852 | INFO     |   → 83/163: ✅ 0 взято | 🗑️ 202 мусор
2026-07-02 07:03:06,852 | INFO     |   → 84/163: ✅ 0 взято | 🗑️ 0 мусор
2026-07-02 07:03:06,853 | INFO     |   → 85/163: ✅ 0 взято | 🗑️ 138 мусор
2026-07-02 07:03:06,853 | INFO     |   → 86/163: ✅ 0 взято | 🗑️ 0 мусор
2026-07-02 07:03:06,853 | INFO     |   → 87/163: ✅ 0 взято | 🗑️ 236 мусор
2026-07-02 07:03:06,853 | INFO     |   → 88/163: ✅ 0 взято | 🗑️ 0 мусор
2026-07-02 07:03:06,853 | INFO     |   → 89/163: ✅ 0 взято | 🗑️ 192 мусор
2026-07-02 07:03:06,853 | INFO     |   → 90/163: ✅ 0 взято | 🗑️ 0 мусор
2026-07-02 07:03:06,853 | INFO     |   → 91/163: ✅ 1 взято | 🗑️ 174 мусор
2026-07-02 07:03:06,853 | INFO     |   → 92/163: ✅ 0 взято | 🗑️ 0 мусор
2026-07-02 07:03:06,853 | INFO     |   → 93/163: ✅ 1 взято | 🗑️ 149 мусор
2026-07-02 07:03:06,853 | INFO     |   → 94/163: ✅ 0 взято | 🗑️ 0 мусор
2026-07-02 07:03:06,853 | INFO     |   → 95/163: ✅ 3 взято | 🗑️ 147 мусор
2026-07-02 07:03:06,853 | INFO     |   → 96/163: ✅ 0 взято | 🗑️ 0 мусор
2026-07-02 07:03:06,853 | INFO     |   → 97/163: ✅ 2 взято | 🗑️ 196 мусор
2026-07-02 07:03:06,853 | INFO     |   → 98/163: ✅ 0 взято | 🗑️ 0 мусор
2026-07-02 07:03:06,853 | INFO     |   → 99/163: ✅ 2 взято | 🗑️ 277 мусор
2026-07-02 07:03:06,853 | INFO     |   → 100/163: ✅ 0 взято | 🗑️ 0 мусор
2026-07-02 07:03:06,853 | INFO     |   → 101/163: ✅ 0 взято | 🗑️ 211 мусор
2026-07-02 07:03:06,853 | INFO     |   → 102/163: ✅ 0 взято | 🗑️ 0 мусор
2026-07-02 07:03:06,853 | INFO     |   → 103/163: ✅ 1 взято | 🗑️ 229 мусор
2026-07-02 07:03:06,853 | INFO     |   → 104/163: ✅ 0 взято | 🗑️ 0 мусор
2026-07-02 07:03:06,853 | INFO     |   → 105/163: ✅ 1 взято | 🗑️ 131 мусор
2026-07-02 07:03:06,853 | INFO     |   → 106/163: ✅ 0 взято | 🗑️ 0 мусор
2026-07-02 07:03:06,854 | INFO     |   → 107/163: ✅ 3 взято | 🗑️ 257 мусор
2026-07-02 07:03:06,854 | INFO     |   → 108/163: ✅ 0 взято | 🗑️ 0 мусор
2026-07-02 07:03:06,854 | INFO     |   → 109/163: ✅ 0 взято | 🗑️ 180 мусор
2026-07-02 07:03:06,854 | INFO     |   → 110/163: ✅ 0 взято | 🗑️ 0 мусор
2026-07-02 07:03:06,854 | INFO     |   → 111/163: ✅ 0 взято | 🗑️ 191 мусор
2026-07-02 07:03:06,854 | INFO     |   → 112/163: ✅ 0 взято | 🗑️ 0 мусор
2026-07-02 07:03:06,854 | INFO     |   → 113/163: ✅ 1 взято | 🗑️ 224 мусор
2026-07-02 07:03:06,854 | INFO     |   → 114/163: ✅ 0 взято | 🗑️ 0 мусор
2026-07-02 07:03:06,854 | INFO     |   → 115/163: ✅ 2 взято | 🗑️ 183 мусор
2026-07-02 07:03:06,854 | INFO     |   → 116/163: ✅ 0 взято | 🗑️ 0 мусор
2026-07-02 07:03:06,854 | INFO     |   → 117/163: ✅ 0 взято | 🗑️ 171 мусор
2026-07-02 07:03:06,854 | INFO     |   → 118/163: ✅ 0 взято | 🗑️ 0 мусор
2026-07-02 07:03:06,854 | INFO     |   → 119/163: ✅ 5 взято | 🗑️ 9 мусор
2026-07-02 07:03:06,854 | INFO     |   → 120/163: ✅ 0 взято | 🗑️ 9 мусор
2026-07-02 07:03:06,854 | INFO     |   → 121/163: ✅ 0 взято | 🗑️ 9 мусор
2026-07-02 07:03:06,854 | INFO     |   → 122/163: ✅ 0 взято | 🗑️ 9 мусор
2026-07-02 07:03:06,854 | INFO     |   → 123/163: ✅ 0 взято | 🗑️ 9 мусор
2026-07-02 07:03:06,854 | INFO     |   → 124/163: ✅ 0 взято | 🗑️ 9 мусор
2026-07-02 07:03:06,854 | INFO     |   → 125/163: ✅ 0 взято | 🗑️ 9 мусор
2026-07-02 07:03:06,854 | INFO     |   → 126/163: ✅ 0 взято | 🗑️ 9 мусор
2026-07-02 07:03:06,854 | INFO     |   → 127/163: ✅ 13 взято | 🗑️ 10 мусор
2026-07-02 07:03:06,855 | INFO     |   → 128/163: ✅ 0 взято | 🗑️ 10 мусор
2026-07-02 07:03:06,855 | INFO     |   → 129/163: ✅ 0 взято | 🗑️ 10 мусор
2026-07-02 07:03:06,855 | INFO     |   → 130/163: ✅ 0 взято | 🗑️ 10 мусор
2026-07-02 07:03:06,855 | INFO     |   → 131/163: ✅ 0 взято | 🗑️ 10 мусор
2026-07-02 07:03:06,855 | INFO     |   → 132/163: ✅ 0 взято | 🗑️ 10 мусор
2026-07-02 07:03:06,855 | INFO     |   → 133/163: ✅ 0 взято | 🗑️ 10 мусор
2026-07-02 07:03:06,855 | INFO     |   → 134/163: ✅ 0 взято | 🗑️ 10 мусор
2026-07-02 07:03:06,855 | INFO     |   → 135/163: ✅ 0 взято | 🗑️ 10 мусор
2026-07-02 07:03:06,855 | INFO     |   → 136/163: ✅ 0 взято | 🗑️ 10 мусор
2026-07-02 07:03:06,855 | INFO     |   → 137/163: ✅ 13 взято | 🗑️ 7 мусор
2026-07-02 07:03:06,855 | INFO     |   → 138/163: ✅ 0 взято | 🗑️ 7 мусор
2026-07-02 07:03:06,855 | INFO     |   → 139/163: ✅ 0 взято | 🗑️ 9 мусор
2026-07-02 07:03:06,855 | INFO     |   → 140/163: ✅ 0 взято | 🗑️ 9 мусор
2026-07-02 07:03:06,855 | INFO     |   → 141/163: ✅ 0 взято | 🗑️ 9 мусор
2026-07-02 07:03:06,855 | INFO     |   → 142/163: ✅ 0 взято | 🗑️ 9 мусор
2026-07-02 07:03:06,855 | INFO     |   → 143/163: ✅ 0 взято | 🗑️ 9 мусор
2026-07-02 07:03:06,855 | INFO     |   → 144/163: ✅ 0 взято | 🗑️ 9 мусор
2026-07-02 07:03:06,855 | INFO     |   → 145/163: ✅ 0 взято | 🗑️ 9 мусор
2026-07-02 07:03:06,855 | INFO     |   → 146/163: ✅ 0 взято | 🗑️ 9 мусор
2026-07-02 07:03:06,855 | INFO     |   → 147/163: ✅ 0 взято | 🗑️ 10 мусор
2026-07-02 07:03:06,855 | INFO     |   → 148/163: ✅ 0 взято | 🗑️ 10 мусор
2026-07-02 07:03:06,855 | INFO     |   → 149/163: ✅ 0 взято | 🗑️ 10 мусор
2026-07-02 07:03:06,856 | INFO     |   → 150/163: ✅ 0 взято | 🗑️ 10 мусор
2026-07-02 07:03:06,856 | INFO     |   → 151/163: ✅ 0 взято | 🗑️ 10 мусор
2026-07-02 07:03:06,856 | INFO     |   → 152/163: ✅ 0 взято | 🗑️ 10 мусор
2026-07-02 07:03:06,856 | INFO     |   → 153/163: ✅ 0 взято | 🗑️ 10 мусор
2026-07-02 07:03:06,856 | INFO     |   → 154/163: ✅ 0 взято | 🗑️ 10 мусор
2026-07-02 07:03:06,856 | INFO     |   → 155/163: ✅ 0 взято | 🗑️ 10 мусор
2026-07-02 07:03:06,856 | INFO     |   → 156/163: ✅ 0 взято | 🗑️ 10 мусор
2026-07-02 07:03:06,856 | INFO     |   → 157/163: ✅ 0 взято | 🗑️ 7 мусор
2026-07-02 07:03:06,856 | INFO     |   → 158/163: ✅ 0 взято | 🗑️ 0 мусор
2026-07-02 07:03:06,856 | INFO     |   → 159/163: ✅ 4 взято | 🗑️ 458 мусор
2026-07-02 07:03:06,856 | INFO     |   → 160/163: ✅ 0 взято | 🗑️ 0 мусор
2026-07-02 07:03:06,856 | INFO     |   → 161/163: ✅ 1 взято | 🗑️ 164 мусор
2026-07-02 07:03:06,856 | INFO     |   → 162/163: ✅ 0 взято | 🗑️ 0 мусор
2026-07-02 07:03:06,856 | INFO     |   → 163/163: ✅ 6 взято | 🗑️ 221 мусор
2026-07-02 07:03:06,856 | INFO     |   → 📡 С sstap.org получено 0 ключей
2026-07-02 07:03:06,856 | INFO     |   → 📡 С sstap.org не добавлено ни одного ключа (все 0 отклонены фильтром)
2026-07-02 07:03:06,856 | INFO     |   → ✅ ГОТОВО!
2026-07-02 07:03:06,856 | INFO     |   →    📥 Всего ключей после фильтра: 103
2026-07-02 07:03:06,856 | INFO     |   →    🔗 Уникальных IP:PORT:SCHEME: 80
2026-07-02 07:03:06,856 | INFO     |   →    🗑️ Выброшено мусора: 7670
2026-07-02 07:03:06,856 | INFO     |   → 📊 По протоколам:
2026-07-02 07:03:06,857 | INFO     |   →    vless: 60
2026-07-02 07:03:06,857 | INFO     |   →    vmess: 2
2026-07-02 07:03:06,857 | INFO     |   →    trojan: 12
2026-07-02 07:03:06,857 | INFO     |   →    ss: 3
2026-07-02 07:03:06,857 | INFO     |   →    hysteria2: 3
2026-07-02 07:03:06,857 | INFO     | ✅ mirror.py завершён успешно
2026-07-02 07:03:06,857 | INFO     | 
2026-07-02 07:03:06,857 | INFO     | 
2026-07-02 07:03:06,857 | INFO     | ──────────────────────────────────────────────────────────────────────
2026-07-02 07:03:06,857 | INFO     | 📌 ЭТАП: Генерация 50 уникальных CF-VLESS
2026-07-02 07:03:06,857 | INFO     | ──────────────────────────────────────────────────────────────────────
2026-07-02 07:03:06,857 | INFO     | 🚀 Запуск generate_cf_vless.py (50 новых CF-VLESS)...
2026-07-02 07:03:07,029 | INFO     |   → === Генератор свежих VLESS-конфигов на IP Cloudflare ===
2026-07-02 07:03:07,029 | INFO     |   → ✅ Сгенерировано и сохранено 50 VLESS-конфигов.
2026-07-02 07:03:07,029 | INFO     |   → 📂 Файл: /home/runner/work/vpn-vless-configs-russia/vpn-vless-configs-russia/data/githubmirror/new/cf_fresh.txt
2026-07-02 07:03:07,029 | INFO     | ✅ generate_cf_vless.py завершён успешно
2026-07-02 07:03:07,029 | INFO     | 
2026-07-02 07:03:07,029 | INFO     | 
2026-07-02 07:03:07,029 | INFO     | ──────────────────────────────────────────────────────────────────────
2026-07-02 07:03:07,029 | INFO     | 📌 ЭТАП: Слияние CF с основным списком
2026-07-02 07:03:07,029 | INFO     | ──────────────────────────────────────────────────────────────────────
2026-07-02 07:03:07,031 | INFO     | 🔄 Добавлено 50 новых CF-VLESS в /home/runner/work/vpn-vless-configs-russia/vpn-vless-configs-russia/data/githubmirror/clean/vless.txt
2026-07-02 07:03:07,031 | INFO     | 📊 Всего в clean/vless.txt теперь: 110
2026-07-02 07:03:07,031 | INFO     | 
2026-07-02 07:03:07,031 | INFO     | 
2026-07-02 07:03:07,031 | INFO     | ──────────────────────────────────────────────────────────────────────
2026-07-02 07:03:07,031 | INFO     | 📌 ЭТАП: Фильтрация по реальному SNI
2026-07-02 07:03:07,031 | INFO     | ──────────────────────────────────────────────────────────────────────
2026-07-02 07:03:07,031 | INFO     | 🚀 Запуск filter_ru_sni.py (Фильтр по реальному SNI (CDN+RU))...
2026-07-02 07:03:07,061 | INFO     |   → hysteria2.txt: 3 → 0 (SNI-filtered)
2026-07-02 07:03:07,061 | INFO     |   →   ss.txt: 3 → 0 (SNI-filtered)
2026-07-02 07:03:07,061 | INFO     |   →   trojan.txt: 12 → 0 (SNI-filtered)
2026-07-02 07:03:07,061 | INFO     |   →   vless.txt: 110 → 58 (SNI-filtered)
2026-07-02 07:03:07,061 | INFO     |   →   vmess.txt: 2 → 0 (SNI-filtered)
2026-07-02 07:03:07,061 | INFO     |   → ==================================================
2026-07-02 07:03:07,061 | INFO     |   →   Всего входных:  130
2026-07-02 07:03:07,062 | INFO     |   →   Прошли фильтр:  58
2026-07-02 07:03:07,062 | INFO     |   →   Отброшено:      72
2026-07-02 07:03:07,062 | INFO     |   → ==================================================
2026-07-02 07:03:07,062 | INFO     |   → Готово → /home/runner/work/vpn-vless-configs-russia/vpn-vless-configs-russia/data/githubmirror/ru-sni
2026-07-02 07:03:07,062 | INFO     | ✅ filter_ru_sni.py завершён успешно
2026-07-02 07:03:07,062 | INFO     | 
2026-07-02 07:03:07,062 | INFO     | 
2026-07-02 07:03:07,062 | INFO     | ──────────────────────────────────────────────────────────────────────
2026-07-02 07:03:07,062 | INFO     | 📌 ЭТАП: Экспериментальный RU-SNI фильтр
2026-07-02 07:03:07,062 | INFO     | ──────────────────────────────────────────────────────────────────────
2026-07-02 07:03:07,062 | INFO     | 🚀 Запуск filter_ru_sni_local.py (Экспериментальный фильтр по RU-SNI)...
2026-07-02 07:03:07,092 | INFO     |   → hysteria2.txt: 3 → 0 (RU-SNI)
2026-07-02 07:03:07,092 | INFO     |   → ss.txt: 3 → 0 (RU-SNI)
2026-07-02 07:03:07,092 | INFO     |   → trojan.txt: 12 → 0 (RU-SNI)
2026-07-02 07:03:07,092 | INFO     |   → vless.txt: 110 → 1 (RU-SNI)
2026-07-02 07:03:07,093 | INFO     |   → vmess.txt: 2 → 0 (RU-SNI)
2026-07-02 07:03:07,093 | INFO     |   → ==================================================
2026-07-02 07:03:07,093 | INFO     |   → Всего входных:  130
2026-07-02 07:03:07,093 | INFO     |   → Прошли RU-SNI:  1
2026-07-02 07:03:07,093 | INFO     |   → Отброшено:      129
2026-07-02 07:03:07,093 | INFO     |   → ==================================================
2026-07-02 07:03:07,093 | INFO     |   → Готово → /home/runner/work/vpn-vless-configs-russia/vpn-vless-configs-russia/data/githubmirror/ru-sni-local
2026-07-02 07:03:07,093 | INFO     | ✅ filter_ru_sni_local.py завершён успешно
2026-07-02 07:03:07,093 | INFO     | 
2026-07-02 07:03:07,093 | INFO     | 
2026-07-02 07:03:07,093 | INFO     | ──────────────────────────────────────────────────────────────────────
2026-07-02 07:03:07,093 | INFO     | 📌 ЭТАП: Сбор статистики
2026-07-02 07:03:07,093 | INFO     | ──────────────────────────────────────────────────────────────────────
2026-07-02 07:03:07,093 | INFO     | 📊 Сбор статистики...
2026-07-02 07:03:07,093 | INFO     |   📁 githubmirror/clean:
2026-07-02 07:03:07,094 | INFO     |     • hysteria2   :     3 конфигов
2026-07-02 07:03:07,094 | INFO     |     • ss          :     3 конфигов
2026-07-02 07:03:07,094 | INFO     |     • trojan      :    12 конфигов
2026-07-02 07:03:07,094 | INFO     |     • vless       :   110 конфигов
2026-07-02 07:03:07,094 | INFO     |     • vmess       :     2 конфигов
2026-07-02 07:03:07,094 | INFO     |   📁 githubmirror/ru-sni:
2026-07-02 07:03:07,094 | INFO     |     • hysteria2   :     0 конфигов (  0.0% от clean)
2026-07-02 07:03:07,094 | INFO     |     • ss          :     0 конфигов (  0.0% от clean)
2026-07-02 07:03:07,094 | INFO     |     • trojan      :     0 конфигов (  0.0% от clean)
2026-07-02 07:03:07,095 | INFO     |     • vless       :    58 конфигов ( 52.7% от clean)
2026-07-02 07:03:07,095 | INFO     |     • vmess       :     0 конфигов (  0.0% от clean)
2026-07-02 07:03:07,095 | INFO     |   ✨ Новых CF-VLESS в этом запуске: 50
2026-07-02 07:03:07,095 | INFO     | 
2026-07-02 07:03:07,095 | INFO     |   ──────────────────────────────────────────────────
2026-07-02 07:03:07,095 | INFO     |   📈 ИТОГО:
2026-07-02 07:03:07,095 | INFO     |     Clean (после geo-фильтра):      130
2026-07-02 07:03:07,095 | INFO     |     RU-SNI (после SNI-фильтра):      58
2026-07-02 07:03:07,095 | INFO     |     Прошло фильтр:                 44.6%
2026-07-02 07:03:07,095 | INFO     |   ──────────────────────────────────────────────────
2026-07-02 07:03:07,095 | INFO     | ✅ Статистика сохранена: /home/runner/work/vpn-vless-configs-russia/vpn-vless-configs-russia/data/stats.json
2026-07-02 07:03:07,095 | INFO     | 
2026-07-02 07:03:07,095 | INFO     | ======================================================================
2026-07-02 07:03:07,095 | INFO     | 📊 ИТОГОВЫЙ ОТЧЁТ
2026-07-02 07:03:07,096 | INFO     | ======================================================================
2026-07-02 07:03:07,096 | INFO     |   ✅ OK         | Загрузка и geo-фильтрация
2026-07-02 07:03:07,096 | INFO     |   ✅ OK         | Генерация 50 уникальных CF-VLESS
2026-07-02 07:03:07,096 | INFO     |   ✅ OK         | Слияние CF с основным списком
2026-07-02 07:03:07,096 | INFO     |   ✅ OK         | Фильтрация по реальному SNI
2026-07-02 07:03:07,096 | INFO     |   ✅ OK         | Экспериментальный RU-SNI фильтр
2026-07-02 07:03:07,096 | INFO     |   ✅ OK         | Сбор статистики
2026-07-02 07:03:07,096 | INFO     | ──────────────────────────────────────────────────────────────────────
2026-07-02 07:03:07,096 | INFO     | ✅ ВСЕ ЭТАПЫ УСПЕШНЫ (6/6)
2026-07-02 07:03:07,096 | INFO     | ⏰ Время завершения: 2026-07-02 07:03:07
2026-07-02 07:03:07,096 | INFO     | ======================================================================
