2026-06-28 22:54:59,537 | INFO     | ======================================================================
2026-06-28 22:54:59,537 | INFO     | 🔍 VPN KEY CHECKER - Начало проверки
2026-06-28 22:54:59,537 | INFO     | ⏰ Время старта: 2026-06-28 22:54:59
2026-06-28 22:54:59,537 | INFO     | 📂 Рабочая директория: /home/runner/work/vpn-vless-configs-russia/vpn-vless-configs-russia
2026-06-28 22:54:59,537 | INFO     | ======================================================================
2026-06-28 22:54:59,537 | INFO     | 
2026-06-28 22:54:59,537 | INFO     | 🔍 Проверка наличия скриптов...
2026-06-28 22:54:59,538 | INFO     |   ✅ mirror.py
2026-06-28 22:54:59,538 | INFO     |   ✅ generate_cf_vless.py
2026-06-28 22:54:59,538 | INFO     |   ✅ filter_ru_sni.py
2026-06-28 22:54:59,538 | INFO     |   ✅ filter_ru_sni_local.py
2026-06-28 22:54:59,538 | INFO     | 
2026-06-28 22:54:59,538 | INFO     | ──────────────────────────────────────────────────────────────────────
2026-06-28 22:54:59,538 | INFO     | 📌 ЭТАП: Загрузка и geo-фильтрация
2026-06-28 22:54:59,538 | INFO     | ──────────────────────────────────────────────────────────────────────
2026-06-28 22:54:59,538 | INFO     | 🚀 Запуск mirror.py (Загрузка и фильтрация по РФ/СНГ/Европа)...
2026-06-28 22:55:38,441 | INFO     |   → DEBUG: mirror.py started
2026-06-28 22:55:38,441 | INFO     |   → DEBUG: BASE_PATH = /home/runner/work/vpn-vless-configs-russia/vpn-vless-configs-russia
2026-06-28 22:55:38,441 | INFO     |   → DEBUG: CONFIG_SOURCES_FILE = /home/runner/work/vpn-vless-configs-russia/vpn-vless-configs-russia/data/config_sources.json
2026-06-28 22:55:38,441 | INFO     |   → 📂 Загружено 136 источников из /home/runner/work/vpn-vless-configs-russia/vpn-vless-configs-russia/data/config_sources.json
2026-06-28 22:55:38,441 | INFO     |   → 🚀 Старт: всего источников: 136
2026-06-28 22:55:38,441 | INFO     |   → 1/136: ✅ 0 взято | 🗑️ 0 мусор
2026-06-28 22:55:38,441 | INFO     |   → 2/136: ✅ 0 взято | 🗑️ 0 мусор
2026-06-28 22:55:38,441 | INFO     |   → 3/136: ✅ 0 взято | 🗑️ 0 мусор
2026-06-28 22:55:38,441 | INFO     |   → 4/136: ✅ 0 взято | 🗑️ 0 мусор
2026-06-28 22:55:38,441 | INFO     |   → 5/136: ✅ 0 взято | 🗑️ 0 мусор
2026-06-28 22:55:38,441 | INFO     |   → 6/136: ✅ 0 взято | 🗑️ 0 мусор
2026-06-28 22:55:38,442 | INFO     |   → 7/136: ✅ 0 взято | 🗑️ 0 мусор
2026-06-28 22:55:38,442 | INFO     |   → 8/136: ✅ 0 взято | 🗑️ 0 мусор
2026-06-28 22:55:38,442 | INFO     |   → 9/136: ✅ 0 взято | 🗑️ 0 мусор
2026-06-28 22:55:38,442 | INFO     |   → 10/136: ✅ 0 взято | 🗑️ 0 мусор
2026-06-28 22:55:38,442 | INFO     |   → 11/136: ✅ 0 взято | 🗑️ 0 мусор
2026-06-28 22:55:38,442 | INFO     |   → 12/136: ✅ 0 взято | 🗑️ 0 мусор
2026-06-28 22:55:38,442 | INFO     |   → 13/136: ✅ 0 взято | 🗑️ 0 мусор
2026-06-28 22:55:38,442 | INFO     |   → 14/136: ✅ 0 взято | 🗑️ 0 мусор
2026-06-28 22:55:38,442 | INFO     |   → 15/136: ✅ 0 взято | 🗑️ 0 мусор
2026-06-28 22:55:38,442 | INFO     |   → 16/136: ✅ 0 взято | 🗑️ 0 мусор
2026-06-28 22:55:38,442 | INFO     |   → 17/136: ✅ 0 взято | 🗑️ 0 мусор
2026-06-28 22:55:38,442 | INFO     |   → 18/136: ✅ 0 взято | 🗑️ 0 мусор
2026-06-28 22:55:38,442 | INFO     |   → 19/136: ✅ 0 взято | 🗑️ 0 мусор
2026-06-28 22:55:38,442 | INFO     |   → 20/136: ✅ 0 взято | 🗑️ 0 мусор
2026-06-28 22:55:38,442 | INFO     |   → 21/136: ✅ 0 взято | 🗑️ 0 мусор
2026-06-28 22:55:38,442 | INFO     |   → 22/136: ✅ 0 взято | 🗑️ 0 мусор
2026-06-28 22:55:38,442 | INFO     |   → 23/136: ✅ 0 взято | 🗑️ 0 мусор
2026-06-28 22:55:38,442 | INFO     |   → 24/136: ✅ 0 взято | 🗑️ 0 мусор
2026-06-28 22:55:38,442 | INFO     |   → 25/136: ✅ 0 взято | 🗑️ 0 мусор
2026-06-28 22:55:38,442 | INFO     |   → 26/136: ✅ 0 взято | 🗑️ 0 мусор
2026-06-28 22:55:38,442 | INFO     |   → 27/136: ✅ 0 взято | 🗑️ 0 мусор
2026-06-28 22:55:38,442 | INFO     |   → 28/136: ✅ 0 взято | 🗑️ 0 мусор
2026-06-28 22:55:38,442 | INFO     |   → 29/136: ✅ 0 взято | 🗑️ 0 мусор
2026-06-28 22:55:38,442 | INFO     |   → 30/136: ✅ 0 взято | 🗑️ 0 мусор
2026-06-28 22:55:38,443 | INFO     |   → 31/136: ✅ 0 взято | 🗑️ 0 мусор
2026-06-28 22:55:38,443 | INFO     |   → 32/136: ✅ 0 взято | 🗑️ 0 мусор
2026-06-28 22:55:38,443 | INFO     |   → 33/136: ✅ 0 взято | 🗑️ 0 мусор
2026-06-28 22:55:38,443 | INFO     |   → 34/136: ✅ 0 взято | 🗑️ 0 мусор
2026-06-28 22:55:38,443 | INFO     |   → 35/136: ✅ 0 взято | 🗑️ 0 мусор
2026-06-28 22:55:38,443 | INFO     |   → 36/136: ✅ 5 взято | 🗑️ 133 мусор
2026-06-28 22:55:38,443 | INFO     |   → 37/136: ✅ 5 взято | 🗑️ 166 мусор
2026-06-28 22:55:38,443 | INFO     |   → 38/136: ✅ 0 взято | 🗑️ 115 мусор
2026-06-28 22:55:38,443 | INFO     |   → 39/136: ✅ 0 взято | 🗑️ 0 мусор
2026-06-28 22:55:38,443 | INFO     |   → 40/136: ✅ 0 взято | 🗑️ 0 мусор
2026-06-28 22:55:38,443 | INFO     |   → 41/136: ✅ 0 взято | 🗑️ 0 мусор
2026-06-28 22:55:38,443 | INFO     |   → 42/136: ✅ 1 взято | 🗑️ 226 мусор
2026-06-28 22:55:38,443 | INFO     |   → 43/136: ✅ 0 взято | 🗑️ 0 мусор
2026-06-28 22:55:38,443 | INFO     |   → 44/136: ✅ 1 взято | 🗑️ 169 мусор
2026-06-28 22:55:38,443 | INFO     |   → 45/136: ✅ 0 взято | 🗑️ 0 мусор
2026-06-28 22:55:38,443 | INFO     |   → 46/136: ✅ 1 взято | 🗑️ 213 мусор
2026-06-28 22:55:38,443 | INFO     |   → 47/136: ✅ 0 взято | 🗑️ 0 мусор
2026-06-28 22:55:38,443 | INFO     |   → 48/136: ✅ 0 взято | 🗑️ 0 мусор
2026-06-28 22:55:38,444 | INFO     |   → 49/136: ✅ 2 взято | 🗑️ 60 мусор
2026-06-28 22:55:38,444 | INFO     |   → 50/136: ✅ 0 взято | 🗑️ 0 мусор
2026-06-28 22:55:38,444 | INFO     |   → 51/136: ✅ 3 взято | 🗑️ 99 мусор
2026-06-28 22:55:38,444 | INFO     |   → 52/136: ✅ 0 взято | 🗑️ 0 мусор
2026-06-28 22:55:38,444 | INFO     |   → 53/136: ✅ 0 взято | 🗑️ 0 мусор
2026-06-28 22:55:38,444 | INFO     |   → 54/136: ✅ 1 взято | 🗑️ 96 мусор
2026-06-28 22:55:38,444 | INFO     |   → 55/136: ✅ 0 взято | 🗑️ 117 мусор
2026-06-28 22:55:38,444 | INFO     |   → 56/136: ✅ 11 взято | 🗑️ 225 мусор
2026-06-28 22:55:38,444 | INFO     |   → 57/136: ✅ 1 взято | 🗑️ 141 мусор
2026-06-28 22:55:38,444 | INFO     |   → 58/136: ✅ 0 взято | 🗑️ 96 мусор
2026-06-28 22:55:38,444 | INFO     |   → 59/136: ✅ 0 взято | 🗑️ 263 мусор
2026-06-28 22:55:38,444 | INFO     |   → 60/136: ✅ 0 взято | 🗑️ 0 мусор
2026-06-28 22:55:38,444 | INFO     |   → 61/136: ✅ 0 взято | 🗑️ 0 мусор
2026-06-28 22:55:38,444 | INFO     |   → 62/136: ✅ 0 взято | 🗑️ 0 мусор
2026-06-28 22:55:38,444 | INFO     |   → 63/136: ✅ 0 взято | 🗑️ 137 мусор
2026-06-28 22:55:38,444 | INFO     |   → 64/136: ✅ 0 взято | 🗑️ 0 мусор
2026-06-28 22:55:38,444 | INFO     |   → 65/136: ✅ 0 взято | 🗑️ 112 мусор
2026-06-28 22:55:38,444 | INFO     |   → 66/136: ✅ 0 взято | 🗑️ 0 мусор
2026-06-28 22:55:38,444 | INFO     |   → 67/136: ✅ 3 взято | 🗑️ 100 мусор
2026-06-28 22:55:38,444 | INFO     |   → 68/136: ✅ 0 взято | 🗑️ 0 мусор
2026-06-28 22:55:38,444 | INFO     |   → 69/136: ✅ 1 взято | 🗑️ 171 мусор
2026-06-28 22:55:38,444 | INFO     |   → 70/136: ✅ 0 взято | 🗑️ 0 мусор
2026-06-28 22:55:38,445 | INFO     |   → 71/136: ✅ 0 взято | 🗑️ 202 мусор
2026-06-28 22:55:38,445 | INFO     |   → 72/136: ✅ 0 взято | 🗑️ 0 мусор
2026-06-28 22:55:38,445 | INFO     |   → 73/136: ✅ 0 взято | 🗑️ 138 мусор
2026-06-28 22:55:38,445 | INFO     |   → 74/136: ✅ 0 взято | 🗑️ 0 мусор
2026-06-28 22:55:38,445 | INFO     |   → 75/136: ✅ 0 взято | 🗑️ 236 мусор
2026-06-28 22:55:38,445 | INFO     |   → 76/136: ✅ 0 взято | 🗑️ 0 мусор
2026-06-28 22:55:38,445 | INFO     |   → 77/136: ✅ 0 взято | 🗑️ 192 мусор
2026-06-28 22:55:38,445 | INFO     |   → 78/136: ✅ 0 взято | 🗑️ 0 мусор
2026-06-28 22:55:38,445 | INFO     |   → 79/136: ✅ 1 взято | 🗑️ 174 мусор
2026-06-28 22:55:38,445 | INFO     |   → 80/136: ✅ 0 взято | 🗑️ 0 мусор
2026-06-28 22:55:38,445 | INFO     |   → 81/136: ✅ 1 взято | 🗑️ 149 мусор
2026-06-28 22:55:38,445 | INFO     |   → 82/136: ✅ 0 взято | 🗑️ 0 мусор
2026-06-28 22:55:38,445 | INFO     |   → 83/136: ✅ 3 взято | 🗑️ 147 мусор
2026-06-28 22:55:38,445 | INFO     |   → 84/136: ✅ 0 взято | 🗑️ 0 мусор
2026-06-28 22:55:38,445 | INFO     |   → 85/136: ✅ 2 взято | 🗑️ 196 мусор
2026-06-28 22:55:38,445 | INFO     |   → 86/136: ✅ 0 взято | 🗑️ 0 мусор
2026-06-28 22:55:38,445 | INFO     |   → 87/136: ✅ 2 взято | 🗑️ 277 мусор
2026-06-28 22:55:38,445 | INFO     |   → 88/136: ✅ 0 взято | 🗑️ 0 мусор
2026-06-28 22:55:38,445 | INFO     |   → 89/136: ✅ 0 взято | 🗑️ 211 мусор
2026-06-28 22:55:38,445 | INFO     |   → 90/136: ✅ 0 взято | 🗑️ 0 мусор
2026-06-28 22:55:38,445 | INFO     |   → 91/136: ✅ 1 взято | 🗑️ 229 мусор
2026-06-28 22:55:38,446 | INFO     |   → 92/136: ✅ 0 взято | 🗑️ 0 мусор
2026-06-28 22:55:38,446 | INFO     |   → 93/136: ✅ 1 взято | 🗑️ 131 мусор
2026-06-28 22:55:38,446 | INFO     |   → 94/136: ✅ 0 взято | 🗑️ 0 мусор
2026-06-28 22:55:38,446 | INFO     |   → 95/136: ✅ 3 взято | 🗑️ 257 мусор
2026-06-28 22:55:38,446 | INFO     |   → 96/136: ✅ 0 взято | 🗑️ 0 мусор
2026-06-28 22:55:38,446 | INFO     |   → 97/136: ✅ 0 взято | 🗑️ 180 мусор
2026-06-28 22:55:38,446 | INFO     |   → 98/136: ✅ 0 взято | 🗑️ 0 мусор
2026-06-28 22:55:38,446 | INFO     |   → 99/136: ✅ 5 взято | 🗑️ 9 мусор
2026-06-28 22:55:38,446 | INFO     |   → 100/136: ✅ 0 взято | 🗑️ 9 мусор
2026-06-28 22:55:38,446 | INFO     |   → 101/136: ✅ 0 взято | 🗑️ 9 мусор
2026-06-28 22:55:38,446 | INFO     |   → 102/136: ✅ 0 взято | 🗑️ 9 мусор
2026-06-28 22:55:38,446 | INFO     |   → 103/136: ✅ 0 взято | 🗑️ 9 мусор
2026-06-28 22:55:38,446 | INFO     |   → 104/136: ✅ 0 взято | 🗑️ 9 мусор
2026-06-28 22:55:38,446 | INFO     |   → 105/136: ✅ 0 взято | 🗑️ 9 мусор
2026-06-28 22:55:38,446 | INFO     |   → 106/136: ✅ 0 взято | 🗑️ 9 мусор
2026-06-28 22:55:38,446 | INFO     |   → 107/136: ✅ 13 взято | 🗑️ 10 мусор
2026-06-28 22:55:38,446 | INFO     |   → 108/136: ✅ 0 взято | 🗑️ 10 мусор
2026-06-28 22:55:38,446 | INFO     |   → 109/136: ✅ 0 взято | 🗑️ 10 мусор
2026-06-28 22:55:38,446 | INFO     |   → 110/136: ✅ 0 взято | 🗑️ 10 мусор
2026-06-28 22:55:38,446 | INFO     |   → 111/136: ✅ 0 взято | 🗑️ 10 мусор
2026-06-28 22:55:38,447 | INFO     |   → 112/136: ✅ 0 взято | 🗑️ 10 мусор
2026-06-28 22:55:38,447 | INFO     |   → 113/136: ✅ 0 взято | 🗑️ 10 мусор
2026-06-28 22:55:38,447 | INFO     |   → 114/136: ✅ 0 взято | 🗑️ 10 мусор
2026-06-28 22:55:38,447 | INFO     |   → 115/136: ✅ 0 взято | 🗑️ 9 мусор
2026-06-28 22:55:38,447 | INFO     |   → 116/136: ✅ 0 взято | 🗑️ 9 мусор
2026-06-28 22:55:38,447 | INFO     |   → 117/136: ✅ 0 взято | 🗑️ 9 мусор
2026-06-28 22:55:38,447 | INFO     |   → 118/136: ✅ 0 взято | 🗑️ 9 мусор
2026-06-28 22:55:38,447 | INFO     |   → 119/136: ✅ 0 взято | 🗑️ 9 мусор
2026-06-28 22:55:38,447 | INFO     |   → 120/136: ✅ 0 взято | 🗑️ 9 мусор
2026-06-28 22:55:38,447 | INFO     |   → 121/136: ✅ 0 взято | 🗑️ 9 мусор
2026-06-28 22:55:38,447 | INFO     |   → 122/136: ✅ 0 взято | 🗑️ 9 мусор
2026-06-28 22:55:38,447 | INFO     |   → 123/136: ✅ 0 взято | 🗑️ 10 мусор
2026-06-28 22:55:38,447 | INFO     |   → 124/136: ✅ 0 взято | 🗑️ 10 мусор
2026-06-28 22:55:38,447 | INFO     |   → 125/136: ✅ 0 взято | 🗑️ 10 мусор
2026-06-28 22:55:38,447 | INFO     |   → 126/136: ✅ 0 взято | 🗑️ 10 мусор
2026-06-28 22:55:38,447 | INFO     |   → 127/136: ✅ 0 взято | 🗑️ 10 мусор
2026-06-28 22:55:38,447 | INFO     |   → 128/136: ✅ 0 взято | 🗑️ 10 мусор
2026-06-28 22:55:38,447 | INFO     |   → 129/136: ✅ 0 взято | 🗑️ 10 мусор
2026-06-28 22:55:38,447 | INFO     |   → 130/136: ✅ 0 взято | 🗑️ 10 мусор
2026-06-28 22:55:38,447 | INFO     |   → 131/136: ✅ 0 взято | 🗑️ 0 мусор
2026-06-28 22:55:38,447 | INFO     |   → 132/136: ✅ 4 взято | 🗑️ 458 мусор
2026-06-28 22:55:38,447 | INFO     |   → 133/136: ✅ 0 взято | 🗑️ 0 мусор
2026-06-28 22:55:38,448 | INFO     |   → 134/136: ✅ 1 взято | 🗑️ 164 мусор
2026-06-28 22:55:38,448 | INFO     |   → 135/136: ✅ 0 взято | 🗑️ 0 мусор
2026-06-28 22:55:38,448 | INFO     |   → 136/136: ✅ 6 взято | 🗑️ 221 мусор
2026-06-28 22:55:38,448 | INFO     |   → 📡 С sstap.org получено 0 ключей
2026-06-28 22:55:38,448 | INFO     |   → 📡 С sstap.org не добавлено ни одного ключа (все 0 отклонены фильтром)
2026-06-28 22:55:38,448 | INFO     |   → ✅ ГОТОВО!
2026-06-28 22:55:38,448 | INFO     |   →    📥 Всего ключей после фильтра: 78
2026-06-28 22:55:38,448 | INFO     |   →    🔗 Уникальных IP:PORT:SCHEME: 59
2026-06-28 22:55:38,448 | INFO     |   →    🗑️ Выброшено мусора: 6505
2026-06-28 22:55:38,448 | INFO     |   → 📊 По протоколам:
2026-06-28 22:55:38,448 | INFO     |   →    vless: 47
2026-06-28 22:55:38,448 | INFO     |   →    vmess: 1
2026-06-28 22:55:38,448 | INFO     |   →    trojan: 9
2026-06-28 22:55:38,448 | INFO     |   →    hysteria2: 2
2026-06-28 22:55:38,448 | INFO     | ✅ mirror.py завершён успешно
2026-06-28 22:55:38,448 | INFO     | 
2026-06-28 22:55:38,448 | INFO     | 
2026-06-28 22:55:38,448 | INFO     | ──────────────────────────────────────────────────────────────────────
2026-06-28 22:55:38,448 | INFO     | 📌 ЭТАП: Генерация 50 уникальных CF-VLESS
2026-06-28 22:55:38,448 | INFO     | ──────────────────────────────────────────────────────────────────────
2026-06-28 22:55:38,448 | INFO     | 🚀 Запуск generate_cf_vless.py (50 новых CF-VLESS)...
2026-06-28 22:55:38,627 | INFO     |   → === Генератор свежих VLESS-конфигов на IP Cloudflare ===
2026-06-28 22:55:38,627 | INFO     |   → ✅ Сгенерировано и сохранено 50 VLESS-конфигов.
2026-06-28 22:55:38,627 | INFO     |   → 📂 Файл: /home/runner/work/vpn-vless-configs-russia/vpn-vless-configs-russia/data/githubmirror/new/cf_fresh.txt
2026-06-28 22:55:38,627 | INFO     | ✅ generate_cf_vless.py завершён успешно
2026-06-28 22:55:38,627 | INFO     | 
2026-06-28 22:55:38,627 | INFO     | 
2026-06-28 22:55:38,627 | INFO     | ──────────────────────────────────────────────────────────────────────
2026-06-28 22:55:38,627 | INFO     | 📌 ЭТАП: Слияние CF с основным списком
2026-06-28 22:55:38,627 | INFO     | ──────────────────────────────────────────────────────────────────────
2026-06-28 22:55:38,629 | INFO     | 🔄 Добавлено 50 новых CF-VLESS в /home/runner/work/vpn-vless-configs-russia/vpn-vless-configs-russia/data/githubmirror/clean/vless.txt
2026-06-28 22:55:38,629 | INFO     | 📊 Всего в clean/vless.txt теперь: 97
2026-06-28 22:55:38,629 | INFO     | 
2026-06-28 22:55:38,629 | INFO     | 
2026-06-28 22:55:38,629 | INFO     | ──────────────────────────────────────────────────────────────────────
2026-06-28 22:55:38,629 | INFO     | 📌 ЭТАП: Фильтрация по реальному SNI
2026-06-28 22:55:38,629 | INFO     | ──────────────────────────────────────────────────────────────────────
2026-06-28 22:55:38,629 | INFO     | 🚀 Запуск filter_ru_sni.py (Фильтр по реальному SNI (CDN+RU))...
2026-06-28 22:55:38,658 | INFO     |   → hysteria2.txt: 2 → 0 (SNI-filtered)
2026-06-28 22:55:38,658 | INFO     |   →   trojan.txt: 9 → 0 (SNI-filtered)
2026-06-28 22:55:38,658 | INFO     |   →   vless.txt: 97 → 55 (SNI-filtered)
2026-06-28 22:55:38,658 | INFO     |   →   vmess.txt: 1 → 0 (SNI-filtered)
2026-06-28 22:55:38,658 | INFO     |   → ==================================================
2026-06-28 22:55:38,658 | INFO     |   →   Всего входных:  109
2026-06-28 22:55:38,658 | INFO     |   →   Прошли фильтр:  55
2026-06-28 22:55:38,658 | INFO     |   →   Отброшено:      54
2026-06-28 22:55:38,659 | INFO     |   → ==================================================
2026-06-28 22:55:38,659 | INFO     |   → Готово → /home/runner/work/vpn-vless-configs-russia/vpn-vless-configs-russia/data/githubmirror/ru-sni
2026-06-28 22:55:38,659 | INFO     | ✅ filter_ru_sni.py завершён успешно
2026-06-28 22:55:38,659 | INFO     | 
2026-06-28 22:55:38,659 | INFO     | 
2026-06-28 22:55:38,659 | INFO     | ──────────────────────────────────────────────────────────────────────
2026-06-28 22:55:38,659 | INFO     | 📌 ЭТАП: Экспериментальный RU-SNI фильтр
2026-06-28 22:55:38,659 | INFO     | ──────────────────────────────────────────────────────────────────────
2026-06-28 22:55:38,659 | INFO     | 🚀 Запуск filter_ru_sni_local.py (Экспериментальный фильтр по RU-SNI)...
2026-06-28 22:55:38,688 | INFO     |   → hysteria2.txt: 2 → 0 (RU-SNI)
2026-06-28 22:55:38,688 | INFO     |   → trojan.txt: 9 → 0 (RU-SNI)
2026-06-28 22:55:38,688 | INFO     |   → vless.txt: 97 → 0 (RU-SNI)
2026-06-28 22:55:38,689 | INFO     |   → vmess.txt: 1 → 0 (RU-SNI)
2026-06-28 22:55:38,689 | INFO     |   → ==================================================
2026-06-28 22:55:38,689 | INFO     |   → Всего входных:  109
2026-06-28 22:55:38,689 | INFO     |   → Прошли RU-SNI:  0
2026-06-28 22:55:38,689 | INFO     |   → Отброшено:      109
2026-06-28 22:55:38,689 | INFO     |   → ==================================================
2026-06-28 22:55:38,689 | INFO     |   → Готово → /home/runner/work/vpn-vless-configs-russia/vpn-vless-configs-russia/data/githubmirror/ru-sni-local
2026-06-28 22:55:38,689 | INFO     | ✅ filter_ru_sni_local.py завершён успешно
2026-06-28 22:55:38,689 | INFO     | 
2026-06-28 22:55:38,689 | INFO     | 
2026-06-28 22:55:38,689 | INFO     | ──────────────────────────────────────────────────────────────────────
2026-06-28 22:55:38,689 | INFO     | 📌 ЭТАП: Сбор статистики
2026-06-28 22:55:38,689 | INFO     | ──────────────────────────────────────────────────────────────────────
2026-06-28 22:55:38,689 | INFO     | 📊 Сбор статистики...
2026-06-28 22:55:38,689 | INFO     |   📁 githubmirror/clean:
2026-06-28 22:55:38,690 | INFO     |     • hysteria2   :     2 конфигов
2026-06-28 22:55:38,690 | INFO     |     • trojan      :     9 конфигов
2026-06-28 22:55:38,690 | INFO     |     • vless       :    97 конфигов
2026-06-28 22:55:38,690 | INFO     |     • vmess       :     1 конфигов
2026-06-28 22:55:38,690 | INFO     |   📁 githubmirror/ru-sni:
2026-06-28 22:55:38,690 | INFO     |     • hysteria2   :     0 конфигов (  0.0% от clean)
2026-06-28 22:55:38,690 | INFO     |     • trojan      :     0 конфигов (  0.0% от clean)
2026-06-28 22:55:38,690 | INFO     |     • vless       :    55 конфигов ( 56.7% от clean)
2026-06-28 22:55:38,691 | INFO     |     • vmess       :     0 конфигов (  0.0% от clean)
2026-06-28 22:55:38,691 | INFO     |   ✨ Новых CF-VLESS в этом запуске: 50
2026-06-28 22:55:38,691 | INFO     | 
2026-06-28 22:55:38,691 | INFO     |   ──────────────────────────────────────────────────
2026-06-28 22:55:38,691 | INFO     |   📈 ИТОГО:
2026-06-28 22:55:38,691 | INFO     |     Clean (после geo-фильтра):      109
2026-06-28 22:55:38,691 | INFO     |     RU-SNI (после SNI-фильтра):      55
2026-06-28 22:55:38,691 | INFO     |     Прошло фильтр:                 50.5%
2026-06-28 22:55:38,691 | INFO     |   ──────────────────────────────────────────────────
2026-06-28 22:55:38,691 | INFO     | ✅ Статистика сохранена: /home/runner/work/vpn-vless-configs-russia/vpn-vless-configs-russia/data/stats.json
2026-06-28 22:55:38,691 | INFO     | 
2026-06-28 22:55:38,691 | INFO     | ======================================================================
2026-06-28 22:55:38,691 | INFO     | 📊 ИТОГОВЫЙ ОТЧЁТ
2026-06-28 22:55:38,691 | INFO     | ======================================================================
2026-06-28 22:55:38,691 | INFO     |   ✅ OK         | Загрузка и geo-фильтрация
2026-06-28 22:55:38,691 | INFO     |   ✅ OK         | Генерация 50 уникальных CF-VLESS
2026-06-28 22:55:38,692 | INFO     |   ✅ OK         | Слияние CF с основным списком
2026-06-28 22:55:38,692 | INFO     |   ✅ OK         | Фильтрация по реальному SNI
2026-06-28 22:55:38,692 | INFO     |   ✅ OK         | Экспериментальный RU-SNI фильтр
2026-06-28 22:55:38,692 | INFO     |   ✅ OK         | Сбор статистики
2026-06-28 22:55:38,692 | INFO     | ──────────────────────────────────────────────────────────────────────
2026-06-28 22:55:38,692 | INFO     | ✅ ВСЕ ЭТАПЫ УСПЕШНЫ (6/6)
2026-06-28 22:55:38,692 | INFO     | ⏰ Время завершения: 2026-06-28 22:55:38
2026-06-28 22:55:38,692 | INFO     | ======================================================================
