2026-07-02 20:53:57,717 | INFO     | ======================================================================
2026-07-02 20:53:57,717 | INFO     | 🔍 VPN KEY CHECKER - Начало проверки
2026-07-02 20:53:57,717 | INFO     | ⏰ Время старта: 2026-07-02 20:53:57
2026-07-02 20:53:57,717 | INFO     | 📂 Рабочая директория: /home/runner/work/vpn-vless-configs-russia/vpn-vless-configs-russia
2026-07-02 20:53:57,717 | INFO     | ======================================================================
2026-07-02 20:53:57,717 | INFO     | 
2026-07-02 20:53:57,717 | INFO     | 🔍 Проверка наличия скриптов...
2026-07-02 20:53:57,717 | INFO     |   ✅ mirror.py
2026-07-02 20:53:57,718 | INFO     |   ✅ generate_cf_vless.py
2026-07-02 20:53:57,718 | INFO     |   ✅ filter_ru_sni.py
2026-07-02 20:53:57,718 | INFO     |   ✅ filter_ru_sni_local.py
2026-07-02 20:53:57,718 | INFO     | 
2026-07-02 20:53:57,718 | INFO     | ──────────────────────────────────────────────────────────────────────
2026-07-02 20:53:57,718 | INFO     | 📌 ЭТАП: Загрузка и geo-фильтрация
2026-07-02 20:53:57,718 | INFO     | ──────────────────────────────────────────────────────────────────────
2026-07-02 20:53:57,718 | INFO     | 🚀 Запуск mirror.py (Загрузка и фильтрация по РФ/СНГ/Европа)...
2026-07-02 20:54:57,433 | INFO     |   → DEBUG: mirror.py started
2026-07-02 20:54:57,433 | INFO     |   → DEBUG: BASE_PATH = /home/runner/work/vpn-vless-configs-russia/vpn-vless-configs-russia
2026-07-02 20:54:57,433 | INFO     |   → DEBUG: CONFIG_SOURCES_FILE = /home/runner/work/vpn-vless-configs-russia/vpn-vless-configs-russia/data/config_sources.json
2026-07-02 20:54:57,433 | INFO     |   → 📂 Загружено 164 источников из /home/runner/work/vpn-vless-configs-russia/vpn-vless-configs-russia/data/config_sources.json
2026-07-02 20:54:57,433 | INFO     |   → 🚀 Старт: всего источников: 164
2026-07-02 20:54:57,433 | INFO     |   → 1/164: ✅ 0 взято | 🗑️ 0 мусор
2026-07-02 20:54:57,433 | INFO     |   → 2/164: ✅ 0 взято | 🗑️ 0 мусор
2026-07-02 20:54:57,433 | INFO     |   → 3/164: ✅ 0 взято | 🗑️ 0 мусор
2026-07-02 20:54:57,433 | INFO     |   → 4/164: ✅ 0 взято | 🗑️ 0 мусор
2026-07-02 20:54:57,433 | INFO     |   → 5/164: ✅ 0 взято | 🗑️ 0 мусор
2026-07-02 20:54:57,433 | INFO     |   → 6/164: ✅ 0 взято | 🗑️ 0 мусор
2026-07-02 20:54:57,433 | INFO     |   → 7/164: ✅ 0 взято | 🗑️ 0 мусор
2026-07-02 20:54:57,433 | INFO     |   → 8/164: ✅ 0 взято | 🗑️ 0 мусор
2026-07-02 20:54:57,434 | INFO     |   → 9/164: ✅ 0 взято | 🗑️ 0 мусор
2026-07-02 20:54:57,434 | INFO     |   → 10/164: ✅ 0 взято | 🗑️ 0 мусор
2026-07-02 20:54:57,434 | INFO     |   → 11/164: ✅ 0 взято | 🗑️ 0 мусор
2026-07-02 20:54:57,434 | INFO     |   → 12/164: ✅ 0 взято | 🗑️ 0 мусор
2026-07-02 20:54:57,434 | INFO     |   → 13/164: ✅ 0 взято | 🗑️ 0 мусор
2026-07-02 20:54:57,434 | INFO     |   → 14/164: ✅ 0 взято | 🗑️ 0 мусор
2026-07-02 20:54:57,434 | INFO     |   → 15/164: ✅ 0 взято | 🗑️ 0 мусор
2026-07-02 20:54:57,434 | INFO     |   → 16/164: ✅ 0 взято | 🗑️ 0 мусор
2026-07-02 20:54:57,434 | INFO     |   → 17/164: ✅ 0 взято | 🗑️ 0 мусор
2026-07-02 20:54:57,434 | INFO     |   → 18/164: ✅ 0 взято | 🗑️ 0 мусор
2026-07-02 20:54:57,434 | INFO     |   → 19/164: ✅ 0 взято | 🗑️ 0 мусор
2026-07-02 20:54:57,434 | INFO     |   → 20/164: ✅ 0 взято | 🗑️ 0 мусор
2026-07-02 20:54:57,434 | INFO     |   → 21/164: ✅ 0 взято | 🗑️ 0 мусор
2026-07-02 20:54:57,434 | INFO     |   → 22/164: ✅ 0 взято | 🗑️ 0 мусор
2026-07-02 20:54:57,434 | INFO     |   → 23/164: ✅ 0 взято | 🗑️ 0 мусор
2026-07-02 20:54:57,434 | INFO     |   → 24/164: ✅ 0 взято | 🗑️ 0 мусор
2026-07-02 20:54:57,434 | INFO     |   → 25/164: ✅ 0 взято | 🗑️ 0 мусор
2026-07-02 20:54:57,434 | INFO     |   → 26/164: ✅ 0 взято | 🗑️ 0 мусор
2026-07-02 20:54:57,434 | INFO     |   → 27/164: ✅ 0 взято | 🗑️ 0 мусор
2026-07-02 20:54:57,435 | INFO     |   → 28/164: ✅ 0 взято | 🗑️ 0 мусор
2026-07-02 20:54:57,435 | INFO     |   → 29/164: ✅ 0 взято | 🗑️ 0 мусор
2026-07-02 20:54:57,435 | INFO     |   → 30/164: ✅ 0 взято | 🗑️ 0 мусор
2026-07-02 20:54:57,435 | INFO     |   → 31/164: ✅ 0 взято | 🗑️ 0 мусор
2026-07-02 20:54:57,435 | INFO     |   → 32/164: ✅ 0 взято | 🗑️ 0 мусор
2026-07-02 20:54:57,435 | INFO     |   → 33/164: ✅ 0 взято | 🗑️ 0 мусор
2026-07-02 20:54:57,435 | INFO     |   → 34/164: ✅ 0 взято | 🗑️ 0 мусор
2026-07-02 20:54:57,435 | INFO     |   → 35/164: ✅ 0 взято | 🗑️ 0 мусор
2026-07-02 20:54:57,435 | INFO     |   → 36/164: ✅ 0 взято | 🗑️ 0 мусор
2026-07-02 20:54:57,435 | INFO     |   → 37/164: ✅ 0 взято | 🗑️ 0 мусор
2026-07-02 20:54:57,435 | INFO     |   → 38/164: ✅ 0 взято | 🗑️ 0 мусор
2026-07-02 20:54:57,435 | INFO     |   → 39/164: ✅ 0 взято | 🗑️ 0 мусор
2026-07-02 20:54:57,435 | INFO     |   → 40/164: ✅ 0 взято | 🗑️ 0 мусор
2026-07-02 20:54:57,435 | INFO     |   → 41/164: ✅ 0 взято | 🗑️ 0 мусор
2026-07-02 20:54:57,435 | INFO     |   → 42/164: ✅ 5 взято | 🗑️ 133 мусор
2026-07-02 20:54:57,435 | INFO     |   → 43/164: ✅ 5 взято | 🗑️ 166 мусор
2026-07-02 20:54:57,435 | INFO     |   → 44/164: ✅ 2 взято | 🗑️ 114 мусор
2026-07-02 20:54:57,435 | INFO     |   → 45/164: ✅ 0 взято | 🗑️ 115 мусор
2026-07-02 20:54:57,436 | INFO     |   → 46/164: ✅ 5 взято | 🗑️ 161 мусор
2026-07-02 20:54:57,436 | INFO     |   → 47/164: ✅ 2 взято | 🗑️ 60 мусор
2026-07-02 20:54:57,436 | INFO     |   → 48/164: ✅ 0 взято | 🗑️ 0 мусор
2026-07-02 20:54:57,436 | INFO     |   → 49/164: ✅ 0 взято | 🗑️ 0 мусор
2026-07-02 20:54:57,436 | INFO     |   → 50/164: ✅ 0 взято | 🗑️ 0 мусор
2026-07-02 20:54:57,436 | INFO     |   → 51/164: ✅ 1 взято | 🗑️ 226 мусор
2026-07-02 20:54:57,436 | INFO     |   → 52/164: ✅ 0 взято | 🗑️ 0 мусор
2026-07-02 20:54:57,436 | INFO     |   → 53/164: ✅ 1 взято | 🗑️ 169 мусор
2026-07-02 20:54:57,436 | INFO     |   → 54/164: ✅ 0 взято | 🗑️ 0 мусор
2026-07-02 20:54:57,436 | INFO     |   → 55/164: ✅ 0 взято | 🗑️ 0 мусор
2026-07-02 20:54:57,436 | INFO     |   → 56/164: ✅ 1 взято | 🗑️ 213 мусор
2026-07-02 20:54:57,436 | INFO     |   → 57/164: ✅ 0 взято | 🗑️ 0 мусор
2026-07-02 20:54:57,436 | INFO     |   → 58/164: ✅ 0 взято | 🗑️ 0 мусор
2026-07-02 20:54:57,436 | INFO     |   → 59/164: ✅ 2 взято | 🗑️ 60 мусор
2026-07-02 20:54:57,436 | INFO     |   → 60/164: ✅ 0 взято | 🗑️ 0 мусор
2026-07-02 20:54:57,436 | INFO     |   → 61/164: ✅ 3 взято | 🗑️ 99 мусор
2026-07-02 20:54:57,436 | INFO     |   → 62/164: ✅ 0 взято | 🗑️ 0 мусор
2026-07-02 20:54:57,436 | INFO     |   → 63/164: ✅ 0 взято | 🗑️ 0 мусор
2026-07-02 20:54:57,436 | INFO     |   → 64/164: ✅ 1 взято | 🗑️ 96 мусор
2026-07-02 20:54:57,436 | INFO     |   → 65/164: ✅ 0 взято | 🗑️ 117 мусор
2026-07-02 20:54:57,436 | INFO     |   → 66/164: ✅ 11 взято | 🗑️ 225 мусор
2026-07-02 20:54:57,436 | INFO     |   → 67/164: ✅ 1 взято | 🗑️ 141 мусор
2026-07-02 20:54:57,437 | INFO     |   → 68/164: ✅ 0 взято | 🗑️ 96 мусор
2026-07-02 20:54:57,437 | INFO     |   → 69/164: ✅ 0 взято | 🗑️ 263 мусор
2026-07-02 20:54:57,437 | INFO     |   → 70/164: ✅ 0 взято | 🗑️ 0 мусор
2026-07-02 20:54:57,437 | INFO     |   → 71/164: ✅ 0 взято | 🗑️ 0 мусор
2026-07-02 20:54:57,437 | INFO     |   → 72/164: ✅ 0 взято | 🗑️ 0 мусор
2026-07-02 20:54:57,437 | INFO     |   → 73/164: ✅ 0 взято | 🗑️ 137 мусор
2026-07-02 20:54:57,437 | INFO     |   → 74/164: ✅ 0 взято | 🗑️ 0 мусор
2026-07-02 20:54:57,437 | INFO     |   → 75/164: ✅ 0 взято | 🗑️ 0 мусор
2026-07-02 20:54:57,437 | INFO     |   → 76/164: ✅ 0 взято | 🗑️ 0 мусор
2026-07-02 20:54:57,437 | INFO     |   → 77/164: ✅ 0 взято | 🗑️ 112 мусор
2026-07-02 20:54:57,437 | INFO     |   → 78/164: ✅ 0 взято | 🗑️ 0 мусор
2026-07-02 20:54:57,437 | INFO     |   → 79/164: ✅ 3 взято | 🗑️ 100 мусор
2026-07-02 20:54:57,437 | INFO     |   → 80/164: ✅ 0 взято | 🗑️ 0 мусор
2026-07-02 20:54:57,437 | INFO     |   → 81/164: ✅ 1 взято | 🗑️ 171 мусор
2026-07-02 20:54:57,437 | INFO     |   → 82/164: ✅ 0 взято | 🗑️ 0 мусор
2026-07-02 20:54:57,437 | INFO     |   → 83/164: ✅ 0 взято | 🗑️ 202 мусор
2026-07-02 20:54:57,437 | INFO     |   → 84/164: ✅ 0 взято | 🗑️ 0 мусор
2026-07-02 20:54:57,437 | INFO     |   → 85/164: ✅ 0 взято | 🗑️ 138 мусор
2026-07-02 20:54:57,437 | INFO     |   → 86/164: ✅ 0 взято | 🗑️ 0 мусор
2026-07-02 20:54:57,437 | INFO     |   → 87/164: ✅ 0 взято | 🗑️ 236 мусор
2026-07-02 20:54:57,437 | INFO     |   → 88/164: ✅ 0 взято | 🗑️ 0 мусор
2026-07-02 20:54:57,437 | INFO     |   → 89/164: ✅ 0 взято | 🗑️ 192 мусор
2026-07-02 20:54:57,437 | INFO     |   → 90/164: ✅ 0 взято | 🗑️ 0 мусор
2026-07-02 20:54:57,437 | INFO     |   → 91/164: ✅ 1 взято | 🗑️ 174 мусор
2026-07-02 20:54:57,437 | INFO     |   → 92/164: ✅ 0 взято | 🗑️ 0 мусор
2026-07-02 20:54:57,437 | INFO     |   → 93/164: ✅ 1 взято | 🗑️ 149 мусор
2026-07-02 20:54:57,437 | INFO     |   → 94/164: ✅ 0 взято | 🗑️ 0 мусор
2026-07-02 20:54:57,437 | INFO     |   → 95/164: ✅ 3 взято | 🗑️ 147 мусор
2026-07-02 20:54:57,438 | INFO     |   → 96/164: ✅ 0 взято | 🗑️ 0 мусор
2026-07-02 20:54:57,438 | INFO     |   → 97/164: ✅ 2 взято | 🗑️ 196 мусор
2026-07-02 20:54:57,438 | INFO     |   → 98/164: ✅ 0 взято | 🗑️ 0 мусор
2026-07-02 20:54:57,438 | INFO     |   → 99/164: ✅ 2 взято | 🗑️ 277 мусор
2026-07-02 20:54:57,438 | INFO     |   → 100/164: ✅ 0 взято | 🗑️ 0 мусор
2026-07-02 20:54:57,438 | INFO     |   → 101/164: ✅ 0 взято | 🗑️ 211 мусор
2026-07-02 20:54:57,438 | INFO     |   → 102/164: ✅ 0 взято | 🗑️ 0 мусор
2026-07-02 20:54:57,438 | INFO     |   → 103/164: ✅ 1 взято | 🗑️ 229 мусор
2026-07-02 20:54:57,438 | INFO     |   → 104/164: ✅ 0 взято | 🗑️ 0 мусор
2026-07-02 20:54:57,438 | INFO     |   → 105/164: ✅ 1 взято | 🗑️ 131 мусор
2026-07-02 20:54:57,438 | INFO     |   → 106/164: ✅ 0 взято | 🗑️ 0 мусор
2026-07-02 20:54:57,438 | INFO     |   → 107/164: ✅ 3 взято | 🗑️ 257 мусор
2026-07-02 20:54:57,438 | INFO     |   → 108/164: ✅ 0 взято | 🗑️ 0 мусор
2026-07-02 20:54:57,438 | INFO     |   → 109/164: ✅ 0 взято | 🗑️ 180 мусор
2026-07-02 20:54:57,438 | INFO     |   → 110/164: ✅ 0 взято | 🗑️ 0 мусор
2026-07-02 20:54:57,438 | INFO     |   → 111/164: ✅ 0 взято | 🗑️ 191 мусор
2026-07-02 20:54:57,438 | INFO     |   → 112/164: ✅ 0 взято | 🗑️ 0 мусор
2026-07-02 20:54:57,438 | INFO     |   → 113/164: ✅ 1 взято | 🗑️ 224 мусор
2026-07-02 20:54:57,438 | INFO     |   → 114/164: ✅ 0 взято | 🗑️ 0 мусор
2026-07-02 20:54:57,438 | INFO     |   → 115/164: ✅ 2 взято | 🗑️ 183 мусор
2026-07-02 20:54:57,438 | INFO     |   → 116/164: ✅ 0 взято | 🗑️ 0 мусор
2026-07-02 20:54:57,438 | INFO     |   → 117/164: ✅ 0 взято | 🗑️ 171 мусор
2026-07-02 20:54:57,438 | INFO     |   → 118/164: ✅ 0 взято | 🗑️ 0 мусор
2026-07-02 20:54:57,438 | INFO     |   → 119/164: ✅ 5 взято | 🗑️ 9 мусор
2026-07-02 20:54:57,439 | INFO     |   → 120/164: ✅ 0 взято | 🗑️ 9 мусор
2026-07-02 20:54:57,439 | INFO     |   → 121/164: ✅ 0 взято | 🗑️ 9 мусор
2026-07-02 20:54:57,439 | INFO     |   → 122/164: ✅ 0 взято | 🗑️ 9 мусор
2026-07-02 20:54:57,439 | INFO     |   → 123/164: ✅ 0 взято | 🗑️ 9 мусор
2026-07-02 20:54:57,439 | INFO     |   → 124/164: ✅ 0 взято | 🗑️ 9 мусор
2026-07-02 20:54:57,439 | INFO     |   → 125/164: ✅ 0 взято | 🗑️ 9 мусор
2026-07-02 20:54:57,439 | INFO     |   → 126/164: ✅ 0 взято | 🗑️ 9 мусор
2026-07-02 20:54:57,439 | INFO     |   → 127/164: ✅ 13 взято | 🗑️ 10 мусор
2026-07-02 20:54:57,439 | INFO     |   → 128/164: ✅ 0 взято | 🗑️ 10 мусор
2026-07-02 20:54:57,439 | INFO     |   → 129/164: ✅ 0 взято | 🗑️ 10 мусор
2026-07-02 20:54:57,439 | INFO     |   → 130/164: ✅ 0 взято | 🗑️ 10 мусор
2026-07-02 20:54:57,439 | INFO     |   → 131/164: ✅ 0 взято | 🗑️ 10 мусор
2026-07-02 20:54:57,439 | INFO     |   → 132/164: ✅ 0 взято | 🗑️ 10 мусор
2026-07-02 20:54:57,439 | INFO     |   → 133/164: ✅ 0 взято | 🗑️ 10 мусор
2026-07-02 20:54:57,439 | INFO     |   → 134/164: ✅ 0 взято | 🗑️ 10 мусор
2026-07-02 20:54:57,439 | INFO     |   → 135/164: ✅ 0 взято | 🗑️ 10 мусор
2026-07-02 20:54:57,439 | INFO     |   → 136/164: ✅ 0 взято | 🗑️ 10 мусор
2026-07-02 20:54:57,439 | INFO     |   → 137/164: ✅ 13 взято | 🗑️ 7 мусор
2026-07-02 20:54:57,439 | INFO     |   → 138/164: ✅ 0 взято | 🗑️ 7 мусор
2026-07-02 20:54:57,439 | INFO     |   → 139/164: ✅ 0 взято | 🗑️ 9 мусор
2026-07-02 20:54:57,440 | INFO     |   → 140/164: ✅ 0 взято | 🗑️ 9 мусор
2026-07-02 20:54:57,440 | INFO     |   → 141/164: ✅ 0 взято | 🗑️ 9 мусор
2026-07-02 20:54:57,440 | INFO     |   → 142/164: ✅ 0 взято | 🗑️ 9 мусор
2026-07-02 20:54:57,440 | INFO     |   → 143/164: ✅ 0 взято | 🗑️ 9 мусор
2026-07-02 20:54:57,440 | INFO     |   → 144/164: ✅ 0 взято | 🗑️ 9 мусор
2026-07-02 20:54:57,440 | INFO     |   → 145/164: ✅ 0 взято | 🗑️ 9 мусор
2026-07-02 20:54:57,440 | INFO     |   → 146/164: ✅ 0 взято | 🗑️ 9 мусор
2026-07-02 20:54:57,440 | INFO     |   → 147/164: ✅ 0 взято | 🗑️ 10 мусор
2026-07-02 20:54:57,440 | INFO     |   → 148/164: ✅ 0 взято | 🗑️ 10 мусор
2026-07-02 20:54:57,440 | INFO     |   → 149/164: ✅ 0 взято | 🗑️ 10 мусор
2026-07-02 20:54:57,440 | INFO     |   → 150/164: ✅ 0 взято | 🗑️ 10 мусор
2026-07-02 20:54:57,440 | INFO     |   → 151/164: ✅ 0 взято | 🗑️ 10 мусор
2026-07-02 20:54:57,440 | INFO     |   → 152/164: ✅ 0 взято | 🗑️ 10 мусор
2026-07-02 20:54:57,440 | INFO     |   → 153/164: ✅ 0 взято | 🗑️ 10 мусор
2026-07-02 20:54:57,440 | INFO     |   → 154/164: ✅ 0 взято | 🗑️ 10 мусор
2026-07-02 20:54:57,440 | INFO     |   → 155/164: ✅ 0 взято | 🗑️ 10 мусор
2026-07-02 20:54:57,440 | INFO     |   → 156/164: ✅ 0 взято | 🗑️ 10 мусор
2026-07-02 20:54:57,440 | INFO     |   → 157/164: ✅ 0 взято | 🗑️ 7 мусор
2026-07-02 20:54:57,440 | INFO     |   → 158/164: ✅ 0 взято | 🗑️ 7 мусор
2026-07-02 20:54:57,440 | INFO     |   → 159/164: ✅ 0 взято | 🗑️ 0 мусор
2026-07-02 20:54:57,440 | INFO     |   → 160/164: ✅ 4 взято | 🗑️ 458 мусор
2026-07-02 20:54:57,441 | INFO     |   → 161/164: ✅ 0 взято | 🗑️ 0 мусор
2026-07-02 20:54:57,441 | INFO     |   → 162/164: ✅ 1 взято | 🗑️ 164 мусор
2026-07-02 20:54:57,441 | INFO     |   → 163/164: ✅ 0 взято | 🗑️ 0 мусор
2026-07-02 20:54:57,441 | INFO     |   → 164/164: ✅ 6 взято | 🗑️ 221 мусор
2026-07-02 20:54:57,441 | INFO     |   → 📡 С sstap.org получено 0 ключей
2026-07-02 20:54:57,441 | INFO     |   → 📡 С sstap.org не добавлено ни одного ключа (все 0 отклонены фильтром)
2026-07-02 20:54:57,441 | INFO     |   → ✅ ГОТОВО!
2026-07-02 20:54:57,441 | INFO     |   →    📥 Всего ключей после фильтра: 103
2026-07-02 20:54:57,441 | INFO     |   →    🔗 Уникальных IP:PORT:SCHEME: 80
2026-07-02 20:54:57,441 | INFO     |   →    🗑️ Выброшено мусора: 7677
2026-07-02 20:54:57,441 | INFO     |   → 📊 По протоколам:
2026-07-02 20:54:57,441 | INFO     |   →    vless: 60
2026-07-02 20:54:57,441 | INFO     |   →    vmess: 2
2026-07-02 20:54:57,441 | INFO     |   →    trojan: 12
2026-07-02 20:54:57,441 | INFO     |   →    ss: 3
2026-07-02 20:54:57,441 | INFO     |   →    hysteria2: 3
2026-07-02 20:54:57,441 | INFO     | ✅ mirror.py завершён успешно
2026-07-02 20:54:57,441 | INFO     | 
2026-07-02 20:54:57,441 | INFO     | 
2026-07-02 20:54:57,441 | INFO     | ──────────────────────────────────────────────────────────────────────
2026-07-02 20:54:57,442 | INFO     | 📌 ЭТАП: Генерация 50 уникальных CF-VLESS
2026-07-02 20:54:57,442 | INFO     | ──────────────────────────────────────────────────────────────────────
2026-07-02 20:54:57,442 | INFO     | 🚀 Запуск generate_cf_vless.py (50 новых CF-VLESS)...
2026-07-02 20:54:57,616 | INFO     |   → === Генератор свежих VLESS-конфигов на IP Cloudflare ===
2026-07-02 20:54:57,616 | INFO     |   → ✅ Сгенерировано и сохранено 50 VLESS-конфигов.
2026-07-02 20:54:57,616 | INFO     |   → 📂 Файл: /home/runner/work/vpn-vless-configs-russia/vpn-vless-configs-russia/data/githubmirror/new/cf_fresh.txt
2026-07-02 20:54:57,616 | INFO     | ✅ generate_cf_vless.py завершён успешно
2026-07-02 20:54:57,616 | INFO     | 
2026-07-02 20:54:57,616 | INFO     | 
2026-07-02 20:54:57,616 | INFO     | ──────────────────────────────────────────────────────────────────────
2026-07-02 20:54:57,616 | INFO     | 📌 ЭТАП: Слияние CF с основным списком
2026-07-02 20:54:57,616 | INFO     | ──────────────────────────────────────────────────────────────────────
2026-07-02 20:54:57,618 | INFO     | 🔄 Добавлено 50 новых CF-VLESS в /home/runner/work/vpn-vless-configs-russia/vpn-vless-configs-russia/data/githubmirror/clean/vless.txt
2026-07-02 20:54:57,618 | INFO     | 📊 Всего в clean/vless.txt теперь: 110
2026-07-02 20:54:57,618 | INFO     | 
2026-07-02 20:54:57,618 | INFO     | 
2026-07-02 20:54:57,618 | INFO     | ──────────────────────────────────────────────────────────────────────
2026-07-02 20:54:57,618 | INFO     | 📌 ЭТАП: Фильтрация по реальному SNI
2026-07-02 20:54:57,618 | INFO     | ──────────────────────────────────────────────────────────────────────
2026-07-02 20:54:57,618 | INFO     | 🚀 Запуск filter_ru_sni.py (Фильтр по реальному SNI (CDN+RU))...
2026-07-02 20:54:57,647 | INFO     |   → hysteria2.txt: 3 → 0 (SNI-filtered)
2026-07-02 20:54:57,647 | INFO     |   →   ss.txt: 3 → 0 (SNI-filtered)
2026-07-02 20:54:57,647 | INFO     |   →   trojan.txt: 12 → 0 (SNI-filtered)
2026-07-02 20:54:57,647 | INFO     |   →   vless.txt: 110 → 58 (SNI-filtered)
2026-07-02 20:54:57,647 | INFO     |   →   vmess.txt: 2 → 0 (SNI-filtered)
2026-07-02 20:54:57,647 | INFO     |   → ==================================================
2026-07-02 20:54:57,647 | INFO     |   →   Всего входных:  130
2026-07-02 20:54:57,647 | INFO     |   →   Прошли фильтр:  58
2026-07-02 20:54:57,647 | INFO     |   →   Отброшено:      72
2026-07-02 20:54:57,647 | INFO     |   → ==================================================
2026-07-02 20:54:57,647 | INFO     |   → Готово → /home/runner/work/vpn-vless-configs-russia/vpn-vless-configs-russia/data/githubmirror/ru-sni
2026-07-02 20:54:57,647 | INFO     | ✅ filter_ru_sni.py завершён успешно
2026-07-02 20:54:57,647 | INFO     | 
2026-07-02 20:54:57,647 | INFO     | 
2026-07-02 20:54:57,648 | INFO     | ──────────────────────────────────────────────────────────────────────
2026-07-02 20:54:57,648 | INFO     | 📌 ЭТАП: Экспериментальный RU-SNI фильтр
2026-07-02 20:54:57,648 | INFO     | ──────────────────────────────────────────────────────────────────────
2026-07-02 20:54:57,648 | INFO     | 🚀 Запуск filter_ru_sni_local.py (Экспериментальный фильтр по RU-SNI)...
2026-07-02 20:54:57,676 | INFO     |   → hysteria2.txt: 3 → 0 (RU-SNI)
2026-07-02 20:54:57,676 | INFO     |   → ss.txt: 3 → 0 (RU-SNI)
2026-07-02 20:54:57,676 | INFO     |   → trojan.txt: 12 → 0 (RU-SNI)
2026-07-02 20:54:57,677 | INFO     |   → vless.txt: 110 → 1 (RU-SNI)
2026-07-02 20:54:57,677 | INFO     |   → vmess.txt: 2 → 0 (RU-SNI)
2026-07-02 20:54:57,677 | INFO     |   → ==================================================
2026-07-02 20:54:57,677 | INFO     |   → Всего входных:  130
2026-07-02 20:54:57,677 | INFO     |   → Прошли RU-SNI:  1
2026-07-02 20:54:57,677 | INFO     |   → Отброшено:      129
2026-07-02 20:54:57,677 | INFO     |   → ==================================================
2026-07-02 20:54:57,677 | INFO     |   → Готово → /home/runner/work/vpn-vless-configs-russia/vpn-vless-configs-russia/data/githubmirror/ru-sni-local
2026-07-02 20:54:57,677 | INFO     | ✅ filter_ru_sni_local.py завершён успешно
2026-07-02 20:54:57,677 | INFO     | 
2026-07-02 20:54:57,677 | INFO     | 
2026-07-02 20:54:57,677 | INFO     | ──────────────────────────────────────────────────────────────────────
2026-07-02 20:54:57,677 | INFO     | 📌 ЭТАП: Сбор статистики
2026-07-02 20:54:57,677 | INFO     | ──────────────────────────────────────────────────────────────────────
2026-07-02 20:54:57,677 | INFO     | 📊 Сбор статистики...
2026-07-02 20:54:57,677 | INFO     |   📁 githubmirror/clean:
2026-07-02 20:54:57,678 | INFO     |     • hysteria2   :     3 конфигов
2026-07-02 20:54:57,678 | INFO     |     • ss          :     3 конфигов
2026-07-02 20:54:57,678 | INFO     |     • trojan      :    12 конфигов
2026-07-02 20:54:57,678 | INFO     |     • vless       :   110 конфигов
2026-07-02 20:54:57,678 | INFO     |     • vmess       :     2 конфигов
2026-07-02 20:54:57,678 | INFO     |   📁 githubmirror/ru-sni:
2026-07-02 20:54:57,678 | INFO     |     • hysteria2   :     0 конфигов (  0.0% от clean)
2026-07-02 20:54:57,678 | INFO     |     • ss          :     0 конфигов (  0.0% от clean)
2026-07-02 20:54:57,678 | INFO     |     • trojan      :     0 конфигов (  0.0% от clean)
2026-07-02 20:54:57,679 | INFO     |     • vless       :    58 конфигов ( 52.7% от clean)
2026-07-02 20:54:57,679 | INFO     |     • vmess       :     0 конфигов (  0.0% от clean)
2026-07-02 20:54:57,679 | INFO     |   ✨ Новых CF-VLESS в этом запуске: 50
2026-07-02 20:54:57,679 | INFO     | 
2026-07-02 20:54:57,679 | INFO     |   ──────────────────────────────────────────────────
2026-07-02 20:54:57,679 | INFO     |   📈 ИТОГО:
2026-07-02 20:54:57,679 | INFO     |     Clean (после geo-фильтра):      130
2026-07-02 20:54:57,679 | INFO     |     RU-SNI (после SNI-фильтра):      58
2026-07-02 20:54:57,679 | INFO     |     Прошло фильтр:                 44.6%
2026-07-02 20:54:57,679 | INFO     |   ──────────────────────────────────────────────────
2026-07-02 20:54:57,679 | INFO     | ✅ Статистика сохранена: /home/runner/work/vpn-vless-configs-russia/vpn-vless-configs-russia/data/stats.json
2026-07-02 20:54:57,679 | INFO     | 
2026-07-02 20:54:57,680 | INFO     | ======================================================================
2026-07-02 20:54:57,680 | INFO     | 📊 ИТОГОВЫЙ ОТЧЁТ
2026-07-02 20:54:57,680 | INFO     | ======================================================================
2026-07-02 20:54:57,680 | INFO     |   ✅ OK         | Загрузка и geo-фильтрация
2026-07-02 20:54:57,680 | INFO     |   ✅ OK         | Генерация 50 уникальных CF-VLESS
2026-07-02 20:54:57,680 | INFO     |   ✅ OK         | Слияние CF с основным списком
2026-07-02 20:54:57,680 | INFO     |   ✅ OK         | Фильтрация по реальному SNI
2026-07-02 20:54:57,680 | INFO     |   ✅ OK         | Экспериментальный RU-SNI фильтр
2026-07-02 20:54:57,680 | INFO     |   ✅ OK         | Сбор статистики
2026-07-02 20:54:57,680 | INFO     | ──────────────────────────────────────────────────────────────────────
2026-07-02 20:54:57,680 | INFO     | ✅ ВСЕ ЭТАПЫ УСПЕШНЫ (6/6)
2026-07-02 20:54:57,680 | INFO     | ⏰ Время завершения: 2026-07-02 20:54:57
2026-07-02 20:54:57,680 | INFO     | ======================================================================
