2026-07-02 02:05:13,633 | INFO     | ======================================================================
2026-07-02 02:05:13,633 | INFO     | 🔍 VPN KEY CHECKER - Начало проверки
2026-07-02 02:05:13,633 | INFO     | ⏰ Время старта: 2026-07-02 02:05:13
2026-07-02 02:05:13,633 | INFO     | 📂 Рабочая директория: /home/runner/work/vpn-vless-configs-russia/vpn-vless-configs-russia
2026-07-02 02:05:13,633 | INFO     | ======================================================================
2026-07-02 02:05:13,633 | INFO     | 
2026-07-02 02:05:13,633 | INFO     | 🔍 Проверка наличия скриптов...
2026-07-02 02:05:13,633 | INFO     |   ✅ mirror.py
2026-07-02 02:05:13,634 | INFO     |   ✅ generate_cf_vless.py
2026-07-02 02:05:13,634 | INFO     |   ✅ filter_ru_sni.py
2026-07-02 02:05:13,634 | INFO     |   ✅ filter_ru_sni_local.py
2026-07-02 02:05:13,634 | INFO     | 
2026-07-02 02:05:13,634 | INFO     | ──────────────────────────────────────────────────────────────────────
2026-07-02 02:05:13,634 | INFO     | 📌 ЭТАП: Загрузка и geo-фильтрация
2026-07-02 02:05:13,634 | INFO     | ──────────────────────────────────────────────────────────────────────
2026-07-02 02:05:13,634 | INFO     | 🚀 Запуск mirror.py (Загрузка и фильтрация по РФ/СНГ/Европа)...
2026-07-02 02:06:16,168 | INFO     |   → DEBUG: mirror.py started
2026-07-02 02:06:16,168 | INFO     |   → DEBUG: BASE_PATH = /home/runner/work/vpn-vless-configs-russia/vpn-vless-configs-russia
2026-07-02 02:06:16,168 | INFO     |   → DEBUG: CONFIG_SOURCES_FILE = /home/runner/work/vpn-vless-configs-russia/vpn-vless-configs-russia/data/config_sources.json
2026-07-02 02:06:16,168 | INFO     |   → 📂 Загружено 160 источников из /home/runner/work/vpn-vless-configs-russia/vpn-vless-configs-russia/data/config_sources.json
2026-07-02 02:06:16,168 | INFO     |   → 🚀 Старт: всего источников: 160
2026-07-02 02:06:16,168 | INFO     |   → 1/160: ✅ 0 взято | 🗑️ 0 мусор
2026-07-02 02:06:16,168 | INFO     |   → 2/160: ✅ 0 взято | 🗑️ 0 мусор
2026-07-02 02:06:16,168 | INFO     |   → 3/160: ✅ 0 взято | 🗑️ 0 мусор
2026-07-02 02:06:16,168 | INFO     |   → 4/160: ✅ 0 взято | 🗑️ 0 мусор
2026-07-02 02:06:16,168 | INFO     |   → 5/160: ✅ 0 взято | 🗑️ 0 мусор
2026-07-02 02:06:16,169 | INFO     |   → 6/160: ✅ 0 взято | 🗑️ 0 мусор
2026-07-02 02:06:16,169 | INFO     |   → 7/160: ✅ 0 взято | 🗑️ 0 мусор
2026-07-02 02:06:16,169 | INFO     |   → 8/160: ✅ 0 взято | 🗑️ 0 мусор
2026-07-02 02:06:16,169 | INFO     |   → 9/160: ✅ 0 взято | 🗑️ 0 мусор
2026-07-02 02:06:16,169 | INFO     |   → 10/160: ✅ 0 взято | 🗑️ 0 мусор
2026-07-02 02:06:16,169 | INFO     |   → 11/160: ✅ 0 взято | 🗑️ 0 мусор
2026-07-02 02:06:16,169 | INFO     |   → 12/160: ✅ 0 взято | 🗑️ 0 мусор
2026-07-02 02:06:16,169 | INFO     |   → 13/160: ✅ 0 взято | 🗑️ 0 мусор
2026-07-02 02:06:16,169 | INFO     |   → 14/160: ✅ 0 взято | 🗑️ 0 мусор
2026-07-02 02:06:16,169 | INFO     |   → 15/160: ✅ 0 взято | 🗑️ 0 мусор
2026-07-02 02:06:16,169 | INFO     |   → 16/160: ✅ 0 взято | 🗑️ 0 мусор
2026-07-02 02:06:16,169 | INFO     |   → 17/160: ✅ 0 взято | 🗑️ 0 мусор
2026-07-02 02:06:16,169 | INFO     |   → 18/160: ✅ 0 взято | 🗑️ 0 мусор
2026-07-02 02:06:16,169 | INFO     |   → 19/160: ✅ 0 взято | 🗑️ 0 мусор
2026-07-02 02:06:16,169 | INFO     |   → 20/160: ✅ 0 взято | 🗑️ 0 мусор
2026-07-02 02:06:16,169 | INFO     |   → 21/160: ✅ 0 взято | 🗑️ 0 мусор
2026-07-02 02:06:16,169 | INFO     |   → 22/160: ✅ 0 взято | 🗑️ 0 мусор
2026-07-02 02:06:16,169 | INFO     |   → 23/160: ✅ 0 взято | 🗑️ 0 мусор
2026-07-02 02:06:16,169 | INFO     |   → 24/160: ✅ 0 взято | 🗑️ 0 мусор
2026-07-02 02:06:16,169 | INFO     |   → 25/160: ✅ 0 взято | 🗑️ 0 мусор
2026-07-02 02:06:16,170 | INFO     |   → 26/160: ✅ 0 взято | 🗑️ 0 мусор
2026-07-02 02:06:16,170 | INFO     |   → 27/160: ✅ 0 взято | 🗑️ 0 мусор
2026-07-02 02:06:16,170 | INFO     |   → 28/160: ✅ 0 взято | 🗑️ 0 мусор
2026-07-02 02:06:16,170 | INFO     |   → 29/160: ✅ 0 взято | 🗑️ 0 мусор
2026-07-02 02:06:16,170 | INFO     |   → 30/160: ✅ 0 взято | 🗑️ 0 мусор
2026-07-02 02:06:16,170 | INFO     |   → 31/160: ✅ 0 взято | 🗑️ 0 мусор
2026-07-02 02:06:16,170 | INFO     |   → 32/160: ✅ 0 взято | 🗑️ 0 мусор
2026-07-02 02:06:16,170 | INFO     |   → 33/160: ✅ 0 взято | 🗑️ 0 мусор
2026-07-02 02:06:16,170 | INFO     |   → 34/160: ✅ 0 взято | 🗑️ 0 мусор
2026-07-02 02:06:16,170 | INFO     |   → 35/160: ✅ 0 взято | 🗑️ 0 мусор
2026-07-02 02:06:16,170 | INFO     |   → 36/160: ✅ 0 взято | 🗑️ 0 мусор
2026-07-02 02:06:16,170 | INFO     |   → 37/160: ✅ 0 взято | 🗑️ 0 мусор
2026-07-02 02:06:16,170 | INFO     |   → 38/160: ✅ 0 взято | 🗑️ 0 мусор
2026-07-02 02:06:16,170 | INFO     |   → 39/160: ✅ 0 взято | 🗑️ 0 мусор
2026-07-02 02:06:16,170 | INFO     |   → 40/160: ✅ 0 взято | 🗑️ 0 мусор
2026-07-02 02:06:16,170 | INFO     |   → 41/160: ✅ 0 взято | 🗑️ 0 мусор
2026-07-02 02:06:16,170 | INFO     |   → 42/160: ✅ 5 взято | 🗑️ 133 мусор
2026-07-02 02:06:16,170 | INFO     |   → 43/160: ✅ 5 взято | 🗑️ 166 мусор
2026-07-02 02:06:16,170 | INFO     |   → 44/160: ✅ 2 взято | 🗑️ 114 мусор
2026-07-02 02:06:16,170 | INFO     |   → 45/160: ✅ 0 взято | 🗑️ 115 мусор
2026-07-02 02:06:16,170 | INFO     |   → 46/160: ✅ 5 взято | 🗑️ 161 мусор
2026-07-02 02:06:16,170 | INFO     |   → 47/160: ✅ 2 взято | 🗑️ 60 мусор
2026-07-02 02:06:16,170 | INFO     |   → 48/160: ✅ 0 взято | 🗑️ 0 мусор
2026-07-02 02:06:16,170 | INFO     |   → 49/160: ✅ 0 взято | 🗑️ 0 мусор
2026-07-02 02:06:16,171 | INFO     |   → 50/160: ✅ 0 взято | 🗑️ 0 мусор
2026-07-02 02:06:16,171 | INFO     |   → 51/160: ✅ 1 взято | 🗑️ 226 мусор
2026-07-02 02:06:16,171 | INFO     |   → 52/160: ✅ 0 взято | 🗑️ 0 мусор
2026-07-02 02:06:16,171 | INFO     |   → 53/160: ✅ 1 взято | 🗑️ 169 мусор
2026-07-02 02:06:16,171 | INFO     |   → 54/160: ✅ 0 взято | 🗑️ 0 мусор
2026-07-02 02:06:16,171 | INFO     |   → 55/160: ✅ 0 взято | 🗑️ 0 мусор
2026-07-02 02:06:16,171 | INFO     |   → 56/160: ✅ 1 взято | 🗑️ 213 мусор
2026-07-02 02:06:16,171 | INFO     |   → 57/160: ✅ 0 взято | 🗑️ 0 мусор
2026-07-02 02:06:16,171 | INFO     |   → 58/160: ✅ 0 взято | 🗑️ 0 мусор
2026-07-02 02:06:16,171 | INFO     |   → 59/160: ✅ 2 взято | 🗑️ 60 мусор
2026-07-02 02:06:16,171 | INFO     |   → 60/160: ✅ 0 взято | 🗑️ 0 мусор
2026-07-02 02:06:16,171 | INFO     |   → 61/160: ✅ 3 взято | 🗑️ 99 мусор
2026-07-02 02:06:16,171 | INFO     |   → 62/160: ✅ 0 взято | 🗑️ 0 мусор
2026-07-02 02:06:16,171 | INFO     |   → 63/160: ✅ 0 взято | 🗑️ 0 мусор
2026-07-02 02:06:16,171 | INFO     |   → 64/160: ✅ 1 взято | 🗑️ 96 мусор
2026-07-02 02:06:16,171 | INFO     |   → 65/160: ✅ 0 взято | 🗑️ 117 мусор
2026-07-02 02:06:16,171 | INFO     |   → 66/160: ✅ 11 взято | 🗑️ 225 мусор
2026-07-02 02:06:16,171 | INFO     |   → 67/160: ✅ 1 взято | 🗑️ 141 мусор
2026-07-02 02:06:16,171 | INFO     |   → 68/160: ✅ 0 взято | 🗑️ 96 мусор
2026-07-02 02:06:16,171 | INFO     |   → 69/160: ✅ 0 взято | 🗑️ 263 мусор
2026-07-02 02:06:16,171 | INFO     |   → 70/160: ✅ 0 взято | 🗑️ 0 мусор
2026-07-02 02:06:16,171 | INFO     |   → 71/160: ✅ 0 взято | 🗑️ 0 мусор
2026-07-02 02:06:16,171 | INFO     |   → 72/160: ✅ 0 взято | 🗑️ 0 мусор
2026-07-02 02:06:16,171 | INFO     |   → 73/160: ✅ 0 взято | 🗑️ 137 мусор
2026-07-02 02:06:16,172 | INFO     |   → 74/160: ✅ 0 взято | 🗑️ 0 мусор
2026-07-02 02:06:16,172 | INFO     |   → 75/160: ✅ 0 взято | 🗑️ 0 мусор
2026-07-02 02:06:16,172 | INFO     |   → 76/160: ✅ 0 взято | 🗑️ 0 мусор
2026-07-02 02:06:16,172 | INFO     |   → 77/160: ✅ 0 взято | 🗑️ 112 мусор
2026-07-02 02:06:16,172 | INFO     |   → 78/160: ✅ 0 взято | 🗑️ 0 мусор
2026-07-02 02:06:16,172 | INFO     |   → 79/160: ✅ 3 взято | 🗑️ 100 мусор
2026-07-02 02:06:16,172 | INFO     |   → 80/160: ✅ 0 взято | 🗑️ 0 мусор
2026-07-02 02:06:16,172 | INFO     |   → 81/160: ✅ 1 взято | 🗑️ 171 мусор
2026-07-02 02:06:16,172 | INFO     |   → 82/160: ✅ 0 взято | 🗑️ 0 мусор
2026-07-02 02:06:16,172 | INFO     |   → 83/160: ✅ 0 взято | 🗑️ 202 мусор
2026-07-02 02:06:16,172 | INFO     |   → 84/160: ✅ 0 взято | 🗑️ 0 мусор
2026-07-02 02:06:16,172 | INFO     |   → 85/160: ✅ 0 взято | 🗑️ 138 мусор
2026-07-02 02:06:16,172 | INFO     |   → 86/160: ✅ 0 взято | 🗑️ 0 мусор
2026-07-02 02:06:16,172 | INFO     |   → 87/160: ✅ 0 взято | 🗑️ 236 мусор
2026-07-02 02:06:16,172 | INFO     |   → 88/160: ✅ 0 взято | 🗑️ 0 мусор
2026-07-02 02:06:16,172 | INFO     |   → 89/160: ✅ 0 взято | 🗑️ 192 мусор
2026-07-02 02:06:16,172 | INFO     |   → 90/160: ✅ 0 взято | 🗑️ 0 мусор
2026-07-02 02:06:16,172 | INFO     |   → 91/160: ✅ 1 взято | 🗑️ 174 мусор
2026-07-02 02:06:16,172 | INFO     |   → 92/160: ✅ 0 взято | 🗑️ 0 мусор
2026-07-02 02:06:16,172 | INFO     |   → 93/160: ✅ 1 взято | 🗑️ 149 мусор
2026-07-02 02:06:16,172 | INFO     |   → 94/160: ✅ 0 взято | 🗑️ 0 мусор
2026-07-02 02:06:16,172 | INFO     |   → 95/160: ✅ 3 взято | 🗑️ 147 мусор
2026-07-02 02:06:16,172 | INFO     |   → 96/160: ✅ 0 взято | 🗑️ 0 мусор
2026-07-02 02:06:16,172 | INFO     |   → 97/160: ✅ 2 взято | 🗑️ 196 мусор
2026-07-02 02:06:16,173 | INFO     |   → 98/160: ✅ 0 взято | 🗑️ 0 мусор
2026-07-02 02:06:16,173 | INFO     |   → 99/160: ✅ 2 взято | 🗑️ 277 мусор
2026-07-02 02:06:16,173 | INFO     |   → 100/160: ✅ 0 взято | 🗑️ 0 мусор
2026-07-02 02:06:16,173 | INFO     |   → 101/160: ✅ 0 взято | 🗑️ 211 мусор
2026-07-02 02:06:16,173 | INFO     |   → 102/160: ✅ 0 взято | 🗑️ 0 мусор
2026-07-02 02:06:16,173 | INFO     |   → 103/160: ✅ 1 взято | 🗑️ 229 мусор
2026-07-02 02:06:16,173 | INFO     |   → 104/160: ✅ 0 взято | 🗑️ 0 мусор
2026-07-02 02:06:16,173 | INFO     |   → 105/160: ✅ 1 взято | 🗑️ 131 мусор
2026-07-02 02:06:16,173 | INFO     |   → 106/160: ✅ 0 взято | 🗑️ 0 мусор
2026-07-02 02:06:16,173 | INFO     |   → 107/160: ✅ 3 взято | 🗑️ 257 мусор
2026-07-02 02:06:16,173 | INFO     |   → 108/160: ✅ 0 взято | 🗑️ 0 мусор
2026-07-02 02:06:16,173 | INFO     |   → 109/160: ✅ 0 взято | 🗑️ 180 мусор
2026-07-02 02:06:16,173 | INFO     |   → 110/160: ✅ 0 взято | 🗑️ 0 мусор
2026-07-02 02:06:16,173 | INFO     |   → 111/160: ✅ 0 взято | 🗑️ 191 мусор
2026-07-02 02:06:16,173 | INFO     |   → 112/160: ✅ 0 взято | 🗑️ 0 мусор
2026-07-02 02:06:16,173 | INFO     |   → 113/160: ✅ 1 взято | 🗑️ 224 мусор
2026-07-02 02:06:16,173 | INFO     |   → 114/160: ✅ 0 взято | 🗑️ 0 мусор
2026-07-02 02:06:16,173 | INFO     |   → 115/160: ✅ 2 взято | 🗑️ 183 мусор
2026-07-02 02:06:16,173 | INFO     |   → 116/160: ✅ 0 взято | 🗑️ 0 мусор
2026-07-02 02:06:16,173 | INFO     |   → 117/160: ✅ 5 взято | 🗑️ 9 мусор
2026-07-02 02:06:16,173 | INFO     |   → 118/160: ✅ 0 взято | 🗑️ 9 мусор
2026-07-02 02:06:16,173 | INFO     |   → 119/160: ✅ 0 взято | 🗑️ 9 мусор
2026-07-02 02:06:16,173 | INFO     |   → 120/160: ✅ 0 взято | 🗑️ 9 мусор
2026-07-02 02:06:16,174 | INFO     |   → 121/160: ✅ 0 взято | 🗑️ 9 мусор
2026-07-02 02:06:16,174 | INFO     |   → 122/160: ✅ 0 взято | 🗑️ 9 мусор
2026-07-02 02:06:16,174 | INFO     |   → 123/160: ✅ 0 взято | 🗑️ 9 мусор
2026-07-02 02:06:16,174 | INFO     |   → 124/160: ✅ 0 взято | 🗑️ 9 мусор
2026-07-02 02:06:16,174 | INFO     |   → 125/160: ✅ 13 взято | 🗑️ 10 мусор
2026-07-02 02:06:16,174 | INFO     |   → 126/160: ✅ 0 взято | 🗑️ 10 мусор
2026-07-02 02:06:16,174 | INFO     |   → 127/160: ✅ 0 взято | 🗑️ 10 мусор
2026-07-02 02:06:16,174 | INFO     |   → 128/160: ✅ 0 взято | 🗑️ 10 мусор
2026-07-02 02:06:16,174 | INFO     |   → 129/160: ✅ 0 взято | 🗑️ 10 мусор
2026-07-02 02:06:16,174 | INFO     |   → 130/160: ✅ 0 взято | 🗑️ 10 мусор
2026-07-02 02:06:16,174 | INFO     |   → 131/160: ✅ 0 взято | 🗑️ 10 мусор
2026-07-02 02:06:16,175 | INFO     |   → 132/160: ✅ 0 взято | 🗑️ 10 мусор
2026-07-02 02:06:16,175 | INFO     |   → 133/160: ✅ 0 взято | 🗑️ 10 мусор
2026-07-02 02:06:16,175 | INFO     |   → 134/160: ✅ 0 взято | 🗑️ 10 мусор
2026-07-02 02:06:16,175 | INFO     |   → 135/160: ✅ 13 взято | 🗑️ 7 мусор
2026-07-02 02:06:16,175 | INFO     |   → 136/160: ✅ 0 взято | 🗑️ 9 мусор
2026-07-02 02:06:16,175 | INFO     |   → 137/160: ✅ 0 взято | 🗑️ 9 мусор
2026-07-02 02:06:16,175 | INFO     |   → 138/160: ✅ 0 взято | 🗑️ 9 мусор
2026-07-02 02:06:16,175 | INFO     |   → 139/160: ✅ 0 взято | 🗑️ 9 мусор
2026-07-02 02:06:16,175 | INFO     |   → 140/160: ✅ 0 взято | 🗑️ 9 мусор
2026-07-02 02:06:16,175 | INFO     |   → 141/160: ✅ 0 взято | 🗑️ 9 мусор
2026-07-02 02:06:16,175 | INFO     |   → 142/160: ✅ 0 взято | 🗑️ 9 мусор
2026-07-02 02:06:16,175 | INFO     |   → 143/160: ✅ 0 взято | 🗑️ 9 мусор
2026-07-02 02:06:16,175 | INFO     |   → 144/160: ✅ 0 взято | 🗑️ 10 мусор
2026-07-02 02:06:16,175 | INFO     |   → 145/160: ✅ 0 взято | 🗑️ 10 мусор
2026-07-02 02:06:16,175 | INFO     |   → 146/160: ✅ 0 взято | 🗑️ 10 мусор
2026-07-02 02:06:16,175 | INFO     |   → 147/160: ✅ 0 взято | 🗑️ 10 мусор
2026-07-02 02:06:16,175 | INFO     |   → 148/160: ✅ 0 взято | 🗑️ 10 мусор
2026-07-02 02:06:16,175 | INFO     |   → 149/160: ✅ 0 взято | 🗑️ 10 мусор
2026-07-02 02:06:16,175 | INFO     |   → 150/160: ✅ 0 взято | 🗑️ 10 мусор
2026-07-02 02:06:16,176 | INFO     |   → 151/160: ✅ 0 взято | 🗑️ 10 мусор
2026-07-02 02:06:16,176 | INFO     |   → 152/160: ✅ 0 взято | 🗑️ 10 мусор
2026-07-02 02:06:16,176 | INFO     |   → 153/160: ✅ 0 взято | 🗑️ 10 мусор
2026-07-02 02:06:16,176 | INFO     |   → 154/160: ✅ 0 взято | 🗑️ 7 мусор
2026-07-02 02:06:16,176 | INFO     |   → 155/160: ✅ 0 взято | 🗑️ 0 мусор
2026-07-02 02:06:16,176 | INFO     |   → 156/160: ✅ 4 взято | 🗑️ 458 мусор
2026-07-02 02:06:16,176 | INFO     |   → 157/160: ✅ 0 взято | 🗑️ 0 мусор
2026-07-02 02:06:16,176 | INFO     |   → 158/160: ✅ 1 взято | 🗑️ 164 мусор
2026-07-02 02:06:16,176 | INFO     |   → 159/160: ✅ 0 взято | 🗑️ 0 мусор
2026-07-02 02:06:16,176 | INFO     |   → 160/160: ✅ 6 взято | 🗑️ 221 мусор
2026-07-02 02:06:16,176 | INFO     |   → 📡 С sstap.org получено 0 ключей
2026-07-02 02:06:16,176 | INFO     |   → 📡 С sstap.org не добавлено ни одного ключа (все 0 отклонены фильтром)
2026-07-02 02:06:16,176 | INFO     |   → ✅ ГОТОВО!
2026-07-02 02:06:16,176 | INFO     |   →    📥 Всего ключей после фильтра: 103
2026-07-02 02:06:16,176 | INFO     |   →    🔗 Уникальных IP:PORT:SCHEME: 80
2026-07-02 02:06:16,176 | INFO     |   →    🗑️ Выброшено мусора: 7492
2026-07-02 02:06:16,176 | INFO     |   → 📊 По протоколам:
2026-07-02 02:06:16,176 | INFO     |   →    vless: 60
2026-07-02 02:06:16,176 | INFO     |   →    vmess: 2
2026-07-02 02:06:16,176 | INFO     |   →    trojan: 12
2026-07-02 02:06:16,177 | INFO     |   →    ss: 3
2026-07-02 02:06:16,177 | INFO     |   →    hysteria2: 3
2026-07-02 02:06:16,177 | INFO     | ✅ mirror.py завершён успешно
2026-07-02 02:06:16,177 | INFO     | 
2026-07-02 02:06:16,177 | INFO     | 
2026-07-02 02:06:16,177 | INFO     | ──────────────────────────────────────────────────────────────────────
2026-07-02 02:06:16,177 | INFO     | 📌 ЭТАП: Генерация 50 уникальных CF-VLESS
2026-07-02 02:06:16,177 | INFO     | ──────────────────────────────────────────────────────────────────────
2026-07-02 02:06:16,177 | INFO     | 🚀 Запуск generate_cf_vless.py (50 новых CF-VLESS)...
2026-07-02 02:06:16,361 | INFO     |   → === Генератор свежих VLESS-конфигов на IP Cloudflare ===
2026-07-02 02:06:16,361 | INFO     |   → ✅ Сгенерировано и сохранено 50 VLESS-конфигов.
2026-07-02 02:06:16,361 | INFO     |   → 📂 Файл: /home/runner/work/vpn-vless-configs-russia/vpn-vless-configs-russia/data/githubmirror/new/cf_fresh.txt
2026-07-02 02:06:16,361 | INFO     | ✅ generate_cf_vless.py завершён успешно
2026-07-02 02:06:16,361 | INFO     | 
2026-07-02 02:06:16,361 | INFO     | 
2026-07-02 02:06:16,361 | INFO     | ──────────────────────────────────────────────────────────────────────
2026-07-02 02:06:16,361 | INFO     | 📌 ЭТАП: Слияние CF с основным списком
2026-07-02 02:06:16,361 | INFO     | ──────────────────────────────────────────────────────────────────────
2026-07-02 02:06:16,363 | INFO     | 🔄 Добавлено 50 новых CF-VLESS в /home/runner/work/vpn-vless-configs-russia/vpn-vless-configs-russia/data/githubmirror/clean/vless.txt
2026-07-02 02:06:16,363 | INFO     | 📊 Всего в clean/vless.txt теперь: 110
2026-07-02 02:06:16,363 | INFO     | 
2026-07-02 02:06:16,363 | INFO     | 
2026-07-02 02:06:16,363 | INFO     | ──────────────────────────────────────────────────────────────────────
2026-07-02 02:06:16,363 | INFO     | 📌 ЭТАП: Фильтрация по реальному SNI
2026-07-02 02:06:16,363 | INFO     | ──────────────────────────────────────────────────────────────────────
2026-07-02 02:06:16,363 | INFO     | 🚀 Запуск filter_ru_sni.py (Фильтр по реальному SNI (CDN+RU))...
2026-07-02 02:06:16,393 | INFO     |   → hysteria2.txt: 3 → 0 (SNI-filtered)
2026-07-02 02:06:16,393 | INFO     |   →   ss.txt: 3 → 0 (SNI-filtered)
2026-07-02 02:06:16,393 | INFO     |   →   trojan.txt: 12 → 0 (SNI-filtered)
2026-07-02 02:06:16,393 | INFO     |   →   vless.txt: 110 → 58 (SNI-filtered)
2026-07-02 02:06:16,393 | INFO     |   →   vmess.txt: 2 → 0 (SNI-filtered)
2026-07-02 02:06:16,393 | INFO     |   → ==================================================
2026-07-02 02:06:16,393 | INFO     |   →   Всего входных:  130
2026-07-02 02:06:16,393 | INFO     |   →   Прошли фильтр:  58
2026-07-02 02:06:16,394 | INFO     |   →   Отброшено:      72
2026-07-02 02:06:16,394 | INFO     |   → ==================================================
2026-07-02 02:06:16,394 | INFO     |   → Готово → /home/runner/work/vpn-vless-configs-russia/vpn-vless-configs-russia/data/githubmirror/ru-sni
2026-07-02 02:06:16,394 | INFO     | ✅ filter_ru_sni.py завершён успешно
2026-07-02 02:06:16,394 | INFO     | 
2026-07-02 02:06:16,394 | INFO     | 
2026-07-02 02:06:16,394 | INFO     | ──────────────────────────────────────────────────────────────────────
2026-07-02 02:06:16,394 | INFO     | 📌 ЭТАП: Экспериментальный RU-SNI фильтр
2026-07-02 02:06:16,394 | INFO     | ──────────────────────────────────────────────────────────────────────
2026-07-02 02:06:16,394 | INFO     | 🚀 Запуск filter_ru_sni_local.py (Экспериментальный фильтр по RU-SNI)...
2026-07-02 02:06:16,424 | INFO     |   → hysteria2.txt: 3 → 0 (RU-SNI)
2026-07-02 02:06:16,424 | INFO     |   → ss.txt: 3 → 0 (RU-SNI)
2026-07-02 02:06:16,424 | INFO     |   → trojan.txt: 12 → 0 (RU-SNI)
2026-07-02 02:06:16,424 | INFO     |   → vless.txt: 110 → 1 (RU-SNI)
2026-07-02 02:06:16,424 | INFO     |   → vmess.txt: 2 → 0 (RU-SNI)
2026-07-02 02:06:16,424 | INFO     |   → ==================================================
2026-07-02 02:06:16,424 | INFO     |   → Всего входных:  130
2026-07-02 02:06:16,425 | INFO     |   → Прошли RU-SNI:  1
2026-07-02 02:06:16,425 | INFO     |   → Отброшено:      129
2026-07-02 02:06:16,425 | INFO     |   → ==================================================
2026-07-02 02:06:16,425 | INFO     |   → Готово → /home/runner/work/vpn-vless-configs-russia/vpn-vless-configs-russia/data/githubmirror/ru-sni-local
2026-07-02 02:06:16,425 | INFO     | ✅ filter_ru_sni_local.py завершён успешно
2026-07-02 02:06:16,425 | INFO     | 
2026-07-02 02:06:16,425 | INFO     | 
2026-07-02 02:06:16,425 | INFO     | ──────────────────────────────────────────────────────────────────────
2026-07-02 02:06:16,425 | INFO     | 📌 ЭТАП: Сбор статистики
2026-07-02 02:06:16,425 | INFO     | ──────────────────────────────────────────────────────────────────────
2026-07-02 02:06:16,425 | INFO     | 📊 Сбор статистики...
2026-07-02 02:06:16,425 | INFO     |   📁 githubmirror/clean:
2026-07-02 02:06:16,425 | INFO     |     • hysteria2   :     3 конфигов
2026-07-02 02:06:16,426 | INFO     |     • ss          :     3 конфигов
2026-07-02 02:06:16,426 | INFO     |     • trojan      :    12 конфигов
2026-07-02 02:06:16,426 | INFO     |     • vless       :   110 конфигов
2026-07-02 02:06:16,426 | INFO     |     • vmess       :     2 конфигов
2026-07-02 02:06:16,426 | INFO     |   📁 githubmirror/ru-sni:
2026-07-02 02:06:16,426 | INFO     |     • hysteria2   :     0 конфигов (  0.0% от clean)
2026-07-02 02:06:16,426 | INFO     |     • ss          :     0 конфигов (  0.0% от clean)
2026-07-02 02:06:16,426 | INFO     |     • trojan      :     0 конфигов (  0.0% от clean)
2026-07-02 02:06:16,427 | INFO     |     • vless       :    58 конфигов ( 52.7% от clean)
2026-07-02 02:06:16,427 | INFO     |     • vmess       :     0 конфигов (  0.0% от clean)
2026-07-02 02:06:16,427 | INFO     |   ✨ Новых CF-VLESS в этом запуске: 50
2026-07-02 02:06:16,427 | INFO     | 
2026-07-02 02:06:16,427 | INFO     |   ──────────────────────────────────────────────────
2026-07-02 02:06:16,427 | INFO     |   📈 ИТОГО:
2026-07-02 02:06:16,427 | INFO     |     Clean (после geo-фильтра):      130
2026-07-02 02:06:16,427 | INFO     |     RU-SNI (после SNI-фильтра):      58
2026-07-02 02:06:16,427 | INFO     |     Прошло фильтр:                 44.6%
2026-07-02 02:06:16,427 | INFO     |   ──────────────────────────────────────────────────
2026-07-02 02:06:16,428 | INFO     | ✅ Статистика сохранена: /home/runner/work/vpn-vless-configs-russia/vpn-vless-configs-russia/data/stats.json
2026-07-02 02:06:16,428 | INFO     | 
2026-07-02 02:06:16,428 | INFO     | ======================================================================
2026-07-02 02:06:16,428 | INFO     | 📊 ИТОГОВЫЙ ОТЧЁТ
2026-07-02 02:06:16,428 | INFO     | ======================================================================
2026-07-02 02:06:16,428 | INFO     |   ✅ OK         | Загрузка и geo-фильтрация
2026-07-02 02:06:16,428 | INFO     |   ✅ OK         | Генерация 50 уникальных CF-VLESS
2026-07-02 02:06:16,428 | INFO     |   ✅ OK         | Слияние CF с основным списком
2026-07-02 02:06:16,428 | INFO     |   ✅ OK         | Фильтрация по реальному SNI
2026-07-02 02:06:16,428 | INFO     |   ✅ OK         | Экспериментальный RU-SNI фильтр
2026-07-02 02:06:16,428 | INFO     |   ✅ OK         | Сбор статистики
2026-07-02 02:06:16,428 | INFO     | ──────────────────────────────────────────────────────────────────────
2026-07-02 02:06:16,428 | INFO     | ✅ ВСЕ ЭТАПЫ УСПЕШНЫ (6/6)
2026-07-02 02:06:16,428 | INFO     | ⏰ Время завершения: 2026-07-02 02:06:16
2026-07-02 02:06:16,428 | INFO     | ======================================================================
