2026-06-24 14:05:35,291 | INFO     | ======================================================================
2026-06-24 14:05:35,291 | INFO     | 🔍 VPN KEY CHECKER - Начало проверки
2026-06-24 14:05:35,292 | INFO     | ⏰ Время старта: 2026-06-24 14:05:35
2026-06-24 14:05:35,292 | INFO     | 📂 Рабочая директория: /home/runner/work/vpn-vless-configs-russia/vpn-vless-configs-russia
2026-06-24 14:05:35,292 | INFO     | ======================================================================
2026-06-24 14:05:35,292 | INFO     | 
2026-06-24 14:05:35,292 | INFO     | 🔍 Проверка наличия скриптов...
2026-06-24 14:05:35,292 | INFO     |   ✅ mirror.py
2026-06-24 14:05:35,292 | INFO     |   ✅ generate_cf_vless.py
2026-06-24 14:05:35,292 | INFO     |   ✅ filter_ru_sni.py
2026-06-24 14:05:35,292 | INFO     |   ✅ filter_ru_sni_local.py
2026-06-24 14:05:35,292 | INFO     | 
2026-06-24 14:05:35,292 | INFO     | ──────────────────────────────────────────────────────────────────────
2026-06-24 14:05:35,292 | INFO     | 📌 ЭТАП: Загрузка и geo-фильтрация
2026-06-24 14:05:35,292 | INFO     | ──────────────────────────────────────────────────────────────────────
2026-06-24 14:05:35,292 | INFO     | 🚀 Запуск mirror.py (Загрузка и фильтрация по РФ/СНГ/Европа)...
2026-06-24 14:06:11,308 | INFO     |   → DEBUG: mirror.py started
2026-06-24 14:06:11,309 | INFO     |   → DEBUG: BASE_PATH = /home/runner/work/vpn-vless-configs-russia/vpn-vless-configs-russia
2026-06-24 14:06:11,309 | INFO     |   → DEBUG: CONFIG_SOURCES_FILE = /home/runner/work/vpn-vless-configs-russia/vpn-vless-configs-russia/data/config_sources.json
2026-06-24 14:06:11,309 | INFO     |   → 📂 Загружено 102 источников из /home/runner/work/vpn-vless-configs-russia/vpn-vless-configs-russia/data/config_sources.json
2026-06-24 14:06:11,309 | INFO     |   → 🚀 Старт: всего источников: 102
2026-06-24 14:06:11,309 | INFO     |   → 1/102: ✅ 0 взято | 🗑️ 0 мусор
2026-06-24 14:06:11,309 | INFO     |   → 2/102: ✅ 0 взято | 🗑️ 0 мусор
2026-06-24 14:06:11,309 | INFO     |   → 3/102: ✅ 0 взято | 🗑️ 0 мусор
2026-06-24 14:06:11,309 | INFO     |   → 4/102: ✅ 0 взято | 🗑️ 0 мусор
2026-06-24 14:06:11,309 | INFO     |   → 5/102: ✅ 0 взято | 🗑️ 0 мусор
2026-06-24 14:06:11,309 | INFO     |   → 6/102: ✅ 0 взято | 🗑️ 0 мусор
2026-06-24 14:06:11,309 | INFO     |   → 7/102: ✅ 0 взято | 🗑️ 0 мусор
2026-06-24 14:06:11,309 | INFO     |   → 8/102: ✅ 0 взято | 🗑️ 0 мусор
2026-06-24 14:06:11,309 | INFO     |   → 9/102: ✅ 0 взято | 🗑️ 0 мусор
2026-06-24 14:06:11,309 | INFO     |   → 10/102: ✅ 0 взято | 🗑️ 0 мусор
2026-06-24 14:06:11,309 | INFO     |   → 11/102: ✅ 0 взято | 🗑️ 0 мусор
2026-06-24 14:06:11,309 | INFO     |   → 12/102: ✅ 0 взято | 🗑️ 0 мусор
2026-06-24 14:06:11,310 | INFO     |   → 13/102: ✅ 0 взято | 🗑️ 0 мусор
2026-06-24 14:06:11,310 | INFO     |   → 14/102: ✅ 0 взято | 🗑️ 0 мусор
2026-06-24 14:06:11,310 | INFO     |   → 15/102: ✅ 0 взято | 🗑️ 0 мусор
2026-06-24 14:06:11,310 | INFO     |   → 16/102: ✅ 0 взято | 🗑️ 0 мусор
2026-06-24 14:06:11,310 | INFO     |   → 17/102: ✅ 0 взято | 🗑️ 0 мусор
2026-06-24 14:06:11,310 | INFO     |   → 18/102: ✅ 0 взято | 🗑️ 0 мусор
2026-06-24 14:06:11,310 | INFO     |   → 19/102: ✅ 0 взято | 🗑️ 0 мусор
2026-06-24 14:06:11,310 | INFO     |   → 20/102: ✅ 0 взято | 🗑️ 0 мусор
2026-06-24 14:06:11,310 | INFO     |   → 21/102: ✅ 0 взято | 🗑️ 0 мусор
2026-06-24 14:06:11,310 | INFO     |   → 22/102: ✅ 0 взято | 🗑️ 0 мусор
2026-06-24 14:06:11,310 | INFO     |   → 23/102: ✅ 0 взято | 🗑️ 0 мусор
2026-06-24 14:06:11,310 | INFO     |   → 24/102: ✅ 0 взято | 🗑️ 0 мусор
2026-06-24 14:06:11,310 | INFO     |   → 25/102: ✅ 5 взято | 🗑️ 166 мусор
2026-06-24 14:06:11,310 | INFO     |   → 26/102: ✅ 0 взято | 🗑️ 115 мусор
2026-06-24 14:06:11,310 | INFO     |   → 27/102: ✅ 0 взято | 🗑️ 0 мусор
2026-06-24 14:06:11,310 | INFO     |   → 28/102: ✅ 0 взято | 🗑️ 0 мусор
2026-06-24 14:06:11,310 | INFO     |   → 29/102: ✅ 0 взято | 🗑️ 0 мусор
2026-06-24 14:06:11,310 | INFO     |   → 30/102: ✅ 1 взято | 🗑️ 226 мусор
2026-06-24 14:06:11,310 | INFO     |   → 31/102: ✅ 0 взято | 🗑️ 0 мусор
2026-06-24 14:06:11,310 | INFO     |   → 32/102: ✅ 1 взято | 🗑️ 169 мусор
2026-06-24 14:06:11,310 | INFO     |   → 33/102: ✅ 0 взято | 🗑️ 0 мусор
2026-06-24 14:06:11,310 | INFO     |   → 34/102: ✅ 1 взято | 🗑️ 213 мусор
2026-06-24 14:06:11,310 | INFO     |   → 35/102: ✅ 0 взято | 🗑️ 0 мусор
2026-06-24 14:06:11,310 | INFO     |   → 36/102: ✅ 0 взято | 🗑️ 0 мусор
2026-06-24 14:06:11,310 | INFO     |   → 37/102: ✅ 3 взято | 🗑️ 99 мусор
2026-06-24 14:06:11,310 | INFO     |   → 38/102: ✅ 0 взято | 🗑️ 0 мусор
2026-06-24 14:06:11,310 | INFO     |   → 39/102: ✅ 0 взято | 🗑️ 0 мусор
2026-06-24 14:06:11,310 | INFO     |   → 40/102: ✅ 0 взято | 🗑️ 117 мусор
2026-06-24 14:06:11,311 | INFO     |   → 41/102: ✅ 11 взято | 🗑️ 225 мусор
2026-06-24 14:06:11,311 | INFO     |   → 42/102: ✅ 1 взято | 🗑️ 141 мусор
2026-06-24 14:06:11,311 | INFO     |   → 43/102: ✅ 0 взято | 🗑️ 96 мусор
2026-06-24 14:06:11,311 | INFO     |   → 44/102: ✅ 0 взято | 🗑️ 0 мусор
2026-06-24 14:06:11,311 | INFO     |   → 45/102: ✅ 0 взято | 🗑️ 0 мусор
2026-06-24 14:06:11,311 | INFO     |   → 46/102: ✅ 0 взято | 🗑️ 137 мусор
2026-06-24 14:06:11,311 | INFO     |   → 47/102: ✅ 0 взято | 🗑️ 112 мусор
2026-06-24 14:06:11,311 | INFO     |   → 48/102: ✅ 0 взято | 🗑️ 0 мусор
2026-06-24 14:06:11,311 | INFO     |   → 49/102: ✅ 3 взято | 🗑️ 100 мусор
2026-06-24 14:06:11,311 | INFO     |   → 50/102: ✅ 0 взято | 🗑️ 0 мусор
2026-06-24 14:06:11,311 | INFO     |   → 51/102: ✅ 1 взято | 🗑️ 171 мусор
2026-06-24 14:06:11,311 | INFO     |   → 52/102: ✅ 0 взято | 🗑️ 0 мусор
2026-06-24 14:06:11,311 | INFO     |   → 53/102: ✅ 0 взято | 🗑️ 202 мусор
2026-06-24 14:06:11,311 | INFO     |   → 54/102: ✅ 0 взято | 🗑️ 0 мусор
2026-06-24 14:06:11,311 | INFO     |   → 55/102: ✅ 0 взято | 🗑️ 138 мусор
2026-06-24 14:06:11,311 | INFO     |   → 56/102: ✅ 0 взято | 🗑️ 0 мусор
2026-06-24 14:06:11,311 | INFO     |   → 57/102: ✅ 0 взято | 🗑️ 236 мусор
2026-06-24 14:06:11,311 | INFO     |   → 58/102: ✅ 0 взято | 🗑️ 0 мусор
2026-06-24 14:06:11,312 | INFO     |   → 59/102: ✅ 0 взято | 🗑️ 192 мусор
2026-06-24 14:06:11,312 | INFO     |   → 60/102: ✅ 0 взято | 🗑️ 0 мусор
2026-06-24 14:06:11,312 | INFO     |   → 61/102: ✅ 1 взято | 🗑️ 174 мусор
2026-06-24 14:06:11,312 | INFO     |   → 62/102: ✅ 0 взято | 🗑️ 0 мусор
2026-06-24 14:06:11,312 | INFO     |   → 63/102: ✅ 1 взято | 🗑️ 149 мусор
2026-06-24 14:06:11,312 | INFO     |   → 64/102: ✅ 0 взято | 🗑️ 0 мусор
2026-06-24 14:06:11,312 | INFO     |   → 65/102: ✅ 3 взято | 🗑️ 147 мусор
2026-06-24 14:06:11,312 | INFO     |   → 66/102: ✅ 0 взято | 🗑️ 0 мусор
2026-06-24 14:06:11,312 | INFO     |   → 67/102: ✅ 2 взято | 🗑️ 196 мусор
2026-06-24 14:06:11,312 | INFO     |   → 68/102: ✅ 0 взято | 🗑️ 0 мусор
2026-06-24 14:06:11,312 | INFO     |   → 69/102: ✅ 2 взято | 🗑️ 277 мусор
2026-06-24 14:06:11,312 | INFO     |   → 70/102: ✅ 0 взято | 🗑️ 0 мусор
2026-06-24 14:06:11,312 | INFO     |   → 71/102: ✅ 0 взято | 🗑️ 211 мусор
2026-06-24 14:06:11,312 | INFO     |   → 72/102: ✅ 0 взято | 🗑️ 0 мусор
2026-06-24 14:06:11,312 | INFO     |   → 73/102: ✅ 5 взято | 🗑️ 9 мусор
2026-06-24 14:06:11,312 | INFO     |   → 74/102: ✅ 0 взято | 🗑️ 9 мусор
2026-06-24 14:06:11,312 | INFO     |   → 75/102: ✅ 0 взято | 🗑️ 9 мусор
2026-06-24 14:06:11,312 | INFO     |   → 76/102: ✅ 0 взято | 🗑️ 9 мусор
2026-06-24 14:06:11,312 | INFO     |   → 77/102: ✅ 0 взято | 🗑️ 9 мусор
2026-06-24 14:06:11,312 | INFO     |   → 78/102: ✅ 0 взято | 🗑️ 9 мусор
2026-06-24 14:06:11,312 | INFO     |   → 79/102: ✅ 0 взято | 🗑️ 9 мусор
2026-06-24 14:06:11,312 | INFO     |   → 80/102: ✅ 0 взято | 🗑️ 9 мусор
2026-06-24 14:06:11,312 | INFO     |   → 81/102: ✅ 13 взято | 🗑️ 10 мусор
2026-06-24 14:06:11,313 | INFO     |   → 82/102: ✅ 0 взято | 🗑️ 10 мусор
2026-06-24 14:06:11,313 | INFO     |   → 83/102: ✅ 0 взято | 🗑️ 10 мусор
2026-06-24 14:06:11,313 | INFO     |   → 84/102: ✅ 0 взято | 🗑️ 10 мусор
2026-06-24 14:06:11,313 | INFO     |   → 85/102: ✅ 0 взято | 🗑️ 9 мусор
2026-06-24 14:06:11,313 | INFO     |   → 86/102: ✅ 0 взято | 🗑️ 9 мусор
2026-06-24 14:06:11,313 | INFO     |   → 87/102: ✅ 0 взято | 🗑️ 9 мусор
2026-06-24 14:06:11,313 | INFO     |   → 88/102: ✅ 0 взято | 🗑️ 9 мусор
2026-06-24 14:06:11,313 | INFO     |   → 89/102: ✅ 0 взято | 🗑️ 9 мусор
2026-06-24 14:06:11,313 | INFO     |   → 90/102: ✅ 0 взято | 🗑️ 9 мусор
2026-06-24 14:06:11,313 | INFO     |   → 91/102: ✅ 0 взято | 🗑️ 9 мусор
2026-06-24 14:06:11,313 | INFO     |   → 92/102: ✅ 0 взято | 🗑️ 9 мусор
2026-06-24 14:06:11,313 | INFO     |   → 93/102: ✅ 0 взято | 🗑️ 10 мусор
2026-06-24 14:06:11,313 | INFO     |   → 94/102: ✅ 0 взято | 🗑️ 10 мусор
2026-06-24 14:06:11,313 | INFO     |   → 95/102: ✅ 0 взято | 🗑️ 10 мусор
2026-06-24 14:06:11,313 | INFO     |   → 96/102: ✅ 0 взято | 🗑️ 10 мусор
2026-06-24 14:06:11,313 | INFO     |   → 97/102: ✅ 0 взято | 🗑️ 0 мусор
2026-06-24 14:06:11,313 | INFO     |   → 98/102: ✅ 4 взято | 🗑️ 458 мусор
2026-06-24 14:06:11,313 | INFO     |   → 99/102: ✅ 0 взято | 🗑️ 0 мусор
2026-06-24 14:06:11,313 | INFO     |   → 100/102: ✅ 1 взято | 🗑️ 164 мусор
2026-06-24 14:06:11,313 | INFO     |   → 101/102: ✅ 0 взято | 🗑️ 0 мусор
2026-06-24 14:06:11,313 | INFO     |   → 102/102: ✅ 6 взято | 🗑️ 221 мусор
2026-06-24 14:06:11,313 | INFO     |   → 📡 С sstap.org получено 0 ключей
2026-06-24 14:06:11,313 | INFO     |   → 📡 С sstap.org не добавлено ни одного ключа (все 0 отклонены фильтром)
2026-06-24 14:06:11,313 | INFO     |   → ✅ ГОТОВО!
2026-06-24 14:06:11,313 | INFO     |   →    📥 Всего ключей после фильтра: 65
2026-06-24 14:06:11,314 | INFO     |   →    🔗 Уникальных IP:PORT:SCHEME: 52
2026-06-24 14:06:11,314 | INFO     |   →    🗑️ Выброшено мусора: 5076
2026-06-24 14:06:11,314 | INFO     |   → 📊 По протоколам:
2026-06-24 14:06:11,314 | INFO     |   →    vless: 41
2026-06-24 14:06:11,314 | INFO     |   →    vmess: 1
2026-06-24 14:06:11,314 | INFO     |   →    trojan: 8
2026-06-24 14:06:11,314 | INFO     |   →    hysteria2: 2
2026-06-24 14:06:11,314 | INFO     | ✅ mirror.py завершён успешно
2026-06-24 14:06:11,314 | INFO     | 
2026-06-24 14:06:11,314 | INFO     | 
2026-06-24 14:06:11,314 | INFO     | ──────────────────────────────────────────────────────────────────────
2026-06-24 14:06:11,314 | INFO     | 📌 ЭТАП: Генерация 50 уникальных CF-VLESS
2026-06-24 14:06:11,314 | INFO     | ──────────────────────────────────────────────────────────────────────
2026-06-24 14:06:11,314 | INFO     | 🚀 Запуск generate_cf_vless.py (50 новых CF-VLESS)...
2026-06-24 14:06:11,525 | INFO     |   → === Генератор свежих VLESS-конфигов на IP Cloudflare ===
2026-06-24 14:06:11,525 | INFO     |   → ✅ Сгенерировано и сохранено 50 VLESS-конфигов.
2026-06-24 14:06:11,525 | INFO     |   → 📂 Файл: /home/runner/work/vpn-vless-configs-russia/vpn-vless-configs-russia/data/githubmirror/new/cf_fresh.txt
2026-06-24 14:06:11,525 | INFO     | ✅ generate_cf_vless.py завершён успешно
2026-06-24 14:06:11,525 | INFO     | 
2026-06-24 14:06:11,525 | INFO     | 
2026-06-24 14:06:11,525 | INFO     | ──────────────────────────────────────────────────────────────────────
2026-06-24 14:06:11,525 | INFO     | 📌 ЭТАП: Слияние CF с основным списком
2026-06-24 14:06:11,525 | INFO     | ──────────────────────────────────────────────────────────────────────
2026-06-24 14:06:11,527 | INFO     | 🔄 Добавлено 50 новых CF-VLESS в /home/runner/work/vpn-vless-configs-russia/vpn-vless-configs-russia/data/githubmirror/clean/vless.txt
2026-06-24 14:06:11,527 | INFO     | 📊 Всего в clean/vless.txt теперь: 91
2026-06-24 14:06:11,527 | INFO     | 
2026-06-24 14:06:11,527 | INFO     | 
2026-06-24 14:06:11,527 | INFO     | ──────────────────────────────────────────────────────────────────────
2026-06-24 14:06:11,527 | INFO     | 📌 ЭТАП: Фильтрация по реальному SNI
2026-06-24 14:06:11,527 | INFO     | ──────────────────────────────────────────────────────────────────────
2026-06-24 14:06:11,527 | INFO     | 🚀 Запуск filter_ru_sni.py (Фильтр по реальному SNI (CDN+RU))...
2026-06-24 14:06:11,556 | INFO     |   → hysteria2.txt: 2 → 0 (SNI-filtered)
2026-06-24 14:06:11,556 | INFO     |   →   trojan.txt: 8 → 0 (SNI-filtered)
2026-06-24 14:06:11,556 | INFO     |   →   vless.txt: 91 → 53 (SNI-filtered)
2026-06-24 14:06:11,556 | INFO     |   →   vmess.txt: 1 → 0 (SNI-filtered)
2026-06-24 14:06:11,556 | INFO     |   → ==================================================
2026-06-24 14:06:11,556 | INFO     |   →   Всего входных:  102
2026-06-24 14:06:11,556 | INFO     |   →   Прошли фильтр:  53
2026-06-24 14:06:11,556 | INFO     |   →   Отброшено:      49
2026-06-24 14:06:11,556 | INFO     |   → ==================================================
2026-06-24 14:06:11,556 | INFO     |   → Готово → /home/runner/work/vpn-vless-configs-russia/vpn-vless-configs-russia/data/githubmirror/ru-sni
2026-06-24 14:06:11,556 | INFO     | ✅ filter_ru_sni.py завершён успешно
2026-06-24 14:06:11,556 | INFO     | 
2026-06-24 14:06:11,556 | INFO     | 
2026-06-24 14:06:11,556 | INFO     | ──────────────────────────────────────────────────────────────────────
2026-06-24 14:06:11,556 | INFO     | 📌 ЭТАП: Экспериментальный RU-SNI фильтр
2026-06-24 14:06:11,557 | INFO     | ──────────────────────────────────────────────────────────────────────
2026-06-24 14:06:11,557 | INFO     | 🚀 Запуск filter_ru_sni_local.py (Экспериментальный фильтр по RU-SNI)...
2026-06-24 14:06:11,585 | INFO     |   → hysteria2.txt: 2 → 0 (RU-SNI)
2026-06-24 14:06:11,585 | INFO     |   → trojan.txt: 8 → 0 (RU-SNI)
2026-06-24 14:06:11,585 | INFO     |   → vless.txt: 91 → 0 (RU-SNI)
2026-06-24 14:06:11,585 | INFO     |   → vmess.txt: 1 → 0 (RU-SNI)
2026-06-24 14:06:11,585 | INFO     |   → ==================================================
2026-06-24 14:06:11,585 | INFO     |   → Всего входных:  102
2026-06-24 14:06:11,585 | INFO     |   → Прошли RU-SNI:  0
2026-06-24 14:06:11,585 | INFO     |   → Отброшено:      102
2026-06-24 14:06:11,585 | INFO     |   → ==================================================
2026-06-24 14:06:11,585 | INFO     |   → Готово → /home/runner/work/vpn-vless-configs-russia/vpn-vless-configs-russia/data/githubmirror/ru-sni-local
2026-06-24 14:06:11,585 | INFO     | ✅ filter_ru_sni_local.py завершён успешно
2026-06-24 14:06:11,585 | INFO     | 
2026-06-24 14:06:11,586 | INFO     | 
2026-06-24 14:06:11,586 | INFO     | ──────────────────────────────────────────────────────────────────────
2026-06-24 14:06:11,586 | INFO     | 📌 ЭТАП: Сбор статистики
2026-06-24 14:06:11,586 | INFO     | ──────────────────────────────────────────────────────────────────────
2026-06-24 14:06:11,586 | INFO     | 📊 Сбор статистики...
2026-06-24 14:06:11,586 | INFO     |   📁 githubmirror/clean:
2026-06-24 14:06:11,586 | INFO     |     • hysteria2   :     2 конфигов
2026-06-24 14:06:11,586 | INFO     |     • trojan      :     8 конфигов
2026-06-24 14:06:11,587 | INFO     |     • vless       :    91 конфигов
2026-06-24 14:06:11,587 | INFO     |     • vmess       :     1 конфигов
2026-06-24 14:06:11,587 | INFO     |   📁 githubmirror/ru-sni:
2026-06-24 14:06:11,587 | INFO     |     • hysteria2   :     0 конфигов (  0.0% от clean)
2026-06-24 14:06:11,587 | INFO     |     • trojan      :     0 конфигов (  0.0% от clean)
2026-06-24 14:06:11,587 | INFO     |     • vless       :    53 конфигов ( 58.2% от clean)
2026-06-24 14:06:11,587 | INFO     |     • vmess       :     0 конфигов (  0.0% от clean)
2026-06-24 14:06:11,588 | INFO     |   ✨ Новых CF-VLESS в этом запуске: 50
2026-06-24 14:06:11,588 | INFO     | 
2026-06-24 14:06:11,588 | INFO     |   ──────────────────────────────────────────────────
2026-06-24 14:06:11,588 | INFO     |   📈 ИТОГО:
2026-06-24 14:06:11,588 | INFO     |     Clean (после geo-фильтра):      102
2026-06-24 14:06:11,588 | INFO     |     RU-SNI (после SNI-фильтра):      53
2026-06-24 14:06:11,588 | INFO     |     Прошло фильтр:                 52.0%
2026-06-24 14:06:11,588 | INFO     |   ──────────────────────────────────────────────────
2026-06-24 14:06:11,588 | INFO     | ✅ Статистика сохранена: /home/runner/work/vpn-vless-configs-russia/vpn-vless-configs-russia/data/stats.json
2026-06-24 14:06:11,588 | INFO     | 
2026-06-24 14:06:11,588 | INFO     | ======================================================================
2026-06-24 14:06:11,588 | INFO     | 📊 ИТОГОВЫЙ ОТЧЁТ
2026-06-24 14:06:11,589 | INFO     | ======================================================================
2026-06-24 14:06:11,589 | INFO     |   ✅ OK         | Загрузка и geo-фильтрация
2026-06-24 14:06:11,589 | INFO     |   ✅ OK         | Генерация 50 уникальных CF-VLESS
2026-06-24 14:06:11,589 | INFO     |   ✅ OK         | Слияние CF с основным списком
2026-06-24 14:06:11,589 | INFO     |   ✅ OK         | Фильтрация по реальному SNI
2026-06-24 14:06:11,589 | INFO     |   ✅ OK         | Экспериментальный RU-SNI фильтр
2026-06-24 14:06:11,589 | INFO     |   ✅ OK         | Сбор статистики
2026-06-24 14:06:11,589 | INFO     | ──────────────────────────────────────────────────────────────────────
2026-06-24 14:06:11,589 | INFO     | ✅ ВСЕ ЭТАПЫ УСПЕШНЫ (6/6)
2026-06-24 14:06:11,589 | INFO     | ⏰ Время завершения: 2026-06-24 14:06:11
2026-06-24 14:06:11,589 | INFO     | ======================================================================
