2026-06-12 12:50:42,932 | INFO     | ======================================================================
2026-06-12 12:50:42,932 | INFO     | 🔍 VPN KEY CHECKER - Начало проверки
2026-06-12 12:50:42,932 | INFO     | ⏰ Время старта: 2026-06-12 12:50:42
2026-06-12 12:50:42,932 | INFO     | 📂 Рабочая директория: /home/runner/work/vpn-vless-configs-russia/vpn-vless-configs-russia
2026-06-12 12:50:42,932 | INFO     | ======================================================================
2026-06-12 12:50:42,932 | INFO     | 
2026-06-12 12:50:42,932 | INFO     | 🔍 Проверка наличия скриптов...
2026-06-12 12:50:42,932 | INFO     |   ✅ mirror.py
2026-06-12 12:50:42,932 | INFO     |   ✅ generate_cf_vless.py
2026-06-12 12:50:42,933 | INFO     |   ✅ filter_ru_sni.py
2026-06-12 12:50:42,933 | INFO     |   ✅ filter_ru_sni_local.py
2026-06-12 12:50:42,933 | INFO     | 
2026-06-12 12:50:42,933 | INFO     | ──────────────────────────────────────────────────────────────────────
2026-06-12 12:50:42,933 | INFO     | 📌 ЭТАП: Загрузка и geo-фильтрация
2026-06-12 12:50:42,933 | INFO     | ──────────────────────────────────────────────────────────────────────
2026-06-12 12:50:42,933 | INFO     | 🚀 Запуск mirror.py (Загрузка и фильтрация по РФ/СНГ/Европа)...
2026-06-12 12:51:14,236 | INFO     |   → DEBUG: mirror.py started
2026-06-12 12:51:14,236 | INFO     |   → DEBUG: BASE_PATH = /home/runner/work/vpn-vless-configs-russia/vpn-vless-configs-russia
2026-06-12 12:51:14,236 | INFO     |   → DEBUG: CONFIG_SOURCES_FILE = /home/runner/work/vpn-vless-configs-russia/vpn-vless-configs-russia/data/config_sources.json
2026-06-12 12:51:14,236 | INFO     |   → 📂 Загружено 70 источников из /home/runner/work/vpn-vless-configs-russia/vpn-vless-configs-russia/data/config_sources.json
2026-06-12 12:51:14,236 | INFO     |   → 🚀 Старт: всего источников: 70
2026-06-12 12:51:14,236 | INFO     |   → 1/70: ✅ 0 взято | 🗑️ 0 мусор
2026-06-12 12:51:14,236 | INFO     |   → 2/70: ✅ 0 взято | 🗑️ 0 мусор
2026-06-12 12:51:14,236 | INFO     |   → 3/70: ✅ 0 взято | 🗑️ 0 мусор
2026-06-12 12:51:14,236 | INFO     |   → 4/70: ✅ 0 взято | 🗑️ 0 мусор
2026-06-12 12:51:14,236 | INFO     |   → 5/70: ✅ 0 взято | 🗑️ 0 мусор
2026-06-12 12:51:14,236 | INFO     |   → 6/70: ✅ 0 взято | 🗑️ 0 мусор
2026-06-12 12:51:14,237 | INFO     |   → 7/70: ✅ 0 взято | 🗑️ 0 мусор
2026-06-12 12:51:14,237 | INFO     |   → 8/70: ✅ 0 взято | 🗑️ 0 мусор
2026-06-12 12:51:14,237 | INFO     |   → 9/70: ✅ 0 взято | 🗑️ 0 мусор
2026-06-12 12:51:14,237 | INFO     |   → 10/70: ✅ 0 взято | 🗑️ 0 мусор
2026-06-12 12:51:14,237 | INFO     |   → 11/70: ✅ 0 взято | 🗑️ 0 мусор
2026-06-12 12:51:14,237 | INFO     |   → 12/70: ✅ 0 взято | 🗑️ 0 мусор
2026-06-12 12:51:14,237 | INFO     |   → 13/70: ✅ 0 взято | 🗑️ 0 мусор
2026-06-12 12:51:14,237 | INFO     |   → 14/70: ✅ 0 взято | 🗑️ 0 мусор
2026-06-12 12:51:14,237 | INFO     |   → 15/70: ✅ 0 взято | 🗑️ 0 мусор
2026-06-12 12:51:14,237 | INFO     |   → 16/70: ✅ 0 взято | 🗑️ 0 мусор
2026-06-12 12:51:14,237 | INFO     |   → 17/70: ✅ 0 взято | 🗑️ 0 мусор
2026-06-12 12:51:14,237 | INFO     |   → 18/70: ✅ 0 взято | 🗑️ 0 мусор
2026-06-12 12:51:14,237 | INFO     |   → 19/70: ✅ 11 взято | 🗑️ 232 мусор
2026-06-12 12:51:14,237 | INFO     |   → 20/70: ✅ 4 взято | 🗑️ 151 мусор
2026-06-12 12:51:14,237 | INFO     |   → 21/70: ✅ 0 взято | 🗑️ 0 мусор
2026-06-12 12:51:14,237 | INFO     |   → 22/70: ✅ 0 взято | 🗑️ 0 мусор
2026-06-12 12:51:14,237 | INFO     |   → 23/70: ✅ 7 взято | 🗑️ 113 мусор
2026-06-12 12:51:14,237 | INFO     |   → 24/70: ✅ 0 взято | 🗑️ 0 мусор
2026-06-12 12:51:14,237 | INFO     |   → 25/70: ✅ 0 взято | 🗑️ 0 мусор
2026-06-12 12:51:14,238 | INFO     |   → 26/70: ✅ 2 взято | 🗑️ 124 мусор
2026-06-12 12:51:14,238 | INFO     |   → 27/70: ✅ 2 взято | 🗑️ 115 мусор
2026-06-12 12:51:14,238 | INFO     |   → 28/70: ✅ 7 взято | 🗑️ 179 мусор
2026-06-12 12:51:14,238 | INFO     |   → 29/70: ✅ 1 взято | 🗑️ 279 мусор
2026-06-12 12:51:14,238 | INFO     |   → 30/70: ✅ 1 взято | 🗑️ 109 мусор
2026-06-12 12:51:14,238 | INFO     |   → 31/70: ✅ 0 взято | 🗑️ 0 мусор
2026-06-12 12:51:14,238 | INFO     |   → 32/70: ✅ 0 взято | 🗑️ 0 мусор
2026-06-12 12:51:14,238 | INFO     |   → 33/70: ✅ 0 взято | 🗑️ 0 мусор
2026-06-12 12:51:14,238 | INFO     |   → 34/70: ✅ 0 взято | 🗑️ 0 мусор
2026-06-12 12:51:14,238 | INFO     |   → 35/70: ✅ 3 взято | 🗑️ 145 мусор
2026-06-12 12:51:14,238 | INFO     |   → 36/70: ✅ 0 взято | 🗑️ 0 мусор
2026-06-12 12:51:14,238 | INFO     |   → 37/70: ✅ 0 взято | 🗑️ 157 мусор
2026-06-12 12:51:14,238 | INFO     |   → 38/70: ✅ 0 взято | 🗑️ 0 мусор
2026-06-12 12:51:14,238 | INFO     |   → 39/70: ✅ 0 взято | 🗑️ 131 мусор
2026-06-12 12:51:14,238 | INFO     |   → 40/70: ✅ 0 взято | 🗑️ 0 мусор
2026-06-12 12:51:14,238 | INFO     |   → 41/70: ✅ 1 взято | 🗑️ 124 мусор
2026-06-12 12:51:14,239 | INFO     |   → 42/70: ✅ 0 взято | 🗑️ 0 мусор
2026-06-12 12:51:14,239 | INFO     |   → 43/70: ✅ 2 взято | 🗑️ 189 мусор
2026-06-12 12:51:14,239 | INFO     |   → 44/70: ✅ 0 взято | 🗑️ 0 мусор
2026-06-12 12:51:14,239 | INFO     |   → 45/70: ✅ 1 взято | 🗑️ 279 мусор
2026-06-12 12:51:14,239 | INFO     |   → 46/70: ✅ 0 взято | 🗑️ 0 мусор
2026-06-12 12:51:14,239 | INFO     |   → 47/70: ✅ 0 взято | 🗑️ 270 мусор
2026-06-12 12:51:14,239 | INFO     |   → 48/70: ✅ 0 взято | 🗑️ 0 мусор
2026-06-12 12:51:14,239 | INFO     |   → 49/70: ✅ 0 взято | 🗑️ 161 мусор
2026-06-12 12:51:14,239 | INFO     |   → 50/70: ✅ 0 взято | 🗑️ 0 мусор
2026-06-12 12:51:14,239 | INFO     |   → 51/70: ✅ 3 взято | 🗑️ 117 мусор
2026-06-12 12:51:14,239 | INFO     |   → 52/70: ✅ 0 взято | 🗑️ 0 мусор
2026-06-12 12:51:14,239 | INFO     |   → 53/70: ✅ 13 взято | 🗑️ 7 мусор
2026-06-12 12:51:14,239 | INFO     |   → 54/70: ✅ 0 взято | 🗑️ 7 мусор
2026-06-12 12:51:14,239 | INFO     |   → 55/70: ✅ 0 взято | 🗑️ 7 мусор
2026-06-12 12:51:14,239 | INFO     |   → 56/70: ✅ 0 взято | 🗑️ 7 мусор
2026-06-12 12:51:14,239 | INFO     |   → 57/70: ✅ 0 взято | 🗑️ 7 мусор
2026-06-12 12:51:14,239 | INFO     |   → 58/70: ✅ 0 взято | 🗑️ 7 мусор
2026-06-12 12:51:14,239 | INFO     |   → 59/70: ✅ 0 взято | 🗑️ 7 мусор
2026-06-12 12:51:14,239 | INFO     |   → 60/70: ✅ 5 взято | 🗑️ 9 мусор
2026-06-12 12:51:14,239 | INFO     |   → 61/70: ✅ 0 взято | 🗑️ 9 мусор
2026-06-12 12:51:14,239 | INFO     |   → 62/70: ✅ 0 взято | 🗑️ 7 мусор
2026-06-12 12:51:14,240 | INFO     |   → 63/70: ✅ 0 взято | 🗑️ 7 мусор
2026-06-12 12:51:14,240 | INFO     |   → 64/70: ✅ 0 взято | 🗑️ 7 мусор
2026-06-12 12:51:14,240 | INFO     |   → 65/70: ✅ 0 взято | 🗑️ 7 мусор
2026-06-12 12:51:14,240 | INFO     |   → 66/70: ✅ 0 взято | 🗑️ 7 мусор
2026-06-12 12:51:14,240 | INFO     |   → 67/70: ✅ 0 взято | 🗑️ 7 мусор
2026-06-12 12:51:14,240 | INFO     |   → 68/70: ✅ 0 взято | 🗑️ 7 мусор
2026-06-12 12:51:14,240 | INFO     |   → 69/70: ✅ 0 взято | 🗑️ 9 мусор
2026-06-12 12:51:14,240 | INFO     |   → 70/70: ✅ 0 взято | 🗑️ 9 мусор
2026-06-12 12:51:14,240 | INFO     |   → 📡 С sstap.org получено 0 ключей
2026-06-12 12:51:14,240 | INFO     |   → 📡 С sstap.org не добавлено ни одного ключа (все 0 отклонены фильтром)
2026-06-12 12:51:14,240 | INFO     |   → ✅ ГОТОВО!
2026-06-12 12:51:14,240 | INFO     |   →    📥 Всего ключей после фильтра: 63
2026-06-12 12:51:14,240 | INFO     |   →    🔗 Уникальных IP:PORT:SCHEME: 41
2026-06-12 12:51:14,240 | INFO     |   →    🗑️ Выброшено мусора: 3009
2026-06-12 12:51:14,240 | INFO     |   → 📊 По протоколам:
2026-06-12 12:51:14,240 | INFO     |   →    vless: 25
2026-06-12 12:51:14,240 | INFO     |   →    vmess: 2
2026-06-12 12:51:14,240 | INFO     |   →    trojan: 9
2026-06-12 12:51:14,240 | INFO     |   →    ss: 3
2026-06-12 12:51:14,240 | INFO     |   →    hysteria2: 2
2026-06-12 12:51:14,241 | INFO     | ✅ mirror.py завершён успешно
2026-06-12 12:51:14,241 | INFO     | 
2026-06-12 12:51:14,241 | INFO     | 
2026-06-12 12:51:14,241 | INFO     | ──────────────────────────────────────────────────────────────────────
2026-06-12 12:51:14,241 | INFO     | 📌 ЭТАП: Генерация 50 уникальных CF-VLESS
2026-06-12 12:51:14,241 | INFO     | ──────────────────────────────────────────────────────────────────────
2026-06-12 12:51:14,241 | INFO     | 🚀 Запуск generate_cf_vless.py (50 новых CF-VLESS)...
2026-06-12 12:51:14,421 | INFO     |   → === Генератор свежих VLESS-конфигов на IP Cloudflare ===
2026-06-12 12:51:14,421 | INFO     |   → ✅ Сгенерировано и сохранено 50 VLESS-конфигов.
2026-06-12 12:51:14,421 | INFO     |   → 📂 Файл: /home/runner/work/vpn-vless-configs-russia/vpn-vless-configs-russia/data/githubmirror/new/cf_fresh.txt
2026-06-12 12:51:14,421 | INFO     | ✅ generate_cf_vless.py завершён успешно
2026-06-12 12:51:14,421 | INFO     | 
2026-06-12 12:51:14,422 | INFO     | 
2026-06-12 12:51:14,422 | INFO     | ──────────────────────────────────────────────────────────────────────
2026-06-12 12:51:14,422 | INFO     | 📌 ЭТАП: Слияние CF с основным списком
2026-06-12 12:51:14,422 | INFO     | ──────────────────────────────────────────────────────────────────────
2026-06-12 12:51:14,423 | INFO     | 🔄 Добавлено 50 новых CF-VLESS в /home/runner/work/vpn-vless-configs-russia/vpn-vless-configs-russia/data/githubmirror/clean/vless.txt
2026-06-12 12:51:14,423 | INFO     | 📊 Всего в clean/vless.txt теперь: 75
2026-06-12 12:51:14,423 | INFO     | 
2026-06-12 12:51:14,423 | INFO     | 
2026-06-12 12:51:14,423 | INFO     | ──────────────────────────────────────────────────────────────────────
2026-06-12 12:51:14,423 | INFO     | 📌 ЭТАП: Фильтрация по реальному SNI
2026-06-12 12:51:14,423 | INFO     | ──────────────────────────────────────────────────────────────────────
2026-06-12 12:51:14,423 | INFO     | 🚀 Запуск filter_ru_sni.py (Фильтр по реальному SNI (CDN+RU))...
2026-06-12 12:51:14,453 | INFO     |   → hysteria2.txt: 2 → 1 (SNI-filtered)
2026-06-12 12:51:14,453 | INFO     |   →   ss.txt: 3 → 0 (SNI-filtered)
2026-06-12 12:51:14,453 | INFO     |   →   trojan.txt: 9 → 0 (SNI-filtered)
2026-06-12 12:51:14,453 | INFO     |   →   vless.txt: 75 → 56 (SNI-filtered)
2026-06-12 12:51:14,453 | INFO     |   →   vmess.txt: 2 → 0 (SNI-filtered)
2026-06-12 12:51:14,453 | INFO     |   → ==================================================
2026-06-12 12:51:14,453 | INFO     |   →   Всего входных:  91
2026-06-12 12:51:14,453 | INFO     |   →   Прошли фильтр:  57
2026-06-12 12:51:14,453 | INFO     |   →   Отброшено:      34
2026-06-12 12:51:14,453 | INFO     |   → ==================================================
2026-06-12 12:51:14,453 | INFO     |   → Готово → /home/runner/work/vpn-vless-configs-russia/vpn-vless-configs-russia/data/githubmirror/ru-sni
2026-06-12 12:51:14,453 | INFO     | ✅ filter_ru_sni.py завершён успешно
2026-06-12 12:51:14,453 | INFO     | 
2026-06-12 12:51:14,453 | INFO     | 
2026-06-12 12:51:14,453 | INFO     | ──────────────────────────────────────────────────────────────────────
2026-06-12 12:51:14,453 | INFO     | 📌 ЭТАП: Экспериментальный RU-SNI фильтр
2026-06-12 12:51:14,453 | INFO     | ──────────────────────────────────────────────────────────────────────
2026-06-12 12:51:14,453 | INFO     | 🚀 Запуск filter_ru_sni_local.py (Экспериментальный фильтр по RU-SNI)...
2026-06-12 12:51:14,483 | INFO     |   → hysteria2.txt: 2 → 0 (RU-SNI)
2026-06-12 12:51:14,483 | INFO     |   → ss.txt: 3 → 0 (RU-SNI)
2026-06-12 12:51:14,483 | INFO     |   → trojan.txt: 9 → 0 (RU-SNI)
2026-06-12 12:51:14,483 | INFO     |   → vless.txt: 75 → 1 (RU-SNI)
2026-06-12 12:51:14,483 | INFO     |   → vmess.txt: 2 → 0 (RU-SNI)
2026-06-12 12:51:14,483 | INFO     |   → ==================================================
2026-06-12 12:51:14,483 | INFO     |   → Всего входных:  91
2026-06-12 12:51:14,483 | INFO     |   → Прошли RU-SNI:  1
2026-06-12 12:51:14,483 | INFO     |   → Отброшено:      90
2026-06-12 12:51:14,483 | INFO     |   → ==================================================
2026-06-12 12:51:14,483 | INFO     |   → Готово → /home/runner/work/vpn-vless-configs-russia/vpn-vless-configs-russia/data/githubmirror/ru-sni-local
2026-06-12 12:51:14,483 | INFO     | ✅ filter_ru_sni_local.py завершён успешно
2026-06-12 12:51:14,483 | INFO     | 
2026-06-12 12:51:14,483 | INFO     | 
2026-06-12 12:51:14,483 | INFO     | ──────────────────────────────────────────────────────────────────────
2026-06-12 12:51:14,483 | INFO     | 📌 ЭТАП: Сбор статистики
2026-06-12 12:51:14,483 | INFO     | ──────────────────────────────────────────────────────────────────────
2026-06-12 12:51:14,483 | INFO     | 📊 Сбор статистики...
2026-06-12 12:51:14,483 | INFO     |   📁 githubmirror/clean:
2026-06-12 12:51:14,484 | INFO     |     • hysteria2   :     2 конфигов
2026-06-12 12:51:14,484 | INFO     |     • ss          :     3 конфигов
2026-06-12 12:51:14,484 | INFO     |     • trojan      :     9 конфигов
2026-06-12 12:51:14,484 | INFO     |     • vless       :    75 конфигов
2026-06-12 12:51:14,484 | INFO     |     • vmess       :     2 конфигов
2026-06-12 12:51:14,484 | INFO     |   📁 githubmirror/ru-sni:
2026-06-12 12:51:14,485 | INFO     |     • hysteria2   :     1 конфигов ( 50.0% от clean)
2026-06-12 12:51:14,485 | INFO     |     • ss          :     0 конфигов (  0.0% от clean)
2026-06-12 12:51:14,485 | INFO     |     • trojan      :     0 конфигов (  0.0% от clean)
2026-06-12 12:51:14,485 | INFO     |     • vless       :    56 конфигов ( 74.7% от clean)
2026-06-12 12:51:14,485 | INFO     |     • vmess       :     0 конфигов (  0.0% от clean)
2026-06-12 12:51:14,485 | INFO     |   ✨ Новых CF-VLESS в этом запуске: 50
2026-06-12 12:51:14,485 | INFO     | 
2026-06-12 12:51:14,485 | INFO     |   ──────────────────────────────────────────────────
2026-06-12 12:51:14,485 | INFO     |   📈 ИТОГО:
2026-06-12 12:51:14,485 | INFO     |     Clean (после geo-фильтра):       91
2026-06-12 12:51:14,485 | INFO     |     RU-SNI (после SNI-фильтра):      57
2026-06-12 12:51:14,485 | INFO     |     Прошло фильтр:                 62.6%
2026-06-12 12:51:14,485 | INFO     |   ──────────────────────────────────────────────────
2026-06-12 12:51:14,485 | INFO     | ✅ Статистика сохранена: /home/runner/work/vpn-vless-configs-russia/vpn-vless-configs-russia/data/stats.json
2026-06-12 12:51:14,486 | INFO     | 
2026-06-12 12:51:14,486 | INFO     | ======================================================================
2026-06-12 12:51:14,486 | INFO     | 📊 ИТОГОВЫЙ ОТЧЁТ
2026-06-12 12:51:14,486 | INFO     | ======================================================================
2026-06-12 12:51:14,486 | INFO     |   ✅ OK         | Загрузка и geo-фильтрация
2026-06-12 12:51:14,486 | INFO     |   ✅ OK         | Генерация 50 уникальных CF-VLESS
2026-06-12 12:51:14,486 | INFO     |   ✅ OK         | Слияние CF с основным списком
2026-06-12 12:51:14,486 | INFO     |   ✅ OK         | Фильтрация по реальному SNI
2026-06-12 12:51:14,486 | INFO     |   ✅ OK         | Экспериментальный RU-SNI фильтр
2026-06-12 12:51:14,486 | INFO     |   ✅ OK         | Сбор статистики
2026-06-12 12:51:14,486 | INFO     | ──────────────────────────────────────────────────────────────────────
2026-06-12 12:51:14,486 | INFO     | ✅ ВСЕ ЭТАПЫ УСПЕШНЫ (6/6)
2026-06-12 12:51:14,486 | INFO     | ⏰ Время завершения: 2026-06-12 12:51:14
2026-06-12 12:51:14,486 | INFO     | ======================================================================
