2026-06-17 23:17:27,499 | INFO     | ======================================================================
2026-06-17 23:17:27,499 | INFO     | 🔍 VPN KEY CHECKER - Начало проверки
2026-06-17 23:17:27,499 | INFO     | ⏰ Время старта: 2026-06-17 23:17:27
2026-06-17 23:17:27,499 | INFO     | 📂 Рабочая директория: /home/runner/work/vpn-vless-configs-russia/vpn-vless-configs-russia
2026-06-17 23:17:27,499 | INFO     | ======================================================================
2026-06-17 23:17:27,499 | INFO     | 
2026-06-17 23:17:27,499 | INFO     | 🔍 Проверка наличия скриптов...
2026-06-17 23:17:27,500 | INFO     |   ✅ mirror.py
2026-06-17 23:17:27,500 | INFO     |   ✅ generate_cf_vless.py
2026-06-17 23:17:27,500 | INFO     |   ✅ filter_ru_sni.py
2026-06-17 23:17:27,500 | INFO     |   ✅ filter_ru_sni_local.py
2026-06-17 23:17:27,500 | INFO     | 
2026-06-17 23:17:27,500 | INFO     | ──────────────────────────────────────────────────────────────────────
2026-06-17 23:17:27,500 | INFO     | 📌 ЭТАП: Загрузка и geo-фильтрация
2026-06-17 23:17:27,500 | INFO     | ──────────────────────────────────────────────────────────────────────
2026-06-17 23:17:27,500 | INFO     | 🚀 Запуск mirror.py (Загрузка и фильтрация по РФ/СНГ/Европа)...
2026-06-17 23:17:43,564 | INFO     |   → DEBUG: mirror.py started
2026-06-17 23:17:43,564 | INFO     |   → DEBUG: BASE_PATH = /home/runner/work/vpn-vless-configs-russia/vpn-vless-configs-russia
2026-06-17 23:17:43,564 | INFO     |   → DEBUG: CONFIG_SOURCES_FILE = /home/runner/work/vpn-vless-configs-russia/vpn-vless-configs-russia/data/config_sources.json
2026-06-17 23:17:43,564 | INFO     |   → 📂 Загружено 44 источников из /home/runner/work/vpn-vless-configs-russia/vpn-vless-configs-russia/data/config_sources.json
2026-06-17 23:17:43,564 | INFO     |   → 🚀 Старт: всего источников: 44
2026-06-17 23:17:43,564 | INFO     |   → 1/44: ✅ 0 взято | 🗑️ 0 мусор
2026-06-17 23:17:43,564 | INFO     |   → 2/44: ✅ 0 взято | 🗑️ 0 мусор
2026-06-17 23:17:43,565 | INFO     |   → 3/44: ✅ 0 взято | 🗑️ 0 мусор
2026-06-17 23:17:43,565 | INFO     |   → 4/44: ✅ 0 взято | 🗑️ 0 мусор
2026-06-17 23:17:43,565 | INFO     |   → 5/44: ✅ 0 взято | 🗑️ 0 мусор
2026-06-17 23:17:43,565 | INFO     |   → 6/44: ✅ 0 взято | 🗑️ 0 мусор
2026-06-17 23:17:43,565 | INFO     |   → 7/44: ✅ 0 взято | 🗑️ 0 мусор
2026-06-17 23:17:43,565 | INFO     |   → 8/44: ✅ 0 взято | 🗑️ 0 мусор
2026-06-17 23:17:43,565 | INFO     |   → 9/44: ✅ 0 взято | 🗑️ 0 мусор
2026-06-17 23:17:43,565 | INFO     |   → 10/44: ✅ 0 взято | 🗑️ 0 мусор
2026-06-17 23:17:43,565 | INFO     |   → 11/44: ✅ 0 взято | 🗑️ 0 мусор
2026-06-17 23:17:43,565 | INFO     |   → 12/44: ✅ 0 взято | 🗑️ 0 мусор
2026-06-17 23:17:43,565 | INFO     |   → 13/44: ✅ 0 взято | 🗑️ 115 мусор
2026-06-17 23:17:43,565 | INFO     |   → 14/44: ✅ 0 взято | 🗑️ 0 мусор
2026-06-17 23:17:43,565 | INFO     |   → 15/44: ✅ 0 взято | 🗑️ 0 мусор
2026-06-17 23:17:43,565 | INFO     |   → 16/44: ✅ 1 взято | 🗑️ 169 мусор
2026-06-17 23:17:43,565 | INFO     |   → 17/44: ✅ 0 взято | 🗑️ 0 мусор
2026-06-17 23:17:43,565 | INFO     |   → 18/44: ✅ 0 взято | 🗑️ 0 мусор
2026-06-17 23:17:43,565 | INFO     |   → 19/44: ✅ 0 взято | 🗑️ 0 мусор
2026-06-17 23:17:43,565 | INFO     |   → 20/44: ✅ 0 взято | 🗑️ 117 мусор
2026-06-17 23:17:43,565 | INFO     |   → 21/44: ✅ 1 взято | 🗑️ 141 мусор
2026-06-17 23:17:43,565 | INFO     |   → 22/44: ✅ 0 взято | 🗑️ 137 мусор
2026-06-17 23:17:43,565 | INFO     |   → 23/44: ✅ 3 взято | 🗑️ 100 мусор
2026-06-17 23:17:43,565 | INFO     |   → 24/44: ✅ 0 взято | 🗑️ 0 мусор
2026-06-17 23:17:43,565 | INFO     |   → 25/44: ✅ 1 взято | 🗑️ 171 мусор
2026-06-17 23:17:43,565 | INFO     |   → 26/44: ✅ 0 взято | 🗑️ 0 мусор
2026-06-17 23:17:43,565 | INFO     |   → 27/44: ✅ 0 взято | 🗑️ 202 мусор
2026-06-17 23:17:43,565 | INFO     |   → 28/44: ✅ 0 взято | 🗑️ 0 мусор
2026-06-17 23:17:43,566 | INFO     |   → 29/44: ✅ 0 взято | 🗑️ 138 мусор
2026-06-17 23:17:43,566 | INFO     |   → 30/44: ✅ 0 взято | 🗑️ 0 мусор
2026-06-17 23:17:43,566 | INFO     |   → 31/44: ✅ 0 взято | 🗑️ 236 мусор
2026-06-17 23:17:43,566 | INFO     |   → 32/44: ✅ 0 взято | 🗑️ 0 мусор
2026-06-17 23:17:43,566 | INFO     |   → 33/44: ✅ 5 взято | 🗑️ 9 мусор
2026-06-17 23:17:43,566 | INFO     |   → 34/44: ✅ 0 взято | 🗑️ 9 мусор
2026-06-17 23:17:43,566 | INFO     |   → 35/44: ✅ 0 взято | 🗑️ 9 мусор
2026-06-17 23:17:43,566 | INFO     |   → 36/44: ✅ 0 взято | 🗑️ 9 мусор
2026-06-17 23:17:43,566 | INFO     |   → 37/44: ✅ 0 взято | 🗑️ 9 мусор
2026-06-17 23:17:43,566 | INFO     |   → 38/44: ✅ 0 взято | 🗑️ 9 мусор
2026-06-17 23:17:43,566 | INFO     |   → 39/44: ✅ 0 взято | 🗑️ 9 мусор
2026-06-17 23:17:43,566 | INFO     |   → 40/44: ✅ 0 взято | 🗑️ 9 мусор
2026-06-17 23:17:43,566 | INFO     |   → 41/44: ✅ 0 взято | 🗑️ 9 мусор
2026-06-17 23:17:43,566 | INFO     |   → 42/44: ✅ 0 взято | 🗑️ 9 мусор
2026-06-17 23:17:43,566 | INFO     |   → 43/44: ✅ 0 взято | 🗑️ 0 мусор
2026-06-17 23:17:43,566 | INFO     |   → 44/44: ✅ 4 взято | 🗑️ 458 мусор
2026-06-17 23:17:43,566 | INFO     |   → 📡 С sstap.org получено 0 ключей
2026-06-17 23:17:43,566 | INFO     |   → 📡 С sstap.org не добавлено ни одного ключа (все 0 отклонены фильтром)
2026-06-17 23:17:43,566 | INFO     |   → ✅ ГОТОВО!
2026-06-17 23:17:43,566 | INFO     |   →    📥 Всего ключей после фильтра: 15
2026-06-17 23:17:43,566 | INFO     |   →    🔗 Уникальных IP:PORT:SCHEME: 13
2026-06-17 23:17:43,566 | INFO     |   →    🗑️ Выброшено мусора: 2074
2026-06-17 23:17:43,566 | INFO     |   → 📊 По протоколам:
2026-06-17 23:17:43,566 | INFO     |   →    vless: 10
2026-06-17 23:17:43,566 | INFO     |   →    vmess: 1
2026-06-17 23:17:43,567 | INFO     |   →    trojan: 1
2026-06-17 23:17:43,567 | INFO     |   →    hysteria2: 1
2026-06-17 23:17:43,567 | INFO     | ✅ mirror.py завершён успешно
2026-06-17 23:17:43,567 | INFO     | 
2026-06-17 23:17:43,567 | INFO     | 
2026-06-17 23:17:43,567 | INFO     | ──────────────────────────────────────────────────────────────────────
2026-06-17 23:17:43,567 | INFO     | 📌 ЭТАП: Генерация 50 уникальных CF-VLESS
2026-06-17 23:17:43,567 | INFO     | ──────────────────────────────────────────────────────────────────────
2026-06-17 23:17:43,567 | INFO     | 🚀 Запуск generate_cf_vless.py (50 новых CF-VLESS)...
2026-06-17 23:17:43,745 | INFO     |   → === Генератор свежих VLESS-конфигов на IP Cloudflare ===
2026-06-17 23:17:43,745 | INFO     |   → ✅ Сгенерировано и сохранено 50 VLESS-конфигов.
2026-06-17 23:17:43,745 | INFO     |   → 📂 Файл: /home/runner/work/vpn-vless-configs-russia/vpn-vless-configs-russia/data/githubmirror/new/cf_fresh.txt
2026-06-17 23:17:43,745 | INFO     | ✅ generate_cf_vless.py завершён успешно
2026-06-17 23:17:43,745 | INFO     | 
2026-06-17 23:17:43,745 | INFO     | 
2026-06-17 23:17:43,745 | INFO     | ──────────────────────────────────────────────────────────────────────
2026-06-17 23:17:43,745 | INFO     | 📌 ЭТАП: Слияние CF с основным списком
2026-06-17 23:17:43,746 | INFO     | ──────────────────────────────────────────────────────────────────────
2026-06-17 23:17:43,747 | INFO     | 🔄 Добавлено 50 новых CF-VLESS в /home/runner/work/vpn-vless-configs-russia/vpn-vless-configs-russia/data/githubmirror/clean/vless.txt
2026-06-17 23:17:43,747 | INFO     | 📊 Всего в clean/vless.txt теперь: 60
2026-06-17 23:17:43,747 | INFO     | 
2026-06-17 23:17:43,747 | INFO     | 
2026-06-17 23:17:43,747 | INFO     | ──────────────────────────────────────────────────────────────────────
2026-06-17 23:17:43,747 | INFO     | 📌 ЭТАП: Фильтрация по реальному SNI
2026-06-17 23:17:43,747 | INFO     | ──────────────────────────────────────────────────────────────────────
2026-06-17 23:17:43,747 | INFO     | 🚀 Запуск filter_ru_sni.py (Фильтр по реальному SNI (CDN+RU))...
2026-06-17 23:17:43,782 | INFO     |   → hysteria2.txt: 1 → 0 (SNI-filtered)
2026-06-17 23:17:43,782 | INFO     |   →   trojan.txt: 1 → 0 (SNI-filtered)
2026-06-17 23:17:43,782 | INFO     |   →   vless.txt: 60 → 51 (SNI-filtered)
2026-06-17 23:17:43,782 | INFO     |   →   vmess.txt: 1 → 0 (SNI-filtered)
2026-06-17 23:17:43,782 | INFO     |   → ==================================================
2026-06-17 23:17:43,782 | INFO     |   →   Всего входных:  63
2026-06-17 23:17:43,782 | INFO     |   →   Прошли фильтр:  51
2026-06-17 23:17:43,782 | INFO     |   →   Отброшено:      12
2026-06-17 23:17:43,782 | INFO     |   → ==================================================
2026-06-17 23:17:43,782 | INFO     |   → Готово → /home/runner/work/vpn-vless-configs-russia/vpn-vless-configs-russia/data/githubmirror/ru-sni
2026-06-17 23:17:43,782 | INFO     | ✅ filter_ru_sni.py завершён успешно
2026-06-17 23:17:43,782 | INFO     | 
2026-06-17 23:17:43,782 | INFO     | 
2026-06-17 23:17:43,782 | INFO     | ──────────────────────────────────────────────────────────────────────
2026-06-17 23:17:43,782 | INFO     | 📌 ЭТАП: Экспериментальный RU-SNI фильтр
2026-06-17 23:17:43,782 | INFO     | ──────────────────────────────────────────────────────────────────────
2026-06-17 23:17:43,782 | INFO     | 🚀 Запуск filter_ru_sni_local.py (Экспериментальный фильтр по RU-SNI)...
2026-06-17 23:17:43,811 | INFO     |   → hysteria2.txt: 1 → 0 (RU-SNI)
2026-06-17 23:17:43,812 | INFO     |   → trojan.txt: 1 → 0 (RU-SNI)
2026-06-17 23:17:43,812 | INFO     |   → vless.txt: 60 → 0 (RU-SNI)
2026-06-17 23:17:43,812 | INFO     |   → vmess.txt: 1 → 0 (RU-SNI)
2026-06-17 23:17:43,812 | INFO     |   → ==================================================
2026-06-17 23:17:43,812 | INFO     |   → Всего входных:  63
2026-06-17 23:17:43,812 | INFO     |   → Прошли RU-SNI:  0
2026-06-17 23:17:43,812 | INFO     |   → Отброшено:      63
2026-06-17 23:17:43,812 | INFO     |   → ==================================================
2026-06-17 23:17:43,812 | INFO     |   → Готово → /home/runner/work/vpn-vless-configs-russia/vpn-vless-configs-russia/data/githubmirror/ru-sni-local
2026-06-17 23:17:43,812 | INFO     | ✅ filter_ru_sni_local.py завершён успешно
2026-06-17 23:17:43,812 | INFO     | 
2026-06-17 23:17:43,812 | INFO     | 
2026-06-17 23:17:43,812 | INFO     | ──────────────────────────────────────────────────────────────────────
2026-06-17 23:17:43,812 | INFO     | 📌 ЭТАП: Сбор статистики
2026-06-17 23:17:43,812 | INFO     | ──────────────────────────────────────────────────────────────────────
2026-06-17 23:17:43,812 | INFO     | 📊 Сбор статистики...
2026-06-17 23:17:43,812 | INFO     |   📁 githubmirror/clean:
2026-06-17 23:17:43,813 | INFO     |     • hysteria2   :     1 конфигов
2026-06-17 23:17:43,813 | INFO     |     • trojan      :     1 конфигов
2026-06-17 23:17:43,813 | INFO     |     • vless       :    60 конфигов
2026-06-17 23:17:43,813 | INFO     |     • vmess       :     1 конфигов
2026-06-17 23:17:43,813 | INFO     |   📁 githubmirror/ru-sni:
2026-06-17 23:17:43,813 | INFO     |     • hysteria2   :     0 конфигов (  0.0% от clean)
2026-06-17 23:17:43,813 | INFO     |     • trojan      :     0 конфигов (  0.0% от clean)
2026-06-17 23:17:43,813 | INFO     |     • vless       :    51 конфигов ( 85.0% от clean)
2026-06-17 23:17:43,813 | INFO     |     • vmess       :     0 конфигов (  0.0% от clean)
2026-06-17 23:17:43,813 | INFO     |   ✨ Новых CF-VLESS в этом запуске: 50
2026-06-17 23:17:43,813 | INFO     | 
2026-06-17 23:17:43,813 | INFO     |   ──────────────────────────────────────────────────
2026-06-17 23:17:43,814 | INFO     |   📈 ИТОГО:
2026-06-17 23:17:43,814 | INFO     |     Clean (после geo-фильтра):       63
2026-06-17 23:17:43,814 | INFO     |     RU-SNI (после SNI-фильтра):      51
2026-06-17 23:17:43,814 | INFO     |     Прошло фильтр:                 81.0%
2026-06-17 23:17:43,814 | INFO     |   ──────────────────────────────────────────────────
2026-06-17 23:17:43,814 | INFO     | ✅ Статистика сохранена: /home/runner/work/vpn-vless-configs-russia/vpn-vless-configs-russia/data/stats.json
2026-06-17 23:17:43,814 | INFO     | 
2026-06-17 23:17:43,814 | INFO     | ======================================================================
2026-06-17 23:17:43,814 | INFO     | 📊 ИТОГОВЫЙ ОТЧЁТ
2026-06-17 23:17:43,814 | INFO     | ======================================================================
2026-06-17 23:17:43,814 | INFO     |   ✅ OK         | Загрузка и geo-фильтрация
2026-06-17 23:17:43,814 | INFO     |   ✅ OK         | Генерация 50 уникальных CF-VLESS
2026-06-17 23:17:43,814 | INFO     |   ✅ OK         | Слияние CF с основным списком
2026-06-17 23:17:43,814 | INFO     |   ✅ OK         | Фильтрация по реальному SNI
2026-06-17 23:17:43,814 | INFO     |   ✅ OK         | Экспериментальный RU-SNI фильтр
2026-06-17 23:17:43,814 | INFO     |   ✅ OK         | Сбор статистики
2026-06-17 23:17:43,814 | INFO     | ──────────────────────────────────────────────────────────────────────
2026-06-17 23:17:43,814 | INFO     | ✅ ВСЕ ЭТАПЫ УСПЕШНЫ (6/6)
2026-06-17 23:17:43,814 | INFO     | ⏰ Время завершения: 2026-06-17 23:17:43
2026-06-17 23:17:43,815 | INFO     | ======================================================================
