2026-06-14 13:26:17,328 | INFO     | ======================================================================
2026-06-14 13:26:17,329 | INFO     | 🔍 VPN KEY CHECKER - Начало проверки
2026-06-14 13:26:17,329 | INFO     | ⏰ Время старта: 2026-06-14 13:26:17
2026-06-14 13:26:17,329 | INFO     | 📂 Рабочая директория: /home/runner/work/vpn-vless-configs-russia/vpn-vless-configs-russia
2026-06-14 13:26:17,329 | INFO     | ======================================================================
2026-06-14 13:26:17,329 | INFO     | 
2026-06-14 13:26:17,329 | INFO     | 🔍 Проверка наличия скриптов...
2026-06-14 13:26:17,329 | INFO     |   ✅ mirror.py
2026-06-14 13:26:17,329 | INFO     |   ✅ generate_cf_vless.py
2026-06-14 13:26:17,329 | INFO     |   ✅ filter_ru_sni.py
2026-06-14 13:26:17,329 | INFO     |   ✅ filter_ru_sni_local.py
2026-06-14 13:26:17,329 | INFO     | 
2026-06-14 13:26:17,329 | INFO     | ──────────────────────────────────────────────────────────────────────
2026-06-14 13:26:17,329 | INFO     | 📌 ЭТАП: Загрузка и geo-фильтрация
2026-06-14 13:26:17,329 | INFO     | ──────────────────────────────────────────────────────────────────────
2026-06-14 13:26:17,329 | INFO     | 🚀 Запуск mirror.py (Загрузка и фильтрация по РФ/СНГ/Европа)...
2026-06-14 13:26:22,777 | INFO     |   → DEBUG: mirror.py started
2026-06-14 13:26:22,778 | INFO     |   → DEBUG: BASE_PATH = /home/runner/work/vpn-vless-configs-russia/vpn-vless-configs-russia
2026-06-14 13:26:22,778 | INFO     |   → DEBUG: CONFIG_SOURCES_FILE = /home/runner/work/vpn-vless-configs-russia/vpn-vless-configs-russia/data/config_sources.json
2026-06-14 13:26:22,778 | INFO     |   → 📂 Загружено 12 источников из /home/runner/work/vpn-vless-configs-russia/vpn-vless-configs-russia/data/config_sources.json
2026-06-14 13:26:22,778 | INFO     |   → 🚀 Старт: всего источников: 12
2026-06-14 13:26:22,778 | INFO     |   → 1/12: ✅ 0 взято | 🗑️ 0 мусор
2026-06-14 13:26:22,778 | INFO     |   → 2/12: ✅ 0 взято | 🗑️ 0 мусор
2026-06-14 13:26:22,778 | INFO     |   → 3/12: ✅ 0 взято | 🗑️ 0 мусор
2026-06-14 13:26:22,778 | INFO     |   → 4/12: ✅ 0 взято | 🗑️ 0 мусор
2026-06-14 13:26:22,778 | INFO     |   → 5/12: ✅ 3 взято | 🗑️ 100 мусор
2026-06-14 13:26:22,778 | INFO     |   → 6/12: ✅ 0 взято | 🗑️ 0 мусор
2026-06-14 13:26:22,778 | INFO     |   → 7/12: ✅ 1 взято | 🗑️ 171 мусор
2026-06-14 13:26:22,778 | INFO     |   → 8/12: ✅ 0 взято | 🗑️ 0 мусор
2026-06-14 13:26:22,778 | INFO     |   → 9/12: ✅ 5 взято | 🗑️ 9 мусор
2026-06-14 13:26:22,778 | INFO     |   → 10/12: ✅ 0 взято | 🗑️ 9 мусор
2026-06-14 13:26:22,778 | INFO     |   → 11/12: ✅ 0 взято | 🗑️ 9 мусор
2026-06-14 13:26:22,779 | INFO     |   → 12/12: ✅ 0 взято | 🗑️ 9 мусор
2026-06-14 13:26:22,779 | INFO     |   → 📡 С sstap.org получено 0 ключей
2026-06-14 13:26:22,779 | INFO     |   → 📡 С sstap.org не добавлено ни одного ключа (все 0 отклонены фильтром)
2026-06-14 13:26:22,779 | INFO     |   → ✅ ГОТОВО!
2026-06-14 13:26:22,779 | INFO     |   →    📥 Всего ключей после фильтра: 9
2026-06-14 13:26:22,779 | INFO     |   →    🔗 Уникальных IP:PORT:SCHEME: 7
2026-06-14 13:26:22,779 | INFO     |   →    🗑️ Выброшено мусора: 307
2026-06-14 13:26:22,779 | INFO     |   → 📊 По протоколам:
2026-06-14 13:26:22,779 | INFO     |   →    vless: 6
2026-06-14 13:26:22,779 | INFO     |   →    vmess: 1
2026-06-14 13:26:22,779 | INFO     | ✅ mirror.py завершён успешно
2026-06-14 13:26:22,779 | INFO     | 
2026-06-14 13:26:22,779 | INFO     | 
2026-06-14 13:26:22,779 | INFO     | ──────────────────────────────────────────────────────────────────────
2026-06-14 13:26:22,779 | INFO     | 📌 ЭТАП: Генерация 50 уникальных CF-VLESS
2026-06-14 13:26:22,779 | INFO     | ──────────────────────────────────────────────────────────────────────
2026-06-14 13:26:22,779 | INFO     | 🚀 Запуск generate_cf_vless.py (50 новых CF-VLESS)...
2026-06-14 13:26:22,978 | INFO     |   → === Генератор свежих VLESS-конфигов на IP Cloudflare ===
2026-06-14 13:26:22,978 | INFO     |   → ✅ Сгенерировано и сохранено 50 VLESS-конфигов.
2026-06-14 13:26:22,978 | INFO     |   → 📂 Файл: /home/runner/work/vpn-vless-configs-russia/vpn-vless-configs-russia/data/githubmirror/new/cf_fresh.txt
2026-06-14 13:26:22,978 | INFO     | ✅ generate_cf_vless.py завершён успешно
2026-06-14 13:26:22,979 | INFO     | 
2026-06-14 13:26:22,979 | INFO     | 
2026-06-14 13:26:22,979 | INFO     | ──────────────────────────────────────────────────────────────────────
2026-06-14 13:26:22,979 | INFO     | 📌 ЭТАП: Слияние CF с основным списком
2026-06-14 13:26:22,979 | INFO     | ──────────────────────────────────────────────────────────────────────
2026-06-14 13:26:22,980 | INFO     | 🔄 Добавлено 50 новых CF-VLESS в /home/runner/work/vpn-vless-configs-russia/vpn-vless-configs-russia/data/githubmirror/clean/vless.txt
2026-06-14 13:26:22,980 | INFO     | 📊 Всего в clean/vless.txt теперь: 56
2026-06-14 13:26:22,980 | INFO     | 
2026-06-14 13:26:22,980 | INFO     | 
2026-06-14 13:26:22,980 | INFO     | ──────────────────────────────────────────────────────────────────────
2026-06-14 13:26:22,980 | INFO     | 📌 ЭТАП: Фильтрация по реальному SNI
2026-06-14 13:26:22,980 | INFO     | ──────────────────────────────────────────────────────────────────────
2026-06-14 13:26:22,980 | INFO     | 🚀 Запуск filter_ru_sni.py (Фильтр по реальному SNI (CDN+RU))...
2026-06-14 13:26:23,007 | INFO     |   → vless.txt: 56 → 50 (SNI-filtered)
2026-06-14 13:26:23,007 | INFO     |   →   vmess.txt: 1 → 0 (SNI-filtered)
2026-06-14 13:26:23,007 | INFO     |   → ==================================================
2026-06-14 13:26:23,007 | INFO     |   →   Всего входных:  57
2026-06-14 13:26:23,007 | INFO     |   →   Прошли фильтр:  50
2026-06-14 13:26:23,007 | INFO     |   →   Отброшено:      7
2026-06-14 13:26:23,007 | INFO     |   → ==================================================
2026-06-14 13:26:23,007 | INFO     |   → Готово → /home/runner/work/vpn-vless-configs-russia/vpn-vless-configs-russia/data/githubmirror/ru-sni
2026-06-14 13:26:23,007 | INFO     | ✅ filter_ru_sni.py завершён успешно
2026-06-14 13:26:23,007 | INFO     | 
2026-06-14 13:26:23,007 | INFO     | 
2026-06-14 13:26:23,007 | INFO     | ──────────────────────────────────────────────────────────────────────
2026-06-14 13:26:23,007 | INFO     | 📌 ЭТАП: Экспериментальный RU-SNI фильтр
2026-06-14 13:26:23,007 | INFO     | ──────────────────────────────────────────────────────────────────────
2026-06-14 13:26:23,008 | INFO     | 🚀 Запуск filter_ru_sni_local.py (Экспериментальный фильтр по RU-SNI)...
2026-06-14 13:26:23,035 | INFO     |   → vless.txt: 56 → 0 (RU-SNI)
2026-06-14 13:26:23,035 | INFO     |   → vmess.txt: 1 → 0 (RU-SNI)
2026-06-14 13:26:23,035 | INFO     |   → ==================================================
2026-06-14 13:26:23,035 | INFO     |   → Всего входных:  57
2026-06-14 13:26:23,035 | INFO     |   → Прошли RU-SNI:  0
2026-06-14 13:26:23,035 | INFO     |   → Отброшено:      57
2026-06-14 13:26:23,035 | INFO     |   → ==================================================
2026-06-14 13:26:23,035 | INFO     |   → Готово → /home/runner/work/vpn-vless-configs-russia/vpn-vless-configs-russia/data/githubmirror/ru-sni-local
2026-06-14 13:26:23,035 | INFO     | ✅ filter_ru_sni_local.py завершён успешно
2026-06-14 13:26:23,035 | INFO     | 
2026-06-14 13:26:23,035 | INFO     | 
2026-06-14 13:26:23,035 | INFO     | ──────────────────────────────────────────────────────────────────────
2026-06-14 13:26:23,035 | INFO     | 📌 ЭТАП: Сбор статистики
2026-06-14 13:26:23,035 | INFO     | ──────────────────────────────────────────────────────────────────────
2026-06-14 13:26:23,035 | INFO     | 📊 Сбор статистики...
2026-06-14 13:26:23,036 | INFO     |   📁 githubmirror/clean:
2026-06-14 13:26:23,036 | INFO     |     • vless       :    56 конфигов
2026-06-14 13:26:23,036 | INFO     |     • vmess       :     1 конфигов
2026-06-14 13:26:23,036 | INFO     |   📁 githubmirror/ru-sni:
2026-06-14 13:26:23,036 | INFO     |     • vless       :    50 конфигов ( 89.3% от clean)
2026-06-14 13:26:23,036 | INFO     |     • vmess       :     0 конфигов (  0.0% от clean)
2026-06-14 13:26:23,037 | INFO     |   ✨ Новых CF-VLESS в этом запуске: 50
2026-06-14 13:26:23,037 | INFO     | 
2026-06-14 13:26:23,037 | INFO     |   ──────────────────────────────────────────────────
2026-06-14 13:26:23,037 | INFO     |   📈 ИТОГО:
2026-06-14 13:26:23,037 | INFO     |     Clean (после geo-фильтра):       57
2026-06-14 13:26:23,037 | INFO     |     RU-SNI (после SNI-фильтра):      50
2026-06-14 13:26:23,037 | INFO     |     Прошло фильтр:                 87.7%
2026-06-14 13:26:23,037 | INFO     |   ──────────────────────────────────────────────────
2026-06-14 13:26:23,037 | INFO     | ✅ Статистика сохранена: /home/runner/work/vpn-vless-configs-russia/vpn-vless-configs-russia/data/stats.json
2026-06-14 13:26:23,037 | INFO     | 
2026-06-14 13:26:23,037 | INFO     | ======================================================================
2026-06-14 13:26:23,038 | INFO     | 📊 ИТОГОВЫЙ ОТЧЁТ
2026-06-14 13:26:23,038 | INFO     | ======================================================================
2026-06-14 13:26:23,038 | INFO     |   ✅ OK         | Загрузка и geo-фильтрация
2026-06-14 13:26:23,038 | INFO     |   ✅ OK         | Генерация 50 уникальных CF-VLESS
2026-06-14 13:26:23,038 | INFO     |   ✅ OK         | Слияние CF с основным списком
2026-06-14 13:26:23,038 | INFO     |   ✅ OK         | Фильтрация по реальному SNI
2026-06-14 13:26:23,038 | INFO     |   ✅ OK         | Экспериментальный RU-SNI фильтр
2026-06-14 13:26:23,038 | INFO     |   ✅ OK         | Сбор статистики
2026-06-14 13:26:23,038 | INFO     | ──────────────────────────────────────────────────────────────────────
2026-06-14 13:26:23,038 | INFO     | ✅ ВСЕ ЭТАПЫ УСПЕШНЫ (6/6)
2026-06-14 13:26:23,038 | INFO     | ⏰ Время завершения: 2026-06-14 13:26:23
2026-06-14 13:26:23,038 | INFO     | ======================================================================
