2026-06-08 17:22:14,268 | INFO     | ======================================================================
2026-06-08 17:22:14,268 | INFO     | 🔍 VPN KEY CHECKER - Начало проверки
2026-06-08 17:22:14,268 | INFO     | ⏰ Время старта: 2026-06-08 17:22:14
2026-06-08 17:22:14,268 | INFO     | 📂 Рабочая директория: /home/runner/work/vpn-vless-configs-russia/vpn-vless-configs-russia
2026-06-08 17:22:14,268 | INFO     | ======================================================================
2026-06-08 17:22:14,268 | INFO     | 
2026-06-08 17:22:14,268 | INFO     | 🔍 Проверка наличия скриптов...
2026-06-08 17:22:14,268 | INFO     |   ✅ mirror.py
2026-06-08 17:22:14,268 | INFO     |   ✅ generate_cf_vless.py
2026-06-08 17:22:14,268 | INFO     |   ✅ filter_ru_sni.py
2026-06-08 17:22:14,268 | INFO     |   ✅ filter_ru_sni_local.py
2026-06-08 17:22:14,268 | INFO     | 
2026-06-08 17:22:14,268 | INFO     | ──────────────────────────────────────────────────────────────────────
2026-06-08 17:22:14,268 | INFO     | 📌 ЭТАП: Загрузка и geo-фильтрация
2026-06-08 17:22:14,268 | INFO     | ──────────────────────────────────────────────────────────────────────
2026-06-08 17:22:14,268 | INFO     | 🚀 Запуск mirror.py (Загрузка и фильтрация по РФ/СНГ/Европа)...
2026-06-08 17:22:32,025 | INFO     |   → DEBUG: mirror.py started
2026-06-08 17:22:32,025 | INFO     |   → DEBUG: BASE_PATH = /home/runner/work/vpn-vless-configs-russia/vpn-vless-configs-russia
2026-06-08 17:22:32,025 | INFO     |   → DEBUG: CONFIG_SOURCES_FILE = /home/runner/work/vpn-vless-configs-russia/vpn-vless-configs-russia/data/config_sources.json
2026-06-08 17:22:32,025 | INFO     |   → 📂 Загружено 40 источников из /home/runner/work/vpn-vless-configs-russia/vpn-vless-configs-russia/data/config_sources.json
2026-06-08 17:22:32,026 | INFO     |   → 🚀 Старт: всего источников: 40
2026-06-08 17:22:32,026 | INFO     |   → 1/40: ✅ 0 взято | 🗑️ 0 мусор
2026-06-08 17:22:32,026 | INFO     |   → 2/40: ✅ 0 взято | 🗑️ 0 мусор
2026-06-08 17:22:32,026 | INFO     |   → 3/40: ✅ 0 взято | 🗑️ 0 мусор
2026-06-08 17:22:32,026 | INFO     |   → 4/40: ✅ 0 взято | 🗑️ 0 мусор
2026-06-08 17:22:32,026 | INFO     |   → 5/40: ✅ 0 взято | 🗑️ 0 мусор
2026-06-08 17:22:32,026 | INFO     |   → 6/40: ✅ 0 взято | 🗑️ 0 мусор
2026-06-08 17:22:32,026 | INFO     |   → 7/40: ✅ 0 взято | 🗑️ 0 мусор
2026-06-08 17:22:32,026 | INFO     |   → 8/40: ✅ 0 взято | 🗑️ 0 мусор
2026-06-08 17:22:32,026 | INFO     |   → 9/40: ✅ 0 взято | 🗑️ 0 мусор
2026-06-08 17:22:32,026 | INFO     |   → 10/40: ✅ 0 взято | 🗑️ 0 мусор
2026-06-08 17:22:32,026 | INFO     |   → 11/40: ✅ 10 взято | 🗑️ 151 мусор
2026-06-08 17:22:32,026 | INFO     |   → 12/40: ✅ 0 взято | 🗑️ 0 мусор
2026-06-08 17:22:32,026 | INFO     |   → 13/40: ✅ 10 взято | 🗑️ 113 мусор
2026-06-08 17:22:32,026 | INFO     |   → 14/40: ✅ 0 взято | 🗑️ 0 мусор
2026-06-08 17:22:32,026 | INFO     |   → 15/40: ✅ 2 взято | 🗑️ 124 мусор
2026-06-08 17:22:32,026 | INFO     |   → 16/40: ✅ 2 взято | 🗑️ 115 мусор
2026-06-08 17:22:32,026 | INFO     |   → 17/40: ✅ 1 взято | 🗑️ 109 мусор
2026-06-08 17:22:32,026 | INFO     |   → 18/40: ✅ 0 взято | 🗑️ 0 мусор
2026-06-08 17:22:32,026 | INFO     |   → 19/40: ✅ 0 взято | 🗑️ 0 мусор
2026-06-08 17:22:32,026 | INFO     |   → 20/40: ✅ 0 взято | 🗑️ 0 мусор
2026-06-08 17:22:32,026 | INFO     |   → 21/40: ✅ 3 взято | 🗑️ 145 мусор
2026-06-08 17:22:32,026 | INFO     |   → 22/40: ✅ 0 взято | 🗑️ 0 мусор
2026-06-08 17:22:32,026 | INFO     |   → 23/40: ✅ 0 взято | 🗑️ 157 мусор
2026-06-08 17:22:32,026 | INFO     |   → 24/40: ✅ 0 взято | 🗑️ 0 мусор
2026-06-08 17:22:32,026 | INFO     |   → 25/40: ✅ 0 взято | 🗑️ 131 мусор
2026-06-08 17:22:32,026 | INFO     |   → 26/40: ✅ 0 взято | 🗑️ 0 мусор
2026-06-08 17:22:32,026 | INFO     |   → 27/40: ✅ 1 взято | 🗑️ 124 мусор
2026-06-08 17:22:32,026 | INFO     |   → 28/40: ✅ 0 взято | 🗑️ 0 мусор
2026-06-08 17:22:32,026 | INFO     |   → 29/40: ✅ 2 взято | 🗑️ 189 мусор
2026-06-08 17:22:32,026 | INFO     |   → 30/40: ✅ 0 взято | 🗑️ 0 мусор
2026-06-08 17:22:32,026 | INFO     |   → 31/40: ✅ 13 взято | 🗑️ 7 мусор
2026-06-08 17:22:32,026 | INFO     |   → 32/40: ✅ 0 взято | 🗑️ 7 мусор
2026-06-08 17:22:32,026 | INFO     |   → 33/40: ✅ 0 взято | 🗑️ 7 мусор
2026-06-08 17:22:32,027 | INFO     |   → 34/40: ✅ 0 взято | 🗑️ 7 мусор
2026-06-08 17:22:32,027 | INFO     |   → 35/40: ✅ 0 взято | 🗑️ 7 мусор
2026-06-08 17:22:32,027 | INFO     |   → 36/40: ✅ 0 взято | 🗑️ 7 мусор
2026-06-08 17:22:32,027 | INFO     |   → 37/40: ✅ 0 взято | 🗑️ 7 мусор
2026-06-08 17:22:32,027 | INFO     |   → 38/40: ✅ 0 взято | 🗑️ 7 мусор
2026-06-08 17:22:32,027 | INFO     |   → 39/40: ✅ 0 взято | 🗑️ 7 мусор
2026-06-08 17:22:32,027 | INFO     |   → 40/40: ✅ 0 взято | 🗑️ 7 мусор
2026-06-08 17:22:32,027 | INFO     |   → 📡 С sstap.org получено 0 ключей
2026-06-08 17:22:32,027 | INFO     |   → 📡 С sstap.org не добавлено ни одного ключа (все 0 отклонены фильтром)
2026-06-08 17:22:32,027 | INFO     |   → ✅ ГОТОВО!
2026-06-08 17:22:32,027 | INFO     |   →    📥 Всего ключей после фильтра: 44
2026-06-08 17:22:32,027 | INFO     |   →    🔗 Уникальных IP:PORT:SCHEME: 29
2026-06-08 17:22:32,027 | INFO     |   →    🗑️ Выброшено мусора: 1428
2026-06-08 17:22:32,027 | INFO     |   → 📊 По протоколам:
2026-06-08 17:22:32,027 | INFO     |   →    vless: 19
2026-06-08 17:22:32,027 | INFO     |   →    vmess: 1
2026-06-08 17:22:32,027 | INFO     |   →    trojan: 4
2026-06-08 17:22:32,027 | INFO     |   →    ss: 3
2026-06-08 17:22:32,027 | INFO     |   →    hysteria2: 2
2026-06-08 17:22:32,027 | INFO     | ✅ mirror.py завершён успешно
2026-06-08 17:22:32,027 | INFO     | 
2026-06-08 17:22:32,027 | INFO     | 
2026-06-08 17:22:32,027 | INFO     | ──────────────────────────────────────────────────────────────────────
2026-06-08 17:22:32,027 | INFO     | 📌 ЭТАП: Генерация 50 уникальных CF-VLESS
2026-06-08 17:22:32,027 | INFO     | ──────────────────────────────────────────────────────────────────────
2026-06-08 17:22:32,027 | INFO     | 🚀 Запуск generate_cf_vless.py (50 новых CF-VLESS)...
2026-06-08 17:22:32,238 | INFO     |   → === Генератор свежих VLESS-конфигов на IP Cloudflare ===
2026-06-08 17:22:32,238 | INFO     |   → ✅ Сгенерировано и сохранено 50 VLESS-конфигов.
2026-06-08 17:22:32,238 | INFO     |   → 📂 Файл: /home/runner/work/vpn-vless-configs-russia/vpn-vless-configs-russia/data/githubmirror/new/cf_fresh.txt
2026-06-08 17:22:32,239 | INFO     | ✅ generate_cf_vless.py завершён успешно
2026-06-08 17:22:32,239 | INFO     | 
2026-06-08 17:22:32,239 | INFO     | 
2026-06-08 17:22:32,239 | INFO     | ──────────────────────────────────────────────────────────────────────
2026-06-08 17:22:32,239 | INFO     | 📌 ЭТАП: Слияние CF с основным списком
2026-06-08 17:22:32,239 | INFO     | ──────────────────────────────────────────────────────────────────────
2026-06-08 17:22:32,240 | INFO     | 🔄 Добавлено 50 новых CF-VLESS в /home/runner/work/vpn-vless-configs-russia/vpn-vless-configs-russia/data/githubmirror/clean/vless.txt
2026-06-08 17:22:32,240 | INFO     | 📊 Всего в clean/vless.txt теперь: 69
2026-06-08 17:22:32,240 | INFO     | 
2026-06-08 17:22:32,240 | INFO     | 
2026-06-08 17:22:32,240 | INFO     | ──────────────────────────────────────────────────────────────────────
2026-06-08 17:22:32,240 | INFO     | 📌 ЭТАП: Фильтрация по реальному SNI
2026-06-08 17:22:32,240 | INFO     | ──────────────────────────────────────────────────────────────────────
2026-06-08 17:22:32,240 | INFO     | 🚀 Запуск filter_ru_sni.py (Фильтр по реальному SNI (CDN+RU))...
2026-06-08 17:22:32,271 | INFO     |   → hysteria2.txt: 2 → 1 (SNI-filtered)
2026-06-08 17:22:32,271 | INFO     |   →   ss.txt: 3 → 0 (SNI-filtered)
2026-06-08 17:22:32,271 | INFO     |   →   trojan.txt: 4 → 0 (SNI-filtered)
2026-06-08 17:22:32,271 | INFO     |   →   vless.txt: 69 → 56 (SNI-filtered)
2026-06-08 17:22:32,271 | INFO     |   →   vmess.txt: 1 → 0 (SNI-filtered)
2026-06-08 17:22:32,271 | INFO     |   → ==================================================
2026-06-08 17:22:32,271 | INFO     |   →   Всего входных:  79
2026-06-08 17:22:32,271 | INFO     |   →   Прошли фильтр:  57
2026-06-08 17:22:32,271 | INFO     |   →   Отброшено:      22
2026-06-08 17:22:32,271 | INFO     |   → ==================================================
2026-06-08 17:22:32,271 | INFO     |   → Готово → /home/runner/work/vpn-vless-configs-russia/vpn-vless-configs-russia/data/githubmirror/ru-sni
2026-06-08 17:22:32,271 | INFO     | ✅ filter_ru_sni.py завершён успешно
2026-06-08 17:22:32,271 | INFO     | 
2026-06-08 17:22:32,271 | INFO     | 
2026-06-08 17:22:32,271 | INFO     | ──────────────────────────────────────────────────────────────────────
2026-06-08 17:22:32,271 | INFO     | 📌 ЭТАП: Экспериментальный RU-SNI фильтр
2026-06-08 17:22:32,271 | INFO     | ──────────────────────────────────────────────────────────────────────
2026-06-08 17:22:32,271 | INFO     | 🚀 Запуск filter_ru_sni_local.py (Экспериментальный фильтр по RU-SNI)...
2026-06-08 17:22:32,302 | INFO     |   → hysteria2.txt: 2 → 0 (RU-SNI)
2026-06-08 17:22:32,302 | INFO     |   → ss.txt: 3 → 0 (RU-SNI)
2026-06-08 17:22:32,302 | INFO     |   → trojan.txt: 4 → 0 (RU-SNI)
2026-06-08 17:22:32,302 | INFO     |   → vless.txt: 69 → 1 (RU-SNI)
2026-06-08 17:22:32,302 | INFO     |   → vmess.txt: 1 → 0 (RU-SNI)
2026-06-08 17:22:32,303 | INFO     |   → ==================================================
2026-06-08 17:22:32,303 | INFO     |   → Всего входных:  79
2026-06-08 17:22:32,303 | INFO     |   → Прошли RU-SNI:  1
2026-06-08 17:22:32,303 | INFO     |   → Отброшено:      78
2026-06-08 17:22:32,303 | INFO     |   → ==================================================
2026-06-08 17:22:32,303 | INFO     |   → Готово → /home/runner/work/vpn-vless-configs-russia/vpn-vless-configs-russia/data/githubmirror/ru-sni-local
2026-06-08 17:22:32,303 | INFO     | ✅ filter_ru_sni_local.py завершён успешно
2026-06-08 17:22:32,303 | INFO     | 
2026-06-08 17:22:32,303 | INFO     | 
2026-06-08 17:22:32,303 | INFO     | ──────────────────────────────────────────────────────────────────────
2026-06-08 17:22:32,303 | INFO     | 📌 ЭТАП: Сбор статистики
2026-06-08 17:22:32,303 | INFO     | ──────────────────────────────────────────────────────────────────────
2026-06-08 17:22:32,303 | INFO     | 📊 Сбор статистики...
2026-06-08 17:22:32,303 | INFO     |   📁 githubmirror/clean:
2026-06-08 17:22:32,303 | INFO     |     • hysteria2   :     2 конфигов
2026-06-08 17:22:32,303 | INFO     |     • ss          :     3 конфигов
2026-06-08 17:22:32,304 | INFO     |     • trojan      :     4 конфигов
2026-06-08 17:22:32,304 | INFO     |     • vless       :    69 конфигов
2026-06-08 17:22:32,304 | INFO     |     • vmess       :     1 конфигов
2026-06-08 17:22:32,304 | INFO     |   📁 githubmirror/ru-sni:
2026-06-08 17:22:32,304 | INFO     |     • hysteria2   :     1 конфигов ( 50.0% от clean)
2026-06-08 17:22:32,304 | INFO     |     • ss          :     0 конфигов (  0.0% от clean)
2026-06-08 17:22:32,304 | INFO     |     • trojan      :     0 конфигов (  0.0% от clean)
2026-06-08 17:22:32,304 | INFO     |     • vless       :    56 конфигов ( 81.2% от clean)
2026-06-08 17:22:32,304 | INFO     |     • vmess       :     0 конфигов (  0.0% от clean)
2026-06-08 17:22:32,305 | INFO     |   ✨ Новых CF-VLESS в этом запуске: 50
2026-06-08 17:22:32,305 | INFO     | 
2026-06-08 17:22:32,305 | INFO     |   ──────────────────────────────────────────────────
2026-06-08 17:22:32,305 | INFO     |   📈 ИТОГО:
2026-06-08 17:22:32,305 | INFO     |     Clean (после geo-фильтра):       79
2026-06-08 17:22:32,305 | INFO     |     RU-SNI (после SNI-фильтра):      57
2026-06-08 17:22:32,305 | INFO     |     Прошло фильтр:                 72.2%
2026-06-08 17:22:32,305 | INFO     |   ──────────────────────────────────────────────────
2026-06-08 17:22:32,305 | INFO     | ✅ Статистика сохранена: /home/runner/work/vpn-vless-configs-russia/vpn-vless-configs-russia/data/stats.json
2026-06-08 17:22:32,305 | INFO     | 
2026-06-08 17:22:32,305 | INFO     | ======================================================================
2026-06-08 17:22:32,305 | INFO     | 📊 ИТОГОВЫЙ ОТЧЁТ
2026-06-08 17:22:32,305 | INFO     | ======================================================================
2026-06-08 17:22:32,305 | INFO     |   ✅ OK         | Загрузка и geo-фильтрация
2026-06-08 17:22:32,305 | INFO     |   ✅ OK         | Генерация 50 уникальных CF-VLESS
2026-06-08 17:22:32,305 | INFO     |   ✅ OK         | Слияние CF с основным списком
2026-06-08 17:22:32,305 | INFO     |   ✅ OK         | Фильтрация по реальному SNI
2026-06-08 17:22:32,305 | INFO     |   ✅ OK         | Экспериментальный RU-SNI фильтр
2026-06-08 17:22:32,305 | INFO     |   ✅ OK         | Сбор статистики
2026-06-08 17:22:32,305 | INFO     | ──────────────────────────────────────────────────────────────────────
2026-06-08 17:22:32,305 | INFO     | ✅ ВСЕ ЭТАПЫ УСПЕШНЫ (6/6)
2026-06-08 17:22:32,305 | INFO     | ⏰ Время завершения: 2026-06-08 17:22:32
2026-06-08 17:22:32,306 | INFO     | ======================================================================
