2026-06-30 21:24:44,366 | INFO     | ======================================================================
2026-06-30 21:24:44,366 | INFO     | 🔍 VPN KEY CHECKER - Начало проверки
2026-06-30 21:24:44,366 | INFO     | ⏰ Время старта: 2026-06-30 21:24:44
2026-06-30 21:24:44,366 | INFO     | 📂 Рабочая директория: /home/runner/work/vpn-vless-configs-russia/vpn-vless-configs-russia
2026-06-30 21:24:44,367 | INFO     | ======================================================================
2026-06-30 21:24:44,367 | INFO     | 
2026-06-30 21:24:44,367 | INFO     | 🔍 Проверка наличия скриптов...
2026-06-30 21:24:44,367 | INFO     |   ✅ mirror.py
2026-06-30 21:24:44,367 | INFO     |   ✅ generate_cf_vless.py
2026-06-30 21:24:44,367 | INFO     |   ✅ filter_ru_sni.py
2026-06-30 21:24:44,367 | INFO     |   ✅ filter_ru_sni_local.py
2026-06-30 21:24:44,367 | INFO     | 
2026-06-30 21:24:44,367 | INFO     | ──────────────────────────────────────────────────────────────────────
2026-06-30 21:24:44,367 | INFO     | 📌 ЭТАП: Загрузка и geo-фильтрация
2026-06-30 21:24:44,367 | INFO     | ──────────────────────────────────────────────────────────────────────
2026-06-30 21:24:44,367 | INFO     | 🚀 Запуск mirror.py (Загрузка и фильтрация по РФ/СНГ/Европа)...
2026-06-30 21:25:44,037 | INFO     |   → DEBUG: mirror.py started
2026-06-30 21:25:44,037 | INFO     |   → DEBUG: BASE_PATH = /home/runner/work/vpn-vless-configs-russia/vpn-vless-configs-russia
2026-06-30 21:25:44,037 | INFO     |   → DEBUG: CONFIG_SOURCES_FILE = /home/runner/work/vpn-vless-configs-russia/vpn-vless-configs-russia/data/config_sources.json
2026-06-30 21:25:44,037 | INFO     |   → 📂 Загружено 150 источников из /home/runner/work/vpn-vless-configs-russia/vpn-vless-configs-russia/data/config_sources.json
2026-06-30 21:25:44,037 | INFO     |   → 🚀 Старт: всего источников: 150
2026-06-30 21:25:44,037 | INFO     |   → 1/150: ✅ 0 взято | 🗑️ 0 мусор
2026-06-30 21:25:44,037 | INFO     |   → 2/150: ✅ 0 взято | 🗑️ 0 мусор
2026-06-30 21:25:44,037 | INFO     |   → 3/150: ✅ 0 взято | 🗑️ 0 мусор
2026-06-30 21:25:44,037 | INFO     |   → 4/150: ✅ 0 взято | 🗑️ 0 мусор
2026-06-30 21:25:44,037 | INFO     |   → 5/150: ✅ 0 взято | 🗑️ 0 мусор
2026-06-30 21:25:44,037 | INFO     |   → 6/150: ✅ 0 взято | 🗑️ 0 мусор
2026-06-30 21:25:44,037 | INFO     |   → 7/150: ✅ 0 взято | 🗑️ 0 мусор
2026-06-30 21:25:44,037 | INFO     |   → 8/150: ✅ 0 взято | 🗑️ 0 мусор
2026-06-30 21:25:44,037 | INFO     |   → 9/150: ✅ 0 взято | 🗑️ 0 мусор
2026-06-30 21:25:44,037 | INFO     |   → 10/150: ✅ 0 взято | 🗑️ 0 мусор
2026-06-30 21:25:44,037 | INFO     |   → 11/150: ✅ 0 взято | 🗑️ 0 мусор
2026-06-30 21:25:44,037 | INFO     |   → 12/150: ✅ 0 взято | 🗑️ 0 мусор
2026-06-30 21:25:44,037 | INFO     |   → 13/150: ✅ 0 взято | 🗑️ 0 мусор
2026-06-30 21:25:44,037 | INFO     |   → 14/150: ✅ 0 взято | 🗑️ 0 мусор
2026-06-30 21:25:44,037 | INFO     |   → 15/150: ✅ 0 взято | 🗑️ 0 мусор
2026-06-30 21:25:44,037 | INFO     |   → 16/150: ✅ 0 взято | 🗑️ 0 мусор
2026-06-30 21:25:44,037 | INFO     |   → 17/150: ✅ 0 взято | 🗑️ 0 мусор
2026-06-30 21:25:44,037 | INFO     |   → 18/150: ✅ 0 взято | 🗑️ 0 мусор
2026-06-30 21:25:44,037 | INFO     |   → 19/150: ✅ 0 взято | 🗑️ 0 мусор
2026-06-30 21:25:44,037 | INFO     |   → 20/150: ✅ 0 взято | 🗑️ 0 мусор
2026-06-30 21:25:44,037 | INFO     |   → 21/150: ✅ 0 взято | 🗑️ 0 мусор
2026-06-30 21:25:44,037 | INFO     |   → 22/150: ✅ 0 взято | 🗑️ 0 мусор
2026-06-30 21:25:44,037 | INFO     |   → 23/150: ✅ 0 взято | 🗑️ 0 мусор
2026-06-30 21:25:44,037 | INFO     |   → 24/150: ✅ 0 взято | 🗑️ 0 мусор
2026-06-30 21:25:44,037 | INFO     |   → 25/150: ✅ 0 взято | 🗑️ 0 мусор
2026-06-30 21:25:44,037 | INFO     |   → 26/150: ✅ 0 взято | 🗑️ 0 мусор
2026-06-30 21:25:44,037 | INFO     |   → 27/150: ✅ 0 взято | 🗑️ 0 мусор
2026-06-30 21:25:44,037 | INFO     |   → 28/150: ✅ 0 взято | 🗑️ 0 мусор
2026-06-30 21:25:44,037 | INFO     |   → 29/150: ✅ 0 взято | 🗑️ 0 мусор
2026-06-30 21:25:44,037 | INFO     |   → 30/150: ✅ 0 взято | 🗑️ 0 мусор
2026-06-30 21:25:44,038 | INFO     |   → 31/150: ✅ 0 взято | 🗑️ 0 мусор
2026-06-30 21:25:44,038 | INFO     |   → 32/150: ✅ 0 взято | 🗑️ 0 мусор
2026-06-30 21:25:44,038 | INFO     |   → 33/150: ✅ 0 взято | 🗑️ 0 мусор
2026-06-30 21:25:44,038 | INFO     |   → 34/150: ✅ 0 взято | 🗑️ 0 мусор
2026-06-30 21:25:44,038 | INFO     |   → 35/150: ✅ 0 взято | 🗑️ 0 мусор
2026-06-30 21:25:44,038 | INFO     |   → 36/150: ✅ 0 взято | 🗑️ 0 мусор
2026-06-30 21:25:44,038 | INFO     |   → 37/150: ✅ 0 взято | 🗑️ 0 мусор
2026-06-30 21:25:44,038 | INFO     |   → 38/150: ✅ 5 взято | 🗑️ 133 мусор
2026-06-30 21:25:44,038 | INFO     |   → 39/150: ✅ 5 взято | 🗑️ 166 мусор
2026-06-30 21:25:44,038 | INFO     |   → 40/150: ✅ 0 взято | 🗑️ 115 мусор
2026-06-30 21:25:44,038 | INFO     |   → 41/150: ✅ 5 взято | 🗑️ 161 мусор
2026-06-30 21:25:44,038 | INFO     |   → 42/150: ✅ 2 взято | 🗑️ 60 мусор
2026-06-30 21:25:44,038 | INFO     |   → 43/150: ✅ 0 взято | 🗑️ 0 мусор
2026-06-30 21:25:44,038 | INFO     |   → 44/150: ✅ 0 взято | 🗑️ 0 мусор
2026-06-30 21:25:44,038 | INFO     |   → 45/150: ✅ 0 взято | 🗑️ 0 мусор
2026-06-30 21:25:44,038 | INFO     |   → 46/150: ✅ 1 взято | 🗑️ 226 мусор
2026-06-30 21:25:44,038 | INFO     |   → 47/150: ✅ 0 взято | 🗑️ 0 мусор
2026-06-30 21:25:44,038 | INFO     |   → 48/150: ✅ 1 взято | 🗑️ 169 мусор
2026-06-30 21:25:44,038 | INFO     |   → 49/150: ✅ 0 взято | 🗑️ 0 мусор
2026-06-30 21:25:44,038 | INFO     |   → 50/150: ✅ 1 взято | 🗑️ 213 мусор
2026-06-30 21:25:44,038 | INFO     |   → 51/150: ✅ 0 взято | 🗑️ 0 мусор
2026-06-30 21:25:44,038 | INFO     |   → 52/150: ✅ 0 взято | 🗑️ 0 мусор
2026-06-30 21:25:44,038 | INFO     |   → 53/150: ✅ 2 взято | 🗑️ 60 мусор
2026-06-30 21:25:44,038 | INFO     |   → 54/150: ✅ 0 взято | 🗑️ 0 мусор
2026-06-30 21:25:44,038 | INFO     |   → 55/150: ✅ 3 взято | 🗑️ 99 мусор
2026-06-30 21:25:44,038 | INFO     |   → 56/150: ✅ 0 взято | 🗑️ 0 мусор
2026-06-30 21:25:44,038 | INFO     |   → 57/150: ✅ 0 взято | 🗑️ 0 мусор
2026-06-30 21:25:44,038 | INFO     |   → 58/150: ✅ 1 взято | 🗑️ 96 мусор
2026-06-30 21:25:44,038 | INFO     |   → 59/150: ✅ 0 взято | 🗑️ 117 мусор
2026-06-30 21:25:44,038 | INFO     |   → 60/150: ✅ 11 взято | 🗑️ 225 мусор
2026-06-30 21:25:44,038 | INFO     |   → 61/150: ✅ 1 взято | 🗑️ 141 мусор
2026-06-30 21:25:44,038 | INFO     |   → 62/150: ✅ 0 взято | 🗑️ 96 мусор
2026-06-30 21:25:44,038 | INFO     |   → 63/150: ✅ 0 взято | 🗑️ 263 мусор
2026-06-30 21:25:44,038 | INFO     |   → 64/150: ✅ 0 взято | 🗑️ 0 мусор
2026-06-30 21:25:44,038 | INFO     |   → 65/150: ✅ 0 взято | 🗑️ 0 мусор
2026-06-30 21:25:44,038 | INFO     |   → 66/150: ✅ 0 взято | 🗑️ 0 мусор
2026-06-30 21:25:44,038 | INFO     |   → 67/150: ✅ 0 взято | 🗑️ 137 мусор
2026-06-30 21:25:44,038 | INFO     |   → 68/150: ✅ 0 взято | 🗑️ 0 мусор
2026-06-30 21:25:44,038 | INFO     |   → 69/150: ✅ 0 взято | 🗑️ 0 мусор
2026-06-30 21:25:44,039 | INFO     |   → 70/150: ✅ 0 взято | 🗑️ 0 мусор
2026-06-30 21:25:44,039 | INFO     |   → 71/150: ✅ 0 взято | 🗑️ 112 мусор
2026-06-30 21:25:44,039 | INFO     |   → 72/150: ✅ 0 взято | 🗑️ 0 мусор
2026-06-30 21:25:44,039 | INFO     |   → 73/150: ✅ 3 взято | 🗑️ 100 мусор
2026-06-30 21:25:44,039 | INFO     |   → 74/150: ✅ 0 взято | 🗑️ 0 мусор
2026-06-30 21:25:44,039 | INFO     |   → 75/150: ✅ 1 взято | 🗑️ 171 мусор
2026-06-30 21:25:44,039 | INFO     |   → 76/150: ✅ 0 взято | 🗑️ 0 мусор
2026-06-30 21:25:44,039 | INFO     |   → 77/150: ✅ 0 взято | 🗑️ 202 мусор
2026-06-30 21:25:44,039 | INFO     |   → 78/150: ✅ 0 взято | 🗑️ 0 мусор
2026-06-30 21:25:44,039 | INFO     |   → 79/150: ✅ 0 взято | 🗑️ 138 мусор
2026-06-30 21:25:44,039 | INFO     |   → 80/150: ✅ 0 взято | 🗑️ 0 мусор
2026-06-30 21:25:44,039 | INFO     |   → 81/150: ✅ 0 взято | 🗑️ 236 мусор
2026-06-30 21:25:44,039 | INFO     |   → 82/150: ✅ 0 взято | 🗑️ 0 мусор
2026-06-30 21:25:44,039 | INFO     |   → 83/150: ✅ 0 взято | 🗑️ 192 мусор
2026-06-30 21:25:44,039 | INFO     |   → 84/150: ✅ 0 взято | 🗑️ 0 мусор
2026-06-30 21:25:44,039 | INFO     |   → 85/150: ✅ 1 взято | 🗑️ 174 мусор
2026-06-30 21:25:44,039 | INFO     |   → 86/150: ✅ 0 взято | 🗑️ 0 мусор
2026-06-30 21:25:44,039 | INFO     |   → 87/150: ✅ 1 взято | 🗑️ 149 мусор
2026-06-30 21:25:44,039 | INFO     |   → 88/150: ✅ 0 взято | 🗑️ 0 мусор
2026-06-30 21:25:44,039 | INFO     |   → 89/150: ✅ 3 взято | 🗑️ 147 мусор
2026-06-30 21:25:44,039 | INFO     |   → 90/150: ✅ 0 взято | 🗑️ 0 мусор
2026-06-30 21:25:44,039 | INFO     |   → 91/150: ✅ 2 взято | 🗑️ 196 мусор
2026-06-30 21:25:44,039 | INFO     |   → 92/150: ✅ 0 взято | 🗑️ 0 мусор
2026-06-30 21:25:44,039 | INFO     |   → 93/150: ✅ 2 взято | 🗑️ 277 мусор
2026-06-30 21:25:44,039 | INFO     |   → 94/150: ✅ 0 взято | 🗑️ 0 мусор
2026-06-30 21:25:44,039 | INFO     |   → 95/150: ✅ 0 взято | 🗑️ 211 мусор
2026-06-30 21:25:44,039 | INFO     |   → 96/150: ✅ 0 взято | 🗑️ 0 мусор
2026-06-30 21:25:44,039 | INFO     |   → 97/150: ✅ 1 взято | 🗑️ 229 мусор
2026-06-30 21:25:44,039 | INFO     |   → 98/150: ✅ 0 взято | 🗑️ 0 мусор
2026-06-30 21:25:44,039 | INFO     |   → 99/150: ✅ 1 взято | 🗑️ 131 мусор
2026-06-30 21:25:44,039 | INFO     |   → 100/150: ✅ 0 взято | 🗑️ 0 мусор
2026-06-30 21:25:44,039 | INFO     |   → 101/150: ✅ 3 взято | 🗑️ 257 мусор
2026-06-30 21:25:44,039 | INFO     |   → 102/150: ✅ 0 взято | 🗑️ 0 мусор
2026-06-30 21:25:44,039 | INFO     |   → 103/150: ✅ 0 взято | 🗑️ 180 мусор
2026-06-30 21:25:44,040 | INFO     |   → 104/150: ✅ 0 взято | 🗑️ 0 мусор
2026-06-30 21:25:44,040 | INFO     |   → 105/150: ✅ 0 взято | 🗑️ 191 мусор
2026-06-30 21:25:44,040 | INFO     |   → 106/150: ✅ 0 взято | 🗑️ 0 мусор
2026-06-30 21:25:44,040 | INFO     |   → 107/150: ✅ 1 взято | 🗑️ 224 мусор
2026-06-30 21:25:44,040 | INFO     |   → 108/150: ✅ 0 взято | 🗑️ 0 мусор
2026-06-30 21:25:44,040 | INFO     |   → 109/150: ✅ 5 взято | 🗑️ 9 мусор
2026-06-30 21:25:44,040 | INFO     |   → 110/150: ✅ 0 взято | 🗑️ 9 мусор
2026-06-30 21:25:44,040 | INFO     |   → 111/150: ✅ 0 взято | 🗑️ 9 мусор
2026-06-30 21:25:44,040 | INFO     |   → 112/150: ✅ 0 взято | 🗑️ 9 мусор
2026-06-30 21:25:44,040 | INFO     |   → 113/150: ✅ 0 взято | 🗑️ 9 мусор
2026-06-30 21:25:44,040 | INFO     |   → 114/150: ✅ 0 взято | 🗑️ 9 мусор
2026-06-30 21:25:44,040 | INFO     |   → 115/150: ✅ 0 взято | 🗑️ 9 мусор
2026-06-30 21:25:44,040 | INFO     |   → 116/150: ✅ 0 взято | 🗑️ 9 мусор
2026-06-30 21:25:44,040 | INFO     |   → 117/150: ✅ 13 взято | 🗑️ 10 мусор
2026-06-30 21:25:44,040 | INFO     |   → 118/150: ✅ 0 взято | 🗑️ 10 мусор
2026-06-30 21:25:44,040 | INFO     |   → 119/150: ✅ 0 взято | 🗑️ 10 мусор
2026-06-30 21:25:44,040 | INFO     |   → 120/150: ✅ 0 взято | 🗑️ 10 мусор
2026-06-30 21:25:44,040 | INFO     |   → 121/150: ✅ 0 взято | 🗑️ 10 мусор
2026-06-30 21:25:44,040 | INFO     |   → 122/150: ✅ 0 взято | 🗑️ 10 мусор
2026-06-30 21:25:44,040 | INFO     |   → 123/150: ✅ 0 взято | 🗑️ 10 мусор
2026-06-30 21:25:44,040 | INFO     |   → 124/150: ✅ 0 взято | 🗑️ 10 мусор
2026-06-30 21:25:44,040 | INFO     |   → 125/150: ✅ 0 взято | 🗑️ 10 мусор
2026-06-30 21:25:44,040 | INFO     |   → 126/150: ✅ 0 взято | 🗑️ 10 мусор
2026-06-30 21:25:44,040 | INFO     |   → 127/150: ✅ 0 взято | 🗑️ 9 мусор
2026-06-30 21:25:44,040 | INFO     |   → 128/150: ✅ 0 взято | 🗑️ 9 мусор
2026-06-30 21:25:44,040 | INFO     |   → 129/150: ✅ 0 взято | 🗑️ 9 мусор
2026-06-30 21:25:44,040 | INFO     |   → 130/150: ✅ 0 взято | 🗑️ 9 мусор
2026-06-30 21:25:44,040 | INFO     |   → 131/150: ✅ 0 взято | 🗑️ 9 мусор
2026-06-30 21:25:44,040 | INFO     |   → 132/150: ✅ 0 взято | 🗑️ 9 мусор
2026-06-30 21:25:44,040 | INFO     |   → 133/150: ✅ 0 взято | 🗑️ 9 мусор
2026-06-30 21:25:44,040 | INFO     |   → 134/150: ✅ 0 взято | 🗑️ 9 мусор
2026-06-30 21:25:44,040 | INFO     |   → 135/150: ✅ 0 взято | 🗑️ 10 мусор
2026-06-30 21:25:44,041 | INFO     |   → 136/150: ✅ 0 взято | 🗑️ 10 мусор
2026-06-30 21:25:44,041 | INFO     |   → 137/150: ✅ 0 взято | 🗑️ 10 мусор
2026-06-30 21:25:44,041 | INFO     |   → 138/150: ✅ 0 взято | 🗑️ 10 мусор
2026-06-30 21:25:44,041 | INFO     |   → 139/150: ✅ 0 взято | 🗑️ 10 мусор
2026-06-30 21:25:44,041 | INFO     |   → 140/150: ✅ 0 взято | 🗑️ 10 мусор
2026-06-30 21:25:44,041 | INFO     |   → 141/150: ✅ 0 взято | 🗑️ 10 мусор
2026-06-30 21:25:44,041 | INFO     |   → 142/150: ✅ 0 взято | 🗑️ 10 мусор
2026-06-30 21:25:44,041 | INFO     |   → 143/150: ✅ 0 взято | 🗑️ 10 мусор
2026-06-30 21:25:44,041 | INFO     |   → 144/150: ✅ 0 взято | 🗑️ 10 мусор
2026-06-30 21:25:44,041 | INFO     |   → 145/150: ✅ 0 взято | 🗑️ 0 мусор
2026-06-30 21:25:44,041 | INFO     |   → 146/150: ✅ 4 взято | 🗑️ 458 мусор
2026-06-30 21:25:44,041 | INFO     |   → 147/150: ✅ 0 взято | 🗑️ 0 мусор
2026-06-30 21:25:44,041 | INFO     |   → 148/150: ✅ 1 взято | 🗑️ 164 мусор
2026-06-30 21:25:44,041 | INFO     |   → 149/150: ✅ 0 взято | 🗑️ 0 мусор
2026-06-30 21:25:44,041 | INFO     |   → 150/150: ✅ 6 взято | 🗑️ 221 мусор
2026-06-30 21:25:44,041 | INFO     |   → 📡 С sstap.org получено 0 ключей
2026-06-30 21:25:44,041 | INFO     |   → 📡 С sstap.org не добавлено ни одного ключа (все 0 отклонены фильтром)
2026-06-30 21:25:44,041 | INFO     |   → ✅ ГОТОВО!
2026-06-30 21:25:44,041 | INFO     |   →    📥 Всего ключей после фильтра: 86
2026-06-30 21:25:44,041 | INFO     |   →    🔗 Уникальных IP:PORT:SCHEME: 66
2026-06-30 21:25:44,041 | INFO     |   →    🗑️ Выброшено мусора: 7181
2026-06-30 21:25:44,041 | INFO     |   → 📊 По протоколам:
2026-06-30 21:25:44,041 | INFO     |   →    vless: 52
2026-06-30 21:25:44,041 | INFO     |   →    vmess: 1
2026-06-30 21:25:44,041 | INFO     |   →    trojan: 10
2026-06-30 21:25:44,041 | INFO     |   →    hysteria2: 3
2026-06-30 21:25:44,041 | INFO     | ✅ mirror.py завершён успешно
2026-06-30 21:25:44,041 | INFO     | 
2026-06-30 21:25:44,041 | INFO     | 
2026-06-30 21:25:44,041 | INFO     | ──────────────────────────────────────────────────────────────────────
2026-06-30 21:25:44,041 | INFO     | 📌 ЭТАП: Генерация 50 уникальных CF-VLESS
2026-06-30 21:25:44,041 | INFO     | ──────────────────────────────────────────────────────────────────────
2026-06-30 21:25:44,042 | INFO     | 🚀 Запуск generate_cf_vless.py (50 новых CF-VLESS)...
2026-06-30 21:25:44,241 | INFO     |   → === Генератор свежих VLESS-конфигов на IP Cloudflare ===
2026-06-30 21:25:44,241 | INFO     |   → ✅ Сгенерировано и сохранено 50 VLESS-конфигов.
2026-06-30 21:25:44,241 | INFO     |   → 📂 Файл: /home/runner/work/vpn-vless-configs-russia/vpn-vless-configs-russia/data/githubmirror/new/cf_fresh.txt
2026-06-30 21:25:44,241 | INFO     | ✅ generate_cf_vless.py завершён успешно
2026-06-30 21:25:44,241 | INFO     | 
2026-06-30 21:25:44,241 | INFO     | 
2026-06-30 21:25:44,241 | INFO     | ──────────────────────────────────────────────────────────────────────
2026-06-30 21:25:44,241 | INFO     | 📌 ЭТАП: Слияние CF с основным списком
2026-06-30 21:25:44,241 | INFO     | ──────────────────────────────────────────────────────────────────────
2026-06-30 21:25:44,242 | INFO     | 🔄 Добавлено 50 новых CF-VLESS в /home/runner/work/vpn-vless-configs-russia/vpn-vless-configs-russia/data/githubmirror/clean/vless.txt
2026-06-30 21:25:44,242 | INFO     | 📊 Всего в clean/vless.txt теперь: 102
2026-06-30 21:25:44,242 | INFO     | 
2026-06-30 21:25:44,242 | INFO     | 
2026-06-30 21:25:44,242 | INFO     | ──────────────────────────────────────────────────────────────────────
2026-06-30 21:25:44,242 | INFO     | 📌 ЭТАП: Фильтрация по реальному SNI
2026-06-30 21:25:44,242 | INFO     | ──────────────────────────────────────────────────────────────────────
2026-06-30 21:25:44,242 | INFO     | 🚀 Запуск filter_ru_sni.py (Фильтр по реальному SNI (CDN+RU))...
2026-06-30 21:25:44,266 | INFO     |   → hysteria2.txt: 3 → 0 (SNI-filtered)
2026-06-30 21:25:44,266 | INFO     |   →   trojan.txt: 10 → 0 (SNI-filtered)
2026-06-30 21:25:44,266 | INFO     |   →   vless.txt: 102 → 55 (SNI-filtered)
2026-06-30 21:25:44,266 | INFO     |   →   vmess.txt: 1 → 0 (SNI-filtered)
2026-06-30 21:25:44,266 | INFO     |   → ==================================================
2026-06-30 21:25:44,266 | INFO     |   →   Всего входных:  116
2026-06-30 21:25:44,266 | INFO     |   →   Прошли фильтр:  55
2026-06-30 21:25:44,266 | INFO     |   →   Отброшено:      61
2026-06-30 21:25:44,266 | INFO     |   → ==================================================
2026-06-30 21:25:44,266 | INFO     |   → Готово → /home/runner/work/vpn-vless-configs-russia/vpn-vless-configs-russia/data/githubmirror/ru-sni
2026-06-30 21:25:44,266 | INFO     | ✅ filter_ru_sni.py завершён успешно
2026-06-30 21:25:44,266 | INFO     | 
2026-06-30 21:25:44,266 | INFO     | 
2026-06-30 21:25:44,266 | INFO     | ──────────────────────────────────────────────────────────────────────
2026-06-30 21:25:44,266 | INFO     | 📌 ЭТАП: Экспериментальный RU-SNI фильтр
2026-06-30 21:25:44,266 | INFO     | ──────────────────────────────────────────────────────────────────────
2026-06-30 21:25:44,266 | INFO     | 🚀 Запуск filter_ru_sni_local.py (Экспериментальный фильтр по RU-SNI)...
2026-06-30 21:25:44,291 | INFO     |   → hysteria2.txt: 3 → 0 (RU-SNI)
2026-06-30 21:25:44,291 | INFO     |   → trojan.txt: 10 → 0 (RU-SNI)
2026-06-30 21:25:44,291 | INFO     |   → vless.txt: 102 → 0 (RU-SNI)
2026-06-30 21:25:44,291 | INFO     |   → vmess.txt: 1 → 0 (RU-SNI)
2026-06-30 21:25:44,291 | INFO     |   → ==================================================
2026-06-30 21:25:44,291 | INFO     |   → Всего входных:  116
2026-06-30 21:25:44,291 | INFO     |   → Прошли RU-SNI:  0
2026-06-30 21:25:44,291 | INFO     |   → Отброшено:      116
2026-06-30 21:25:44,291 | INFO     |   → ==================================================
2026-06-30 21:25:44,291 | INFO     |   → Готово → /home/runner/work/vpn-vless-configs-russia/vpn-vless-configs-russia/data/githubmirror/ru-sni-local
2026-06-30 21:25:44,291 | INFO     | ✅ filter_ru_sni_local.py завершён успешно
2026-06-30 21:25:44,291 | INFO     | 
2026-06-30 21:25:44,291 | INFO     | 
2026-06-30 21:25:44,291 | INFO     | ──────────────────────────────────────────────────────────────────────
2026-06-30 21:25:44,291 | INFO     | 📌 ЭТАП: Сбор статистики
2026-06-30 21:25:44,291 | INFO     | ──────────────────────────────────────────────────────────────────────
2026-06-30 21:25:44,291 | INFO     | 📊 Сбор статистики...
2026-06-30 21:25:44,291 | INFO     |   📁 githubmirror/clean:
2026-06-30 21:25:44,291 | INFO     |     • hysteria2   :     3 конфигов
2026-06-30 21:25:44,291 | INFO     |     • trojan      :    10 конфигов
2026-06-30 21:25:44,292 | INFO     |     • vless       :   102 конфигов
2026-06-30 21:25:44,292 | INFO     |     • vmess       :     1 конфигов
2026-06-30 21:25:44,292 | INFO     |   📁 githubmirror/ru-sni:
2026-06-30 21:25:44,292 | INFO     |     • hysteria2   :     0 конфигов (  0.0% от clean)
2026-06-30 21:25:44,292 | INFO     |     • trojan      :     0 конфигов (  0.0% от clean)
2026-06-30 21:25:44,292 | INFO     |     • vless       :    55 конфигов ( 53.9% от clean)
2026-06-30 21:25:44,292 | INFO     |     • vmess       :     0 конфигов (  0.0% от clean)
2026-06-30 21:25:44,292 | INFO     |   ✨ Новых CF-VLESS в этом запуске: 50
2026-06-30 21:25:44,292 | INFO     | 
2026-06-30 21:25:44,292 | INFO     |   ──────────────────────────────────────────────────
2026-06-30 21:25:44,292 | INFO     |   📈 ИТОГО:
2026-06-30 21:25:44,292 | INFO     |     Clean (после geo-фильтра):      116
2026-06-30 21:25:44,292 | INFO     |     RU-SNI (после SNI-фильтра):      55
2026-06-30 21:25:44,292 | INFO     |     Прошло фильтр:                 47.4%
2026-06-30 21:25:44,292 | INFO     |   ──────────────────────────────────────────────────
2026-06-30 21:25:44,293 | INFO     | ✅ Статистика сохранена: /home/runner/work/vpn-vless-configs-russia/vpn-vless-configs-russia/data/stats.json
2026-06-30 21:25:44,293 | INFO     | 
2026-06-30 21:25:44,293 | INFO     | ======================================================================
2026-06-30 21:25:44,293 | INFO     | 📊 ИТОГОВЫЙ ОТЧЁТ
2026-06-30 21:25:44,293 | INFO     | ======================================================================
2026-06-30 21:25:44,293 | INFO     |   ✅ OK         | Загрузка и geo-фильтрация
2026-06-30 21:25:44,293 | INFO     |   ✅ OK         | Генерация 50 уникальных CF-VLESS
2026-06-30 21:25:44,293 | INFO     |   ✅ OK         | Слияние CF с основным списком
2026-06-30 21:25:44,293 | INFO     |   ✅ OK         | Фильтрация по реальному SNI
2026-06-30 21:25:44,293 | INFO     |   ✅ OK         | Экспериментальный RU-SNI фильтр
2026-06-30 21:25:44,293 | INFO     |   ✅ OK         | Сбор статистики
2026-06-30 21:25:44,293 | INFO     | ──────────────────────────────────────────────────────────────────────
2026-06-30 21:25:44,293 | INFO     | ✅ ВСЕ ЭТАПЫ УСПЕШНЫ (6/6)
2026-06-30 21:25:44,293 | INFO     | ⏰ Время завершения: 2026-06-30 21:25:44
2026-06-30 21:25:44,293 | INFO     | ======================================================================
