2026-06-11 20:11:49,286 | INFO     | ======================================================================
2026-06-11 20:11:49,286 | INFO     | 🔍 VPN KEY CHECKER - Начало проверки
2026-06-11 20:11:49,286 | INFO     | ⏰ Время старта: 2026-06-11 20:11:49
2026-06-11 20:11:49,286 | INFO     | 📂 Рабочая директория: /home/runner/work/vpn-vless-configs-russia/vpn-vless-configs-russia
2026-06-11 20:11:49,286 | INFO     | ======================================================================
2026-06-11 20:11:49,286 | INFO     | 
2026-06-11 20:11:49,286 | INFO     | 🔍 Проверка наличия скриптов...
2026-06-11 20:11:49,286 | INFO     |   ✅ mirror.py
2026-06-11 20:11:49,287 | INFO     |   ✅ generate_cf_vless.py
2026-06-11 20:11:49,287 | INFO     |   ✅ filter_ru_sni.py
2026-06-11 20:11:49,287 | INFO     |   ✅ filter_ru_sni_local.py
2026-06-11 20:11:49,287 | INFO     | 
2026-06-11 20:11:49,287 | INFO     | ──────────────────────────────────────────────────────────────────────
2026-06-11 20:11:49,287 | INFO     | 📌 ЭТАП: Загрузка и geo-фильтрация
2026-06-11 20:11:49,287 | INFO     | ──────────────────────────────────────────────────────────────────────
2026-06-11 20:11:49,287 | INFO     | 🚀 Запуск mirror.py (Загрузка и фильтрация по РФ/СНГ/Европа)...
2026-06-11 20:12:09,191 | INFO     |   → DEBUG: mirror.py started
2026-06-11 20:12:09,192 | INFO     |   → DEBUG: BASE_PATH = /home/runner/work/vpn-vless-configs-russia/vpn-vless-configs-russia
2026-06-11 20:12:09,192 | INFO     |   → DEBUG: CONFIG_SOURCES_FILE = /home/runner/work/vpn-vless-configs-russia/vpn-vless-configs-russia/data/config_sources.json
2026-06-11 20:12:09,192 | INFO     |   → 📂 Загружено 64 источников из /home/runner/work/vpn-vless-configs-russia/vpn-vless-configs-russia/data/config_sources.json
2026-06-11 20:12:09,192 | INFO     |   → 🚀 Старт: всего источников: 64
2026-06-11 20:12:09,192 | INFO     |   → 1/64: ✅ 0 взято | 🗑️ 0 мусор
2026-06-11 20:12:09,192 | INFO     |   → 2/64: ✅ 0 взято | 🗑️ 0 мусор
2026-06-11 20:12:09,192 | INFO     |   → 3/64: ✅ 0 взято | 🗑️ 0 мусор
2026-06-11 20:12:09,192 | INFO     |   → 4/64: ✅ 0 взято | 🗑️ 0 мусор
2026-06-11 20:12:09,192 | INFO     |   → 5/64: ✅ 0 взято | 🗑️ 0 мусор
2026-06-11 20:12:09,192 | INFO     |   → 6/64: ✅ 0 взято | 🗑️ 0 мусор
2026-06-11 20:12:09,192 | INFO     |   → 7/64: ✅ 0 взято | 🗑️ 0 мусор
2026-06-11 20:12:09,192 | INFO     |   → 8/64: ✅ 0 взято | 🗑️ 0 мусор
2026-06-11 20:12:09,192 | INFO     |   → 9/64: ✅ 0 взято | 🗑️ 0 мусор
2026-06-11 20:12:09,192 | INFO     |   → 10/64: ✅ 0 взято | 🗑️ 0 мусор
2026-06-11 20:12:09,192 | INFO     |   → 11/64: ✅ 0 взято | 🗑️ 0 мусор
2026-06-11 20:12:09,192 | INFO     |   → 12/64: ✅ 0 взято | 🗑️ 0 мусор
2026-06-11 20:12:09,192 | INFO     |   → 13/64: ✅ 0 взято | 🗑️ 0 мусор
2026-06-11 20:12:09,192 | INFO     |   → 14/64: ✅ 0 взято | 🗑️ 0 мусор
2026-06-11 20:12:09,192 | INFO     |   → 15/64: ✅ 0 взято | 🗑️ 0 мусор
2026-06-11 20:12:09,193 | INFO     |   → 16/64: ✅ 0 взято | 🗑️ 0 мусор
2026-06-11 20:12:09,193 | INFO     |   → 17/64: ✅ 11 взято | 🗑️ 232 мусор
2026-06-11 20:12:09,193 | INFO     |   → 18/64: ✅ 4 взято | 🗑️ 151 мусор
2026-06-11 20:12:09,193 | INFO     |   → 19/64: ✅ 0 взято | 🗑️ 0 мусор
2026-06-11 20:12:09,193 | INFO     |   → 20/64: ✅ 0 взято | 🗑️ 0 мусор
2026-06-11 20:12:09,193 | INFO     |   → 21/64: ✅ 7 взято | 🗑️ 113 мусор
2026-06-11 20:12:09,193 | INFO     |   → 22/64: ✅ 0 взято | 🗑️ 0 мусор
2026-06-11 20:12:09,193 | INFO     |   → 23/64: ✅ 0 взято | 🗑️ 0 мусор
2026-06-11 20:12:09,193 | INFO     |   → 24/64: ✅ 2 взято | 🗑️ 124 мусор
2026-06-11 20:12:09,193 | INFO     |   → 25/64: ✅ 2 взято | 🗑️ 115 мусор
2026-06-11 20:12:09,193 | INFO     |   → 26/64: ✅ 7 взято | 🗑️ 179 мусор
2026-06-11 20:12:09,193 | INFO     |   → 27/64: ✅ 1 взято | 🗑️ 279 мусор
2026-06-11 20:12:09,193 | INFO     |   → 28/64: ✅ 1 взято | 🗑️ 109 мусор
2026-06-11 20:12:09,193 | INFO     |   → 29/64: ✅ 0 взято | 🗑️ 0 мусор
2026-06-11 20:12:09,193 | INFO     |   → 30/64: ✅ 0 взято | 🗑️ 0 мусор
2026-06-11 20:12:09,193 | INFO     |   → 31/64: ✅ 0 взято | 🗑️ 0 мусор
2026-06-11 20:12:09,193 | INFO     |   → 32/64: ✅ 0 взято | 🗑️ 0 мусор
2026-06-11 20:12:09,193 | INFO     |   → 33/64: ✅ 3 взято | 🗑️ 145 мусор
2026-06-11 20:12:09,193 | INFO     |   → 34/64: ✅ 0 взято | 🗑️ 0 мусор
2026-06-11 20:12:09,193 | INFO     |   → 35/64: ✅ 0 взято | 🗑️ 157 мусор
2026-06-11 20:12:09,193 | INFO     |   → 36/64: ✅ 0 взято | 🗑️ 0 мусор
2026-06-11 20:12:09,193 | INFO     |   → 37/64: ✅ 0 взято | 🗑️ 131 мусор
2026-06-11 20:12:09,194 | INFO     |   → 38/64: ✅ 0 взято | 🗑️ 0 мусор
2026-06-11 20:12:09,194 | INFO     |   → 39/64: ✅ 1 взято | 🗑️ 124 мусор
2026-06-11 20:12:09,194 | INFO     |   → 40/64: ✅ 0 взято | 🗑️ 0 мусор
2026-06-11 20:12:09,194 | INFO     |   → 41/64: ✅ 2 взято | 🗑️ 189 мусор
2026-06-11 20:12:09,194 | INFO     |   → 42/64: ✅ 0 взято | 🗑️ 0 мусор
2026-06-11 20:12:09,194 | INFO     |   → 43/64: ✅ 1 взято | 🗑️ 279 мусор
2026-06-11 20:12:09,194 | INFO     |   → 44/64: ✅ 0 взято | 🗑️ 0 мусор
2026-06-11 20:12:09,194 | INFO     |   → 45/64: ✅ 0 взято | 🗑️ 270 мусор
2026-06-11 20:12:09,194 | INFO     |   → 46/64: ✅ 0 взято | 🗑️ 0 мусор
2026-06-11 20:12:09,194 | INFO     |   → 47/64: ✅ 0 взято | 🗑️ 161 мусор
2026-06-11 20:12:09,194 | INFO     |   → 48/64: ✅ 0 взято | 🗑️ 0 мусор
2026-06-11 20:12:09,194 | INFO     |   → 49/64: ✅ 13 взято | 🗑️ 7 мусор
2026-06-11 20:12:09,194 | INFO     |   → 50/64: ✅ 0 взято | 🗑️ 7 мусор
2026-06-11 20:12:09,194 | INFO     |   → 51/64: ✅ 0 взято | 🗑️ 7 мусор
2026-06-11 20:12:09,194 | INFO     |   → 52/64: ✅ 0 взято | 🗑️ 7 мусор
2026-06-11 20:12:09,194 | INFO     |   → 53/64: ✅ 0 взято | 🗑️ 7 мусор
2026-06-11 20:12:09,194 | INFO     |   → 54/64: ✅ 0 взято | 🗑️ 7 мусор
2026-06-11 20:12:09,194 | INFO     |   → 55/64: ✅ 0 взято | 🗑️ 7 мусор
2026-06-11 20:12:09,194 | INFO     |   → 56/64: ✅ 5 взято | 🗑️ 9 мусор
2026-06-11 20:12:09,194 | INFO     |   → 57/64: ✅ 0 взято | 🗑️ 7 мусор
2026-06-11 20:12:09,195 | INFO     |   → 58/64: ✅ 0 взято | 🗑️ 7 мусор
2026-06-11 20:12:09,195 | INFO     |   → 59/64: ✅ 0 взято | 🗑️ 7 мусор
2026-06-11 20:12:09,195 | INFO     |   → 60/64: ✅ 0 взято | 🗑️ 7 мусор
2026-06-11 20:12:09,195 | INFO     |   → 61/64: ✅ 0 взято | 🗑️ 7 мусор
2026-06-11 20:12:09,195 | INFO     |   → 62/64: ✅ 0 взято | 🗑️ 7 мусор
2026-06-11 20:12:09,195 | INFO     |   → 63/64: ✅ 0 взято | 🗑️ 7 мусор
2026-06-11 20:12:09,195 | INFO     |   → 64/64: ✅ 0 взято | 🗑️ 9 мусор
2026-06-11 20:12:09,195 | INFO     |   → 📡 С sstap.org получено 0 ключей
2026-06-11 20:12:09,195 | INFO     |   → 📡 С sstap.org не добавлено ни одного ключа (все 0 отклонены фильтром)
2026-06-11 20:12:09,195 | INFO     |   → ✅ ГОТОВО!
2026-06-11 20:12:09,195 | INFO     |   →    📥 Всего ключей после фильтра: 60
2026-06-11 20:12:09,195 | INFO     |   →    🔗 Уникальных IP:PORT:SCHEME: 40
2026-06-11 20:12:09,195 | INFO     |   →    🗑️ Выброшено мусора: 2874
2026-06-11 20:12:09,195 | INFO     |   → 📊 По протоколам:
2026-06-11 20:12:09,195 | INFO     |   →    vless: 24
2026-06-11 20:12:09,195 | INFO     |   →    vmess: 2
2026-06-11 20:12:09,195 | INFO     |   →    trojan: 9
2026-06-11 20:12:09,195 | INFO     |   →    ss: 3
2026-06-11 20:12:09,195 | INFO     |   →    hysteria2: 2
2026-06-11 20:12:09,195 | INFO     | ✅ mirror.py завершён успешно
2026-06-11 20:12:09,195 | INFO     | 
2026-06-11 20:12:09,195 | INFO     | 
2026-06-11 20:12:09,196 | INFO     | ──────────────────────────────────────────────────────────────────────
2026-06-11 20:12:09,196 | INFO     | 📌 ЭТАП: Генерация 50 уникальных CF-VLESS
2026-06-11 20:12:09,196 | INFO     | ──────────────────────────────────────────────────────────────────────
2026-06-11 20:12:09,196 | INFO     | 🚀 Запуск generate_cf_vless.py (50 новых CF-VLESS)...
2026-06-11 20:12:09,365 | INFO     |   → === Генератор свежих VLESS-конфигов на IP Cloudflare ===
2026-06-11 20:12:09,365 | INFO     |   → ✅ Сгенерировано и сохранено 50 VLESS-конфигов.
2026-06-11 20:12:09,365 | INFO     |   → 📂 Файл: /home/runner/work/vpn-vless-configs-russia/vpn-vless-configs-russia/data/githubmirror/new/cf_fresh.txt
2026-06-11 20:12:09,365 | INFO     | ✅ generate_cf_vless.py завершён успешно
2026-06-11 20:12:09,365 | INFO     | 
2026-06-11 20:12:09,365 | INFO     | 
2026-06-11 20:12:09,365 | INFO     | ──────────────────────────────────────────────────────────────────────
2026-06-11 20:12:09,365 | INFO     | 📌 ЭТАП: Слияние CF с основным списком
2026-06-11 20:12:09,365 | INFO     | ──────────────────────────────────────────────────────────────────────
2026-06-11 20:12:09,366 | INFO     | 🔄 Добавлено 50 новых CF-VLESS в /home/runner/work/vpn-vless-configs-russia/vpn-vless-configs-russia/data/githubmirror/clean/vless.txt
2026-06-11 20:12:09,366 | INFO     | 📊 Всего в clean/vless.txt теперь: 74
2026-06-11 20:12:09,366 | INFO     | 
2026-06-11 20:12:09,367 | INFO     | 
2026-06-11 20:12:09,367 | INFO     | ──────────────────────────────────────────────────────────────────────
2026-06-11 20:12:09,367 | INFO     | 📌 ЭТАП: Фильтрация по реальному SNI
2026-06-11 20:12:09,367 | INFO     | ──────────────────────────────────────────────────────────────────────
2026-06-11 20:12:09,367 | INFO     | 🚀 Запуск filter_ru_sni.py (Фильтр по реальному SNI (CDN+RU))...
2026-06-11 20:12:09,395 | INFO     |   → hysteria2.txt: 2 → 1 (SNI-filtered)
2026-06-11 20:12:09,395 | INFO     |   →   ss.txt: 3 → 0 (SNI-filtered)
2026-06-11 20:12:09,395 | INFO     |   →   trojan.txt: 9 → 0 (SNI-filtered)
2026-06-11 20:12:09,395 | INFO     |   →   vless.txt: 74 → 56 (SNI-filtered)
2026-06-11 20:12:09,395 | INFO     |   →   vmess.txt: 2 → 0 (SNI-filtered)
2026-06-11 20:12:09,395 | INFO     |   → ==================================================
2026-06-11 20:12:09,395 | INFO     |   →   Всего входных:  90
2026-06-11 20:12:09,395 | INFO     |   →   Прошли фильтр:  57
2026-06-11 20:12:09,395 | INFO     |   →   Отброшено:      33
2026-06-11 20:12:09,395 | INFO     |   → ==================================================
2026-06-11 20:12:09,395 | INFO     |   → Готово → /home/runner/work/vpn-vless-configs-russia/vpn-vless-configs-russia/data/githubmirror/ru-sni
2026-06-11 20:12:09,395 | INFO     | ✅ filter_ru_sni.py завершён успешно
2026-06-11 20:12:09,395 | INFO     | 
2026-06-11 20:12:09,395 | INFO     | 
2026-06-11 20:12:09,395 | INFO     | ──────────────────────────────────────────────────────────────────────
2026-06-11 20:12:09,395 | INFO     | 📌 ЭТАП: Экспериментальный RU-SNI фильтр
2026-06-11 20:12:09,395 | INFO     | ──────────────────────────────────────────────────────────────────────
2026-06-11 20:12:09,395 | INFO     | 🚀 Запуск filter_ru_sni_local.py (Экспериментальный фильтр по RU-SNI)...
2026-06-11 20:12:09,424 | INFO     |   → hysteria2.txt: 2 → 0 (RU-SNI)
2026-06-11 20:12:09,424 | INFO     |   → ss.txt: 3 → 0 (RU-SNI)
2026-06-11 20:12:09,424 | INFO     |   → trojan.txt: 9 → 0 (RU-SNI)
2026-06-11 20:12:09,425 | INFO     |   → vless.txt: 74 → 1 (RU-SNI)
2026-06-11 20:12:09,425 | INFO     |   → vmess.txt: 2 → 0 (RU-SNI)
2026-06-11 20:12:09,425 | INFO     |   → ==================================================
2026-06-11 20:12:09,425 | INFO     |   → Всего входных:  90
2026-06-11 20:12:09,425 | INFO     |   → Прошли RU-SNI:  1
2026-06-11 20:12:09,425 | INFO     |   → Отброшено:      89
2026-06-11 20:12:09,425 | INFO     |   → ==================================================
2026-06-11 20:12:09,425 | INFO     |   → Готово → /home/runner/work/vpn-vless-configs-russia/vpn-vless-configs-russia/data/githubmirror/ru-sni-local
2026-06-11 20:12:09,425 | INFO     | ✅ filter_ru_sni_local.py завершён успешно
2026-06-11 20:12:09,425 | INFO     | 
2026-06-11 20:12:09,425 | INFO     | 
2026-06-11 20:12:09,425 | INFO     | ──────────────────────────────────────────────────────────────────────
2026-06-11 20:12:09,425 | INFO     | 📌 ЭТАП: Сбор статистики
2026-06-11 20:12:09,425 | INFO     | ──────────────────────────────────────────────────────────────────────
2026-06-11 20:12:09,425 | INFO     | 📊 Сбор статистики...
2026-06-11 20:12:09,425 | INFO     |   📁 githubmirror/clean:
2026-06-11 20:12:09,426 | INFO     |     • hysteria2   :     2 конфигов
2026-06-11 20:12:09,426 | INFO     |     • ss          :     3 конфигов
2026-06-11 20:12:09,426 | INFO     |     • trojan      :     9 конфигов
2026-06-11 20:12:09,426 | INFO     |     • vless       :    74 конфигов
2026-06-11 20:12:09,426 | INFO     |     • vmess       :     2 конфигов
2026-06-11 20:12:09,426 | INFO     |   📁 githubmirror/ru-sni:
2026-06-11 20:12:09,426 | INFO     |     • hysteria2   :     1 конфигов ( 50.0% от clean)
2026-06-11 20:12:09,427 | INFO     |     • ss          :     0 конфигов (  0.0% от clean)
2026-06-11 20:12:09,427 | INFO     |     • trojan      :     0 конфигов (  0.0% от clean)
2026-06-11 20:12:09,427 | INFO     |     • vless       :    56 конфигов ( 75.7% от clean)
2026-06-11 20:12:09,427 | INFO     |     • vmess       :     0 конфигов (  0.0% от clean)
2026-06-11 20:12:09,427 | INFO     |   ✨ Новых CF-VLESS в этом запуске: 50
2026-06-11 20:12:09,427 | INFO     | 
2026-06-11 20:12:09,427 | INFO     |   ──────────────────────────────────────────────────
2026-06-11 20:12:09,427 | INFO     |   📈 ИТОГО:
2026-06-11 20:12:09,427 | INFO     |     Clean (после geo-фильтра):       90
2026-06-11 20:12:09,427 | INFO     |     RU-SNI (после SNI-фильтра):      57
2026-06-11 20:12:09,427 | INFO     |     Прошло фильтр:                 63.3%
2026-06-11 20:12:09,427 | INFO     |   ──────────────────────────────────────────────────
2026-06-11 20:12:09,428 | INFO     | ✅ Статистика сохранена: /home/runner/work/vpn-vless-configs-russia/vpn-vless-configs-russia/data/stats.json
2026-06-11 20:12:09,428 | INFO     | 
2026-06-11 20:12:09,428 | INFO     | ======================================================================
2026-06-11 20:12:09,428 | INFO     | 📊 ИТОГОВЫЙ ОТЧЁТ
2026-06-11 20:12:09,428 | INFO     | ======================================================================
2026-06-11 20:12:09,428 | INFO     |   ✅ OK         | Загрузка и geo-фильтрация
2026-06-11 20:12:09,428 | INFO     |   ✅ OK         | Генерация 50 уникальных CF-VLESS
2026-06-11 20:12:09,428 | INFO     |   ✅ OK         | Слияние CF с основным списком
2026-06-11 20:12:09,428 | INFO     |   ✅ OK         | Фильтрация по реальному SNI
2026-06-11 20:12:09,428 | INFO     |   ✅ OK         | Экспериментальный RU-SNI фильтр
2026-06-11 20:12:09,428 | INFO     |   ✅ OK         | Сбор статистики
2026-06-11 20:12:09,428 | INFO     | ──────────────────────────────────────────────────────────────────────
2026-06-11 20:12:09,428 | INFO     | ✅ ВСЕ ЭТАПЫ УСПЕШНЫ (6/6)
2026-06-11 20:12:09,428 | INFO     | ⏰ Время завершения: 2026-06-11 20:12:09
2026-06-11 20:12:09,428 | INFO     | ======================================================================
