2026-06-17 16:52:30,399 | INFO     | ======================================================================
2026-06-17 16:52:30,400 | INFO     | 🔍 VPN KEY CHECKER - Начало проверки
2026-06-17 16:52:30,400 | INFO     | ⏰ Время старта: 2026-06-17 16:52:30
2026-06-17 16:52:30,400 | INFO     | 📂 Рабочая директория: /home/runner/work/vpn-vless-configs-russia/vpn-vless-configs-russia
2026-06-17 16:52:30,400 | INFO     | ======================================================================
2026-06-17 16:52:30,400 | INFO     | 
2026-06-17 16:52:30,400 | INFO     | 🔍 Проверка наличия скриптов...
2026-06-17 16:52:30,400 | INFO     |   ✅ mirror.py
2026-06-17 16:52:30,400 | INFO     |   ✅ generate_cf_vless.py
2026-06-17 16:52:30,400 | INFO     |   ✅ filter_ru_sni.py
2026-06-17 16:52:30,400 | INFO     |   ✅ filter_ru_sni_local.py
2026-06-17 16:52:30,400 | INFO     | 
2026-06-17 16:52:30,400 | INFO     | ──────────────────────────────────────────────────────────────────────
2026-06-17 16:52:30,400 | INFO     | 📌 ЭТАП: Загрузка и geo-фильтрация
2026-06-17 16:52:30,400 | INFO     | ──────────────────────────────────────────────────────────────────────
2026-06-17 16:52:30,400 | INFO     | 🚀 Запуск mirror.py (Загрузка и фильтрация по РФ/СНГ/Европа)...
2026-06-17 16:52:44,785 | INFO     |   → DEBUG: mirror.py started
2026-06-17 16:52:44,785 | INFO     |   → DEBUG: BASE_PATH = /home/runner/work/vpn-vless-configs-russia/vpn-vless-configs-russia
2026-06-17 16:52:44,785 | INFO     |   → DEBUG: CONFIG_SOURCES_FILE = /home/runner/work/vpn-vless-configs-russia/vpn-vless-configs-russia/data/config_sources.json
2026-06-17 16:52:44,785 | INFO     |   → 📂 Загружено 42 источников из /home/runner/work/vpn-vless-configs-russia/vpn-vless-configs-russia/data/config_sources.json
2026-06-17 16:52:44,785 | INFO     |   → 🚀 Старт: всего источников: 42
2026-06-17 16:52:44,785 | INFO     |   → 1/42: ✅ 0 взято | 🗑️ 0 мусор
2026-06-17 16:52:44,785 | INFO     |   → 2/42: ✅ 0 взято | 🗑️ 0 мусор
2026-06-17 16:52:44,785 | INFO     |   → 3/42: ✅ 0 взято | 🗑️ 0 мусор
2026-06-17 16:52:44,786 | INFO     |   → 4/42: ✅ 0 взято | 🗑️ 0 мусор
2026-06-17 16:52:44,786 | INFO     |   → 5/42: ✅ 0 взято | 🗑️ 0 мусор
2026-06-17 16:52:44,786 | INFO     |   → 6/42: ✅ 0 взято | 🗑️ 0 мусор
2026-06-17 16:52:44,786 | INFO     |   → 7/42: ✅ 0 взято | 🗑️ 0 мусор
2026-06-17 16:52:44,786 | INFO     |   → 8/42: ✅ 0 взято | 🗑️ 0 мусор
2026-06-17 16:52:44,786 | INFO     |   → 9/42: ✅ 0 взято | 🗑️ 0 мусор
2026-06-17 16:52:44,786 | INFO     |   → 10/42: ✅ 0 взято | 🗑️ 0 мусор
2026-06-17 16:52:44,786 | INFO     |   → 11/42: ✅ 0 взято | 🗑️ 115 мусор
2026-06-17 16:52:44,786 | INFO     |   → 12/42: ✅ 0 взято | 🗑️ 0 мусор
2026-06-17 16:52:44,786 | INFO     |   → 13/42: ✅ 0 взято | 🗑️ 0 мусор
2026-06-17 16:52:44,786 | INFO     |   → 14/42: ✅ 1 взято | 🗑️ 169 мусор
2026-06-17 16:52:44,786 | INFO     |   → 15/42: ✅ 0 взято | 🗑️ 0 мусор
2026-06-17 16:52:44,786 | INFO     |   → 16/42: ✅ 0 взято | 🗑️ 0 мусор
2026-06-17 16:52:44,786 | INFO     |   → 17/42: ✅ 0 взято | 🗑️ 0 мусор
2026-06-17 16:52:44,786 | INFO     |   → 18/42: ✅ 0 взято | 🗑️ 117 мусор
2026-06-17 16:52:44,786 | INFO     |   → 19/42: ✅ 1 взято | 🗑️ 141 мусор
2026-06-17 16:52:44,786 | INFO     |   → 20/42: ✅ 0 взято | 🗑️ 137 мусор
2026-06-17 16:52:44,786 | INFO     |   → 21/42: ✅ 3 взято | 🗑️ 100 мусор
2026-06-17 16:52:44,787 | INFO     |   → 22/42: ✅ 0 взято | 🗑️ 0 мусор
2026-06-17 16:52:44,787 | INFO     |   → 23/42: ✅ 1 взято | 🗑️ 171 мусор
2026-06-17 16:52:44,787 | INFO     |   → 24/42: ✅ 0 взято | 🗑️ 0 мусор
2026-06-17 16:52:44,787 | INFO     |   → 25/42: ✅ 0 взято | 🗑️ 202 мусор
2026-06-17 16:52:44,787 | INFO     |   → 26/42: ✅ 0 взято | 🗑️ 0 мусор
2026-06-17 16:52:44,787 | INFO     |   → 27/42: ✅ 0 взято | 🗑️ 138 мусор
2026-06-17 16:52:44,787 | INFO     |   → 28/42: ✅ 0 взято | 🗑️ 0 мусор
2026-06-17 16:52:44,787 | INFO     |   → 29/42: ✅ 0 взято | 🗑️ 236 мусор
2026-06-17 16:52:44,787 | INFO     |   → 30/42: ✅ 0 взято | 🗑️ 0 мусор
2026-06-17 16:52:44,787 | INFO     |   → 31/42: ✅ 5 взято | 🗑️ 9 мусор
2026-06-17 16:52:44,787 | INFO     |   → 32/42: ✅ 0 взято | 🗑️ 9 мусор
2026-06-17 16:52:44,787 | INFO     |   → 33/42: ✅ 0 взято | 🗑️ 9 мусор
2026-06-17 16:52:44,787 | INFO     |   → 34/42: ✅ 0 взято | 🗑️ 9 мусор
2026-06-17 16:52:44,787 | INFO     |   → 35/42: ✅ 0 взято | 🗑️ 9 мусор
2026-06-17 16:52:44,787 | INFO     |   → 36/42: ✅ 0 взято | 🗑️ 9 мусор
2026-06-17 16:52:44,787 | INFO     |   → 37/42: ✅ 0 взято | 🗑️ 9 мусор
2026-06-17 16:52:44,787 | INFO     |   → 38/42: ✅ 0 взято | 🗑️ 9 мусор
2026-06-17 16:52:44,787 | INFO     |   → 39/42: ✅ 0 взято | 🗑️ 9 мусор
2026-06-17 16:52:44,787 | INFO     |   → 40/42: ✅ 0 взято | 🗑️ 9 мусор
2026-06-17 16:52:44,788 | INFO     |   → 41/42: ✅ 0 взято | 🗑️ 0 мусор
2026-06-17 16:52:44,788 | INFO     |   → 42/42: ✅ 4 взято | 🗑️ 458 мусор
2026-06-17 16:52:44,788 | INFO     |   → 📡 С sstap.org получено 0 ключей
2026-06-17 16:52:44,788 | INFO     |   → 📡 С sstap.org не добавлено ни одного ключа (все 0 отклонены фильтром)
2026-06-17 16:52:44,788 | INFO     |   → ✅ ГОТОВО!
2026-06-17 16:52:44,788 | INFO     |   →    📥 Всего ключей после фильтра: 15
2026-06-17 16:52:44,788 | INFO     |   →    🔗 Уникальных IP:PORT:SCHEME: 13
2026-06-17 16:52:44,788 | INFO     |   →    🗑️ Выброшено мусора: 2074
2026-06-17 16:52:44,788 | INFO     |   → 📊 По протоколам:
2026-06-17 16:52:44,788 | INFO     |   →    vless: 10
2026-06-17 16:52:44,788 | INFO     |   →    vmess: 1
2026-06-17 16:52:44,788 | INFO     |   →    trojan: 1
2026-06-17 16:52:44,788 | INFO     |   →    hysteria2: 1
2026-06-17 16:52:44,788 | INFO     | ✅ mirror.py завершён успешно
2026-06-17 16:52:44,788 | INFO     | 
2026-06-17 16:52:44,788 | INFO     | 
2026-06-17 16:52:44,788 | INFO     | ──────────────────────────────────────────────────────────────────────
2026-06-17 16:52:44,788 | INFO     | 📌 ЭТАП: Генерация 50 уникальных CF-VLESS
2026-06-17 16:52:44,788 | INFO     | ──────────────────────────────────────────────────────────────────────
2026-06-17 16:52:44,789 | INFO     | 🚀 Запуск generate_cf_vless.py (50 новых CF-VLESS)...
2026-06-17 16:52:44,968 | INFO     |   → === Генератор свежих VLESS-конфигов на IP Cloudflare ===
2026-06-17 16:52:44,968 | INFO     |   → ✅ Сгенерировано и сохранено 50 VLESS-конфигов.
2026-06-17 16:52:44,968 | INFO     |   → 📂 Файл: /home/runner/work/vpn-vless-configs-russia/vpn-vless-configs-russia/data/githubmirror/new/cf_fresh.txt
2026-06-17 16:52:44,968 | INFO     | ✅ generate_cf_vless.py завершён успешно
2026-06-17 16:52:44,968 | INFO     | 
2026-06-17 16:52:44,968 | INFO     | 
2026-06-17 16:52:44,968 | INFO     | ──────────────────────────────────────────────────────────────────────
2026-06-17 16:52:44,968 | INFO     | 📌 ЭТАП: Слияние CF с основным списком
2026-06-17 16:52:44,969 | INFO     | ──────────────────────────────────────────────────────────────────────
2026-06-17 16:52:44,970 | INFO     | 🔄 Добавлено 50 новых CF-VLESS в /home/runner/work/vpn-vless-configs-russia/vpn-vless-configs-russia/data/githubmirror/clean/vless.txt
2026-06-17 16:52:44,970 | INFO     | 📊 Всего в clean/vless.txt теперь: 60
2026-06-17 16:52:44,970 | INFO     | 
2026-06-17 16:52:44,970 | INFO     | 
2026-06-17 16:52:44,970 | INFO     | ──────────────────────────────────────────────────────────────────────
2026-06-17 16:52:44,970 | INFO     | 📌 ЭТАП: Фильтрация по реальному SNI
2026-06-17 16:52:44,970 | INFO     | ──────────────────────────────────────────────────────────────────────
2026-06-17 16:52:44,970 | INFO     | 🚀 Запуск filter_ru_sni.py (Фильтр по реальному SNI (CDN+RU))...
2026-06-17 16:52:44,997 | INFO     |   → hysteria2.txt: 1 → 0 (SNI-filtered)
2026-06-17 16:52:44,997 | INFO     |   →   trojan.txt: 1 → 0 (SNI-filtered)
2026-06-17 16:52:44,997 | INFO     |   →   vless.txt: 60 → 51 (SNI-filtered)
2026-06-17 16:52:44,997 | INFO     |   →   vmess.txt: 1 → 0 (SNI-filtered)
2026-06-17 16:52:44,997 | INFO     |   → ==================================================
2026-06-17 16:52:44,997 | INFO     |   →   Всего входных:  63
2026-06-17 16:52:44,997 | INFO     |   →   Прошли фильтр:  51
2026-06-17 16:52:44,997 | INFO     |   →   Отброшено:      12
2026-06-17 16:52:44,997 | INFO     |   → ==================================================
2026-06-17 16:52:44,998 | INFO     |   → Готово → /home/runner/work/vpn-vless-configs-russia/vpn-vless-configs-russia/data/githubmirror/ru-sni
2026-06-17 16:52:44,998 | INFO     | ✅ filter_ru_sni.py завершён успешно
2026-06-17 16:52:44,998 | INFO     | 
2026-06-17 16:52:44,998 | INFO     | 
2026-06-17 16:52:44,998 | INFO     | ──────────────────────────────────────────────────────────────────────
2026-06-17 16:52:44,998 | INFO     | 📌 ЭТАП: Экспериментальный RU-SNI фильтр
2026-06-17 16:52:44,998 | INFO     | ──────────────────────────────────────────────────────────────────────
2026-06-17 16:52:44,998 | INFO     | 🚀 Запуск filter_ru_sni_local.py (Экспериментальный фильтр по RU-SNI)...
2026-06-17 16:52:45,026 | INFO     |   → hysteria2.txt: 1 → 0 (RU-SNI)
2026-06-17 16:52:45,026 | INFO     |   → trojan.txt: 1 → 0 (RU-SNI)
2026-06-17 16:52:45,026 | INFO     |   → vless.txt: 60 → 0 (RU-SNI)
2026-06-17 16:52:45,026 | INFO     |   → vmess.txt: 1 → 0 (RU-SNI)
2026-06-17 16:52:45,026 | INFO     |   → ==================================================
2026-06-17 16:52:45,026 | INFO     |   → Всего входных:  63
2026-06-17 16:52:45,026 | INFO     |   → Прошли RU-SNI:  0
2026-06-17 16:52:45,027 | INFO     |   → Отброшено:      63
2026-06-17 16:52:45,027 | INFO     |   → ==================================================
2026-06-17 16:52:45,027 | INFO     |   → Готово → /home/runner/work/vpn-vless-configs-russia/vpn-vless-configs-russia/data/githubmirror/ru-sni-local
2026-06-17 16:52:45,027 | INFO     | ✅ filter_ru_sni_local.py завершён успешно
2026-06-17 16:52:45,027 | INFO     | 
2026-06-17 16:52:45,027 | INFO     | 
2026-06-17 16:52:45,027 | INFO     | ──────────────────────────────────────────────────────────────────────
2026-06-17 16:52:45,027 | INFO     | 📌 ЭТАП: Сбор статистики
2026-06-17 16:52:45,027 | INFO     | ──────────────────────────────────────────────────────────────────────
2026-06-17 16:52:45,027 | INFO     | 📊 Сбор статистики...
2026-06-17 16:52:45,027 | INFO     |   📁 githubmirror/clean:
2026-06-17 16:52:45,027 | INFO     |     • hysteria2   :     1 конфигов
2026-06-17 16:52:45,027 | INFO     |     • trojan      :     1 конфигов
2026-06-17 16:52:45,028 | INFO     |     • vless       :    60 конфигов
2026-06-17 16:52:45,028 | INFO     |     • vmess       :     1 конфигов
2026-06-17 16:52:45,028 | INFO     |   📁 githubmirror/ru-sni:
2026-06-17 16:52:45,028 | INFO     |     • hysteria2   :     0 конфигов (  0.0% от clean)
2026-06-17 16:52:45,028 | INFO     |     • trojan      :     0 конфигов (  0.0% от clean)
2026-06-17 16:52:45,028 | INFO     |     • vless       :    51 конфигов ( 85.0% от clean)
2026-06-17 16:52:45,028 | INFO     |     • vmess       :     0 конфигов (  0.0% от clean)
2026-06-17 16:52:45,028 | INFO     |   ✨ Новых CF-VLESS в этом запуске: 50
2026-06-17 16:52:45,029 | INFO     | 
2026-06-17 16:52:45,029 | INFO     |   ──────────────────────────────────────────────────
2026-06-17 16:52:45,029 | INFO     |   📈 ИТОГО:
2026-06-17 16:52:45,029 | INFO     |     Clean (после geo-фильтра):       63
2026-06-17 16:52:45,029 | INFO     |     RU-SNI (после SNI-фильтра):      51
2026-06-17 16:52:45,029 | INFO     |     Прошло фильтр:                 81.0%
2026-06-17 16:52:45,029 | INFO     |   ──────────────────────────────────────────────────
2026-06-17 16:52:45,029 | INFO     | ✅ Статистика сохранена: /home/runner/work/vpn-vless-configs-russia/vpn-vless-configs-russia/data/stats.json
2026-06-17 16:52:45,029 | INFO     | 
2026-06-17 16:52:45,029 | INFO     | ======================================================================
2026-06-17 16:52:45,029 | INFO     | 📊 ИТОГОВЫЙ ОТЧЁТ
2026-06-17 16:52:45,029 | INFO     | ======================================================================
2026-06-17 16:52:45,029 | INFO     |   ✅ OK         | Загрузка и geo-фильтрация
2026-06-17 16:52:45,029 | INFO     |   ✅ OK         | Генерация 50 уникальных CF-VLESS
2026-06-17 16:52:45,029 | INFO     |   ✅ OK         | Слияние CF с основным списком
2026-06-17 16:52:45,029 | INFO     |   ✅ OK         | Фильтрация по реальному SNI
2026-06-17 16:52:45,029 | INFO     |   ✅ OK         | Экспериментальный RU-SNI фильтр
2026-06-17 16:52:45,029 | INFO     |   ✅ OK         | Сбор статистики
2026-06-17 16:52:45,030 | INFO     | ──────────────────────────────────────────────────────────────────────
2026-06-17 16:52:45,030 | INFO     | ✅ ВСЕ ЭТАПЫ УСПЕШНЫ (6/6)
2026-06-17 16:52:45,030 | INFO     | ⏰ Время завершения: 2026-06-17 16:52:45
2026-06-17 16:52:45,030 | INFO     | ======================================================================
