2026-06-17 02:34:19,641 | INFO     | ======================================================================
2026-06-17 02:34:19,641 | INFO     | 🔍 VPN KEY CHECKER - Начало проверки
2026-06-17 02:34:19,641 | INFO     | ⏰ Время старта: 2026-06-17 02:34:19
2026-06-17 02:34:19,641 | INFO     | 📂 Рабочая директория: /home/runner/work/vpn-vless-configs-russia/vpn-vless-configs-russia
2026-06-17 02:34:19,641 | INFO     | ======================================================================
2026-06-17 02:34:19,641 | INFO     | 
2026-06-17 02:34:19,641 | INFO     | 🔍 Проверка наличия скриптов...
2026-06-17 02:34:19,642 | INFO     |   ✅ mirror.py
2026-06-17 02:34:19,642 | INFO     |   ✅ generate_cf_vless.py
2026-06-17 02:34:19,642 | INFO     |   ✅ filter_ru_sni.py
2026-06-17 02:34:19,642 | INFO     |   ✅ filter_ru_sni_local.py
2026-06-17 02:34:19,642 | INFO     | 
2026-06-17 02:34:19,642 | INFO     | ──────────────────────────────────────────────────────────────────────
2026-06-17 02:34:19,642 | INFO     | 📌 ЭТАП: Загрузка и geo-фильтрация
2026-06-17 02:34:19,642 | INFO     | ──────────────────────────────────────────────────────────────────────
2026-06-17 02:34:19,642 | INFO     | 🚀 Запуск mirror.py (Загрузка и фильтрация по РФ/СНГ/Европа)...
2026-06-17 02:34:31,792 | INFO     |   → DEBUG: mirror.py started
2026-06-17 02:34:31,793 | INFO     |   → DEBUG: BASE_PATH = /home/runner/work/vpn-vless-configs-russia/vpn-vless-configs-russia
2026-06-17 02:34:31,793 | INFO     |   → DEBUG: CONFIG_SOURCES_FILE = /home/runner/work/vpn-vless-configs-russia/vpn-vless-configs-russia/data/config_sources.json
2026-06-17 02:34:31,793 | INFO     |   → 📂 Загружено 34 источников из /home/runner/work/vpn-vless-configs-russia/vpn-vless-configs-russia/data/config_sources.json
2026-06-17 02:34:31,793 | INFO     |   → 🚀 Старт: всего источников: 34
2026-06-17 02:34:31,793 | INFO     |   → 1/34: ✅ 0 взято | 🗑️ 0 мусор
2026-06-17 02:34:31,793 | INFO     |   → 2/34: ✅ 0 взято | 🗑️ 0 мусор
2026-06-17 02:34:31,793 | INFO     |   → 3/34: ✅ 0 взято | 🗑️ 0 мусор
2026-06-17 02:34:31,793 | INFO     |   → 4/34: ✅ 0 взято | 🗑️ 0 мусор
2026-06-17 02:34:31,793 | INFO     |   → 5/34: ✅ 0 взято | 🗑️ 0 мусор
2026-06-17 02:34:31,793 | INFO     |   → 6/34: ✅ 0 взято | 🗑️ 0 мусор
2026-06-17 02:34:31,793 | INFO     |   → 7/34: ✅ 0 взято | 🗑️ 0 мусор
2026-06-17 02:34:31,793 | INFO     |   → 8/34: ✅ 0 взято | 🗑️ 0 мусор
2026-06-17 02:34:31,793 | INFO     |   → 9/34: ✅ 0 взято | 🗑️ 0 мусор
2026-06-17 02:34:31,793 | INFO     |   → 10/34: ✅ 0 взято | 🗑️ 0 мусор
2026-06-17 02:34:31,793 | INFO     |   → 11/34: ✅ 0 взято | 🗑️ 115 мусор
2026-06-17 02:34:31,793 | INFO     |   → 12/34: ✅ 0 взято | 🗑️ 0 мусор
2026-06-17 02:34:31,793 | INFO     |   → 13/34: ✅ 0 взято | 🗑️ 0 мусор
2026-06-17 02:34:31,793 | INFO     |   → 14/34: ✅ 1 взято | 🗑️ 169 мусор
2026-06-17 02:34:31,793 | INFO     |   → 15/34: ✅ 0 взято | 🗑️ 0 мусор
2026-06-17 02:34:31,793 | INFO     |   → 16/34: ✅ 0 взято | 🗑️ 0 мусор
2026-06-17 02:34:31,793 | INFO     |   → 17/34: ✅ 0 взято | 🗑️ 117 мусор
2026-06-17 02:34:31,793 | INFO     |   → 18/34: ✅ 1 взято | 🗑️ 141 мусор
2026-06-17 02:34:31,793 | INFO     |   → 19/34: ✅ 3 взято | 🗑️ 100 мусор
2026-06-17 02:34:31,793 | INFO     |   → 20/34: ✅ 0 взято | 🗑️ 0 мусор
2026-06-17 02:34:31,793 | INFO     |   → 21/34: ✅ 1 взято | 🗑️ 171 мусор
2026-06-17 02:34:31,793 | INFO     |   → 22/34: ✅ 0 взято | 🗑️ 0 мусор
2026-06-17 02:34:31,793 | INFO     |   → 23/34: ✅ 0 взято | 🗑️ 202 мусор
2026-06-17 02:34:31,793 | INFO     |   → 24/34: ✅ 0 взято | 🗑️ 0 мусор
2026-06-17 02:34:31,793 | INFO     |   → 25/34: ✅ 0 взято | 🗑️ 138 мусор
2026-06-17 02:34:31,794 | INFO     |   → 26/34: ✅ 0 взято | 🗑️ 0 мусор
2026-06-17 02:34:31,794 | INFO     |   → 27/34: ✅ 5 взято | 🗑️ 9 мусор
2026-06-17 02:34:31,794 | INFO     |   → 28/34: ✅ 0 взято | 🗑️ 9 мусор
2026-06-17 02:34:31,794 | INFO     |   → 29/34: ✅ 0 взято | 🗑️ 9 мусор
2026-06-17 02:34:31,794 | INFO     |   → 30/34: ✅ 0 взято | 🗑️ 9 мусор
2026-06-17 02:34:31,794 | INFO     |   → 31/34: ✅ 0 взято | 🗑️ 9 мусор
2026-06-17 02:34:31,794 | INFO     |   → 32/34: ✅ 0 взято | 🗑️ 9 мусор
2026-06-17 02:34:31,794 | INFO     |   → 33/34: ✅ 0 взято | 🗑️ 9 мусор
2026-06-17 02:34:31,794 | INFO     |   → 34/34: ✅ 0 взято | 🗑️ 9 мусор
2026-06-17 02:34:31,794 | INFO     |   → 📡 С sstap.org получено 0 ключей
2026-06-17 02:34:31,794 | INFO     |   → 📡 С sstap.org не добавлено ни одного ключа (все 0 отклонены фильтром)
2026-06-17 02:34:31,794 | INFO     |   → ✅ ГОТОВО!
2026-06-17 02:34:31,794 | INFO     |   →    📥 Всего ключей после фильтра: 11
2026-06-17 02:34:31,794 | INFO     |   →    🔗 Уникальных IP:PORT:SCHEME: 9
2026-06-17 02:34:31,794 | INFO     |   →    🗑️ Выброшено мусора: 1225
2026-06-17 02:34:31,794 | INFO     |   → 📊 По протоколам:
2026-06-17 02:34:31,794 | INFO     |   →    vless: 8
2026-06-17 02:34:31,794 | INFO     |   →    vmess: 1
2026-06-17 02:34:31,794 | INFO     | ✅ mirror.py завершён успешно
2026-06-17 02:34:31,794 | INFO     | 
2026-06-17 02:34:31,794 | INFO     | 
2026-06-17 02:34:31,794 | INFO     | ──────────────────────────────────────────────────────────────────────
2026-06-17 02:34:31,794 | INFO     | 📌 ЭТАП: Генерация 50 уникальных CF-VLESS
2026-06-17 02:34:31,794 | INFO     | ──────────────────────────────────────────────────────────────────────
2026-06-17 02:34:31,794 | INFO     | 🚀 Запуск generate_cf_vless.py (50 новых CF-VLESS)...
2026-06-17 02:34:31,974 | INFO     |   → === Генератор свежих VLESS-конфигов на IP Cloudflare ===
2026-06-17 02:34:31,974 | INFO     |   → ✅ Сгенерировано и сохранено 50 VLESS-конфигов.
2026-06-17 02:34:31,974 | INFO     |   → 📂 Файл: /home/runner/work/vpn-vless-configs-russia/vpn-vless-configs-russia/data/githubmirror/new/cf_fresh.txt
2026-06-17 02:34:31,974 | INFO     | ✅ generate_cf_vless.py завершён успешно
2026-06-17 02:34:31,974 | INFO     | 
2026-06-17 02:34:31,974 | INFO     | 
2026-06-17 02:34:31,974 | INFO     | ──────────────────────────────────────────────────────────────────────
2026-06-17 02:34:31,974 | INFO     | 📌 ЭТАП: Слияние CF с основным списком
2026-06-17 02:34:31,974 | INFO     | ──────────────────────────────────────────────────────────────────────
2026-06-17 02:34:31,975 | INFO     | 🔄 Добавлено 50 новых CF-VLESS в /home/runner/work/vpn-vless-configs-russia/vpn-vless-configs-russia/data/githubmirror/clean/vless.txt
2026-06-17 02:34:31,975 | INFO     | 📊 Всего в clean/vless.txt теперь: 58
2026-06-17 02:34:31,975 | INFO     | 
2026-06-17 02:34:31,975 | INFO     | 
2026-06-17 02:34:31,975 | INFO     | ──────────────────────────────────────────────────────────────────────
2026-06-17 02:34:31,975 | INFO     | 📌 ЭТАП: Фильтрация по реальному SNI
2026-06-17 02:34:31,975 | INFO     | ──────────────────────────────────────────────────────────────────────
2026-06-17 02:34:31,975 | INFO     | 🚀 Запуск filter_ru_sni.py (Фильтр по реальному SNI (CDN+RU))...
2026-06-17 02:34:32,004 | INFO     |   → vless.txt: 58 → 51 (SNI-filtered)
2026-06-17 02:34:32,004 | INFO     |   →   vmess.txt: 1 → 0 (SNI-filtered)
2026-06-17 02:34:32,004 | INFO     |   → ==================================================
2026-06-17 02:34:32,004 | INFO     |   →   Всего входных:  59
2026-06-17 02:34:32,004 | INFO     |   →   Прошли фильтр:  51
2026-06-17 02:34:32,004 | INFO     |   →   Отброшено:      8
2026-06-17 02:34:32,004 | INFO     |   → ==================================================
2026-06-17 02:34:32,004 | INFO     |   → Готово → /home/runner/work/vpn-vless-configs-russia/vpn-vless-configs-russia/data/githubmirror/ru-sni
2026-06-17 02:34:32,004 | INFO     | ✅ filter_ru_sni.py завершён успешно
2026-06-17 02:34:32,004 | INFO     | 
2026-06-17 02:34:32,004 | INFO     | 
2026-06-17 02:34:32,004 | INFO     | ──────────────────────────────────────────────────────────────────────
2026-06-17 02:34:32,004 | INFO     | 📌 ЭТАП: Экспериментальный RU-SNI фильтр
2026-06-17 02:34:32,004 | INFO     | ──────────────────────────────────────────────────────────────────────
2026-06-17 02:34:32,004 | INFO     | 🚀 Запуск filter_ru_sni_local.py (Экспериментальный фильтр по RU-SNI)...
2026-06-17 02:34:32,034 | INFO     |   → vless.txt: 58 → 0 (RU-SNI)
2026-06-17 02:34:32,034 | INFO     |   → vmess.txt: 1 → 0 (RU-SNI)
2026-06-17 02:34:32,034 | INFO     |   → ==================================================
2026-06-17 02:34:32,035 | INFO     |   → Всего входных:  59
2026-06-17 02:34:32,035 | INFO     |   → Прошли RU-SNI:  0
2026-06-17 02:34:32,035 | INFO     |   → Отброшено:      59
2026-06-17 02:34:32,035 | INFO     |   → ==================================================
2026-06-17 02:34:32,035 | INFO     |   → Готово → /home/runner/work/vpn-vless-configs-russia/vpn-vless-configs-russia/data/githubmirror/ru-sni-local
2026-06-17 02:34:32,035 | INFO     | ✅ filter_ru_sni_local.py завершён успешно
2026-06-17 02:34:32,035 | INFO     | 
2026-06-17 02:34:32,035 | INFO     | 
2026-06-17 02:34:32,035 | INFO     | ──────────────────────────────────────────────────────────────────────
2026-06-17 02:34:32,035 | INFO     | 📌 ЭТАП: Сбор статистики
2026-06-17 02:34:32,035 | INFO     | ──────────────────────────────────────────────────────────────────────
2026-06-17 02:34:32,035 | INFO     | 📊 Сбор статистики...
2026-06-17 02:34:32,035 | INFO     |   📁 githubmirror/clean:
2026-06-17 02:34:32,035 | INFO     |     • vless       :    58 конфигов
2026-06-17 02:34:32,036 | INFO     |     • vmess       :     1 конфигов
2026-06-17 02:34:32,036 | INFO     |   📁 githubmirror/ru-sni:
2026-06-17 02:34:32,036 | INFO     |     • vless       :    51 конфигов ( 87.9% от clean)
2026-06-17 02:34:32,036 | INFO     |     • vmess       :     0 конфигов (  0.0% от clean)
2026-06-17 02:34:32,036 | INFO     |   ✨ Новых CF-VLESS в этом запуске: 50
2026-06-17 02:34:32,036 | INFO     | 
2026-06-17 02:34:32,036 | INFO     |   ──────────────────────────────────────────────────
2026-06-17 02:34:32,036 | INFO     |   📈 ИТОГО:
2026-06-17 02:34:32,036 | INFO     |     Clean (после geo-фильтра):       59
2026-06-17 02:34:32,036 | INFO     |     RU-SNI (после SNI-фильтра):      51
2026-06-17 02:34:32,036 | INFO     |     Прошло фильтр:                 86.4%
2026-06-17 02:34:32,036 | INFO     |   ──────────────────────────────────────────────────
2026-06-17 02:34:32,037 | INFO     | ✅ Статистика сохранена: /home/runner/work/vpn-vless-configs-russia/vpn-vless-configs-russia/data/stats.json
2026-06-17 02:34:32,037 | INFO     | 
2026-06-17 02:34:32,037 | INFO     | ======================================================================
2026-06-17 02:34:32,037 | INFO     | 📊 ИТОГОВЫЙ ОТЧЁТ
2026-06-17 02:34:32,037 | INFO     | ======================================================================
2026-06-17 02:34:32,037 | INFO     |   ✅ OK         | Загрузка и geo-фильтрация
2026-06-17 02:34:32,037 | INFO     |   ✅ OK         | Генерация 50 уникальных CF-VLESS
2026-06-17 02:34:32,037 | INFO     |   ✅ OK         | Слияние CF с основным списком
2026-06-17 02:34:32,037 | INFO     |   ✅ OK         | Фильтрация по реальному SNI
2026-06-17 02:34:32,037 | INFO     |   ✅ OK         | Экспериментальный RU-SNI фильтр
2026-06-17 02:34:32,037 | INFO     |   ✅ OK         | Сбор статистики
2026-06-17 02:34:32,037 | INFO     | ──────────────────────────────────────────────────────────────────────
2026-06-17 02:34:32,037 | INFO     | ✅ ВСЕ ЭТАПЫ УСПЕШНЫ (6/6)
2026-06-17 02:34:32,037 | INFO     | ⏰ Время завершения: 2026-06-17 02:34:32
2026-06-17 02:34:32,037 | INFO     | ======================================================================
