2026-06-07 22:55:42,442 | INFO     | ======================================================================
2026-06-07 22:55:42,442 | INFO     | 🔍 VPN KEY CHECKER - Начало проверки
2026-06-07 22:55:42,442 | INFO     | ⏰ Время старта: 2026-06-07 22:55:42
2026-06-07 22:55:42,442 | INFO     | 📂 Рабочая директория: /home/runner/work/vpn-vless-configs-russia/vpn-vless-configs-russia
2026-06-07 22:55:42,442 | INFO     | ======================================================================
2026-06-07 22:55:42,442 | INFO     | 
2026-06-07 22:55:42,442 | INFO     | 🔍 Проверка наличия скриптов...
2026-06-07 22:55:42,442 | INFO     |   ✅ mirror.py
2026-06-07 22:55:42,442 | INFO     |   ✅ generate_cf_vless.py
2026-06-07 22:55:42,442 | INFO     |   ✅ filter_ru_sni.py
2026-06-07 22:55:42,442 | INFO     |   ✅ filter_ru_sni_local.py
2026-06-07 22:55:42,442 | INFO     | 
2026-06-07 22:55:42,442 | INFO     | ──────────────────────────────────────────────────────────────────────
2026-06-07 22:55:42,442 | INFO     | 📌 ЭТАП: Загрузка и geo-фильтрация
2026-06-07 22:55:42,442 | INFO     | ──────────────────────────────────────────────────────────────────────
2026-06-07 22:55:42,442 | INFO     | 🚀 Запуск mirror.py (Загрузка и фильтрация по РФ/СНГ/Европа)...
2026-06-07 22:55:54,399 | INFO     |   → DEBUG: mirror.py started
2026-06-07 22:55:54,400 | INFO     |   → DEBUG: BASE_PATH = /home/runner/work/vpn-vless-configs-russia/vpn-vless-configs-russia
2026-06-07 22:55:54,400 | INFO     |   → DEBUG: CONFIG_SOURCES_FILE = /home/runner/work/vpn-vless-configs-russia/vpn-vless-configs-russia/data/config_sources.json
2026-06-07 22:55:54,400 | INFO     |   → 📂 Загружено 34 источников из /home/runner/work/vpn-vless-configs-russia/vpn-vless-configs-russia/data/config_sources.json
2026-06-07 22:55:54,400 | INFO     |   → 🚀 Старт: всего источников: 34
2026-06-07 22:55:54,400 | INFO     |   → 1/34: ✅ 0 взято | 🗑️ 0 мусор
2026-06-07 22:55:54,400 | INFO     |   → 2/34: ✅ 0 взято | 🗑️ 0 мусор
2026-06-07 22:55:54,400 | INFO     |   → 3/34: ✅ 0 взято | 🗑️ 0 мусор
2026-06-07 22:55:54,400 | INFO     |   → 4/34: ✅ 0 взято | 🗑️ 0 мусор
2026-06-07 22:55:54,400 | INFO     |   → 5/34: ✅ 0 взято | 🗑️ 0 мусор
2026-06-07 22:55:54,400 | INFO     |   → 6/34: ✅ 0 взято | 🗑️ 0 мусор
2026-06-07 22:55:54,400 | INFO     |   → 7/34: ✅ 0 взято | 🗑️ 0 мусор
2026-06-07 22:55:54,400 | INFO     |   → 8/34: ✅ 0 взято | 🗑️ 0 мусор
2026-06-07 22:55:54,400 | INFO     |   → 9/34: ✅ 0 взято | 🗑️ 0 мусор
2026-06-07 22:55:54,400 | INFO     |   → 10/34: ✅ 0 взято | 🗑️ 0 мусор
2026-06-07 22:55:54,400 | INFO     |   → 11/34: ✅ 10 взято | 🗑️ 151 мусор
2026-06-07 22:55:54,400 | INFO     |   → 12/34: ✅ 0 взято | 🗑️ 0 мусор
2026-06-07 22:55:54,400 | INFO     |   → 13/34: ✅ 10 взято | 🗑️ 113 мусор
2026-06-07 22:55:54,400 | INFO     |   → 14/34: ✅ 2 взято | 🗑️ 115 мусор
2026-06-07 22:55:54,400 | INFO     |   → 15/34: ✅ 1 взято | 🗑️ 109 мусор
2026-06-07 22:55:54,400 | INFO     |   → 16/34: ✅ 0 взято | 🗑️ 0 мусор
2026-06-07 22:55:54,400 | INFO     |   → 17/34: ✅ 0 взято | 🗑️ 0 мусор
2026-06-07 22:55:54,400 | INFO     |   → 18/34: ✅ 0 взято | 🗑️ 0 мусор
2026-06-07 22:55:54,400 | INFO     |   → 19/34: ✅ 3 взято | 🗑️ 145 мусор
2026-06-07 22:55:54,400 | INFO     |   → 20/34: ✅ 0 взято | 🗑️ 0 мусор
2026-06-07 22:55:54,400 | INFO     |   → 21/34: ✅ 0 взято | 🗑️ 157 мусор
2026-06-07 22:55:54,400 | INFO     |   → 22/34: ✅ 0 взято | 🗑️ 0 мусор
2026-06-07 22:55:54,400 | INFO     |   → 23/34: ✅ 0 взято | 🗑️ 131 мусор
2026-06-07 22:55:54,400 | INFO     |   → 24/34: ✅ 0 взято | 🗑️ 0 мусор
2026-06-07 22:55:54,400 | INFO     |   → 25/34: ✅ 1 взято | 🗑️ 124 мусор
2026-06-07 22:55:54,400 | INFO     |   → 26/34: ✅ 0 взято | 🗑️ 0 мусор
2026-06-07 22:55:54,400 | INFO     |   → 27/34: ✅ 13 взято | 🗑️ 7 мусор
2026-06-07 22:55:54,400 | INFO     |   → 28/34: ✅ 0 взято | 🗑️ 7 мусор
2026-06-07 22:55:54,400 | INFO     |   → 29/34: ✅ 0 взято | 🗑️ 7 мусор
2026-06-07 22:55:54,401 | INFO     |   → 30/34: ✅ 0 взято | 🗑️ 7 мусор
2026-06-07 22:55:54,401 | INFO     |   → 31/34: ✅ 0 взято | 🗑️ 7 мусор
2026-06-07 22:55:54,401 | INFO     |   → 32/34: ✅ 0 взято | 🗑️ 7 мусор
2026-06-07 22:55:54,401 | INFO     |   → 33/34: ✅ 0 взято | 🗑️ 7 мусор
2026-06-07 22:55:54,401 | INFO     |   → 34/34: ✅ 0 взято | 🗑️ 7 мусор
2026-06-07 22:55:54,401 | INFO     |   → 📡 С sstap.org получено 0 ключей
2026-06-07 22:55:54,401 | INFO     |   → 📡 С sstap.org не добавлено ни одного ключа (все 0 отклонены фильтром)
2026-06-07 22:55:54,401 | INFO     |   → ✅ ГОТОВО!
2026-06-07 22:55:54,401 | INFO     |   →    📥 Всего ключей после фильтра: 40
2026-06-07 22:55:54,401 | INFO     |   →    🔗 Уникальных IP:PORT:SCHEME: 27
2026-06-07 22:55:54,401 | INFO     |   →    🗑️ Выброшено мусора: 1101
2026-06-07 22:55:54,401 | INFO     |   → 📊 По протоколам:
2026-06-07 22:55:54,401 | INFO     |   →    vless: 17
2026-06-07 22:55:54,401 | INFO     |   →    vmess: 1
2026-06-07 22:55:54,401 | INFO     |   →    trojan: 4
2026-06-07 22:55:54,401 | INFO     |   →    ss: 3
2026-06-07 22:55:54,401 | INFO     |   →    hysteria2: 2
2026-06-07 22:55:54,401 | INFO     | ✅ mirror.py завершён успешно
2026-06-07 22:55:54,401 | INFO     | 
2026-06-07 22:55:54,401 | INFO     | 
2026-06-07 22:55:54,401 | INFO     | ──────────────────────────────────────────────────────────────────────
2026-06-07 22:55:54,401 | INFO     | 📌 ЭТАП: Генерация 50 уникальных CF-VLESS
2026-06-07 22:55:54,401 | INFO     | ──────────────────────────────────────────────────────────────────────
2026-06-07 22:55:54,401 | INFO     | 🚀 Запуск generate_cf_vless.py (50 новых CF-VLESS)...
2026-06-07 22:55:54,594 | INFO     |   → === Генератор свежих VLESS-конфигов на IP Cloudflare ===
2026-06-07 22:55:54,594 | INFO     |   → ✅ Сгенерировано и сохранено 50 VLESS-конфигов.
2026-06-07 22:55:54,594 | INFO     |   → 📂 Файл: /home/runner/work/vpn-vless-configs-russia/vpn-vless-configs-russia/data/githubmirror/new/cf_fresh.txt
2026-06-07 22:55:54,594 | INFO     | ✅ generate_cf_vless.py завершён успешно
2026-06-07 22:55:54,594 | INFO     | 
2026-06-07 22:55:54,594 | INFO     | 
2026-06-07 22:55:54,594 | INFO     | ──────────────────────────────────────────────────────────────────────
2026-06-07 22:55:54,594 | INFO     | 📌 ЭТАП: Слияние CF с основным списком
2026-06-07 22:55:54,594 | INFO     | ──────────────────────────────────────────────────────────────────────
2026-06-07 22:55:54,595 | INFO     | 🔄 Добавлено 50 новых CF-VLESS в /home/runner/work/vpn-vless-configs-russia/vpn-vless-configs-russia/data/githubmirror/clean/vless.txt
2026-06-07 22:55:54,595 | INFO     | 📊 Всего в clean/vless.txt теперь: 67
2026-06-07 22:55:54,595 | INFO     | 
2026-06-07 22:55:54,595 | INFO     | 
2026-06-07 22:55:54,595 | INFO     | ──────────────────────────────────────────────────────────────────────
2026-06-07 22:55:54,595 | INFO     | 📌 ЭТАП: Фильтрация по реальному SNI
2026-06-07 22:55:54,595 | INFO     | ──────────────────────────────────────────────────────────────────────
2026-06-07 22:55:54,595 | INFO     | 🚀 Запуск filter_ru_sni.py (Фильтр по реальному SNI (CDN+RU))...
2026-06-07 22:55:54,620 | INFO     |   → hysteria2.txt: 2 → 1 (SNI-filtered)
2026-06-07 22:55:54,620 | INFO     |   →   ss.txt: 3 → 0 (SNI-filtered)
2026-06-07 22:55:54,620 | INFO     |   →   trojan.txt: 4 → 0 (SNI-filtered)
2026-06-07 22:55:54,620 | INFO     |   →   vless.txt: 67 → 55 (SNI-filtered)
2026-06-07 22:55:54,620 | INFO     |   →   vmess.txt: 1 → 0 (SNI-filtered)
2026-06-07 22:55:54,620 | INFO     |   → ==================================================
2026-06-07 22:55:54,620 | INFO     |   →   Всего входных:  77
2026-06-07 22:55:54,620 | INFO     |   →   Прошли фильтр:  56
2026-06-07 22:55:54,620 | INFO     |   →   Отброшено:      21
2026-06-07 22:55:54,620 | INFO     |   → ==================================================
2026-06-07 22:55:54,620 | INFO     |   → Готово → /home/runner/work/vpn-vless-configs-russia/vpn-vless-configs-russia/data/githubmirror/ru-sni
2026-06-07 22:55:54,620 | INFO     | ✅ filter_ru_sni.py завершён успешно
2026-06-07 22:55:54,620 | INFO     | 
2026-06-07 22:55:54,621 | INFO     | 
2026-06-07 22:55:54,621 | INFO     | ──────────────────────────────────────────────────────────────────────
2026-06-07 22:55:54,621 | INFO     | 📌 ЭТАП: Экспериментальный RU-SNI фильтр
2026-06-07 22:55:54,621 | INFO     | ──────────────────────────────────────────────────────────────────────
2026-06-07 22:55:54,621 | INFO     | 🚀 Запуск filter_ru_sni_local.py (Экспериментальный фильтр по RU-SNI)...
2026-06-07 22:55:54,646 | INFO     |   → hysteria2.txt: 2 → 0 (RU-SNI)
2026-06-07 22:55:54,646 | INFO     |   → ss.txt: 3 → 0 (RU-SNI)
2026-06-07 22:55:54,646 | INFO     |   → trojan.txt: 4 → 0 (RU-SNI)
2026-06-07 22:55:54,646 | INFO     |   → vless.txt: 67 → 1 (RU-SNI)
2026-06-07 22:55:54,646 | INFO     |   → vmess.txt: 1 → 0 (RU-SNI)
2026-06-07 22:55:54,646 | INFO     |   → ==================================================
2026-06-07 22:55:54,646 | INFO     |   → Всего входных:  77
2026-06-07 22:55:54,646 | INFO     |   → Прошли RU-SNI:  1
2026-06-07 22:55:54,646 | INFO     |   → Отброшено:      76
2026-06-07 22:55:54,646 | INFO     |   → ==================================================
2026-06-07 22:55:54,646 | INFO     |   → Готово → /home/runner/work/vpn-vless-configs-russia/vpn-vless-configs-russia/data/githubmirror/ru-sni-local
2026-06-07 22:55:54,646 | INFO     | ✅ filter_ru_sni_local.py завершён успешно
2026-06-07 22:55:54,646 | INFO     | 
2026-06-07 22:55:54,646 | INFO     | 
2026-06-07 22:55:54,646 | INFO     | ──────────────────────────────────────────────────────────────────────
2026-06-07 22:55:54,646 | INFO     | 📌 ЭТАП: Сбор статистики
2026-06-07 22:55:54,646 | INFO     | ──────────────────────────────────────────────────────────────────────
2026-06-07 22:55:54,646 | INFO     | 📊 Сбор статистики...
2026-06-07 22:55:54,647 | INFO     |   📁 githubmirror/clean:
2026-06-07 22:55:54,647 | INFO     |     • hysteria2   :     2 конфигов
2026-06-07 22:55:54,647 | INFO     |     • ss          :     3 конфигов
2026-06-07 22:55:54,647 | INFO     |     • trojan      :     4 конфигов
2026-06-07 22:55:54,647 | INFO     |     • vless       :    67 конфигов
2026-06-07 22:55:54,647 | INFO     |     • vmess       :     1 конфигов
2026-06-07 22:55:54,647 | INFO     |   📁 githubmirror/ru-sni:
2026-06-07 22:55:54,647 | INFO     |     • hysteria2   :     1 конфигов ( 50.0% от clean)
2026-06-07 22:55:54,647 | INFO     |     • ss          :     0 конфигов (  0.0% от clean)
2026-06-07 22:55:54,648 | INFO     |     • trojan      :     0 конфигов (  0.0% от clean)
2026-06-07 22:55:54,648 | INFO     |     • vless       :    55 конфигов ( 82.1% от clean)
2026-06-07 22:55:54,648 | INFO     |     • vmess       :     0 конфигов (  0.0% от clean)
2026-06-07 22:55:54,648 | INFO     |   ✨ Новых CF-VLESS в этом запуске: 50
2026-06-07 22:55:54,648 | INFO     | 
2026-06-07 22:55:54,648 | INFO     |   ──────────────────────────────────────────────────
2026-06-07 22:55:54,648 | INFO     |   📈 ИТОГО:
2026-06-07 22:55:54,648 | INFO     |     Clean (после geo-фильтра):       77
2026-06-07 22:55:54,648 | INFO     |     RU-SNI (после SNI-фильтра):      56
2026-06-07 22:55:54,648 | INFO     |     Прошло фильтр:                 72.7%
2026-06-07 22:55:54,648 | INFO     |   ──────────────────────────────────────────────────
2026-06-07 22:55:54,648 | INFO     | ✅ Статистика сохранена: /home/runner/work/vpn-vless-configs-russia/vpn-vless-configs-russia/data/stats.json
2026-06-07 22:55:54,648 | INFO     | 
2026-06-07 22:55:54,648 | INFO     | ======================================================================
2026-06-07 22:55:54,648 | INFO     | 📊 ИТОГОВЫЙ ОТЧЁТ
2026-06-07 22:55:54,648 | INFO     | ======================================================================
2026-06-07 22:55:54,648 | INFO     |   ✅ OK         | Загрузка и geo-фильтрация
2026-06-07 22:55:54,648 | INFO     |   ✅ OK         | Генерация 50 уникальных CF-VLESS
2026-06-07 22:55:54,648 | INFO     |   ✅ OK         | Слияние CF с основным списком
2026-06-07 22:55:54,648 | INFO     |   ✅ OK         | Фильтрация по реальному SNI
2026-06-07 22:55:54,648 | INFO     |   ✅ OK         | Экспериментальный RU-SNI фильтр
2026-06-07 22:55:54,648 | INFO     |   ✅ OK         | Сбор статистики
2026-06-07 22:55:54,648 | INFO     | ──────────────────────────────────────────────────────────────────────
2026-06-07 22:55:54,649 | INFO     | ✅ ВСЕ ЭТАПЫ УСПЕШНЫ (6/6)
2026-06-07 22:55:54,649 | INFO     | ⏰ Время завершения: 2026-06-07 22:55:54
2026-06-07 22:55:54,649 | INFO     | ======================================================================
