2026-06-09 01:56:41,039 | INFO     | ======================================================================
2026-06-09 01:56:41,039 | INFO     | 🔍 VPN KEY CHECKER - Начало проверки
2026-06-09 01:56:41,039 | INFO     | ⏰ Время старта: 2026-06-09 01:56:41
2026-06-09 01:56:41,039 | INFO     | 📂 Рабочая директория: /home/runner/work/vpn-vless-configs-russia/vpn-vless-configs-russia
2026-06-09 01:56:41,039 | INFO     | ======================================================================
2026-06-09 01:56:41,039 | INFO     | 
2026-06-09 01:56:41,039 | INFO     | 🔍 Проверка наличия скриптов...
2026-06-09 01:56:41,039 | INFO     |   ✅ mirror.py
2026-06-09 01:56:41,039 | INFO     |   ✅ generate_cf_vless.py
2026-06-09 01:56:41,039 | INFO     |   ✅ filter_ru_sni.py
2026-06-09 01:56:41,039 | INFO     |   ✅ filter_ru_sni_local.py
2026-06-09 01:56:41,040 | INFO     | 
2026-06-09 01:56:41,040 | INFO     | ──────────────────────────────────────────────────────────────────────
2026-06-09 01:56:41,040 | INFO     | 📌 ЭТАП: Загрузка и geo-фильтрация
2026-06-09 01:56:41,040 | INFO     | ──────────────────────────────────────────────────────────────────────
2026-06-09 01:56:41,040 | INFO     | 🚀 Запуск mirror.py (Загрузка и фильтрация по РФ/СНГ/Европа)...
2026-06-09 01:56:58,916 | INFO     |   → DEBUG: mirror.py started
2026-06-09 01:56:58,917 | INFO     |   → DEBUG: BASE_PATH = /home/runner/work/vpn-vless-configs-russia/vpn-vless-configs-russia
2026-06-09 01:56:58,917 | INFO     |   → DEBUG: CONFIG_SOURCES_FILE = /home/runner/work/vpn-vless-configs-russia/vpn-vless-configs-russia/data/config_sources.json
2026-06-09 01:56:58,917 | INFO     |   → 📂 Загружено 42 источников из /home/runner/work/vpn-vless-configs-russia/vpn-vless-configs-russia/data/config_sources.json
2026-06-09 01:56:58,917 | INFO     |   → 🚀 Старт: всего источников: 42
2026-06-09 01:56:58,917 | INFO     |   → 1/42: ✅ 0 взято | 🗑️ 0 мусор
2026-06-09 01:56:58,917 | INFO     |   → 2/42: ✅ 0 взято | 🗑️ 0 мусор
2026-06-09 01:56:58,917 | INFO     |   → 3/42: ✅ 0 взято | 🗑️ 0 мусор
2026-06-09 01:56:58,917 | INFO     |   → 4/42: ✅ 0 взято | 🗑️ 0 мусор
2026-06-09 01:56:58,917 | INFO     |   → 5/42: ✅ 0 взято | 🗑️ 0 мусор
2026-06-09 01:56:58,917 | INFO     |   → 6/42: ✅ 0 взято | 🗑️ 0 мусор
2026-06-09 01:56:58,917 | INFO     |   → 7/42: ✅ 0 взято | 🗑️ 0 мусор
2026-06-09 01:56:58,917 | INFO     |   → 8/42: ✅ 0 взято | 🗑️ 0 мусор
2026-06-09 01:56:58,917 | INFO     |   → 9/42: ✅ 0 взято | 🗑️ 0 мусор
2026-06-09 01:56:58,917 | INFO     |   → 10/42: ✅ 0 взято | 🗑️ 0 мусор
2026-06-09 01:56:58,917 | INFO     |   → 11/42: ✅ 0 взято | 🗑️ 0 мусор
2026-06-09 01:56:58,917 | INFO     |   → 12/42: ✅ 0 взято | 🗑️ 0 мусор
2026-06-09 01:56:58,917 | INFO     |   → 13/42: ✅ 10 взято | 🗑️ 151 мусор
2026-06-09 01:56:58,917 | INFO     |   → 14/42: ✅ 0 взято | 🗑️ 0 мусор
2026-06-09 01:56:58,917 | INFO     |   → 15/42: ✅ 10 взято | 🗑️ 113 мусор
2026-06-09 01:56:58,917 | INFO     |   → 16/42: ✅ 0 взято | 🗑️ 0 мусор
2026-06-09 01:56:58,917 | INFO     |   → 17/42: ✅ 2 взято | 🗑️ 124 мусор
2026-06-09 01:56:58,917 | INFO     |   → 18/42: ✅ 2 взято | 🗑️ 115 мусор
2026-06-09 01:56:58,917 | INFO     |   → 19/42: ✅ 1 взято | 🗑️ 109 мусор
2026-06-09 01:56:58,917 | INFO     |   → 20/42: ✅ 0 взято | 🗑️ 0 мусор
2026-06-09 01:56:58,917 | INFO     |   → 21/42: ✅ 0 взято | 🗑️ 0 мусор
2026-06-09 01:56:58,917 | INFO     |   → 22/42: ✅ 0 взято | 🗑️ 0 мусор
2026-06-09 01:56:58,917 | INFO     |   → 23/42: ✅ 3 взято | 🗑️ 145 мусор
2026-06-09 01:56:58,917 | INFO     |   → 24/42: ✅ 0 взято | 🗑️ 0 мусор
2026-06-09 01:56:58,917 | INFO     |   → 25/42: ✅ 0 взято | 🗑️ 157 мусор
2026-06-09 01:56:58,917 | INFO     |   → 26/42: ✅ 0 взято | 🗑️ 0 мусор
2026-06-09 01:56:58,917 | INFO     |   → 27/42: ✅ 0 взято | 🗑️ 131 мусор
2026-06-09 01:56:58,918 | INFO     |   → 28/42: ✅ 0 взято | 🗑️ 0 мусор
2026-06-09 01:56:58,918 | INFO     |   → 29/42: ✅ 1 взято | 🗑️ 124 мусор
2026-06-09 01:56:58,918 | INFO     |   → 30/42: ✅ 0 взято | 🗑️ 0 мусор
2026-06-09 01:56:58,918 | INFO     |   → 31/42: ✅ 2 взято | 🗑️ 189 мусор
2026-06-09 01:56:58,918 | INFO     |   → 32/42: ✅ 0 взято | 🗑️ 0 мусор
2026-06-09 01:56:58,918 | INFO     |   → 33/42: ✅ 13 взято | 🗑️ 7 мусор
2026-06-09 01:56:58,918 | INFO     |   → 34/42: ✅ 0 взято | 🗑️ 7 мусор
2026-06-09 01:56:58,918 | INFO     |   → 35/42: ✅ 0 взято | 🗑️ 7 мусор
2026-06-09 01:56:58,918 | INFO     |   → 36/42: ✅ 0 взято | 🗑️ 7 мусор
2026-06-09 01:56:58,918 | INFO     |   → 37/42: ✅ 0 взято | 🗑️ 7 мусор
2026-06-09 01:56:58,918 | INFO     |   → 38/42: ✅ 0 взято | 🗑️ 7 мусор
2026-06-09 01:56:58,918 | INFO     |   → 39/42: ✅ 0 взято | 🗑️ 7 мусор
2026-06-09 01:56:58,918 | INFO     |   → 40/42: ✅ 0 взято | 🗑️ 7 мусор
2026-06-09 01:56:58,918 | INFO     |   → 41/42: ✅ 0 взято | 🗑️ 7 мусор
2026-06-09 01:56:58,918 | INFO     |   → 42/42: ✅ 0 взято | 🗑️ 7 мусор
2026-06-09 01:56:58,918 | INFO     |   → 📡 С sstap.org получено 0 ключей
2026-06-09 01:56:58,918 | INFO     |   → 📡 С sstap.org не добавлено ни одного ключа (все 0 отклонены фильтром)
2026-06-09 01:56:58,918 | INFO     |   → ✅ ГОТОВО!
2026-06-09 01:56:58,918 | INFO     |   →    📥 Всего ключей после фильтра: 44
2026-06-09 01:56:58,918 | INFO     |   →    🔗 Уникальных IP:PORT:SCHEME: 29
2026-06-09 01:56:58,918 | INFO     |   →    🗑️ Выброшено мусора: 1428
2026-06-09 01:56:58,918 | INFO     |   → 📊 По протоколам:
2026-06-09 01:56:58,918 | INFO     |   →    vless: 19
2026-06-09 01:56:58,918 | INFO     |   →    vmess: 1
2026-06-09 01:56:58,918 | INFO     |   →    trojan: 4
2026-06-09 01:56:58,918 | INFO     |   →    ss: 3
2026-06-09 01:56:58,918 | INFO     |   →    hysteria2: 2
2026-06-09 01:56:58,918 | INFO     | ✅ mirror.py завершён успешно
2026-06-09 01:56:58,918 | INFO     | 
2026-06-09 01:56:58,918 | INFO     | 
2026-06-09 01:56:58,918 | INFO     | ──────────────────────────────────────────────────────────────────────
2026-06-09 01:56:58,918 | INFO     | 📌 ЭТАП: Генерация 50 уникальных CF-VLESS
2026-06-09 01:56:58,919 | INFO     | ──────────────────────────────────────────────────────────────────────
2026-06-09 01:56:58,919 | INFO     | 🚀 Запуск generate_cf_vless.py (50 новых CF-VLESS)...
2026-06-09 01:56:59,168 | INFO     |   → === Генератор свежих VLESS-конфигов на IP Cloudflare ===
2026-06-09 01:56:59,168 | INFO     |   → ✅ Сгенерировано и сохранено 50 VLESS-конфигов.
2026-06-09 01:56:59,169 | INFO     |   → 📂 Файл: /home/runner/work/vpn-vless-configs-russia/vpn-vless-configs-russia/data/githubmirror/new/cf_fresh.txt
2026-06-09 01:56:59,169 | INFO     | ✅ generate_cf_vless.py завершён успешно
2026-06-09 01:56:59,169 | INFO     | 
2026-06-09 01:56:59,169 | INFO     | 
2026-06-09 01:56:59,169 | INFO     | ──────────────────────────────────────────────────────────────────────
2026-06-09 01:56:59,169 | INFO     | 📌 ЭТАП: Слияние CF с основным списком
2026-06-09 01:56:59,169 | INFO     | ──────────────────────────────────────────────────────────────────────
2026-06-09 01:56:59,170 | INFO     | 🔄 Добавлено 50 новых CF-VLESS в /home/runner/work/vpn-vless-configs-russia/vpn-vless-configs-russia/data/githubmirror/clean/vless.txt
2026-06-09 01:56:59,170 | INFO     | 📊 Всего в clean/vless.txt теперь: 69
2026-06-09 01:56:59,170 | INFO     | 
2026-06-09 01:56:59,170 | INFO     | 
2026-06-09 01:56:59,170 | INFO     | ──────────────────────────────────────────────────────────────────────
2026-06-09 01:56:59,170 | INFO     | 📌 ЭТАП: Фильтрация по реальному SNI
2026-06-09 01:56:59,170 | INFO     | ──────────────────────────────────────────────────────────────────────
2026-06-09 01:56:59,170 | INFO     | 🚀 Запуск filter_ru_sni.py (Фильтр по реальному SNI (CDN+RU))...
2026-06-09 01:56:59,200 | INFO     |   → hysteria2.txt: 2 → 1 (SNI-filtered)
2026-06-09 01:56:59,200 | INFO     |   →   ss.txt: 3 → 0 (SNI-filtered)
2026-06-09 01:56:59,200 | INFO     |   →   trojan.txt: 4 → 0 (SNI-filtered)
2026-06-09 01:56:59,200 | INFO     |   →   vless.txt: 69 → 56 (SNI-filtered)
2026-06-09 01:56:59,200 | INFO     |   →   vmess.txt: 1 → 0 (SNI-filtered)
2026-06-09 01:56:59,200 | INFO     |   → ==================================================
2026-06-09 01:56:59,200 | INFO     |   →   Всего входных:  79
2026-06-09 01:56:59,200 | INFO     |   →   Прошли фильтр:  57
2026-06-09 01:56:59,200 | INFO     |   →   Отброшено:      22
2026-06-09 01:56:59,200 | INFO     |   → ==================================================
2026-06-09 01:56:59,200 | INFO     |   → Готово → /home/runner/work/vpn-vless-configs-russia/vpn-vless-configs-russia/data/githubmirror/ru-sni
2026-06-09 01:56:59,200 | INFO     | ✅ filter_ru_sni.py завершён успешно
2026-06-09 01:56:59,200 | INFO     | 
2026-06-09 01:56:59,200 | INFO     | 
2026-06-09 01:56:59,200 | INFO     | ──────────────────────────────────────────────────────────────────────
2026-06-09 01:56:59,200 | INFO     | 📌 ЭТАП: Экспериментальный RU-SNI фильтр
2026-06-09 01:56:59,200 | INFO     | ──────────────────────────────────────────────────────────────────────
2026-06-09 01:56:59,200 | INFO     | 🚀 Запуск filter_ru_sni_local.py (Экспериментальный фильтр по RU-SNI)...
2026-06-09 01:56:59,230 | INFO     |   → hysteria2.txt: 2 → 0 (RU-SNI)
2026-06-09 01:56:59,230 | INFO     |   → ss.txt: 3 → 0 (RU-SNI)
2026-06-09 01:56:59,230 | INFO     |   → trojan.txt: 4 → 0 (RU-SNI)
2026-06-09 01:56:59,230 | INFO     |   → vless.txt: 69 → 1 (RU-SNI)
2026-06-09 01:56:59,230 | INFO     |   → vmess.txt: 1 → 0 (RU-SNI)
2026-06-09 01:56:59,230 | INFO     |   → ==================================================
2026-06-09 01:56:59,231 | INFO     |   → Всего входных:  79
2026-06-09 01:56:59,231 | INFO     |   → Прошли RU-SNI:  1
2026-06-09 01:56:59,231 | INFO     |   → Отброшено:      78
2026-06-09 01:56:59,231 | INFO     |   → ==================================================
2026-06-09 01:56:59,231 | INFO     |   → Готово → /home/runner/work/vpn-vless-configs-russia/vpn-vless-configs-russia/data/githubmirror/ru-sni-local
2026-06-09 01:56:59,231 | INFO     | ✅ filter_ru_sni_local.py завершён успешно
2026-06-09 01:56:59,231 | INFO     | 
2026-06-09 01:56:59,231 | INFO     | 
2026-06-09 01:56:59,231 | INFO     | ──────────────────────────────────────────────────────────────────────
2026-06-09 01:56:59,231 | INFO     | 📌 ЭТАП: Сбор статистики
2026-06-09 01:56:59,231 | INFO     | ──────────────────────────────────────────────────────────────────────
2026-06-09 01:56:59,231 | INFO     | 📊 Сбор статистики...
2026-06-09 01:56:59,231 | INFO     |   📁 githubmirror/clean:
2026-06-09 01:56:59,231 | INFO     |     • hysteria2   :     2 конфигов
2026-06-09 01:56:59,231 | INFO     |     • ss          :     3 конфигов
2026-06-09 01:56:59,231 | INFO     |     • trojan      :     4 конфигов
2026-06-09 01:56:59,231 | INFO     |     • vless       :    69 конфигов
2026-06-09 01:56:59,231 | INFO     |     • vmess       :     1 конфигов
2026-06-09 01:56:59,232 | INFO     |   📁 githubmirror/ru-sni:
2026-06-09 01:56:59,232 | INFO     |     • hysteria2   :     1 конфигов ( 50.0% от clean)
2026-06-09 01:56:59,232 | INFO     |     • ss          :     0 конфигов (  0.0% от clean)
2026-06-09 01:56:59,232 | INFO     |     • trojan      :     0 конфигов (  0.0% от clean)
2026-06-09 01:56:59,232 | INFO     |     • vless       :    56 конфигов ( 81.2% от clean)
2026-06-09 01:56:59,232 | INFO     |     • vmess       :     0 конфигов (  0.0% от clean)
2026-06-09 01:56:59,232 | INFO     |   ✨ Новых CF-VLESS в этом запуске: 50
2026-06-09 01:56:59,232 | INFO     | 
2026-06-09 01:56:59,232 | INFO     |   ──────────────────────────────────────────────────
2026-06-09 01:56:59,232 | INFO     |   📈 ИТОГО:
2026-06-09 01:56:59,232 | INFO     |     Clean (после geo-фильтра):       79
2026-06-09 01:56:59,232 | INFO     |     RU-SNI (после SNI-фильтра):      57
2026-06-09 01:56:59,232 | INFO     |     Прошло фильтр:                 72.2%
2026-06-09 01:56:59,232 | INFO     |   ──────────────────────────────────────────────────
2026-06-09 01:56:59,232 | INFO     | ✅ Статистика сохранена: /home/runner/work/vpn-vless-configs-russia/vpn-vless-configs-russia/data/stats.json
2026-06-09 01:56:59,232 | INFO     | 
2026-06-09 01:56:59,232 | INFO     | ======================================================================
2026-06-09 01:56:59,232 | INFO     | 📊 ИТОГОВЫЙ ОТЧЁТ
2026-06-09 01:56:59,232 | INFO     | ======================================================================
2026-06-09 01:56:59,233 | INFO     |   ✅ OK         | Загрузка и geo-фильтрация
2026-06-09 01:56:59,233 | INFO     |   ✅ OK         | Генерация 50 уникальных CF-VLESS
2026-06-09 01:56:59,233 | INFO     |   ✅ OK         | Слияние CF с основным списком
2026-06-09 01:56:59,233 | INFO     |   ✅ OK         | Фильтрация по реальному SNI
2026-06-09 01:56:59,233 | INFO     |   ✅ OK         | Экспериментальный RU-SNI фильтр
2026-06-09 01:56:59,233 | INFO     |   ✅ OK         | Сбор статистики
2026-06-09 01:56:59,233 | INFO     | ──────────────────────────────────────────────────────────────────────
2026-06-09 01:56:59,233 | INFO     | ✅ ВСЕ ЭТАПЫ УСПЕШНЫ (6/6)
2026-06-09 01:56:59,233 | INFO     | ⏰ Время завершения: 2026-06-09 01:56:59
2026-06-09 01:56:59,233 | INFO     | ======================================================================
