2026-06-09 09:43:26,995 | INFO     | ======================================================================
2026-06-09 09:43:26,995 | INFO     | 🔍 VPN KEY CHECKER - Начало проверки
2026-06-09 09:43:26,995 | INFO     | ⏰ Время старта: 2026-06-09 09:43:26
2026-06-09 09:43:26,995 | INFO     | 📂 Рабочая директория: /home/runner/work/vpn-vless-configs-russia/vpn-vless-configs-russia
2026-06-09 09:43:26,995 | INFO     | ======================================================================
2026-06-09 09:43:26,996 | INFO     | 
2026-06-09 09:43:26,996 | INFO     | 🔍 Проверка наличия скриптов...
2026-06-09 09:43:26,996 | INFO     |   ✅ mirror.py
2026-06-09 09:43:26,996 | INFO     |   ✅ generate_cf_vless.py
2026-06-09 09:43:26,996 | INFO     |   ✅ filter_ru_sni.py
2026-06-09 09:43:26,996 | INFO     |   ✅ filter_ru_sni_local.py
2026-06-09 09:43:26,996 | INFO     | 
2026-06-09 09:43:26,996 | INFO     | ──────────────────────────────────────────────────────────────────────
2026-06-09 09:43:26,996 | INFO     | 📌 ЭТАП: Загрузка и geo-фильтрация
2026-06-09 09:43:26,996 | INFO     | ──────────────────────────────────────────────────────────────────────
2026-06-09 09:43:26,996 | INFO     | 🚀 Запуск mirror.py (Загрузка и фильтрация по РФ/СНГ/Европа)...
2026-06-09 09:43:54,960 | INFO     |   → DEBUG: mirror.py started
2026-06-09 09:43:54,960 | INFO     |   → DEBUG: BASE_PATH = /home/runner/work/vpn-vless-configs-russia/vpn-vless-configs-russia
2026-06-09 09:43:54,960 | INFO     |   → DEBUG: CONFIG_SOURCES_FILE = /home/runner/work/vpn-vless-configs-russia/vpn-vless-configs-russia/data/config_sources.json
2026-06-09 09:43:54,960 | INFO     |   → 📂 Загружено 46 источников из /home/runner/work/vpn-vless-configs-russia/vpn-vless-configs-russia/data/config_sources.json
2026-06-09 09:43:54,961 | INFO     |   → 🚀 Старт: всего источников: 46
2026-06-09 09:43:54,961 | INFO     |   → 1/46: ✅ 0 взято | 🗑️ 0 мусор
2026-06-09 09:43:54,961 | INFO     |   → 2/46: ✅ 0 взято | 🗑️ 0 мусор
2026-06-09 09:43:54,961 | INFO     |   → 3/46: ✅ 0 взято | 🗑️ 0 мусор
2026-06-09 09:43:54,961 | INFO     |   → 4/46: ✅ 0 взято | 🗑️ 0 мусор
2026-06-09 09:43:54,961 | INFO     |   → 5/46: ✅ 0 взято | 🗑️ 0 мусор
2026-06-09 09:43:54,961 | INFO     |   → 6/46: ✅ 0 взято | 🗑️ 0 мусор
2026-06-09 09:43:54,961 | INFO     |   → 7/46: ✅ 0 взято | 🗑️ 0 мусор
2026-06-09 09:43:54,961 | INFO     |   → 8/46: ✅ 0 взято | 🗑️ 0 мусор
2026-06-09 09:43:54,961 | INFO     |   → 9/46: ✅ 0 взято | 🗑️ 0 мусор
2026-06-09 09:43:54,961 | INFO     |   → 10/46: ✅ 0 взято | 🗑️ 0 мусор
2026-06-09 09:43:54,961 | INFO     |   → 11/46: ✅ 0 взято | 🗑️ 0 мусор
2026-06-09 09:43:54,961 | INFO     |   → 12/46: ✅ 0 взято | 🗑️ 0 мусор
2026-06-09 09:43:54,961 | INFO     |   → 13/46: ✅ 10 взято | 🗑️ 151 мусор
2026-06-09 09:43:54,961 | INFO     |   → 14/46: ✅ 0 взято | 🗑️ 0 мусор
2026-06-09 09:43:54,961 | INFO     |   → 15/46: ✅ 10 взято | 🗑️ 113 мусор
2026-06-09 09:43:54,961 | INFO     |   → 16/46: ✅ 0 взято | 🗑️ 0 мусор
2026-06-09 09:43:54,961 | INFO     |   → 17/46: ✅ 2 взято | 🗑️ 124 мусор
2026-06-09 09:43:54,962 | INFO     |   → 18/46: ✅ 2 взято | 🗑️ 115 мусор
2026-06-09 09:43:54,962 | INFO     |   → 19/46: ✅ 1 взято | 🗑️ 109 мусор
2026-06-09 09:43:54,962 | INFO     |   → 20/46: ✅ 0 взято | 🗑️ 0 мусор
2026-06-09 09:43:54,962 | INFO     |   → 21/46: ✅ 0 взято | 🗑️ 0 мусор
2026-06-09 09:43:54,962 | INFO     |   → 22/46: ✅ 0 взято | 🗑️ 0 мусор
2026-06-09 09:43:54,962 | INFO     |   → 23/46: ✅ 3 взято | 🗑️ 145 мусор
2026-06-09 09:43:54,962 | INFO     |   → 24/46: ✅ 0 взято | 🗑️ 0 мусор
2026-06-09 09:43:54,962 | INFO     |   → 25/46: ✅ 0 взято | 🗑️ 157 мусор
2026-06-09 09:43:54,962 | INFO     |   → 26/46: ✅ 0 взято | 🗑️ 0 мусор
2026-06-09 09:43:54,962 | INFO     |   → 27/46: ✅ 0 взято | 🗑️ 131 мусор
2026-06-09 09:43:54,962 | INFO     |   → 28/46: ✅ 0 взято | 🗑️ 0 мусор
2026-06-09 09:43:54,962 | INFO     |   → 29/46: ✅ 1 взято | 🗑️ 124 мусор
2026-06-09 09:43:54,962 | INFO     |   → 30/46: ✅ 0 взято | 🗑️ 0 мусор
2026-06-09 09:43:54,962 | INFO     |   → 31/46: ✅ 2 взято | 🗑️ 189 мусор
2026-06-09 09:43:54,962 | INFO     |   → 32/46: ✅ 0 взято | 🗑️ 0 мусор
2026-06-09 09:43:54,962 | INFO     |   → 33/46: ✅ 1 взято | 🗑️ 279 мусор
2026-06-09 09:43:54,962 | INFO     |   → 34/46: ✅ 0 взято | 🗑️ 0 мусор
2026-06-09 09:43:54,962 | INFO     |   → 35/46: ✅ 13 взято | 🗑️ 7 мусор
2026-06-09 09:43:54,962 | INFO     |   → 36/46: ✅ 0 взято | 🗑️ 7 мусор
2026-06-09 09:43:54,962 | INFO     |   → 37/46: ✅ 0 взято | 🗑️ 7 мусор
2026-06-09 09:43:54,963 | INFO     |   → 38/46: ✅ 0 взято | 🗑️ 7 мусор
2026-06-09 09:43:54,963 | INFO     |   → 39/46: ✅ 0 взято | 🗑️ 7 мусор
2026-06-09 09:43:54,963 | INFO     |   → 40/46: ✅ 0 взято | 🗑️ 7 мусор
2026-06-09 09:43:54,963 | INFO     |   → 41/46: ✅ 0 взято | 🗑️ 7 мусор
2026-06-09 09:43:54,963 | INFO     |   → 42/46: ✅ 0 взято | 🗑️ 7 мусор
2026-06-09 09:43:54,963 | INFO     |   → 43/46: ✅ 0 взято | 🗑️ 7 мусор
2026-06-09 09:43:54,963 | INFO     |   → 44/46: ✅ 0 взято | 🗑️ 7 мусор
2026-06-09 09:43:54,963 | INFO     |   → 45/46: ✅ 0 взято | 🗑️ 7 мусор
2026-06-09 09:43:54,963 | INFO     |   → 46/46: ✅ 0 взято | 🗑️ 7 мусор
2026-06-09 09:43:54,963 | INFO     |   → 📡 С sstap.org получено 0 ключей
2026-06-09 09:43:54,963 | INFO     |   → 📡 С sstap.org не добавлено ни одного ключа (все 0 отклонены фильтром)
2026-06-09 09:43:54,963 | INFO     |   → ✅ ГОТОВО!
2026-06-09 09:43:54,963 | INFO     |   →    📥 Всего ключей после фильтра: 45
2026-06-09 09:43:54,963 | INFO     |   →    🔗 Уникальных IP:PORT:SCHEME: 29
2026-06-09 09:43:54,963 | INFO     |   →    🗑️ Выброшено мусора: 1721
2026-06-09 09:43:54,963 | INFO     |   → 📊 По протоколам:
2026-06-09 09:43:54,963 | INFO     |   →    vless: 19
2026-06-09 09:43:54,963 | INFO     |   →    vmess: 1
2026-06-09 09:43:54,963 | INFO     |   →    trojan: 4
2026-06-09 09:43:54,964 | INFO     |   →    ss: 3
2026-06-09 09:43:54,964 | INFO     |   →    hysteria2: 2
2026-06-09 09:43:54,964 | INFO     | ✅ mirror.py завершён успешно
2026-06-09 09:43:54,964 | INFO     | 
2026-06-09 09:43:54,964 | INFO     | 
2026-06-09 09:43:54,964 | INFO     | ──────────────────────────────────────────────────────────────────────
2026-06-09 09:43:54,964 | INFO     | 📌 ЭТАП: Генерация 50 уникальных CF-VLESS
2026-06-09 09:43:54,964 | INFO     | ──────────────────────────────────────────────────────────────────────
2026-06-09 09:43:54,964 | INFO     | 🚀 Запуск generate_cf_vless.py (50 новых CF-VLESS)...
2026-06-09 09:43:55,206 | INFO     |   → === Генератор свежих VLESS-конфигов на IP Cloudflare ===
2026-06-09 09:43:55,206 | INFO     |   → ✅ Сгенерировано и сохранено 50 VLESS-конфигов.
2026-06-09 09:43:55,206 | INFO     |   → 📂 Файл: /home/runner/work/vpn-vless-configs-russia/vpn-vless-configs-russia/data/githubmirror/new/cf_fresh.txt
2026-06-09 09:43:55,206 | INFO     | ✅ generate_cf_vless.py завершён успешно
2026-06-09 09:43:55,206 | INFO     | 
2026-06-09 09:43:55,206 | INFO     | 
2026-06-09 09:43:55,206 | INFO     | ──────────────────────────────────────────────────────────────────────
2026-06-09 09:43:55,206 | INFO     | 📌 ЭТАП: Слияние CF с основным списком
2026-06-09 09:43:55,206 | INFO     | ──────────────────────────────────────────────────────────────────────
2026-06-09 09:43:55,208 | INFO     | 🔄 Добавлено 50 новых CF-VLESS в /home/runner/work/vpn-vless-configs-russia/vpn-vless-configs-russia/data/githubmirror/clean/vless.txt
2026-06-09 09:43:55,208 | INFO     | 📊 Всего в clean/vless.txt теперь: 69
2026-06-09 09:43:55,208 | INFO     | 
2026-06-09 09:43:55,208 | INFO     | 
2026-06-09 09:43:55,208 | INFO     | ──────────────────────────────────────────────────────────────────────
2026-06-09 09:43:55,208 | INFO     | 📌 ЭТАП: Фильтрация по реальному SNI
2026-06-09 09:43:55,208 | INFO     | ──────────────────────────────────────────────────────────────────────
2026-06-09 09:43:55,208 | INFO     | 🚀 Запуск filter_ru_sni.py (Фильтр по реальному SNI (CDN+RU))...
2026-06-09 09:43:55,236 | INFO     |   → hysteria2.txt: 2 → 1 (SNI-filtered)
2026-06-09 09:43:55,236 | INFO     |   →   ss.txt: 3 → 0 (SNI-filtered)
2026-06-09 09:43:55,236 | INFO     |   →   trojan.txt: 4 → 0 (SNI-filtered)
2026-06-09 09:43:55,236 | INFO     |   →   vless.txt: 69 → 56 (SNI-filtered)
2026-06-09 09:43:55,236 | INFO     |   →   vmess.txt: 1 → 0 (SNI-filtered)
2026-06-09 09:43:55,236 | INFO     |   → ==================================================
2026-06-09 09:43:55,236 | INFO     |   →   Всего входных:  79
2026-06-09 09:43:55,236 | INFO     |   →   Прошли фильтр:  57
2026-06-09 09:43:55,236 | INFO     |   →   Отброшено:      22
2026-06-09 09:43:55,236 | INFO     |   → ==================================================
2026-06-09 09:43:55,236 | INFO     |   → Готово → /home/runner/work/vpn-vless-configs-russia/vpn-vless-configs-russia/data/githubmirror/ru-sni
2026-06-09 09:43:55,236 | INFO     | ✅ filter_ru_sni.py завершён успешно
2026-06-09 09:43:55,236 | INFO     | 
2026-06-09 09:43:55,236 | INFO     | 
2026-06-09 09:43:55,236 | INFO     | ──────────────────────────────────────────────────────────────────────
2026-06-09 09:43:55,236 | INFO     | 📌 ЭТАП: Экспериментальный RU-SNI фильтр
2026-06-09 09:43:55,236 | INFO     | ──────────────────────────────────────────────────────────────────────
2026-06-09 09:43:55,236 | INFO     | 🚀 Запуск filter_ru_sni_local.py (Экспериментальный фильтр по RU-SNI)...
2026-06-09 09:43:55,266 | INFO     |   → hysteria2.txt: 2 → 0 (RU-SNI)
2026-06-09 09:43:55,266 | INFO     |   → ss.txt: 3 → 0 (RU-SNI)
2026-06-09 09:43:55,266 | INFO     |   → trojan.txt: 4 → 0 (RU-SNI)
2026-06-09 09:43:55,266 | INFO     |   → vless.txt: 69 → 1 (RU-SNI)
2026-06-09 09:43:55,266 | INFO     |   → vmess.txt: 1 → 0 (RU-SNI)
2026-06-09 09:43:55,266 | INFO     |   → ==================================================
2026-06-09 09:43:55,266 | INFO     |   → Всего входных:  79
2026-06-09 09:43:55,266 | INFO     |   → Прошли RU-SNI:  1
2026-06-09 09:43:55,266 | INFO     |   → Отброшено:      78
2026-06-09 09:43:55,266 | INFO     |   → ==================================================
2026-06-09 09:43:55,266 | INFO     |   → Готово → /home/runner/work/vpn-vless-configs-russia/vpn-vless-configs-russia/data/githubmirror/ru-sni-local
2026-06-09 09:43:55,266 | INFO     | ✅ filter_ru_sni_local.py завершён успешно
2026-06-09 09:43:55,266 | INFO     | 
2026-06-09 09:43:55,266 | INFO     | 
2026-06-09 09:43:55,266 | INFO     | ──────────────────────────────────────────────────────────────────────
2026-06-09 09:43:55,266 | INFO     | 📌 ЭТАП: Сбор статистики
2026-06-09 09:43:55,266 | INFO     | ──────────────────────────────────────────────────────────────────────
2026-06-09 09:43:55,266 | INFO     | 📊 Сбор статистики...
2026-06-09 09:43:55,267 | INFO     |   📁 githubmirror/clean:
2026-06-09 09:43:55,267 | INFO     |     • hysteria2   :     2 конфигов
2026-06-09 09:43:55,267 | INFO     |     • ss          :     3 конфигов
2026-06-09 09:43:55,267 | INFO     |     • trojan      :     4 конфигов
2026-06-09 09:43:55,267 | INFO     |     • vless       :    69 конфигов
2026-06-09 09:43:55,267 | INFO     |     • vmess       :     1 конфигов
2026-06-09 09:43:55,267 | INFO     |   📁 githubmirror/ru-sni:
2026-06-09 09:43:55,268 | INFO     |     • hysteria2   :     1 конфигов ( 50.0% от clean)
2026-06-09 09:43:55,268 | INFO     |     • ss          :     0 конфигов (  0.0% от clean)
2026-06-09 09:43:55,268 | INFO     |     • trojan      :     0 конфигов (  0.0% от clean)
2026-06-09 09:43:55,268 | INFO     |     • vless       :    56 конфигов ( 81.2% от clean)
2026-06-09 09:43:55,268 | INFO     |     • vmess       :     0 конфигов (  0.0% от clean)
2026-06-09 09:43:55,268 | INFO     |   ✨ Новых CF-VLESS в этом запуске: 50
2026-06-09 09:43:55,268 | INFO     | 
2026-06-09 09:43:55,268 | INFO     |   ──────────────────────────────────────────────────
2026-06-09 09:43:55,268 | INFO     |   📈 ИТОГО:
2026-06-09 09:43:55,268 | INFO     |     Clean (после geo-фильтра):       79
2026-06-09 09:43:55,268 | INFO     |     RU-SNI (после SNI-фильтра):      57
2026-06-09 09:43:55,268 | INFO     |     Прошло фильтр:                 72.2%
2026-06-09 09:43:55,268 | INFO     |   ──────────────────────────────────────────────────
2026-06-09 09:43:55,269 | INFO     | ✅ Статистика сохранена: /home/runner/work/vpn-vless-configs-russia/vpn-vless-configs-russia/data/stats.json
2026-06-09 09:43:55,269 | INFO     | 
2026-06-09 09:43:55,269 | INFO     | ======================================================================
2026-06-09 09:43:55,269 | INFO     | 📊 ИТОГОВЫЙ ОТЧЁТ
2026-06-09 09:43:55,269 | INFO     | ======================================================================
2026-06-09 09:43:55,269 | INFO     |   ✅ OK         | Загрузка и geo-фильтрация
2026-06-09 09:43:55,269 | INFO     |   ✅ OK         | Генерация 50 уникальных CF-VLESS
2026-06-09 09:43:55,269 | INFO     |   ✅ OK         | Слияние CF с основным списком
2026-06-09 09:43:55,269 | INFO     |   ✅ OK         | Фильтрация по реальному SNI
2026-06-09 09:43:55,269 | INFO     |   ✅ OK         | Экспериментальный RU-SNI фильтр
2026-06-09 09:43:55,269 | INFO     |   ✅ OK         | Сбор статистики
2026-06-09 09:43:55,269 | INFO     | ──────────────────────────────────────────────────────────────────────
2026-06-09 09:43:55,269 | INFO     | ✅ ВСЕ ЭТАПЫ УСПЕШНЫ (6/6)
2026-06-09 09:43:55,269 | INFO     | ⏰ Время завершения: 2026-06-09 09:43:55
2026-06-09 09:43:55,269 | INFO     | ======================================================================
