2026-06-19 19:25:15,238 | INFO     | ======================================================================
2026-06-19 19:25:15,238 | INFO     | 🔍 VPN KEY CHECKER - Начало проверки
2026-06-19 19:25:15,238 | INFO     | ⏰ Время старта: 2026-06-19 19:25:15
2026-06-19 19:25:15,238 | INFO     | 📂 Рабочая директория: /home/runner/work/vpn-vless-configs-russia/vpn-vless-configs-russia
2026-06-19 19:25:15,238 | INFO     | ======================================================================
2026-06-19 19:25:15,238 | INFO     | 
2026-06-19 19:25:15,238 | INFO     | 🔍 Проверка наличия скриптов...
2026-06-19 19:25:15,238 | INFO     |   ✅ mirror.py
2026-06-19 19:25:15,238 | INFO     |   ✅ generate_cf_vless.py
2026-06-19 19:25:15,239 | INFO     |   ✅ filter_ru_sni.py
2026-06-19 19:25:15,239 | INFO     |   ✅ filter_ru_sni_local.py
2026-06-19 19:25:15,239 | INFO     | 
2026-06-19 19:25:15,239 | INFO     | ──────────────────────────────────────────────────────────────────────
2026-06-19 19:25:15,239 | INFO     | 📌 ЭТАП: Загрузка и geo-фильтрация
2026-06-19 19:25:15,239 | INFO     | ──────────────────────────────────────────────────────────────────────
2026-06-19 19:25:15,239 | INFO     | 🚀 Запуск mirror.py (Загрузка и фильтрация по РФ/СНГ/Европа)...
2026-06-19 19:25:36,757 | INFO     |   → DEBUG: mirror.py started
2026-06-19 19:25:36,758 | INFO     |   → DEBUG: BASE_PATH = /home/runner/work/vpn-vless-configs-russia/vpn-vless-configs-russia
2026-06-19 19:25:36,758 | INFO     |   → DEBUG: CONFIG_SOURCES_FILE = /home/runner/work/vpn-vless-configs-russia/vpn-vless-configs-russia/data/config_sources.json
2026-06-19 19:25:36,758 | INFO     |   → 📂 Загружено 62 источников из /home/runner/work/vpn-vless-configs-russia/vpn-vless-configs-russia/data/config_sources.json
2026-06-19 19:25:36,758 | INFO     |   → 🚀 Старт: всего источников: 62
2026-06-19 19:25:36,758 | INFO     |   → 1/62: ✅ 0 взято | 🗑️ 0 мусор
2026-06-19 19:25:36,758 | INFO     |   → 2/62: ✅ 0 взято | 🗑️ 0 мусор
2026-06-19 19:25:36,758 | INFO     |   → 3/62: ✅ 0 взято | 🗑️ 0 мусор
2026-06-19 19:25:36,758 | INFO     |   → 4/62: ✅ 0 взято | 🗑️ 0 мусор
2026-06-19 19:25:36,758 | INFO     |   → 5/62: ✅ 0 взято | 🗑️ 0 мусор
2026-06-19 19:25:36,758 | INFO     |   → 6/62: ✅ 0 взято | 🗑️ 0 мусор
2026-06-19 19:25:36,758 | INFO     |   → 7/62: ✅ 0 взято | 🗑️ 0 мусор
2026-06-19 19:25:36,758 | INFO     |   → 8/62: ✅ 0 взято | 🗑️ 0 мусор
2026-06-19 19:25:36,758 | INFO     |   → 9/62: ✅ 0 взято | 🗑️ 0 мусор
2026-06-19 19:25:36,758 | INFO     |   → 10/62: ✅ 0 взято | 🗑️ 0 мусор
2026-06-19 19:25:36,758 | INFO     |   → 11/62: ✅ 0 взято | 🗑️ 0 мусор
2026-06-19 19:25:36,758 | INFO     |   → 12/62: ✅ 0 взято | 🗑️ 0 мусор
2026-06-19 19:25:36,759 | INFO     |   → 13/62: ✅ 0 взято | 🗑️ 0 мусор
2026-06-19 19:25:36,759 | INFO     |   → 14/62: ✅ 0 взято | 🗑️ 0 мусор
2026-06-19 19:25:36,759 | INFO     |   → 15/62: ✅ 5 взято | 🗑️ 166 мусор
2026-06-19 19:25:36,759 | INFO     |   → 16/62: ✅ 0 взято | 🗑️ 115 мусор
2026-06-19 19:25:36,759 | INFO     |   → 17/62: ✅ 0 взято | 🗑️ 0 мусор
2026-06-19 19:25:36,759 | INFO     |   → 18/62: ✅ 0 взято | 🗑️ 0 мусор
2026-06-19 19:25:36,759 | INFO     |   → 19/62: ✅ 0 взято | 🗑️ 0 мусор
2026-06-19 19:25:36,759 | INFO     |   → 20/62: ✅ 1 взято | 🗑️ 169 мусор
2026-06-19 19:25:36,759 | INFO     |   → 21/62: ✅ 0 взято | 🗑️ 0 мусор
2026-06-19 19:25:36,759 | INFO     |   → 22/62: ✅ 1 взято | 🗑️ 213 мусор
2026-06-19 19:25:36,759 | INFO     |   → 23/62: ✅ 0 взято | 🗑️ 0 мусор
2026-06-19 19:25:36,759 | INFO     |   → 24/62: ✅ 0 взято | 🗑️ 0 мусор
2026-06-19 19:25:36,759 | INFO     |   → 25/62: ✅ 0 взято | 🗑️ 117 мусор
2026-06-19 19:25:36,759 | INFO     |   → 26/62: ✅ 1 взято | 🗑️ 141 мусор
2026-06-19 19:25:36,759 | INFO     |   → 27/62: ✅ 0 взято | 🗑️ 0 мусор
2026-06-19 19:25:36,759 | INFO     |   → 28/62: ✅ 0 взято | 🗑️ 137 мусор
2026-06-19 19:25:36,759 | INFO     |   → 29/62: ✅ 3 взято | 🗑️ 100 мусор
2026-06-19 19:25:36,759 | INFO     |   → 30/62: ✅ 0 взято | 🗑️ 0 мусор
2026-06-19 19:25:36,760 | INFO     |   → 31/62: ✅ 1 взято | 🗑️ 171 мусор
2026-06-19 19:25:36,760 | INFO     |   → 32/62: ✅ 0 взято | 🗑️ 0 мусор
2026-06-19 19:25:36,760 | INFO     |   → 33/62: ✅ 0 взято | 🗑️ 202 мусор
2026-06-19 19:25:36,760 | INFO     |   → 34/62: ✅ 0 взято | 🗑️ 0 мусор
2026-06-19 19:25:36,760 | INFO     |   → 35/62: ✅ 0 взято | 🗑️ 138 мусор
2026-06-19 19:25:36,760 | INFO     |   → 36/62: ✅ 0 взято | 🗑️ 0 мусор
2026-06-19 19:25:36,760 | INFO     |   → 37/62: ✅ 0 взято | 🗑️ 236 мусор
2026-06-19 19:25:36,760 | INFO     |   → 38/62: ✅ 0 взято | 🗑️ 0 мусор
2026-06-19 19:25:36,760 | INFO     |   → 39/62: ✅ 0 взято | 🗑️ 192 мусор
2026-06-19 19:25:36,760 | INFO     |   → 40/62: ✅ 0 взято | 🗑️ 0 мусор
2026-06-19 19:25:36,760 | INFO     |   → 41/62: ✅ 1 взято | 🗑️ 174 мусор
2026-06-19 19:25:36,760 | INFO     |   → 42/62: ✅ 0 взято | 🗑️ 0 мусор
2026-06-19 19:25:36,760 | INFO     |   → 43/62: ✅ 5 взято | 🗑️ 9 мусор
2026-06-19 19:25:36,760 | INFO     |   → 44/62: ✅ 0 взято | 🗑️ 9 мусор
2026-06-19 19:25:36,760 | INFO     |   → 45/62: ✅ 0 взято | 🗑️ 9 мусор
2026-06-19 19:25:36,760 | INFO     |   → 46/62: ✅ 0 взято | 🗑️ 9 мусор
2026-06-19 19:25:36,760 | INFO     |   → 47/62: ✅ 0 взято | 🗑️ 9 мусор
2026-06-19 19:25:36,760 | INFO     |   → 48/62: ✅ 0 взято | 🗑️ 9 мусор
2026-06-19 19:25:36,760 | INFO     |   → 49/62: ✅ 0 взято | 🗑️ 9 мусор
2026-06-19 19:25:36,760 | INFO     |   → 50/62: ✅ 0 взято | 🗑️ 9 мусор
2026-06-19 19:25:36,760 | INFO     |   → 51/62: ✅ 0 взято | 🗑️ 9 мусор
2026-06-19 19:25:36,761 | INFO     |   → 52/62: ✅ 0 взято | 🗑️ 9 мусор
2026-06-19 19:25:36,761 | INFO     |   → 53/62: ✅ 0 взято | 🗑️ 9 мусор
2026-06-19 19:25:36,761 | INFO     |   → 54/62: ✅ 0 взято | 🗑️ 9 мусор
2026-06-19 19:25:36,761 | INFO     |   → 55/62: ✅ 0 взято | 🗑️ 9 мусор
2026-06-19 19:25:36,761 | INFO     |   → 56/62: ✅ 0 взято | 🗑️ 9 мусор
2026-06-19 19:25:36,761 | INFO     |   → 57/62: ✅ 0 взято | 🗑️ 0 мусор
2026-06-19 19:25:36,761 | INFO     |   → 58/62: ✅ 4 взято | 🗑️ 458 мусор
2026-06-19 19:25:36,761 | INFO     |   → 59/62: ✅ 0 взято | 🗑️ 0 мусор
2026-06-19 19:25:36,761 | INFO     |   → 60/62: ✅ 1 взято | 🗑️ 164 мусор
2026-06-19 19:25:36,761 | INFO     |   → 61/62: ✅ 0 взято | 🗑️ 0 мусор
2026-06-19 19:25:36,761 | INFO     |   → 62/62: ✅ 6 взято | 🗑️ 221 мусор
2026-06-19 19:25:36,761 | INFO     |   → 📡 С sstap.org получено 0 ключей
2026-06-19 19:25:36,761 | INFO     |   → 📡 С sstap.org не добавлено ни одного ключа (все 0 отклонены фильтром)
2026-06-19 19:25:36,761 | INFO     |   → ✅ ГОТОВО!
2026-06-19 19:25:36,761 | INFO     |   →    📥 Всего ключей после фильтра: 29
2026-06-19 19:25:36,761 | INFO     |   →    🔗 Уникальных IP:PORT:SCHEME: 21
2026-06-19 19:25:36,761 | INFO     |   →    🗑️ Выброшено мусора: 3240
2026-06-19 19:25:36,761 | INFO     |   → 📊 По протоколам:
2026-06-19 19:25:36,761 | INFO     |   →    vless: 16
2026-06-19 19:25:36,761 | INFO     |   →    vmess: 1
2026-06-19 19:25:36,761 | INFO     |   →    trojan: 3
2026-06-19 19:25:36,761 | INFO     |   →    hysteria2: 1
2026-06-19 19:25:36,762 | INFO     | ✅ mirror.py завершён успешно
2026-06-19 19:25:36,762 | INFO     | 
2026-06-19 19:25:36,762 | INFO     | 
2026-06-19 19:25:36,762 | INFO     | ──────────────────────────────────────────────────────────────────────
2026-06-19 19:25:36,762 | INFO     | 📌 ЭТАП: Генерация 50 уникальных CF-VLESS
2026-06-19 19:25:36,762 | INFO     | ──────────────────────────────────────────────────────────────────────
2026-06-19 19:25:36,762 | INFO     | 🚀 Запуск generate_cf_vless.py (50 новых CF-VLESS)...
2026-06-19 19:25:36,942 | INFO     |   → === Генератор свежих VLESS-конфигов на IP Cloudflare ===
2026-06-19 19:25:36,943 | INFO     |   → ✅ Сгенерировано и сохранено 50 VLESS-конфигов.
2026-06-19 19:25:36,943 | INFO     |   → 📂 Файл: /home/runner/work/vpn-vless-configs-russia/vpn-vless-configs-russia/data/githubmirror/new/cf_fresh.txt
2026-06-19 19:25:36,943 | INFO     | ✅ generate_cf_vless.py завершён успешно
2026-06-19 19:25:36,943 | INFO     | 
2026-06-19 19:25:36,943 | INFO     | 
2026-06-19 19:25:36,943 | INFO     | ──────────────────────────────────────────────────────────────────────
2026-06-19 19:25:36,943 | INFO     | 📌 ЭТАП: Слияние CF с основным списком
2026-06-19 19:25:36,943 | INFO     | ──────────────────────────────────────────────────────────────────────
2026-06-19 19:25:36,945 | INFO     | 🔄 Добавлено 50 новых CF-VLESS в /home/runner/work/vpn-vless-configs-russia/vpn-vless-configs-russia/data/githubmirror/clean/vless.txt
2026-06-19 19:25:36,945 | INFO     | 📊 Всего в clean/vless.txt теперь: 66
2026-06-19 19:25:36,945 | INFO     | 
2026-06-19 19:25:36,945 | INFO     | 
2026-06-19 19:25:36,945 | INFO     | ──────────────────────────────────────────────────────────────────────
2026-06-19 19:25:36,945 | INFO     | 📌 ЭТАП: Фильтрация по реальному SNI
2026-06-19 19:25:36,945 | INFO     | ──────────────────────────────────────────────────────────────────────
2026-06-19 19:25:36,945 | INFO     | 🚀 Запуск filter_ru_sni.py (Фильтр по реальному SNI (CDN+RU))...
2026-06-19 19:25:36,973 | INFO     |   → hysteria2.txt: 1 → 0 (SNI-filtered)
2026-06-19 19:25:36,973 | INFO     |   →   trojan.txt: 3 → 0 (SNI-filtered)
2026-06-19 19:25:36,973 | INFO     |   →   vless.txt: 66 → 51 (SNI-filtered)
2026-06-19 19:25:36,973 | INFO     |   →   vmess.txt: 1 → 0 (SNI-filtered)
2026-06-19 19:25:36,973 | INFO     |   → ==================================================
2026-06-19 19:25:36,973 | INFO     |   →   Всего входных:  71
2026-06-19 19:25:36,973 | INFO     |   →   Прошли фильтр:  51
2026-06-19 19:25:36,973 | INFO     |   →   Отброшено:      20
2026-06-19 19:25:36,973 | INFO     |   → ==================================================
2026-06-19 19:25:36,974 | INFO     |   → Готово → /home/runner/work/vpn-vless-configs-russia/vpn-vless-configs-russia/data/githubmirror/ru-sni
2026-06-19 19:25:36,974 | INFO     | ✅ filter_ru_sni.py завершён успешно
2026-06-19 19:25:36,974 | INFO     | 
2026-06-19 19:25:36,974 | INFO     | 
2026-06-19 19:25:36,974 | INFO     | ──────────────────────────────────────────────────────────────────────
2026-06-19 19:25:36,974 | INFO     | 📌 ЭТАП: Экспериментальный RU-SNI фильтр
2026-06-19 19:25:36,974 | INFO     | ──────────────────────────────────────────────────────────────────────
2026-06-19 19:25:36,974 | INFO     | 🚀 Запуск filter_ru_sni_local.py (Экспериментальный фильтр по RU-SNI)...
2026-06-19 19:25:37,002 | INFO     |   → hysteria2.txt: 1 → 0 (RU-SNI)
2026-06-19 19:25:37,002 | INFO     |   → trojan.txt: 3 → 0 (RU-SNI)
2026-06-19 19:25:37,003 | INFO     |   → vless.txt: 66 → 0 (RU-SNI)
2026-06-19 19:25:37,003 | INFO     |   → vmess.txt: 1 → 0 (RU-SNI)
2026-06-19 19:25:37,003 | INFO     |   → ==================================================
2026-06-19 19:25:37,003 | INFO     |   → Всего входных:  71
2026-06-19 19:25:37,003 | INFO     |   → Прошли RU-SNI:  0
2026-06-19 19:25:37,003 | INFO     |   → Отброшено:      71
2026-06-19 19:25:37,003 | INFO     |   → ==================================================
2026-06-19 19:25:37,003 | INFO     |   → Готово → /home/runner/work/vpn-vless-configs-russia/vpn-vless-configs-russia/data/githubmirror/ru-sni-local
2026-06-19 19:25:37,003 | INFO     | ✅ filter_ru_sni_local.py завершён успешно
2026-06-19 19:25:37,003 | INFO     | 
2026-06-19 19:25:37,003 | INFO     | 
2026-06-19 19:25:37,003 | INFO     | ──────────────────────────────────────────────────────────────────────
2026-06-19 19:25:37,003 | INFO     | 📌 ЭТАП: Сбор статистики
2026-06-19 19:25:37,003 | INFO     | ──────────────────────────────────────────────────────────────────────
2026-06-19 19:25:37,003 | INFO     | 📊 Сбор статистики...
2026-06-19 19:25:37,004 | INFO     |   📁 githubmirror/clean:
2026-06-19 19:25:37,004 | INFO     |     • hysteria2   :     1 конфигов
2026-06-19 19:25:37,004 | INFO     |     • trojan      :     3 конфигов
2026-06-19 19:25:37,004 | INFO     |     • vless       :    66 конфигов
2026-06-19 19:25:37,004 | INFO     |     • vmess       :     1 конфигов
2026-06-19 19:25:37,004 | INFO     |   📁 githubmirror/ru-sni:
2026-06-19 19:25:37,005 | INFO     |     • hysteria2   :     0 конфигов (  0.0% от clean)
2026-06-19 19:25:37,005 | INFO     |     • trojan      :     0 конфигов (  0.0% от clean)
2026-06-19 19:25:37,005 | INFO     |     • vless       :    51 конфигов ( 77.3% от clean)
2026-06-19 19:25:37,005 | INFO     |     • vmess       :     0 конфигов (  0.0% от clean)
2026-06-19 19:25:37,005 | INFO     |   ✨ Новых CF-VLESS в этом запуске: 50
2026-06-19 19:25:37,005 | INFO     | 
2026-06-19 19:25:37,005 | INFO     |   ──────────────────────────────────────────────────
2026-06-19 19:25:37,005 | INFO     |   📈 ИТОГО:
2026-06-19 19:25:37,005 | INFO     |     Clean (после geo-фильтра):       71
2026-06-19 19:25:37,005 | INFO     |     RU-SNI (после SNI-фильтра):      51
2026-06-19 19:25:37,006 | INFO     |     Прошло фильтр:                 71.8%
2026-06-19 19:25:37,006 | INFO     |   ──────────────────────────────────────────────────
2026-06-19 19:25:37,006 | INFO     | ✅ Статистика сохранена: /home/runner/work/vpn-vless-configs-russia/vpn-vless-configs-russia/data/stats.json
2026-06-19 19:25:37,006 | INFO     | 
2026-06-19 19:25:37,006 | INFO     | ======================================================================
2026-06-19 19:25:37,006 | INFO     | 📊 ИТОГОВЫЙ ОТЧЁТ
2026-06-19 19:25:37,006 | INFO     | ======================================================================
2026-06-19 19:25:37,006 | INFO     |   ✅ OK         | Загрузка и geo-фильтрация
2026-06-19 19:25:37,006 | INFO     |   ✅ OK         | Генерация 50 уникальных CF-VLESS
2026-06-19 19:25:37,006 | INFO     |   ✅ OK         | Слияние CF с основным списком
2026-06-19 19:25:37,006 | INFO     |   ✅ OK         | Фильтрация по реальному SNI
2026-06-19 19:25:37,006 | INFO     |   ✅ OK         | Экспериментальный RU-SNI фильтр
2026-06-19 19:25:37,006 | INFO     |   ✅ OK         | Сбор статистики
2026-06-19 19:25:37,007 | INFO     | ──────────────────────────────────────────────────────────────────────
2026-06-19 19:25:37,007 | INFO     | ✅ ВСЕ ЭТАПЫ УСПЕШНЫ (6/6)
2026-06-19 19:25:37,007 | INFO     | ⏰ Время завершения: 2026-06-19 19:25:37
2026-06-19 19:25:37,007 | INFO     | ======================================================================
