2026-06-12 02:15:49,011 | INFO     | ======================================================================
2026-06-12 02:15:49,011 | INFO     | 🔍 VPN KEY CHECKER - Начало проверки
2026-06-12 02:15:49,011 | INFO     | ⏰ Время старта: 2026-06-12 02:15:49
2026-06-12 02:15:49,011 | INFO     | 📂 Рабочая директория: /home/runner/work/vpn-vless-configs-russia/vpn-vless-configs-russia
2026-06-12 02:15:49,011 | INFO     | ======================================================================
2026-06-12 02:15:49,011 | INFO     | 
2026-06-12 02:15:49,011 | INFO     | 🔍 Проверка наличия скриптов...
2026-06-12 02:15:49,011 | INFO     |   ✅ mirror.py
2026-06-12 02:15:49,011 | INFO     |   ✅ generate_cf_vless.py
2026-06-12 02:15:49,011 | INFO     |   ✅ filter_ru_sni.py
2026-06-12 02:15:49,011 | INFO     |   ✅ filter_ru_sni_local.py
2026-06-12 02:15:49,011 | INFO     | 
2026-06-12 02:15:49,011 | INFO     | ──────────────────────────────────────────────────────────────────────
2026-06-12 02:15:49,011 | INFO     | 📌 ЭТАП: Загрузка и geo-фильтрация
2026-06-12 02:15:49,011 | INFO     | ──────────────────────────────────────────────────────────────────────
2026-06-12 02:15:49,011 | INFO     | 🚀 Запуск mirror.py (Загрузка и фильтрация по РФ/СНГ/Европа)...
2026-06-12 02:16:14,701 | INFO     |   → DEBUG: mirror.py started
2026-06-12 02:16:14,701 | INFO     |   → DEBUG: BASE_PATH = /home/runner/work/vpn-vless-configs-russia/vpn-vless-configs-russia
2026-06-12 02:16:14,701 | INFO     |   → DEBUG: CONFIG_SOURCES_FILE = /home/runner/work/vpn-vless-configs-russia/vpn-vless-configs-russia/data/config_sources.json
2026-06-12 02:16:14,701 | INFO     |   → 📂 Загружено 66 источников из /home/runner/work/vpn-vless-configs-russia/vpn-vless-configs-russia/data/config_sources.json
2026-06-12 02:16:14,701 | INFO     |   → 🚀 Старт: всего источников: 66
2026-06-12 02:16:14,701 | INFO     |   → 1/66: ✅ 0 взято | 🗑️ 0 мусор
2026-06-12 02:16:14,701 | INFO     |   → 2/66: ✅ 0 взято | 🗑️ 0 мусор
2026-06-12 02:16:14,701 | INFO     |   → 3/66: ✅ 0 взято | 🗑️ 0 мусор
2026-06-12 02:16:14,701 | INFO     |   → 4/66: ✅ 0 взято | 🗑️ 0 мусор
2026-06-12 02:16:14,701 | INFO     |   → 5/66: ✅ 0 взято | 🗑️ 0 мусор
2026-06-12 02:16:14,701 | INFO     |   → 6/66: ✅ 0 взято | 🗑️ 0 мусор
2026-06-12 02:16:14,702 | INFO     |   → 7/66: ✅ 0 взято | 🗑️ 0 мусор
2026-06-12 02:16:14,702 | INFO     |   → 8/66: ✅ 0 взято | 🗑️ 0 мусор
2026-06-12 02:16:14,702 | INFO     |   → 9/66: ✅ 0 взято | 🗑️ 0 мусор
2026-06-12 02:16:14,702 | INFO     |   → 10/66: ✅ 0 взято | 🗑️ 0 мусор
2026-06-12 02:16:14,702 | INFO     |   → 11/66: ✅ 0 взято | 🗑️ 0 мусор
2026-06-12 02:16:14,702 | INFO     |   → 12/66: ✅ 0 взято | 🗑️ 0 мусор
2026-06-12 02:16:14,702 | INFO     |   → 13/66: ✅ 0 взято | 🗑️ 0 мусор
2026-06-12 02:16:14,702 | INFO     |   → 14/66: ✅ 0 взято | 🗑️ 0 мусор
2026-06-12 02:16:14,702 | INFO     |   → 15/66: ✅ 0 взято | 🗑️ 0 мусор
2026-06-12 02:16:14,702 | INFO     |   → 16/66: ✅ 0 взято | 🗑️ 0 мусор
2026-06-12 02:16:14,702 | INFO     |   → 17/66: ✅ 0 взято | 🗑️ 0 мусор
2026-06-12 02:16:14,702 | INFO     |   → 18/66: ✅ 0 взято | 🗑️ 0 мусор
2026-06-12 02:16:14,702 | INFO     |   → 19/66: ✅ 11 взято | 🗑️ 232 мусор
2026-06-12 02:16:14,702 | INFO     |   → 20/66: ✅ 4 взято | 🗑️ 151 мусор
2026-06-12 02:16:14,702 | INFO     |   → 21/66: ✅ 0 взято | 🗑️ 0 мусор
2026-06-12 02:16:14,702 | INFO     |   → 22/66: ✅ 0 взято | 🗑️ 0 мусор
2026-06-12 02:16:14,702 | INFO     |   → 23/66: ✅ 7 взято | 🗑️ 113 мусор
2026-06-12 02:16:14,702 | INFO     |   → 24/66: ✅ 0 взято | 🗑️ 0 мусор
2026-06-12 02:16:14,702 | INFO     |   → 25/66: ✅ 0 взято | 🗑️ 0 мусор
2026-06-12 02:16:14,702 | INFO     |   → 26/66: ✅ 2 взято | 🗑️ 124 мусор
2026-06-12 02:16:14,702 | INFO     |   → 27/66: ✅ 2 взято | 🗑️ 115 мусор
2026-06-12 02:16:14,702 | INFO     |   → 28/66: ✅ 7 взято | 🗑️ 179 мусор
2026-06-12 02:16:14,702 | INFO     |   → 29/66: ✅ 1 взято | 🗑️ 279 мусор
2026-06-12 02:16:14,702 | INFO     |   → 30/66: ✅ 1 взято | 🗑️ 109 мусор
2026-06-12 02:16:14,702 | INFO     |   → 31/66: ✅ 0 взято | 🗑️ 0 мусор
2026-06-12 02:16:14,702 | INFO     |   → 32/66: ✅ 0 взято | 🗑️ 0 мусор
2026-06-12 02:16:14,702 | INFO     |   → 33/66: ✅ 0 взято | 🗑️ 0 мусор
2026-06-12 02:16:14,702 | INFO     |   → 34/66: ✅ 0 взято | 🗑️ 0 мусор
2026-06-12 02:16:14,702 | INFO     |   → 35/66: ✅ 3 взято | 🗑️ 145 мусор
2026-06-12 02:16:14,702 | INFO     |   → 36/66: ✅ 0 взято | 🗑️ 0 мусор
2026-06-12 02:16:14,702 | INFO     |   → 37/66: ✅ 0 взято | 🗑️ 157 мусор
2026-06-12 02:16:14,702 | INFO     |   → 38/66: ✅ 0 взято | 🗑️ 0 мусор
2026-06-12 02:16:14,703 | INFO     |   → 39/66: ✅ 0 взято | 🗑️ 131 мусор
2026-06-12 02:16:14,703 | INFO     |   → 40/66: ✅ 0 взято | 🗑️ 0 мусор
2026-06-12 02:16:14,703 | INFO     |   → 41/66: ✅ 1 взято | 🗑️ 124 мусор
2026-06-12 02:16:14,703 | INFO     |   → 42/66: ✅ 0 взято | 🗑️ 0 мусор
2026-06-12 02:16:14,703 | INFO     |   → 43/66: ✅ 2 взято | 🗑️ 189 мусор
2026-06-12 02:16:14,703 | INFO     |   → 44/66: ✅ 0 взято | 🗑️ 0 мусор
2026-06-12 02:16:14,703 | INFO     |   → 45/66: ✅ 1 взято | 🗑️ 279 мусор
2026-06-12 02:16:14,703 | INFO     |   → 46/66: ✅ 0 взято | 🗑️ 0 мусор
2026-06-12 02:16:14,703 | INFO     |   → 47/66: ✅ 0 взято | 🗑️ 270 мусор
2026-06-12 02:16:14,703 | INFO     |   → 48/66: ✅ 0 взято | 🗑️ 0 мусор
2026-06-12 02:16:14,703 | INFO     |   → 49/66: ✅ 0 взято | 🗑️ 161 мусор
2026-06-12 02:16:14,703 | INFO     |   → 50/66: ✅ 0 взято | 🗑️ 0 мусор
2026-06-12 02:16:14,703 | INFO     |   → 51/66: ✅ 13 взято | 🗑️ 7 мусор
2026-06-12 02:16:14,703 | INFO     |   → 52/66: ✅ 0 взято | 🗑️ 7 мусор
2026-06-12 02:16:14,703 | INFO     |   → 53/66: ✅ 0 взято | 🗑️ 7 мусор
2026-06-12 02:16:14,703 | INFO     |   → 54/66: ✅ 0 взято | 🗑️ 7 мусор
2026-06-12 02:16:14,703 | INFO     |   → 55/66: ✅ 0 взято | 🗑️ 7 мусор
2026-06-12 02:16:14,703 | INFO     |   → 56/66: ✅ 0 взято | 🗑️ 7 мусор
2026-06-12 02:16:14,703 | INFO     |   → 57/66: ✅ 0 взято | 🗑️ 7 мусор
2026-06-12 02:16:14,703 | INFO     |   → 58/66: ✅ 5 взято | 🗑️ 9 мусор
2026-06-12 02:16:14,703 | INFO     |   → 59/66: ✅ 0 взято | 🗑️ 7 мусор
2026-06-12 02:16:14,703 | INFO     |   → 60/66: ✅ 0 взято | 🗑️ 7 мусор
2026-06-12 02:16:14,703 | INFO     |   → 61/66: ✅ 0 взято | 🗑️ 7 мусор
2026-06-12 02:16:14,703 | INFO     |   → 62/66: ✅ 0 взято | 🗑️ 7 мусор
2026-06-12 02:16:14,703 | INFO     |   → 63/66: ✅ 0 взято | 🗑️ 7 мусор
2026-06-12 02:16:14,703 | INFO     |   → 64/66: ✅ 0 взято | 🗑️ 7 мусор
2026-06-12 02:16:14,704 | INFO     |   → 65/66: ✅ 0 взято | 🗑️ 7 мусор
2026-06-12 02:16:14,704 | INFO     |   → 66/66: ✅ 0 взято | 🗑️ 9 мусор
2026-06-12 02:16:14,704 | INFO     |   → 📡 С sstap.org получено 0 ключей
2026-06-12 02:16:14,704 | INFO     |   → 📡 С sstap.org не добавлено ни одного ключа (все 0 отклонены фильтром)
2026-06-12 02:16:14,704 | INFO     |   → ✅ ГОТОВО!
2026-06-12 02:16:14,704 | INFO     |   →    📥 Всего ключей после фильтра: 60
2026-06-12 02:16:14,704 | INFO     |   →    🔗 Уникальных IP:PORT:SCHEME: 40
2026-06-12 02:16:14,704 | INFO     |   →    🗑️ Выброшено мусора: 2874
2026-06-12 02:16:14,704 | INFO     |   → 📊 По протоколам:
2026-06-12 02:16:14,704 | INFO     |   →    vless: 24
2026-06-12 02:16:14,704 | INFO     |   →    vmess: 2
2026-06-12 02:16:14,704 | INFO     |   →    trojan: 9
2026-06-12 02:16:14,704 | INFO     |   →    ss: 3
2026-06-12 02:16:14,704 | INFO     |   →    hysteria2: 2
2026-06-12 02:16:14,704 | INFO     | ✅ mirror.py завершён успешно
2026-06-12 02:16:14,704 | INFO     | 
2026-06-12 02:16:14,704 | INFO     | 
2026-06-12 02:16:14,704 | INFO     | ──────────────────────────────────────────────────────────────────────
2026-06-12 02:16:14,704 | INFO     | 📌 ЭТАП: Генерация 50 уникальных CF-VLESS
2026-06-12 02:16:14,704 | INFO     | ──────────────────────────────────────────────────────────────────────
2026-06-12 02:16:14,704 | INFO     | 🚀 Запуск generate_cf_vless.py (50 новых CF-VLESS)...
2026-06-12 02:16:14,878 | INFO     |   → === Генератор свежих VLESS-конфигов на IP Cloudflare ===
2026-06-12 02:16:14,878 | INFO     |   → ✅ Сгенерировано и сохранено 50 VLESS-конфигов.
2026-06-12 02:16:14,878 | INFO     |   → 📂 Файл: /home/runner/work/vpn-vless-configs-russia/vpn-vless-configs-russia/data/githubmirror/new/cf_fresh.txt
2026-06-12 02:16:14,878 | INFO     | ✅ generate_cf_vless.py завершён успешно
2026-06-12 02:16:14,878 | INFO     | 
2026-06-12 02:16:14,878 | INFO     | 
2026-06-12 02:16:14,878 | INFO     | ──────────────────────────────────────────────────────────────────────
2026-06-12 02:16:14,878 | INFO     | 📌 ЭТАП: Слияние CF с основным списком
2026-06-12 02:16:14,878 | INFO     | ──────────────────────────────────────────────────────────────────────
2026-06-12 02:16:14,879 | INFO     | 🔄 Добавлено 50 новых CF-VLESS в /home/runner/work/vpn-vless-configs-russia/vpn-vless-configs-russia/data/githubmirror/clean/vless.txt
2026-06-12 02:16:14,879 | INFO     | 📊 Всего в clean/vless.txt теперь: 74
2026-06-12 02:16:14,879 | INFO     | 
2026-06-12 02:16:14,879 | INFO     | 
2026-06-12 02:16:14,879 | INFO     | ──────────────────────────────────────────────────────────────────────
2026-06-12 02:16:14,879 | INFO     | 📌 ЭТАП: Фильтрация по реальному SNI
2026-06-12 02:16:14,879 | INFO     | ──────────────────────────────────────────────────────────────────────
2026-06-12 02:16:14,879 | INFO     | 🚀 Запуск filter_ru_sni.py (Фильтр по реальному SNI (CDN+RU))...
2026-06-12 02:16:14,909 | INFO     |   → hysteria2.txt: 2 → 1 (SNI-filtered)
2026-06-12 02:16:14,909 | INFO     |   →   ss.txt: 3 → 0 (SNI-filtered)
2026-06-12 02:16:14,909 | INFO     |   →   trojan.txt: 9 → 0 (SNI-filtered)
2026-06-12 02:16:14,909 | INFO     |   →   vless.txt: 74 → 56 (SNI-filtered)
2026-06-12 02:16:14,909 | INFO     |   →   vmess.txt: 2 → 0 (SNI-filtered)
2026-06-12 02:16:14,909 | INFO     |   → ==================================================
2026-06-12 02:16:14,909 | INFO     |   →   Всего входных:  90
2026-06-12 02:16:14,909 | INFO     |   →   Прошли фильтр:  57
2026-06-12 02:16:14,909 | INFO     |   →   Отброшено:      33
2026-06-12 02:16:14,909 | INFO     |   → ==================================================
2026-06-12 02:16:14,909 | INFO     |   → Готово → /home/runner/work/vpn-vless-configs-russia/vpn-vless-configs-russia/data/githubmirror/ru-sni
2026-06-12 02:16:14,909 | INFO     | ✅ filter_ru_sni.py завершён успешно
2026-06-12 02:16:14,909 | INFO     | 
2026-06-12 02:16:14,909 | INFO     | 
2026-06-12 02:16:14,909 | INFO     | ──────────────────────────────────────────────────────────────────────
2026-06-12 02:16:14,910 | INFO     | 📌 ЭТАП: Экспериментальный RU-SNI фильтр
2026-06-12 02:16:14,910 | INFO     | ──────────────────────────────────────────────────────────────────────
2026-06-12 02:16:14,910 | INFO     | 🚀 Запуск filter_ru_sni_local.py (Экспериментальный фильтр по RU-SNI)...
2026-06-12 02:16:14,940 | INFO     |   → hysteria2.txt: 2 → 0 (RU-SNI)
2026-06-12 02:16:14,940 | INFO     |   → ss.txt: 3 → 0 (RU-SNI)
2026-06-12 02:16:14,940 | INFO     |   → trojan.txt: 9 → 0 (RU-SNI)
2026-06-12 02:16:14,940 | INFO     |   → vless.txt: 74 → 1 (RU-SNI)
2026-06-12 02:16:14,940 | INFO     |   → vmess.txt: 2 → 0 (RU-SNI)
2026-06-12 02:16:14,940 | INFO     |   → ==================================================
2026-06-12 02:16:14,940 | INFO     |   → Всего входных:  90
2026-06-12 02:16:14,940 | INFO     |   → Прошли RU-SNI:  1
2026-06-12 02:16:14,940 | INFO     |   → Отброшено:      89
2026-06-12 02:16:14,940 | INFO     |   → ==================================================
2026-06-12 02:16:14,940 | INFO     |   → Готово → /home/runner/work/vpn-vless-configs-russia/vpn-vless-configs-russia/data/githubmirror/ru-sni-local
2026-06-12 02:16:14,940 | INFO     | ✅ filter_ru_sni_local.py завершён успешно
2026-06-12 02:16:14,940 | INFO     | 
2026-06-12 02:16:14,940 | INFO     | 
2026-06-12 02:16:14,940 | INFO     | ──────────────────────────────────────────────────────────────────────
2026-06-12 02:16:14,940 | INFO     | 📌 ЭТАП: Сбор статистики
2026-06-12 02:16:14,940 | INFO     | ──────────────────────────────────────────────────────────────────────
2026-06-12 02:16:14,940 | INFO     | 📊 Сбор статистики...
2026-06-12 02:16:14,940 | INFO     |   📁 githubmirror/clean:
2026-06-12 02:16:14,941 | INFO     |     • hysteria2   :     2 конфигов
2026-06-12 02:16:14,941 | INFO     |     • ss          :     3 конфигов
2026-06-12 02:16:14,941 | INFO     |     • trojan      :     9 конфигов
2026-06-12 02:16:14,941 | INFO     |     • vless       :    74 конфигов
2026-06-12 02:16:14,941 | INFO     |     • vmess       :     2 конфигов
2026-06-12 02:16:14,941 | INFO     |   📁 githubmirror/ru-sni:
2026-06-12 02:16:14,941 | INFO     |     • hysteria2   :     1 конфигов ( 50.0% от clean)
2026-06-12 02:16:14,942 | INFO     |     • ss          :     0 конфигов (  0.0% от clean)
2026-06-12 02:16:14,942 | INFO     |     • trojan      :     0 конфигов (  0.0% от clean)
2026-06-12 02:16:14,942 | INFO     |     • vless       :    56 конфигов ( 75.7% от clean)
2026-06-12 02:16:14,942 | INFO     |     • vmess       :     0 конфигов (  0.0% от clean)
2026-06-12 02:16:14,942 | INFO     |   ✨ Новых CF-VLESS в этом запуске: 50
2026-06-12 02:16:14,942 | INFO     | 
2026-06-12 02:16:14,942 | INFO     |   ──────────────────────────────────────────────────
2026-06-12 02:16:14,942 | INFO     |   📈 ИТОГО:
2026-06-12 02:16:14,942 | INFO     |     Clean (после geo-фильтра):       90
2026-06-12 02:16:14,942 | INFO     |     RU-SNI (после SNI-фильтра):      57
2026-06-12 02:16:14,942 | INFO     |     Прошло фильтр:                 63.3%
2026-06-12 02:16:14,942 | INFO     |   ──────────────────────────────────────────────────
2026-06-12 02:16:14,942 | INFO     | ✅ Статистика сохранена: /home/runner/work/vpn-vless-configs-russia/vpn-vless-configs-russia/data/stats.json
2026-06-12 02:16:14,942 | INFO     | 
2026-06-12 02:16:14,942 | INFO     | ======================================================================
2026-06-12 02:16:14,942 | INFO     | 📊 ИТОГОВЫЙ ОТЧЁТ
2026-06-12 02:16:14,943 | INFO     | ======================================================================
2026-06-12 02:16:14,943 | INFO     |   ✅ OK         | Загрузка и geo-фильтрация
2026-06-12 02:16:14,943 | INFO     |   ✅ OK         | Генерация 50 уникальных CF-VLESS
2026-06-12 02:16:14,943 | INFO     |   ✅ OK         | Слияние CF с основным списком
2026-06-12 02:16:14,943 | INFO     |   ✅ OK         | Фильтрация по реальному SNI
2026-06-12 02:16:14,943 | INFO     |   ✅ OK         | Экспериментальный RU-SNI фильтр
2026-06-12 02:16:14,943 | INFO     |   ✅ OK         | Сбор статистики
2026-06-12 02:16:14,943 | INFO     | ──────────────────────────────────────────────────────────────────────
2026-06-12 02:16:14,943 | INFO     | ✅ ВСЕ ЭТАПЫ УСПЕШНЫ (6/6)
2026-06-12 02:16:14,943 | INFO     | ⏰ Время завершения: 2026-06-12 02:16:14
2026-06-12 02:16:14,943 | INFO     | ======================================================================
