2026-06-10 21:52:26,959 | INFO     | ======================================================================
2026-06-10 21:52:26,960 | INFO     | 🔍 VPN KEY CHECKER - Начало проверки
2026-06-10 21:52:26,960 | INFO     | ⏰ Время старта: 2026-06-10 21:52:26
2026-06-10 21:52:26,960 | INFO     | 📂 Рабочая директория: /home/runner/work/vpn-vless-configs-russia/vpn-vless-configs-russia
2026-06-10 21:52:26,960 | INFO     | ======================================================================
2026-06-10 21:52:26,960 | INFO     | 
2026-06-10 21:52:26,960 | INFO     | 🔍 Проверка наличия скриптов...
2026-06-10 21:52:26,960 | INFO     |   ✅ mirror.py
2026-06-10 21:52:26,960 | INFO     |   ✅ generate_cf_vless.py
2026-06-10 21:52:26,960 | INFO     |   ✅ filter_ru_sni.py
2026-06-10 21:52:26,960 | INFO     |   ✅ filter_ru_sni_local.py
2026-06-10 21:52:26,960 | INFO     | 
2026-06-10 21:52:26,960 | INFO     | ──────────────────────────────────────────────────────────────────────
2026-06-10 21:52:26,960 | INFO     | 📌 ЭТАП: Загрузка и geo-фильтрация
2026-06-10 21:52:26,960 | INFO     | ──────────────────────────────────────────────────────────────────────
2026-06-10 21:52:26,961 | INFO     | 🚀 Запуск mirror.py (Загрузка и фильтрация по РФ/СНГ/Европа)...
2026-06-10 21:52:50,002 | INFO     |   → DEBUG: mirror.py started
2026-06-10 21:52:50,003 | INFO     |   → DEBUG: BASE_PATH = /home/runner/work/vpn-vless-configs-russia/vpn-vless-configs-russia
2026-06-10 21:52:50,003 | INFO     |   → DEBUG: CONFIG_SOURCES_FILE = /home/runner/work/vpn-vless-configs-russia/vpn-vless-configs-russia/data/config_sources.json
2026-06-10 21:52:50,003 | INFO     |   → 📂 Загружено 56 источников из /home/runner/work/vpn-vless-configs-russia/vpn-vless-configs-russia/data/config_sources.json
2026-06-10 21:52:50,003 | INFO     |   → 🚀 Старт: всего источников: 56
2026-06-10 21:52:50,003 | INFO     |   → 1/56: ✅ 0 взято | 🗑️ 0 мусор
2026-06-10 21:52:50,003 | INFO     |   → 2/56: ✅ 0 взято | 🗑️ 0 мусор
2026-06-10 21:52:50,003 | INFO     |   → 3/56: ✅ 0 взято | 🗑️ 0 мусор
2026-06-10 21:52:50,003 | INFO     |   → 4/56: ✅ 0 взято | 🗑️ 0 мусор
2026-06-10 21:52:50,003 | INFO     |   → 5/56: ✅ 0 взято | 🗑️ 0 мусор
2026-06-10 21:52:50,003 | INFO     |   → 6/56: ✅ 0 взято | 🗑️ 0 мусор
2026-06-10 21:52:50,003 | INFO     |   → 7/56: ✅ 0 взято | 🗑️ 0 мусор
2026-06-10 21:52:50,003 | INFO     |   → 8/56: ✅ 0 взято | 🗑️ 0 мусор
2026-06-10 21:52:50,003 | INFO     |   → 9/56: ✅ 0 взято | 🗑️ 0 мусор
2026-06-10 21:52:50,003 | INFO     |   → 10/56: ✅ 0 взято | 🗑️ 0 мусор
2026-06-10 21:52:50,003 | INFO     |   → 11/56: ✅ 0 взято | 🗑️ 0 мусор
2026-06-10 21:52:50,003 | INFO     |   → 12/56: ✅ 0 взято | 🗑️ 0 мусор
2026-06-10 21:52:50,003 | INFO     |   → 13/56: ✅ 0 взято | 🗑️ 0 мусор
2026-06-10 21:52:50,004 | INFO     |   → 14/56: ✅ 0 взято | 🗑️ 0 мусор
2026-06-10 21:52:50,004 | INFO     |   → 15/56: ✅ 11 взято | 🗑️ 232 мусор
2026-06-10 21:52:50,004 | INFO     |   → 16/56: ✅ 4 взято | 🗑️ 151 мусор
2026-06-10 21:52:50,004 | INFO     |   → 17/56: ✅ 0 взято | 🗑️ 0 мусор
2026-06-10 21:52:50,004 | INFO     |   → 18/56: ✅ 7 взято | 🗑️ 113 мусор
2026-06-10 21:52:50,004 | INFO     |   → 19/56: ✅ 0 взято | 🗑️ 0 мусор
2026-06-10 21:52:50,004 | INFO     |   → 20/56: ✅ 0 взято | 🗑️ 0 мусор
2026-06-10 21:52:50,004 | INFO     |   → 21/56: ✅ 2 взято | 🗑️ 124 мусор
2026-06-10 21:52:50,004 | INFO     |   → 22/56: ✅ 2 взято | 🗑️ 115 мусор
2026-06-10 21:52:50,004 | INFO     |   → 23/56: ✅ 1 взято | 🗑️ 279 мусор
2026-06-10 21:52:50,004 | INFO     |   → 24/56: ✅ 1 взято | 🗑️ 109 мусор
2026-06-10 21:52:50,004 | INFO     |   → 25/56: ✅ 0 взято | 🗑️ 0 мусор
2026-06-10 21:52:50,004 | INFO     |   → 26/56: ✅ 0 взято | 🗑️ 0 мусор
2026-06-10 21:52:50,004 | INFO     |   → 27/56: ✅ 0 взято | 🗑️ 0 мусор
2026-06-10 21:52:50,004 | INFO     |   → 28/56: ✅ 0 взято | 🗑️ 0 мусор
2026-06-10 21:52:50,004 | INFO     |   → 29/56: ✅ 3 взято | 🗑️ 145 мусор
2026-06-10 21:52:50,004 | INFO     |   → 30/56: ✅ 0 взято | 🗑️ 0 мусор
2026-06-10 21:52:50,004 | INFO     |   → 31/56: ✅ 0 взято | 🗑️ 157 мусор
2026-06-10 21:52:50,004 | INFO     |   → 32/56: ✅ 0 взято | 🗑️ 0 мусор
2026-06-10 21:52:50,004 | INFO     |   → 33/56: ✅ 0 взято | 🗑️ 131 мусор
2026-06-10 21:52:50,004 | INFO     |   → 34/56: ✅ 0 взято | 🗑️ 0 мусор
2026-06-10 21:52:50,005 | INFO     |   → 35/56: ✅ 1 взято | 🗑️ 124 мусор
2026-06-10 21:52:50,005 | INFO     |   → 36/56: ✅ 0 взято | 🗑️ 0 мусор
2026-06-10 21:52:50,005 | INFO     |   → 37/56: ✅ 2 взято | 🗑️ 189 мусор
2026-06-10 21:52:50,005 | INFO     |   → 38/56: ✅ 0 взято | 🗑️ 0 мусор
2026-06-10 21:52:50,005 | INFO     |   → 39/56: ✅ 1 взято | 🗑️ 279 мусор
2026-06-10 21:52:50,005 | INFO     |   → 40/56: ✅ 0 взято | 🗑️ 0 мусор
2026-06-10 21:52:50,005 | INFO     |   → 41/56: ✅ 0 взято | 🗑️ 270 мусор
2026-06-10 21:52:50,005 | INFO     |   → 42/56: ✅ 0 взято | 🗑️ 0 мусор
2026-06-10 21:52:50,005 | INFO     |   → 43/56: ✅ 13 взято | 🗑️ 7 мусор
2026-06-10 21:52:50,005 | INFO     |   → 44/56: ✅ 0 взято | 🗑️ 7 мусор
2026-06-10 21:52:50,005 | INFO     |   → 45/56: ✅ 0 взято | 🗑️ 7 мусор
2026-06-10 21:52:50,005 | INFO     |   → 46/56: ✅ 0 взято | 🗑️ 7 мусор
2026-06-10 21:52:50,005 | INFO     |   → 47/56: ✅ 0 взято | 🗑️ 7 мусор
2026-06-10 21:52:50,005 | INFO     |   → 48/56: ✅ 0 взято | 🗑️ 7 мусор
2026-06-10 21:52:50,005 | INFO     |   → 49/56: ✅ 0 взято | 🗑️ 7 мусор
2026-06-10 21:52:50,005 | INFO     |   → 50/56: ✅ 0 взято | 🗑️ 7 мусор
2026-06-10 21:52:50,005 | INFO     |   → 51/56: ✅ 0 взято | 🗑️ 7 мусор
2026-06-10 21:52:50,005 | INFO     |   → 52/56: ✅ 0 взято | 🗑️ 7 мусор
2026-06-10 21:52:50,006 | INFO     |   → 53/56: ✅ 0 взято | 🗑️ 7 мусор
2026-06-10 21:52:50,006 | INFO     |   → 54/56: ✅ 0 взято | 🗑️ 7 мусор
2026-06-10 21:52:50,006 | INFO     |   → 55/56: ✅ 0 взято | 🗑️ 7 мусор
2026-06-10 21:52:50,006 | INFO     |   → 56/56: ✅ 0 взято | 🗑️ 7 мусор
2026-06-10 21:52:50,006 | INFO     |   → 📡 С sstap.org получено 0 ключей
2026-06-10 21:52:50,006 | INFO     |   → 📡 С sstap.org не добавлено ни одного ключа (все 0 отклонены фильтром)
2026-06-10 21:52:50,006 | INFO     |   → ✅ ГОТОВО!
2026-06-10 21:52:50,006 | INFO     |   →    📥 Всего ключей после фильтра: 48
2026-06-10 21:52:50,006 | INFO     |   →    🔗 Уникальных IP:PORT:SCHEME: 31
2026-06-10 21:52:50,006 | INFO     |   →    🗑️ Выброшено мусора: 2516
2026-06-10 21:52:50,006 | INFO     |   → 📊 По протоколам:
2026-06-10 21:52:50,006 | INFO     |   →    vless: 19
2026-06-10 21:52:50,006 | INFO     |   →    vmess: 1
2026-06-10 21:52:50,006 | INFO     |   →    trojan: 6
2026-06-10 21:52:50,006 | INFO     |   →    ss: 3
2026-06-10 21:52:50,006 | INFO     |   →    hysteria2: 2
2026-06-10 21:52:50,006 | INFO     | ✅ mirror.py завершён успешно
2026-06-10 21:52:50,006 | INFO     | 
2026-06-10 21:52:50,006 | INFO     | 
2026-06-10 21:52:50,006 | INFO     | ──────────────────────────────────────────────────────────────────────
2026-06-10 21:52:50,007 | INFO     | 📌 ЭТАП: Генерация 50 уникальных CF-VLESS
2026-06-10 21:52:50,007 | INFO     | ──────────────────────────────────────────────────────────────────────
2026-06-10 21:52:50,007 | INFO     | 🚀 Запуск generate_cf_vless.py (50 новых CF-VLESS)...
2026-06-10 21:52:50,201 | INFO     |   → === Генератор свежих VLESS-конфигов на IP Cloudflare ===
2026-06-10 21:52:50,201 | INFO     |   → ✅ Сгенерировано и сохранено 50 VLESS-конфигов.
2026-06-10 21:52:50,201 | INFO     |   → 📂 Файл: /home/runner/work/vpn-vless-configs-russia/vpn-vless-configs-russia/data/githubmirror/new/cf_fresh.txt
2026-06-10 21:52:50,201 | INFO     | ✅ generate_cf_vless.py завершён успешно
2026-06-10 21:52:50,201 | INFO     | 
2026-06-10 21:52:50,201 | INFO     | 
2026-06-10 21:52:50,201 | INFO     | ──────────────────────────────────────────────────────────────────────
2026-06-10 21:52:50,201 | INFO     | 📌 ЭТАП: Слияние CF с основным списком
2026-06-10 21:52:50,202 | INFO     | ──────────────────────────────────────────────────────────────────────
2026-06-10 21:52:50,203 | INFO     | 🔄 Добавлено 50 новых CF-VLESS в /home/runner/work/vpn-vless-configs-russia/vpn-vless-configs-russia/data/githubmirror/clean/vless.txt
2026-06-10 21:52:50,203 | INFO     | 📊 Всего в clean/vless.txt теперь: 69
2026-06-10 21:52:50,203 | INFO     | 
2026-06-10 21:52:50,203 | INFO     | 
2026-06-10 21:52:50,203 | INFO     | ──────────────────────────────────────────────────────────────────────
2026-06-10 21:52:50,203 | INFO     | 📌 ЭТАП: Фильтрация по реальному SNI
2026-06-10 21:52:50,203 | INFO     | ──────────────────────────────────────────────────────────────────────
2026-06-10 21:52:50,203 | INFO     | 🚀 Запуск filter_ru_sni.py (Фильтр по реальному SNI (CDN+RU))...
2026-06-10 21:52:50,231 | INFO     |   → hysteria2.txt: 2 → 1 (SNI-filtered)
2026-06-10 21:52:50,231 | INFO     |   →   ss.txt: 3 → 0 (SNI-filtered)
2026-06-10 21:52:50,231 | INFO     |   →   trojan.txt: 6 → 0 (SNI-filtered)
2026-06-10 21:52:50,231 | INFO     |   →   vless.txt: 69 → 56 (SNI-filtered)
2026-06-10 21:52:50,231 | INFO     |   →   vmess.txt: 1 → 0 (SNI-filtered)
2026-06-10 21:52:50,231 | INFO     |   → ==================================================
2026-06-10 21:52:50,231 | INFO     |   →   Всего входных:  81
2026-06-10 21:52:50,231 | INFO     |   →   Прошли фильтр:  57
2026-06-10 21:52:50,231 | INFO     |   →   Отброшено:      24
2026-06-10 21:52:50,231 | INFO     |   → ==================================================
2026-06-10 21:52:50,231 | INFO     |   → Готово → /home/runner/work/vpn-vless-configs-russia/vpn-vless-configs-russia/data/githubmirror/ru-sni
2026-06-10 21:52:50,231 | INFO     | ✅ filter_ru_sni.py завершён успешно
2026-06-10 21:52:50,231 | INFO     | 
2026-06-10 21:52:50,231 | INFO     | 
2026-06-10 21:52:50,231 | INFO     | ──────────────────────────────────────────────────────────────────────
2026-06-10 21:52:50,231 | INFO     | 📌 ЭТАП: Экспериментальный RU-SNI фильтр
2026-06-10 21:52:50,231 | INFO     | ──────────────────────────────────────────────────────────────────────
2026-06-10 21:52:50,231 | INFO     | 🚀 Запуск filter_ru_sni_local.py (Экспериментальный фильтр по RU-SNI)...
2026-06-10 21:52:50,260 | INFO     |   → hysteria2.txt: 2 → 0 (RU-SNI)
2026-06-10 21:52:50,260 | INFO     |   → ss.txt: 3 → 0 (RU-SNI)
2026-06-10 21:52:50,260 | INFO     |   → trojan.txt: 6 → 0 (RU-SNI)
2026-06-10 21:52:50,260 | INFO     |   → vless.txt: 69 → 1 (RU-SNI)
2026-06-10 21:52:50,261 | INFO     |   → vmess.txt: 1 → 0 (RU-SNI)
2026-06-10 21:52:50,261 | INFO     |   → ==================================================
2026-06-10 21:52:50,261 | INFO     |   → Всего входных:  81
2026-06-10 21:52:50,261 | INFO     |   → Прошли RU-SNI:  1
2026-06-10 21:52:50,261 | INFO     |   → Отброшено:      80
2026-06-10 21:52:50,261 | INFO     |   → ==================================================
2026-06-10 21:52:50,261 | INFO     |   → Готово → /home/runner/work/vpn-vless-configs-russia/vpn-vless-configs-russia/data/githubmirror/ru-sni-local
2026-06-10 21:52:50,261 | INFO     | ✅ filter_ru_sni_local.py завершён успешно
2026-06-10 21:52:50,261 | INFO     | 
2026-06-10 21:52:50,261 | INFO     | 
2026-06-10 21:52:50,261 | INFO     | ──────────────────────────────────────────────────────────────────────
2026-06-10 21:52:50,261 | INFO     | 📌 ЭТАП: Сбор статистики
2026-06-10 21:52:50,261 | INFO     | ──────────────────────────────────────────────────────────────────────
2026-06-10 21:52:50,261 | INFO     | 📊 Сбор статистики...
2026-06-10 21:52:50,261 | INFO     |   📁 githubmirror/clean:
2026-06-10 21:52:50,262 | INFO     |     • hysteria2   :     2 конфигов
2026-06-10 21:52:50,262 | INFO     |     • ss          :     3 конфигов
2026-06-10 21:52:50,262 | INFO     |     • trojan      :     6 конфигов
2026-06-10 21:52:50,262 | INFO     |     • vless       :    69 конфигов
2026-06-10 21:52:50,262 | INFO     |     • vmess       :     1 конфигов
2026-06-10 21:52:50,262 | INFO     |   📁 githubmirror/ru-sni:
2026-06-10 21:52:50,262 | INFO     |     • hysteria2   :     1 конфигов ( 50.0% от clean)
2026-06-10 21:52:50,262 | INFO     |     • ss          :     0 конфигов (  0.0% от clean)
2026-06-10 21:52:50,262 | INFO     |     • trojan      :     0 конфигов (  0.0% от clean)
2026-06-10 21:52:50,263 | INFO     |     • vless       :    56 конфигов ( 81.2% от clean)
2026-06-10 21:52:50,263 | INFO     |     • vmess       :     0 конфигов (  0.0% от clean)
2026-06-10 21:52:50,263 | INFO     |   ✨ Новых CF-VLESS в этом запуске: 50
2026-06-10 21:52:50,263 | INFO     | 
2026-06-10 21:52:50,263 | INFO     |   ──────────────────────────────────────────────────
2026-06-10 21:52:50,263 | INFO     |   📈 ИТОГО:
2026-06-10 21:52:50,263 | INFO     |     Clean (после geo-фильтра):       81
2026-06-10 21:52:50,263 | INFO     |     RU-SNI (после SNI-фильтра):      57
2026-06-10 21:52:50,263 | INFO     |     Прошло фильтр:                 70.4%
2026-06-10 21:52:50,263 | INFO     |   ──────────────────────────────────────────────────
2026-06-10 21:52:50,263 | INFO     | ✅ Статистика сохранена: /home/runner/work/vpn-vless-configs-russia/vpn-vless-configs-russia/data/stats.json
2026-06-10 21:52:50,263 | INFO     | 
2026-06-10 21:52:50,264 | INFO     | ======================================================================
2026-06-10 21:52:50,264 | INFO     | 📊 ИТОГОВЫЙ ОТЧЁТ
2026-06-10 21:52:50,264 | INFO     | ======================================================================
2026-06-10 21:52:50,264 | INFO     |   ✅ OK         | Загрузка и geo-фильтрация
2026-06-10 21:52:50,264 | INFO     |   ✅ OK         | Генерация 50 уникальных CF-VLESS
2026-06-10 21:52:50,264 | INFO     |   ✅ OK         | Слияние CF с основным списком
2026-06-10 21:52:50,264 | INFO     |   ✅ OK         | Фильтрация по реальному SNI
2026-06-10 21:52:50,264 | INFO     |   ✅ OK         | Экспериментальный RU-SNI фильтр
2026-06-10 21:52:50,264 | INFO     |   ✅ OK         | Сбор статистики
2026-06-10 21:52:50,264 | INFO     | ──────────────────────────────────────────────────────────────────────
2026-06-10 21:52:50,264 | INFO     | ✅ ВСЕ ЭТАПЫ УСПЕШНЫ (6/6)
2026-06-10 21:52:50,264 | INFO     | ⏰ Время завершения: 2026-06-10 21:52:50
2026-06-10 21:52:50,264 | INFO     | ======================================================================
