2026-06-17 08:59:09,197 | INFO     | ======================================================================
2026-06-17 08:59:09,197 | INFO     | 🔍 VPN KEY CHECKER - Начало проверки
2026-06-17 08:59:09,197 | INFO     | ⏰ Время старта: 2026-06-17 08:59:09
2026-06-17 08:59:09,197 | INFO     | 📂 Рабочая директория: /home/runner/work/vpn-vless-configs-russia/vpn-vless-configs-russia
2026-06-17 08:59:09,197 | INFO     | ======================================================================
2026-06-17 08:59:09,197 | INFO     | 
2026-06-17 08:59:09,197 | INFO     | 🔍 Проверка наличия скриптов...
2026-06-17 08:59:09,197 | INFO     |   ✅ mirror.py
2026-06-17 08:59:09,197 | INFO     |   ✅ generate_cf_vless.py
2026-06-17 08:59:09,197 | INFO     |   ✅ filter_ru_sni.py
2026-06-17 08:59:09,197 | INFO     |   ✅ filter_ru_sni_local.py
2026-06-17 08:59:09,197 | INFO     | 
2026-06-17 08:59:09,197 | INFO     | ──────────────────────────────────────────────────────────────────────
2026-06-17 08:59:09,197 | INFO     | 📌 ЭТАП: Загрузка и geo-фильтрация
2026-06-17 08:59:09,197 | INFO     | ──────────────────────────────────────────────────────────────────────
2026-06-17 08:59:09,197 | INFO     | 🚀 Запуск mirror.py (Загрузка и фильтрация по РФ/СНГ/Европа)...
2026-06-17 08:59:23,276 | INFO     |   → DEBUG: mirror.py started
2026-06-17 08:59:23,276 | INFO     |   → DEBUG: BASE_PATH = /home/runner/work/vpn-vless-configs-russia/vpn-vless-configs-russia
2026-06-17 08:59:23,276 | INFO     |   → DEBUG: CONFIG_SOURCES_FILE = /home/runner/work/vpn-vless-configs-russia/vpn-vless-configs-russia/data/config_sources.json
2026-06-17 08:59:23,276 | INFO     |   → 📂 Загружено 41 источников из /home/runner/work/vpn-vless-configs-russia/vpn-vless-configs-russia/data/config_sources.json
2026-06-17 08:59:23,276 | INFO     |   → 🚀 Старт: всего источников: 41
2026-06-17 08:59:23,276 | INFO     |   → 1/41: ✅ 0 взято | 🗑️ 0 мусор
2026-06-17 08:59:23,276 | INFO     |   → 2/41: ✅ 0 взято | 🗑️ 0 мусор
2026-06-17 08:59:23,276 | INFO     |   → 3/41: ✅ 0 взято | 🗑️ 0 мусор
2026-06-17 08:59:23,276 | INFO     |   → 4/41: ✅ 0 взято | 🗑️ 0 мусор
2026-06-17 08:59:23,276 | INFO     |   → 5/41: ✅ 0 взято | 🗑️ 0 мусор
2026-06-17 08:59:23,276 | INFO     |   → 6/41: ✅ 0 взято | 🗑️ 0 мусор
2026-06-17 08:59:23,276 | INFO     |   → 7/41: ✅ 0 взято | 🗑️ 0 мусор
2026-06-17 08:59:23,276 | INFO     |   → 8/41: ✅ 0 взято | 🗑️ 0 мусор
2026-06-17 08:59:23,276 | INFO     |   → 9/41: ✅ 0 взято | 🗑️ 0 мусор
2026-06-17 08:59:23,276 | INFO     |   → 10/41: ✅ 0 взято | 🗑️ 0 мусор
2026-06-17 08:59:23,276 | INFO     |   → 11/41: ✅ 0 взято | 🗑️ 115 мусор
2026-06-17 08:59:23,276 | INFO     |   → 12/41: ✅ 0 взято | 🗑️ 0 мусор
2026-06-17 08:59:23,276 | INFO     |   → 13/41: ✅ 0 взято | 🗑️ 0 мусор
2026-06-17 08:59:23,276 | INFO     |   → 14/41: ✅ 1 взято | 🗑️ 169 мусор
2026-06-17 08:59:23,276 | INFO     |   → 15/41: ✅ 0 взято | 🗑️ 0 мусор
2026-06-17 08:59:23,276 | INFO     |   → 16/41: ✅ 0 взято | 🗑️ 0 мусор
2026-06-17 08:59:23,276 | INFO     |   → 17/41: ✅ 0 взято | 🗑️ 0 мусор
2026-06-17 08:59:23,276 | INFO     |   → 18/41: ✅ 0 взято | 🗑️ 117 мусор
2026-06-17 08:59:23,276 | INFO     |   → 19/41: ✅ 1 взято | 🗑️ 141 мусор
2026-06-17 08:59:23,276 | INFO     |   → 20/41: ✅ 0 взято | 🗑️ 137 мусор
2026-06-17 08:59:23,276 | INFO     |   → 21/41: ✅ 3 взято | 🗑️ 100 мусор
2026-06-17 08:59:23,277 | INFO     |   → 22/41: ✅ 0 взято | 🗑️ 0 мусор
2026-06-17 08:59:23,277 | INFO     |   → 23/41: ✅ 1 взято | 🗑️ 171 мусор
2026-06-17 08:59:23,277 | INFO     |   → 24/41: ✅ 0 взято | 🗑️ 0 мусор
2026-06-17 08:59:23,277 | INFO     |   → 25/41: ✅ 0 взято | 🗑️ 202 мусор
2026-06-17 08:59:23,277 | INFO     |   → 26/41: ✅ 0 взято | 🗑️ 0 мусор
2026-06-17 08:59:23,277 | INFO     |   → 27/41: ✅ 0 взято | 🗑️ 138 мусор
2026-06-17 08:59:23,277 | INFO     |   → 28/41: ✅ 0 взято | 🗑️ 0 мусор
2026-06-17 08:59:23,277 | INFO     |   → 29/41: ✅ 0 взято | 🗑️ 236 мусор
2026-06-17 08:59:23,277 | INFO     |   → 30/41: ✅ 0 взято | 🗑️ 0 мусор
2026-06-17 08:59:23,277 | INFO     |   → 31/41: ✅ 5 взято | 🗑️ 9 мусор
2026-06-17 08:59:23,277 | INFO     |   → 32/41: ✅ 0 взято | 🗑️ 9 мусор
2026-06-17 08:59:23,277 | INFO     |   → 33/41: ✅ 0 взято | 🗑️ 9 мусор
2026-06-17 08:59:23,277 | INFO     |   → 34/41: ✅ 0 взято | 🗑️ 9 мусор
2026-06-17 08:59:23,277 | INFO     |   → 35/41: ✅ 0 взято | 🗑️ 9 мусор
2026-06-17 08:59:23,277 | INFO     |   → 36/41: ✅ 0 взято | 🗑️ 9 мусор
2026-06-17 08:59:23,277 | INFO     |   → 37/41: ✅ 0 взято | 🗑️ 9 мусор
2026-06-17 08:59:23,277 | INFO     |   → 38/41: ✅ 0 взято | 🗑️ 9 мусор
2026-06-17 08:59:23,277 | INFO     |   → 39/41: ✅ 0 взято | 🗑️ 9 мусор
2026-06-17 08:59:23,277 | INFO     |   → 40/41: ✅ 0 взято | 🗑️ 0 мусор
2026-06-17 08:59:23,277 | INFO     |   → 41/41: ✅ 4 взято | 🗑️ 458 мусор
2026-06-17 08:59:23,277 | INFO     |   → 📡 С sstap.org получено 0 ключей
2026-06-17 08:59:23,277 | INFO     |   → 📡 С sstap.org не добавлено ни одного ключа (все 0 отклонены фильтром)
2026-06-17 08:59:23,277 | INFO     |   → ✅ ГОТОВО!
2026-06-17 08:59:23,277 | INFO     |   →    📥 Всего ключей после фильтра: 15
2026-06-17 08:59:23,277 | INFO     |   →    🔗 Уникальных IP:PORT:SCHEME: 13
2026-06-17 08:59:23,277 | INFO     |   →    🗑️ Выброшено мусора: 2065
2026-06-17 08:59:23,277 | INFO     |   → 📊 По протоколам:
2026-06-17 08:59:23,277 | INFO     |   →    vless: 10
2026-06-17 08:59:23,277 | INFO     |   →    vmess: 1
2026-06-17 08:59:23,277 | INFO     |   →    trojan: 1
2026-06-17 08:59:23,277 | INFO     |   →    hysteria2: 1
2026-06-17 08:59:23,277 | INFO     | ✅ mirror.py завершён успешно
2026-06-17 08:59:23,277 | INFO     | 
2026-06-17 08:59:23,277 | INFO     | 
2026-06-17 08:59:23,277 | INFO     | ──────────────────────────────────────────────────────────────────────
2026-06-17 08:59:23,277 | INFO     | 📌 ЭТАП: Генерация 50 уникальных CF-VLESS
2026-06-17 08:59:23,277 | INFO     | ──────────────────────────────────────────────────────────────────────
2026-06-17 08:59:23,277 | INFO     | 🚀 Запуск generate_cf_vless.py (50 новых CF-VLESS)...
2026-06-17 08:59:23,450 | INFO     |   → === Генератор свежих VLESS-конфигов на IP Cloudflare ===
2026-06-17 08:59:23,450 | INFO     |   → ✅ Сгенерировано и сохранено 50 VLESS-конфигов.
2026-06-17 08:59:23,450 | INFO     |   → 📂 Файл: /home/runner/work/vpn-vless-configs-russia/vpn-vless-configs-russia/data/githubmirror/new/cf_fresh.txt
2026-06-17 08:59:23,450 | INFO     | ✅ generate_cf_vless.py завершён успешно
2026-06-17 08:59:23,450 | INFO     | 
2026-06-17 08:59:23,450 | INFO     | 
2026-06-17 08:59:23,450 | INFO     | ──────────────────────────────────────────────────────────────────────
2026-06-17 08:59:23,450 | INFO     | 📌 ЭТАП: Слияние CF с основным списком
2026-06-17 08:59:23,450 | INFO     | ──────────────────────────────────────────────────────────────────────
2026-06-17 08:59:23,461 | INFO     | 🔄 Добавлено 50 новых CF-VLESS в /home/runner/work/vpn-vless-configs-russia/vpn-vless-configs-russia/data/githubmirror/clean/vless.txt
2026-06-17 08:59:23,461 | INFO     | 📊 Всего в clean/vless.txt теперь: 60
2026-06-17 08:59:23,461 | INFO     | 
2026-06-17 08:59:23,461 | INFO     | 
2026-06-17 08:59:23,461 | INFO     | ──────────────────────────────────────────────────────────────────────
2026-06-17 08:59:23,461 | INFO     | 📌 ЭТАП: Фильтрация по реальному SNI
2026-06-17 08:59:23,461 | INFO     | ──────────────────────────────────────────────────────────────────────
2026-06-17 08:59:23,461 | INFO     | 🚀 Запуск filter_ru_sni.py (Фильтр по реальному SNI (CDN+RU))...
2026-06-17 08:59:23,479 | INFO     |   → hysteria2.txt: 1 → 0 (SNI-filtered)
2026-06-17 08:59:23,479 | INFO     |   →   trojan.txt: 1 → 0 (SNI-filtered)
2026-06-17 08:59:23,479 | INFO     |   →   vless.txt: 60 → 51 (SNI-filtered)
2026-06-17 08:59:23,479 | INFO     |   →   vmess.txt: 1 → 0 (SNI-filtered)
2026-06-17 08:59:23,479 | INFO     |   → ==================================================
2026-06-17 08:59:23,479 | INFO     |   →   Всего входных:  63
2026-06-17 08:59:23,479 | INFO     |   →   Прошли фильтр:  51
2026-06-17 08:59:23,479 | INFO     |   →   Отброшено:      12
2026-06-17 08:59:23,479 | INFO     |   → ==================================================
2026-06-17 08:59:23,479 | INFO     |   → Готово → /home/runner/work/vpn-vless-configs-russia/vpn-vless-configs-russia/data/githubmirror/ru-sni
2026-06-17 08:59:23,479 | INFO     | ✅ filter_ru_sni.py завершён успешно
2026-06-17 08:59:23,479 | INFO     | 
2026-06-17 08:59:23,479 | INFO     | 
2026-06-17 08:59:23,479 | INFO     | ──────────────────────────────────────────────────────────────────────
2026-06-17 08:59:23,480 | INFO     | 📌 ЭТАП: Экспериментальный RU-SNI фильтр
2026-06-17 08:59:23,480 | INFO     | ──────────────────────────────────────────────────────────────────────
2026-06-17 08:59:23,480 | INFO     | 🚀 Запуск filter_ru_sni_local.py (Экспериментальный фильтр по RU-SNI)...
2026-06-17 08:59:23,498 | INFO     |   → hysteria2.txt: 1 → 0 (RU-SNI)
2026-06-17 08:59:23,498 | INFO     |   → trojan.txt: 1 → 0 (RU-SNI)
2026-06-17 08:59:23,498 | INFO     |   → vless.txt: 60 → 0 (RU-SNI)
2026-06-17 08:59:23,498 | INFO     |   → vmess.txt: 1 → 0 (RU-SNI)
2026-06-17 08:59:23,498 | INFO     |   → ==================================================
2026-06-17 08:59:23,498 | INFO     |   → Всего входных:  63
2026-06-17 08:59:23,498 | INFO     |   → Прошли RU-SNI:  0
2026-06-17 08:59:23,498 | INFO     |   → Отброшено:      63
2026-06-17 08:59:23,498 | INFO     |   → ==================================================
2026-06-17 08:59:23,498 | INFO     |   → Готово → /home/runner/work/vpn-vless-configs-russia/vpn-vless-configs-russia/data/githubmirror/ru-sni-local
2026-06-17 08:59:23,498 | INFO     | ✅ filter_ru_sni_local.py завершён успешно
2026-06-17 08:59:23,499 | INFO     | 
2026-06-17 08:59:23,499 | INFO     | 
2026-06-17 08:59:23,499 | INFO     | ──────────────────────────────────────────────────────────────────────
2026-06-17 08:59:23,499 | INFO     | 📌 ЭТАП: Сбор статистики
2026-06-17 08:59:23,499 | INFO     | ──────────────────────────────────────────────────────────────────────
2026-06-17 08:59:23,499 | INFO     | 📊 Сбор статистики...
2026-06-17 08:59:23,499 | INFO     |   📁 githubmirror/clean:
2026-06-17 08:59:23,499 | INFO     |     • hysteria2   :     1 конфигов
2026-06-17 08:59:23,499 | INFO     |     • trojan      :     1 конфигов
2026-06-17 08:59:23,499 | INFO     |     • vless       :    60 конфигов
2026-06-17 08:59:23,499 | INFO     |     • vmess       :     1 конфигов
2026-06-17 08:59:23,499 | INFO     |   📁 githubmirror/ru-sni:
2026-06-17 08:59:23,499 | INFO     |     • hysteria2   :     0 конфигов (  0.0% от clean)
2026-06-17 08:59:23,499 | INFO     |     • trojan      :     0 конфигов (  0.0% от clean)
2026-06-17 08:59:23,499 | INFO     |     • vless       :    51 конфигов ( 85.0% от clean)
2026-06-17 08:59:23,499 | INFO     |     • vmess       :     0 конфигов (  0.0% от clean)
2026-06-17 08:59:23,499 | INFO     |   ✨ Новых CF-VLESS в этом запуске: 50
2026-06-17 08:59:23,499 | INFO     | 
2026-06-17 08:59:23,499 | INFO     |   ──────────────────────────────────────────────────
2026-06-17 08:59:23,499 | INFO     |   📈 ИТОГО:
2026-06-17 08:59:23,500 | INFO     |     Clean (после geo-фильтра):       63
2026-06-17 08:59:23,500 | INFO     |     RU-SNI (после SNI-фильтра):      51
2026-06-17 08:59:23,500 | INFO     |     Прошло фильтр:                 81.0%
2026-06-17 08:59:23,500 | INFO     |   ──────────────────────────────────────────────────
2026-06-17 08:59:23,501 | INFO     | ✅ Статистика сохранена: /home/runner/work/vpn-vless-configs-russia/vpn-vless-configs-russia/data/stats.json
2026-06-17 08:59:23,501 | INFO     | 
2026-06-17 08:59:23,501 | INFO     | ======================================================================
2026-06-17 08:59:23,501 | INFO     | 📊 ИТОГОВЫЙ ОТЧЁТ
2026-06-17 08:59:23,501 | INFO     | ======================================================================
2026-06-17 08:59:23,501 | INFO     |   ✅ OK         | Загрузка и geo-фильтрация
2026-06-17 08:59:23,501 | INFO     |   ✅ OK         | Генерация 50 уникальных CF-VLESS
2026-06-17 08:59:23,501 | INFO     |   ✅ OK         | Слияние CF с основным списком
2026-06-17 08:59:23,501 | INFO     |   ✅ OK         | Фильтрация по реальному SNI
2026-06-17 08:59:23,501 | INFO     |   ✅ OK         | Экспериментальный RU-SNI фильтр
2026-06-17 08:59:23,501 | INFO     |   ✅ OK         | Сбор статистики
2026-06-17 08:59:23,501 | INFO     | ──────────────────────────────────────────────────────────────────────
2026-06-17 08:59:23,501 | INFO     | ✅ ВСЕ ЭТАПЫ УСПЕШНЫ (6/6)
2026-06-17 08:59:23,501 | INFO     | ⏰ Время завершения: 2026-06-17 08:59:23
2026-06-17 08:59:23,501 | INFO     | ======================================================================
