2026-06-15 19:39:08,429 | INFO     | ======================================================================
2026-06-15 19:39:08,429 | INFO     | 🔍 VPN KEY CHECKER - Начало проверки
2026-06-15 19:39:08,429 | INFO     | ⏰ Время старта: 2026-06-15 19:39:08
2026-06-15 19:39:08,429 | INFO     | 📂 Рабочая директория: /home/runner/work/vpn-vless-configs-russia/vpn-vless-configs-russia
2026-06-15 19:39:08,429 | INFO     | ======================================================================
2026-06-15 19:39:08,429 | INFO     | 
2026-06-15 19:39:08,429 | INFO     | 🔍 Проверка наличия скриптов...
2026-06-15 19:39:08,430 | INFO     |   ✅ mirror.py
2026-06-15 19:39:08,430 | INFO     |   ✅ generate_cf_vless.py
2026-06-15 19:39:08,430 | INFO     |   ✅ filter_ru_sni.py
2026-06-15 19:39:08,430 | INFO     |   ✅ filter_ru_sni_local.py
2026-06-15 19:39:08,430 | INFO     | 
2026-06-15 19:39:08,430 | INFO     | ──────────────────────────────────────────────────────────────────────
2026-06-15 19:39:08,430 | INFO     | 📌 ЭТАП: Загрузка и geo-фильтрация
2026-06-15 19:39:08,430 | INFO     | ──────────────────────────────────────────────────────────────────────
2026-06-15 19:39:08,430 | INFO     | 🚀 Запуск mirror.py (Загрузка и фильтрация по РФ/СНГ/Европа)...
2026-06-15 19:39:18,254 | INFO     |   → DEBUG: mirror.py started
2026-06-15 19:39:18,254 | INFO     |   → DEBUG: BASE_PATH = /home/runner/work/vpn-vless-configs-russia/vpn-vless-configs-russia
2026-06-15 19:39:18,254 | INFO     |   → DEBUG: CONFIG_SOURCES_FILE = /home/runner/work/vpn-vless-configs-russia/vpn-vless-configs-russia/data/config_sources.json
2026-06-15 19:39:18,254 | INFO     |   → 📂 Загружено 24 источников из /home/runner/work/vpn-vless-configs-russia/vpn-vless-configs-russia/data/config_sources.json
2026-06-15 19:39:18,254 | INFO     |   → 🚀 Старт: всего источников: 24
2026-06-15 19:39:18,255 | INFO     |   → 1/24: ✅ 0 взято | 🗑️ 0 мусор
2026-06-15 19:39:18,255 | INFO     |   → 2/24: ✅ 0 взято | 🗑️ 0 мусор
2026-06-15 19:39:18,255 | INFO     |   → 3/24: ✅ 0 взято | 🗑️ 0 мусор
2026-06-15 19:39:18,255 | INFO     |   → 4/24: ✅ 0 взято | 🗑️ 0 мусор
2026-06-15 19:39:18,255 | INFO     |   → 5/24: ✅ 0 взято | 🗑️ 0 мусор
2026-06-15 19:39:18,255 | INFO     |   → 6/24: ✅ 0 взято | 🗑️ 0 мусор
2026-06-15 19:39:18,255 | INFO     |   → 7/24: ✅ 0 взято | 🗑️ 115 мусор
2026-06-15 19:39:18,255 | INFO     |   → 8/24: ✅ 0 взято | 🗑️ 0 мусор
2026-06-15 19:39:18,255 | INFO     |   → 9/24: ✅ 1 взято | 🗑️ 169 мусор
2026-06-15 19:39:18,255 | INFO     |   → 10/24: ✅ 0 взято | 🗑️ 0 мусор
2026-06-15 19:39:18,255 | INFO     |   → 11/24: ✅ 0 взято | 🗑️ 0 мусор
2026-06-15 19:39:18,255 | INFO     |   → 12/24: ✅ 0 взято | 🗑️ 117 мусор
2026-06-15 19:39:18,255 | INFO     |   → 13/24: ✅ 3 взято | 🗑️ 100 мусор
2026-06-15 19:39:18,255 | INFO     |   → 14/24: ✅ 0 взято | 🗑️ 0 мусор
2026-06-15 19:39:18,255 | INFO     |   → 15/24: ✅ 1 взято | 🗑️ 171 мусор
2026-06-15 19:39:18,255 | INFO     |   → 16/24: ✅ 0 взято | 🗑️ 0 мусор
2026-06-15 19:39:18,255 | INFO     |   → 17/24: ✅ 0 взято | 🗑️ 202 мусор
2026-06-15 19:39:18,255 | INFO     |   → 18/24: ✅ 0 взято | 🗑️ 0 мусор
2026-06-15 19:39:18,255 | INFO     |   → 19/24: ✅ 5 взято | 🗑️ 9 мусор
2026-06-15 19:39:18,256 | INFO     |   → 20/24: ✅ 0 взято | 🗑️ 9 мусор
2026-06-15 19:39:18,256 | INFO     |   → 21/24: ✅ 0 взято | 🗑️ 9 мусор
2026-06-15 19:39:18,256 | INFO     |   → 22/24: ✅ 0 взято | 🗑️ 9 мусор
2026-06-15 19:39:18,256 | INFO     |   → 23/24: ✅ 0 взято | 🗑️ 9 мусор
2026-06-15 19:39:18,256 | INFO     |   → 24/24: ✅ 0 взято | 🗑️ 9 мусор
2026-06-15 19:39:18,256 | INFO     |   → 📡 С sstap.org получено 0 ключей
2026-06-15 19:39:18,256 | INFO     |   → 📡 С sstap.org не добавлено ни одного ключа (все 0 отклонены фильтром)
2026-06-15 19:39:18,256 | INFO     |   → ✅ ГОТОВО!
2026-06-15 19:39:18,256 | INFO     |   →    📥 Всего ключей после фильтра: 10
2026-06-15 19:39:18,256 | INFO     |   →    🔗 Уникальных IP:PORT:SCHEME: 8
2026-06-15 19:39:18,256 | INFO     |   →    🗑️ Выброшено мусора: 928
2026-06-15 19:39:18,256 | INFO     |   → 📊 По протоколам:
2026-06-15 19:39:18,256 | INFO     |   →    vless: 7
2026-06-15 19:39:18,256 | INFO     |   →    vmess: 1
2026-06-15 19:39:18,256 | INFO     | ✅ mirror.py завершён успешно
2026-06-15 19:39:18,256 | INFO     | 
2026-06-15 19:39:18,256 | INFO     | 
2026-06-15 19:39:18,256 | INFO     | ──────────────────────────────────────────────────────────────────────
2026-06-15 19:39:18,256 | INFO     | 📌 ЭТАП: Генерация 50 уникальных CF-VLESS
2026-06-15 19:39:18,256 | INFO     | ──────────────────────────────────────────────────────────────────────
2026-06-15 19:39:18,256 | INFO     | 🚀 Запуск generate_cf_vless.py (50 новых CF-VLESS)...
2026-06-15 19:39:18,440 | INFO     |   → === Генератор свежих VLESS-конфигов на IP Cloudflare ===
2026-06-15 19:39:18,440 | INFO     |   → ✅ Сгенерировано и сохранено 50 VLESS-конфигов.
2026-06-15 19:39:18,440 | INFO     |   → 📂 Файл: /home/runner/work/vpn-vless-configs-russia/vpn-vless-configs-russia/data/githubmirror/new/cf_fresh.txt
2026-06-15 19:39:18,440 | INFO     | ✅ generate_cf_vless.py завершён успешно
2026-06-15 19:39:18,440 | INFO     | 
2026-06-15 19:39:18,440 | INFO     | 
2026-06-15 19:39:18,440 | INFO     | ──────────────────────────────────────────────────────────────────────
2026-06-15 19:39:18,440 | INFO     | 📌 ЭТАП: Слияние CF с основным списком
2026-06-15 19:39:18,440 | INFO     | ──────────────────────────────────────────────────────────────────────
2026-06-15 19:39:18,442 | INFO     | 🔄 Добавлено 50 новых CF-VLESS в /home/runner/work/vpn-vless-configs-russia/vpn-vless-configs-russia/data/githubmirror/clean/vless.txt
2026-06-15 19:39:18,442 | INFO     | 📊 Всего в clean/vless.txt теперь: 57
2026-06-15 19:39:18,442 | INFO     | 
2026-06-15 19:39:18,442 | INFO     | 
2026-06-15 19:39:18,442 | INFO     | ──────────────────────────────────────────────────────────────────────
2026-06-15 19:39:18,442 | INFO     | 📌 ЭТАП: Фильтрация по реальному SNI
2026-06-15 19:39:18,442 | INFO     | ──────────────────────────────────────────────────────────────────────
2026-06-15 19:39:18,442 | INFO     | 🚀 Запуск filter_ru_sni.py (Фильтр по реальному SNI (CDN+RU))...
2026-06-15 19:39:18,470 | INFO     |   → vless.txt: 57 → 51 (SNI-filtered)
2026-06-15 19:39:18,470 | INFO     |   →   vmess.txt: 1 → 0 (SNI-filtered)
2026-06-15 19:39:18,470 | INFO     |   → ==================================================
2026-06-15 19:39:18,470 | INFO     |   →   Всего входных:  58
2026-06-15 19:39:18,470 | INFO     |   →   Прошли фильтр:  51
2026-06-15 19:39:18,470 | INFO     |   →   Отброшено:      7
2026-06-15 19:39:18,470 | INFO     |   → ==================================================
2026-06-15 19:39:18,470 | INFO     |   → Готово → /home/runner/work/vpn-vless-configs-russia/vpn-vless-configs-russia/data/githubmirror/ru-sni
2026-06-15 19:39:18,470 | INFO     | ✅ filter_ru_sni.py завершён успешно
2026-06-15 19:39:18,470 | INFO     | 
2026-06-15 19:39:18,470 | INFO     | 
2026-06-15 19:39:18,470 | INFO     | ──────────────────────────────────────────────────────────────────────
2026-06-15 19:39:18,470 | INFO     | 📌 ЭТАП: Экспериментальный RU-SNI фильтр
2026-06-15 19:39:18,470 | INFO     | ──────────────────────────────────────────────────────────────────────
2026-06-15 19:39:18,470 | INFO     | 🚀 Запуск filter_ru_sni_local.py (Экспериментальный фильтр по RU-SNI)...
2026-06-15 19:39:18,498 | INFO     |   → vless.txt: 57 → 0 (RU-SNI)
2026-06-15 19:39:18,498 | INFO     |   → vmess.txt: 1 → 0 (RU-SNI)
2026-06-15 19:39:18,498 | INFO     |   → ==================================================
2026-06-15 19:39:18,498 | INFO     |   → Всего входных:  58
2026-06-15 19:39:18,498 | INFO     |   → Прошли RU-SNI:  0
2026-06-15 19:39:18,498 | INFO     |   → Отброшено:      58
2026-06-15 19:39:18,498 | INFO     |   → ==================================================
2026-06-15 19:39:18,498 | INFO     |   → Готово → /home/runner/work/vpn-vless-configs-russia/vpn-vless-configs-russia/data/githubmirror/ru-sni-local
2026-06-15 19:39:18,498 | INFO     | ✅ filter_ru_sni_local.py завершён успешно
2026-06-15 19:39:18,498 | INFO     | 
2026-06-15 19:39:18,498 | INFO     | 
2026-06-15 19:39:18,499 | INFO     | ──────────────────────────────────────────────────────────────────────
2026-06-15 19:39:18,499 | INFO     | 📌 ЭТАП: Сбор статистики
2026-06-15 19:39:18,499 | INFO     | ──────────────────────────────────────────────────────────────────────
2026-06-15 19:39:18,499 | INFO     | 📊 Сбор статистики...
2026-06-15 19:39:18,499 | INFO     |   📁 githubmirror/clean:
2026-06-15 19:39:18,499 | INFO     |     • vless       :    57 конфигов
2026-06-15 19:39:18,499 | INFO     |     • vmess       :     1 конфигов
2026-06-15 19:39:18,499 | INFO     |   📁 githubmirror/ru-sni:
2026-06-15 19:39:18,499 | INFO     |     • vless       :    51 конфигов ( 89.5% от clean)
2026-06-15 19:39:18,500 | INFO     |     • vmess       :     0 конфигов (  0.0% от clean)
2026-06-15 19:39:18,500 | INFO     |   ✨ Новых CF-VLESS в этом запуске: 50
2026-06-15 19:39:18,500 | INFO     | 
2026-06-15 19:39:18,500 | INFO     |   ──────────────────────────────────────────────────
2026-06-15 19:39:18,500 | INFO     |   📈 ИТОГО:
2026-06-15 19:39:18,500 | INFO     |     Clean (после geo-фильтра):       58
2026-06-15 19:39:18,500 | INFO     |     RU-SNI (после SNI-фильтра):      51
2026-06-15 19:39:18,500 | INFO     |     Прошло фильтр:                 87.9%
2026-06-15 19:39:18,500 | INFO     |   ──────────────────────────────────────────────────
2026-06-15 19:39:18,500 | INFO     | ✅ Статистика сохранена: /home/runner/work/vpn-vless-configs-russia/vpn-vless-configs-russia/data/stats.json
2026-06-15 19:39:18,500 | INFO     | 
2026-06-15 19:39:18,500 | INFO     | ======================================================================
2026-06-15 19:39:18,500 | INFO     | 📊 ИТОГОВЫЙ ОТЧЁТ
2026-06-15 19:39:18,501 | INFO     | ======================================================================
2026-06-15 19:39:18,501 | INFO     |   ✅ OK         | Загрузка и geo-фильтрация
2026-06-15 19:39:18,501 | INFO     |   ✅ OK         | Генерация 50 уникальных CF-VLESS
2026-06-15 19:39:18,501 | INFO     |   ✅ OK         | Слияние CF с основным списком
2026-06-15 19:39:18,501 | INFO     |   ✅ OK         | Фильтрация по реальному SNI
2026-06-15 19:39:18,501 | INFO     |   ✅ OK         | Экспериментальный RU-SNI фильтр
2026-06-15 19:39:18,501 | INFO     |   ✅ OK         | Сбор статистики
2026-06-15 19:39:18,501 | INFO     | ──────────────────────────────────────────────────────────────────────
2026-06-15 19:39:18,501 | INFO     | ✅ ВСЕ ЭТАПЫ УСПЕШНЫ (6/6)
2026-06-15 19:39:18,501 | INFO     | ⏰ Время завершения: 2026-06-15 19:39:18
2026-06-15 19:39:18,501 | INFO     | ======================================================================
