2026-06-13 21:02:06,676 | INFO     | ======================================================================
2026-06-13 21:02:06,676 | INFO     | 🔍 VPN KEY CHECKER - Начало проверки
2026-06-13 21:02:06,676 | INFO     | ⏰ Время старта: 2026-06-13 21:02:06
2026-06-13 21:02:06,676 | INFO     | 📂 Рабочая директория: /home/runner/work/vpn-vless-configs-russia/vpn-vless-configs-russia
2026-06-13 21:02:06,676 | INFO     | ======================================================================
2026-06-13 21:02:06,676 | INFO     | 
2026-06-13 21:02:06,676 | INFO     | 🔍 Проверка наличия скриптов...
2026-06-13 21:02:06,676 | INFO     |   ✅ mirror.py
2026-06-13 21:02:06,676 | INFO     |   ✅ generate_cf_vless.py
2026-06-13 21:02:06,676 | INFO     |   ✅ filter_ru_sni.py
2026-06-13 21:02:06,677 | INFO     |   ✅ filter_ru_sni_local.py
2026-06-13 21:02:06,677 | INFO     | 
2026-06-13 21:02:06,677 | INFO     | ──────────────────────────────────────────────────────────────────────
2026-06-13 21:02:06,677 | INFO     | 📌 ЭТАП: Загрузка и geo-фильтрация
2026-06-13 21:02:06,677 | INFO     | ──────────────────────────────────────────────────────────────────────
2026-06-13 21:02:06,677 | INFO     | 🚀 Запуск mirror.py (Загрузка и фильтрация по РФ/СНГ/Европа)...
2026-06-13 21:02:09,958 | INFO     |   → DEBUG: mirror.py started
2026-06-13 21:02:09,958 | INFO     |   → DEBUG: BASE_PATH = /home/runner/work/vpn-vless-configs-russia/vpn-vless-configs-russia
2026-06-13 21:02:09,958 | INFO     |   → DEBUG: CONFIG_SOURCES_FILE = /home/runner/work/vpn-vless-configs-russia/vpn-vless-configs-russia/data/config_sources.json
2026-06-13 21:02:09,958 | INFO     |   → 📂 Загружено 6 источников из /home/runner/work/vpn-vless-configs-russia/vpn-vless-configs-russia/data/config_sources.json
2026-06-13 21:02:09,958 | INFO     |   → 🚀 Старт: всего источников: 6
2026-06-13 21:02:09,958 | INFO     |   → 1/6: ✅ 0 взято | 🗑️ 0 мусор
2026-06-13 21:02:09,958 | INFO     |   → 2/6: ✅ 0 взято | 🗑️ 0 мусор
2026-06-13 21:02:09,958 | INFO     |   → 3/6: ✅ 3 взято | 🗑️ 100 мусор
2026-06-13 21:02:09,958 | INFO     |   → 4/6: ✅ 0 взято | 🗑️ 0 мусор
2026-06-13 21:02:09,958 | INFO     |   → 5/6: ✅ 5 взято | 🗑️ 9 мусор
2026-06-13 21:02:09,958 | INFO     |   → 6/6: ✅ 0 взято | 🗑️ 9 мусор
2026-06-13 21:02:09,958 | INFO     |   → 📡 С sstap.org получено 0 ключей
2026-06-13 21:02:09,958 | INFO     |   → 📡 С sstap.org не добавлено ни одного ключа (все 0 отклонены фильтром)
2026-06-13 21:02:09,958 | INFO     |   → ✅ ГОТОВО!
2026-06-13 21:02:09,958 | INFO     |   →    📥 Всего ключей после фильтра: 8
2026-06-13 21:02:09,958 | INFO     |   →    🔗 Уникальных IP:PORT:SCHEME: 6
2026-06-13 21:02:09,958 | INFO     |   →    🗑️ Выброшено мусора: 118
2026-06-13 21:02:09,958 | INFO     |   → 📊 По протоколам:
2026-06-13 21:02:09,958 | INFO     |   →    vless: 5
2026-06-13 21:02:09,958 | INFO     |   →    vmess: 1
2026-06-13 21:02:09,958 | INFO     | ✅ mirror.py завершён успешно
2026-06-13 21:02:09,958 | INFO     | 
2026-06-13 21:02:09,958 | INFO     | 
2026-06-13 21:02:09,958 | INFO     | ──────────────────────────────────────────────────────────────────────
2026-06-13 21:02:09,958 | INFO     | 📌 ЭТАП: Генерация 50 уникальных CF-VLESS
2026-06-13 21:02:09,958 | INFO     | ──────────────────────────────────────────────────────────────────────
2026-06-13 21:02:09,958 | INFO     | 🚀 Запуск generate_cf_vless.py (50 новых CF-VLESS)...
2026-06-13 21:02:10,157 | INFO     |   → === Генератор свежих VLESS-конфигов на IP Cloudflare ===
2026-06-13 21:02:10,158 | INFO     |   → ✅ Сгенерировано и сохранено 50 VLESS-конфигов.
2026-06-13 21:02:10,158 | INFO     |   → 📂 Файл: /home/runner/work/vpn-vless-configs-russia/vpn-vless-configs-russia/data/githubmirror/new/cf_fresh.txt
2026-06-13 21:02:10,158 | INFO     | ✅ generate_cf_vless.py завершён успешно
2026-06-13 21:02:10,158 | INFO     | 
2026-06-13 21:02:10,158 | INFO     | 
2026-06-13 21:02:10,158 | INFO     | ──────────────────────────────────────────────────────────────────────
2026-06-13 21:02:10,158 | INFO     | 📌 ЭТАП: Слияние CF с основным списком
2026-06-13 21:02:10,158 | INFO     | ──────────────────────────────────────────────────────────────────────
2026-06-13 21:02:10,159 | INFO     | 🔄 Добавлено 50 новых CF-VLESS в /home/runner/work/vpn-vless-configs-russia/vpn-vless-configs-russia/data/githubmirror/clean/vless.txt
2026-06-13 21:02:10,159 | INFO     | 📊 Всего в clean/vless.txt теперь: 55
2026-06-13 21:02:10,159 | INFO     | 
2026-06-13 21:02:10,159 | INFO     | 
2026-06-13 21:02:10,159 | INFO     | ──────────────────────────────────────────────────────────────────────
2026-06-13 21:02:10,159 | INFO     | 📌 ЭТАП: Фильтрация по реальному SNI
2026-06-13 21:02:10,159 | INFO     | ──────────────────────────────────────────────────────────────────────
2026-06-13 21:02:10,159 | INFO     | 🚀 Запуск filter_ru_sni.py (Фильтр по реальному SNI (CDN+RU))...
2026-06-13 21:02:10,187 | INFO     |   → vless.txt: 55 → 50 (SNI-filtered)
2026-06-13 21:02:10,188 | INFO     |   →   vmess.txt: 1 → 0 (SNI-filtered)
2026-06-13 21:02:10,188 | INFO     |   → ==================================================
2026-06-13 21:02:10,188 | INFO     |   →   Всего входных:  56
2026-06-13 21:02:10,188 | INFO     |   →   Прошли фильтр:  50
2026-06-13 21:02:10,188 | INFO     |   →   Отброшено:      6
2026-06-13 21:02:10,188 | INFO     |   → ==================================================
2026-06-13 21:02:10,188 | INFO     |   → Готово → /home/runner/work/vpn-vless-configs-russia/vpn-vless-configs-russia/data/githubmirror/ru-sni
2026-06-13 21:02:10,188 | INFO     | ✅ filter_ru_sni.py завершён успешно
2026-06-13 21:02:10,188 | INFO     | 
2026-06-13 21:02:10,188 | INFO     | 
2026-06-13 21:02:10,188 | INFO     | ──────────────────────────────────────────────────────────────────────
2026-06-13 21:02:10,188 | INFO     | 📌 ЭТАП: Экспериментальный RU-SNI фильтр
2026-06-13 21:02:10,188 | INFO     | ──────────────────────────────────────────────────────────────────────
2026-06-13 21:02:10,188 | INFO     | 🚀 Запуск filter_ru_sni_local.py (Экспериментальный фильтр по RU-SNI)...
2026-06-13 21:02:10,217 | INFO     |   → vless.txt: 55 → 0 (RU-SNI)
2026-06-13 21:02:10,217 | INFO     |   → vmess.txt: 1 → 0 (RU-SNI)
2026-06-13 21:02:10,217 | INFO     |   → ==================================================
2026-06-13 21:02:10,217 | INFO     |   → Всего входных:  56
2026-06-13 21:02:10,217 | INFO     |   → Прошли RU-SNI:  0
2026-06-13 21:02:10,217 | INFO     |   → Отброшено:      56
2026-06-13 21:02:10,217 | INFO     |   → ==================================================
2026-06-13 21:02:10,217 | INFO     |   → Готово → /home/runner/work/vpn-vless-configs-russia/vpn-vless-configs-russia/data/githubmirror/ru-sni-local
2026-06-13 21:02:10,217 | INFO     | ✅ filter_ru_sni_local.py завершён успешно
2026-06-13 21:02:10,217 | INFO     | 
2026-06-13 21:02:10,217 | INFO     | 
2026-06-13 21:02:10,217 | INFO     | ──────────────────────────────────────────────────────────────────────
2026-06-13 21:02:10,218 | INFO     | 📌 ЭТАП: Сбор статистики
2026-06-13 21:02:10,218 | INFO     | ──────────────────────────────────────────────────────────────────────
2026-06-13 21:02:10,218 | INFO     | 📊 Сбор статистики...
2026-06-13 21:02:10,218 | INFO     |   📁 githubmirror/clean:
2026-06-13 21:02:10,218 | INFO     |     • vless       :    55 конфигов
2026-06-13 21:02:10,218 | INFO     |     • vmess       :     1 конфигов
2026-06-13 21:02:10,218 | INFO     |   📁 githubmirror/ru-sni:
2026-06-13 21:02:10,218 | INFO     |     • vless       :    50 конфигов ( 90.9% от clean)
2026-06-13 21:02:10,218 | INFO     |     • vmess       :     0 конфигов (  0.0% от clean)
2026-06-13 21:02:10,218 | INFO     |   ✨ Новых CF-VLESS в этом запуске: 50
2026-06-13 21:02:10,218 | INFO     | 
2026-06-13 21:02:10,219 | INFO     |   ──────────────────────────────────────────────────
2026-06-13 21:02:10,219 | INFO     |   📈 ИТОГО:
2026-06-13 21:02:10,219 | INFO     |     Clean (после geo-фильтра):       56
2026-06-13 21:02:10,219 | INFO     |     RU-SNI (после SNI-фильтра):      50
2026-06-13 21:02:10,219 | INFO     |     Прошло фильтр:                 89.3%
2026-06-13 21:02:10,219 | INFO     |   ──────────────────────────────────────────────────
2026-06-13 21:02:10,219 | INFO     | ✅ Статистика сохранена: /home/runner/work/vpn-vless-configs-russia/vpn-vless-configs-russia/data/stats.json
2026-06-13 21:02:10,219 | INFO     | 
2026-06-13 21:02:10,219 | INFO     | ======================================================================
2026-06-13 21:02:10,219 | INFO     | 📊 ИТОГОВЫЙ ОТЧЁТ
2026-06-13 21:02:10,219 | INFO     | ======================================================================
2026-06-13 21:02:10,219 | INFO     |   ✅ OK         | Загрузка и geo-фильтрация
2026-06-13 21:02:10,219 | INFO     |   ✅ OK         | Генерация 50 уникальных CF-VLESS
2026-06-13 21:02:10,219 | INFO     |   ✅ OK         | Слияние CF с основным списком
2026-06-13 21:02:10,219 | INFO     |   ✅ OK         | Фильтрация по реальному SNI
2026-06-13 21:02:10,219 | INFO     |   ✅ OK         | Экспериментальный RU-SNI фильтр
2026-06-13 21:02:10,219 | INFO     |   ✅ OK         | Сбор статистики
2026-06-13 21:02:10,219 | INFO     | ──────────────────────────────────────────────────────────────────────
2026-06-13 21:02:10,219 | INFO     | ✅ ВСЕ ЭТАПЫ УСПЕШНЫ (6/6)
2026-06-13 21:02:10,219 | INFO     | ⏰ Время завершения: 2026-06-13 21:02:10
2026-06-13 21:02:10,219 | INFO     | ======================================================================
