2026-06-18 12:47:16,389 | INFO     | ======================================================================
2026-06-18 12:47:16,389 | INFO     | 🔍 VPN KEY CHECKER - Начало проверки
2026-06-18 12:47:16,389 | INFO     | ⏰ Время старта: 2026-06-18 12:47:16
2026-06-18 12:47:16,389 | INFO     | 📂 Рабочая директория: /home/runner/work/vpn-vless-configs-russia/vpn-vless-configs-russia
2026-06-18 12:47:16,389 | INFO     | ======================================================================
2026-06-18 12:47:16,389 | INFO     | 
2026-06-18 12:47:16,389 | INFO     | 🔍 Проверка наличия скриптов...
2026-06-18 12:47:16,389 | INFO     |   ✅ mirror.py
2026-06-18 12:47:16,389 | INFO     |   ✅ generate_cf_vless.py
2026-06-18 12:47:16,389 | INFO     |   ✅ filter_ru_sni.py
2026-06-18 12:47:16,390 | INFO     |   ✅ filter_ru_sni_local.py
2026-06-18 12:47:16,390 | INFO     | 
2026-06-18 12:47:16,390 | INFO     | ──────────────────────────────────────────────────────────────────────
2026-06-18 12:47:16,390 | INFO     | 📌 ЭТАП: Загрузка и geo-фильтрация
2026-06-18 12:47:16,390 | INFO     | ──────────────────────────────────────────────────────────────────────
2026-06-18 12:47:16,390 | INFO     | 🚀 Запуск mirror.py (Загрузка и фильтрация по РФ/СНГ/Европа)...
2026-06-18 12:47:50,689 | INFO     |   → DEBUG: mirror.py started
2026-06-18 12:47:50,689 | INFO     |   → DEBUG: BASE_PATH = /home/runner/work/vpn-vless-configs-russia/vpn-vless-configs-russia
2026-06-18 12:47:50,689 | INFO     |   → DEBUG: CONFIG_SOURCES_FILE = /home/runner/work/vpn-vless-configs-russia/vpn-vless-configs-russia/data/config_sources.json
2026-06-18 12:47:50,690 | INFO     |   → 📂 Загружено 50 источников из /home/runner/work/vpn-vless-configs-russia/vpn-vless-configs-russia/data/config_sources.json
2026-06-18 12:47:50,690 | INFO     |   → 🚀 Старт: всего источников: 50
2026-06-18 12:47:50,690 | INFO     |   → 1/50: ✅ 0 взято | 🗑️ 0 мусор
2026-06-18 12:47:50,690 | INFO     |   → 2/50: ✅ 0 взято | 🗑️ 0 мусор
2026-06-18 12:47:50,690 | INFO     |   → 3/50: ✅ 0 взято | 🗑️ 0 мусор
2026-06-18 12:47:50,690 | INFO     |   → 4/50: ✅ 0 взято | 🗑️ 0 мусор
2026-06-18 12:47:50,690 | INFO     |   → 5/50: ✅ 0 взято | 🗑️ 0 мусор
2026-06-18 12:47:50,690 | INFO     |   → 6/50: ✅ 0 взято | 🗑️ 0 мусор
2026-06-18 12:47:50,690 | INFO     |   → 7/50: ✅ 0 взято | 🗑️ 0 мусор
2026-06-18 12:47:50,690 | INFO     |   → 8/50: ✅ 0 взято | 🗑️ 0 мусор
2026-06-18 12:47:50,690 | INFO     |   → 9/50: ✅ 0 взято | 🗑️ 0 мусор
2026-06-18 12:47:50,690 | INFO     |   → 10/50: ✅ 0 взято | 🗑️ 0 мусор
2026-06-18 12:47:50,690 | INFO     |   → 11/50 ⚠️ Ошибка: HTTPSConnectionPool(host='free.datiya.com', port=443): Read timed out. (read timeout=15) — https://free.datiya.com/uploads/20260618-clash.yaml
2026-06-18 12:47:50,690 | INFO     |   → 12/50: ✅ 0 взято | 🗑️ 0 мусор
2026-06-18 12:47:50,690 | INFO     |   → 13/50: ✅ 0 взято | 🗑️ 115 мусор
2026-06-18 12:47:50,690 | INFO     |   → 14/50: ✅ 0 взято | 🗑️ 0 мусор
2026-06-18 12:47:50,690 | INFO     |   → 15/50: ✅ 0 взято | 🗑️ 0 мусор
2026-06-18 12:47:50,690 | INFO     |   → 16/50: ✅ 0 взято | 🗑️ 0 мусор
2026-06-18 12:47:50,690 | INFO     |   → 17/50: ✅ 1 взято | 🗑️ 169 мусор
2026-06-18 12:47:50,690 | INFO     |   → 18/50: ✅ 0 взято | 🗑️ 0 мусор
2026-06-18 12:47:50,690 | INFO     |   → 19/50: ✅ 1 взято | 🗑️ 213 мусор
2026-06-18 12:47:50,690 | INFO     |   → 20/50: ✅ 0 взято | 🗑️ 0 мусор
2026-06-18 12:47:50,690 | INFO     |   → 21/50: ✅ 0 взято | 🗑️ 0 мусор
2026-06-18 12:47:50,690 | INFO     |   → 22/50: ✅ 0 взято | 🗑️ 117 мусор
2026-06-18 12:47:50,691 | INFO     |   → 23/50: ✅ 1 взято | 🗑️ 141 мусор
2026-06-18 12:47:50,691 | INFO     |   → 24/50: ✅ 0 взято | 🗑️ 137 мусор
2026-06-18 12:47:50,691 | INFO     |   → 25/50: ✅ 3 взято | 🗑️ 100 мусор
2026-06-18 12:47:50,691 | INFO     |   → 26/50: ✅ 0 взято | 🗑️ 0 мусор
2026-06-18 12:47:50,691 | INFO     |   → 27/50: ✅ 1 взято | 🗑️ 171 мусор
2026-06-18 12:47:50,691 | INFO     |   → 28/50: ✅ 0 взято | 🗑️ 0 мусор
2026-06-18 12:47:50,691 | INFO     |   → 29/50: ✅ 0 взято | 🗑️ 202 мусор
2026-06-18 12:47:50,691 | INFO     |   → 30/50: ✅ 0 взято | 🗑️ 0 мусор
2026-06-18 12:47:50,691 | INFO     |   → 31/50: ✅ 0 взято | 🗑️ 138 мусор
2026-06-18 12:47:50,691 | INFO     |   → 32/50: ✅ 0 взято | 🗑️ 0 мусор
2026-06-18 12:47:50,691 | INFO     |   → 33/50: ✅ 0 взято | 🗑️ 236 мусор
2026-06-18 12:47:50,691 | INFO     |   → 34/50: ✅ 0 взято | 🗑️ 0 мусор
2026-06-18 12:47:50,691 | INFO     |   → 35/50: ✅ 0 взято | 🗑️ 192 мусор
2026-06-18 12:47:50,691 | INFO     |   → 36/50: ✅ 0 взято | 🗑️ 0 мусор
2026-06-18 12:47:50,691 | INFO     |   → 37/50: ✅ 5 взято | 🗑️ 9 мусор
2026-06-18 12:47:50,691 | INFO     |   → 38/50: ✅ 0 взято | 🗑️ 9 мусор
2026-06-18 12:47:50,691 | INFO     |   → 39/50: ✅ 0 взято | 🗑️ 9 мусор
2026-06-18 12:47:50,691 | INFO     |   → 40/50: ✅ 0 взято | 🗑️ 9 мусор
2026-06-18 12:47:50,691 | INFO     |   → 41/50: ✅ 0 взято | 🗑️ 9 мусор
2026-06-18 12:47:50,691 | INFO     |   → 42/50: ✅ 0 взято | 🗑️ 9 мусор
2026-06-18 12:47:50,691 | INFO     |   → 43/50: ✅ 0 взято | 🗑️ 9 мусор
2026-06-18 12:47:50,691 | INFO     |   → 44/50: ✅ 0 взято | 🗑️ 9 мусор
2026-06-18 12:47:50,691 | INFO     |   → 45/50: ✅ 0 взято | 🗑️ 9 мусор
2026-06-18 12:47:50,691 | INFO     |   → 46/50: ✅ 0 взято | 🗑️ 9 мусор
2026-06-18 12:47:50,691 | INFO     |   → 47/50: ✅ 0 взято | 🗑️ 9 мусор
2026-06-18 12:47:50,691 | INFO     |   → 48/50: ✅ 0 взято | 🗑️ 9 мусор
2026-06-18 12:47:50,691 | INFO     |   → 49/50: ✅ 0 взято | 🗑️ 0 мусор
2026-06-18 12:47:50,691 | INFO     |   → 50/50: ✅ 4 взято | 🗑️ 458 мусор
2026-06-18 12:47:50,691 | INFO     |   → 📡 С sstap.org получено 0 ключей
2026-06-18 12:47:50,691 | INFO     |   → 📡 С sstap.org не добавлено ни одного ключа (все 0 отклонены фильтром)
2026-06-18 12:47:50,691 | INFO     |   → ✅ ГОТОВО!
2026-06-18 12:47:50,691 | INFO     |   →    📥 Всего ключей после фильтра: 16
2026-06-18 12:47:50,692 | INFO     |   →    🔗 Уникальных IP:PORT:SCHEME: 14
2026-06-18 12:47:50,692 | INFO     |   →    🗑️ Выброшено мусора: 2497
2026-06-18 12:47:50,692 | INFO     |   → 📊 По протоколам:
2026-06-18 12:47:50,692 | INFO     |   →    vless: 11
2026-06-18 12:47:50,692 | INFO     |   →    vmess: 1
2026-06-18 12:47:50,692 | INFO     |   →    trojan: 1
2026-06-18 12:47:50,692 | INFO     |   →    hysteria2: 1
2026-06-18 12:47:50,692 | INFO     | ✅ mirror.py завершён успешно
2026-06-18 12:47:50,692 | INFO     | 
2026-06-18 12:47:50,692 | INFO     | 
2026-06-18 12:47:50,692 | INFO     | ──────────────────────────────────────────────────────────────────────
2026-06-18 12:47:50,692 | INFO     | 📌 ЭТАП: Генерация 50 уникальных CF-VLESS
2026-06-18 12:47:50,692 | INFO     | ──────────────────────────────────────────────────────────────────────
2026-06-18 12:47:50,692 | INFO     | 🚀 Запуск generate_cf_vless.py (50 новых CF-VLESS)...
2026-06-18 12:47:50,882 | INFO     |   → === Генератор свежих VLESS-конфигов на IP Cloudflare ===
2026-06-18 12:47:50,882 | INFO     |   → ✅ Сгенерировано и сохранено 50 VLESS-конфигов.
2026-06-18 12:47:50,882 | INFO     |   → 📂 Файл: /home/runner/work/vpn-vless-configs-russia/vpn-vless-configs-russia/data/githubmirror/new/cf_fresh.txt
2026-06-18 12:47:50,882 | INFO     | ✅ generate_cf_vless.py завершён успешно
2026-06-18 12:47:50,882 | INFO     | 
2026-06-18 12:47:50,882 | INFO     | 
2026-06-18 12:47:50,882 | INFO     | ──────────────────────────────────────────────────────────────────────
2026-06-18 12:47:50,882 | INFO     | 📌 ЭТАП: Слияние CF с основным списком
2026-06-18 12:47:50,882 | INFO     | ──────────────────────────────────────────────────────────────────────
2026-06-18 12:47:50,883 | INFO     | 🔄 Добавлено 50 новых CF-VLESS в /home/runner/work/vpn-vless-configs-russia/vpn-vless-configs-russia/data/githubmirror/clean/vless.txt
2026-06-18 12:47:50,883 | INFO     | 📊 Всего в clean/vless.txt теперь: 61
2026-06-18 12:47:50,883 | INFO     | 
2026-06-18 12:47:50,883 | INFO     | 
2026-06-18 12:47:50,883 | INFO     | ──────────────────────────────────────────────────────────────────────
2026-06-18 12:47:50,883 | INFO     | 📌 ЭТАП: Фильтрация по реальному SNI
2026-06-18 12:47:50,883 | INFO     | ──────────────────────────────────────────────────────────────────────
2026-06-18 12:47:50,883 | INFO     | 🚀 Запуск filter_ru_sni.py (Фильтр по реальному SNI (CDN+RU))...
2026-06-18 12:47:50,913 | INFO     |   → hysteria2.txt: 1 → 0 (SNI-filtered)
2026-06-18 12:47:50,913 | INFO     |   →   trojan.txt: 1 → 0 (SNI-filtered)
2026-06-18 12:47:50,913 | INFO     |   →   vless.txt: 61 → 51 (SNI-filtered)
2026-06-18 12:47:50,913 | INFO     |   →   vmess.txt: 1 → 0 (SNI-filtered)
2026-06-18 12:47:50,913 | INFO     |   → ==================================================
2026-06-18 12:47:50,913 | INFO     |   →   Всего входных:  64
2026-06-18 12:47:50,913 | INFO     |   →   Прошли фильтр:  51
2026-06-18 12:47:50,913 | INFO     |   →   Отброшено:      13
2026-06-18 12:47:50,913 | INFO     |   → ==================================================
2026-06-18 12:47:50,913 | INFO     |   → Готово → /home/runner/work/vpn-vless-configs-russia/vpn-vless-configs-russia/data/githubmirror/ru-sni
2026-06-18 12:47:50,913 | INFO     | ✅ filter_ru_sni.py завершён успешно
2026-06-18 12:47:50,913 | INFO     | 
2026-06-18 12:47:50,913 | INFO     | 
2026-06-18 12:47:50,913 | INFO     | ──────────────────────────────────────────────────────────────────────
2026-06-18 12:47:50,913 | INFO     | 📌 ЭТАП: Экспериментальный RU-SNI фильтр
2026-06-18 12:47:50,913 | INFO     | ──────────────────────────────────────────────────────────────────────
2026-06-18 12:47:50,913 | INFO     | 🚀 Запуск filter_ru_sni_local.py (Экспериментальный фильтр по RU-SNI)...
2026-06-18 12:47:50,944 | INFO     |   → hysteria2.txt: 1 → 0 (RU-SNI)
2026-06-18 12:47:50,944 | INFO     |   → trojan.txt: 1 → 0 (RU-SNI)
2026-06-18 12:47:50,944 | INFO     |   → vless.txt: 61 → 0 (RU-SNI)
2026-06-18 12:47:50,944 | INFO     |   → vmess.txt: 1 → 0 (RU-SNI)
2026-06-18 12:47:50,944 | INFO     |   → ==================================================
2026-06-18 12:47:50,944 | INFO     |   → Всего входных:  64
2026-06-18 12:47:50,944 | INFO     |   → Прошли RU-SNI:  0
2026-06-18 12:47:50,944 | INFO     |   → Отброшено:      64
2026-06-18 12:47:50,944 | INFO     |   → ==================================================
2026-06-18 12:47:50,945 | INFO     |   → Готово → /home/runner/work/vpn-vless-configs-russia/vpn-vless-configs-russia/data/githubmirror/ru-sni-local
2026-06-18 12:47:50,945 | INFO     | ✅ filter_ru_sni_local.py завершён успешно
2026-06-18 12:47:50,945 | INFO     | 
2026-06-18 12:47:50,945 | INFO     | 
2026-06-18 12:47:50,945 | INFO     | ──────────────────────────────────────────────────────────────────────
2026-06-18 12:47:50,945 | INFO     | 📌 ЭТАП: Сбор статистики
2026-06-18 12:47:50,945 | INFO     | ──────────────────────────────────────────────────────────────────────
2026-06-18 12:47:50,945 | INFO     | 📊 Сбор статистики...
2026-06-18 12:47:50,945 | INFO     |   📁 githubmirror/clean:
2026-06-18 12:47:50,945 | INFO     |     • hysteria2   :     1 конфигов
2026-06-18 12:47:50,945 | INFO     |     • trojan      :     1 конфигов
2026-06-18 12:47:50,946 | INFO     |     • vless       :    61 конфигов
2026-06-18 12:47:50,946 | INFO     |     • vmess       :     1 конфигов
2026-06-18 12:47:50,946 | INFO     |   📁 githubmirror/ru-sni:
2026-06-18 12:47:50,946 | INFO     |     • hysteria2   :     0 конфигов (  0.0% от clean)
2026-06-18 12:47:50,946 | INFO     |     • trojan      :     0 конфигов (  0.0% от clean)
2026-06-18 12:47:50,946 | INFO     |     • vless       :    51 конфигов ( 83.6% от clean)
2026-06-18 12:47:50,946 | INFO     |     • vmess       :     0 конфигов (  0.0% от clean)
2026-06-18 12:47:50,946 | INFO     |   ✨ Новых CF-VLESS в этом запуске: 50
2026-06-18 12:47:50,946 | INFO     | 
2026-06-18 12:47:50,946 | INFO     |   ──────────────────────────────────────────────────
2026-06-18 12:47:50,946 | INFO     |   📈 ИТОГО:
2026-06-18 12:47:50,946 | INFO     |     Clean (после geo-фильтра):       64
2026-06-18 12:47:50,946 | INFO     |     RU-SNI (после SNI-фильтра):      51
2026-06-18 12:47:50,946 | INFO     |     Прошло фильтр:                 79.7%
2026-06-18 12:47:50,946 | INFO     |   ──────────────────────────────────────────────────
2026-06-18 12:47:50,947 | INFO     | ✅ Статистика сохранена: /home/runner/work/vpn-vless-configs-russia/vpn-vless-configs-russia/data/stats.json
2026-06-18 12:47:50,947 | INFO     | 
2026-06-18 12:47:50,947 | INFO     | ======================================================================
2026-06-18 12:47:50,947 | INFO     | 📊 ИТОГОВЫЙ ОТЧЁТ
2026-06-18 12:47:50,947 | INFO     | ======================================================================
2026-06-18 12:47:50,947 | INFO     |   ✅ OK         | Загрузка и geo-фильтрация
2026-06-18 12:47:50,947 | INFO     |   ✅ OK         | Генерация 50 уникальных CF-VLESS
2026-06-18 12:47:50,947 | INFO     |   ✅ OK         | Слияние CF с основным списком
2026-06-18 12:47:50,947 | INFO     |   ✅ OK         | Фильтрация по реальному SNI
2026-06-18 12:47:50,947 | INFO     |   ✅ OK         | Экспериментальный RU-SNI фильтр
2026-06-18 12:47:50,947 | INFO     |   ✅ OK         | Сбор статистики
2026-06-18 12:47:50,947 | INFO     | ──────────────────────────────────────────────────────────────────────
2026-06-18 12:47:50,947 | INFO     | ✅ ВСЕ ЭТАПЫ УСПЕШНЫ (6/6)
2026-06-18 12:47:50,947 | INFO     | ⏰ Время завершения: 2026-06-18 12:47:50
2026-06-18 12:47:50,947 | INFO     | ======================================================================
