2026-06-06 11:17:19,407 | INFO     | ======================================================================
2026-06-06 11:17:19,407 | INFO     | 🔍 VPN KEY CHECKER - Начало проверки
2026-06-06 11:17:19,407 | INFO     | ⏰ Время старта: 2026-06-06 11:17:19
2026-06-06 11:17:19,407 | INFO     | 📂 Рабочая директория: /home/runner/work/vpn-vless-configs-russia/vpn-vless-configs-russia
2026-06-06 11:17:19,407 | INFO     | ======================================================================
2026-06-06 11:17:19,407 | INFO     | 
2026-06-06 11:17:19,407 | INFO     | 🔍 Проверка наличия скриптов...
2026-06-06 11:17:19,407 | INFO     |   ✅ mirror.py
2026-06-06 11:17:19,407 | INFO     |   ✅ generate_cf_vless.py
2026-06-06 11:17:19,407 | INFO     |   ✅ filter_ru_sni.py
2026-06-06 11:17:19,407 | INFO     |   ✅ filter_ru_sni_local.py
2026-06-06 11:17:19,407 | INFO     | 
2026-06-06 11:17:19,408 | INFO     | ──────────────────────────────────────────────────────────────────────
2026-06-06 11:17:19,408 | INFO     | 📌 ЭТАП: Загрузка и geo-фильтрация
2026-06-06 11:17:19,408 | INFO     | ──────────────────────────────────────────────────────────────────────
2026-06-06 11:17:19,408 | INFO     | 🚀 Запуск mirror.py (Загрузка и фильтрация по РФ/СНГ/Европа)...
2026-06-06 11:17:29,060 | INFO     |   → DEBUG: mirror.py started
2026-06-06 11:17:29,061 | INFO     |   → DEBUG: BASE_PATH = /home/runner/work/vpn-vless-configs-russia/vpn-vless-configs-russia
2026-06-06 11:17:29,061 | INFO     |   → DEBUG: CONFIG_SOURCES_FILE = /home/runner/work/vpn-vless-configs-russia/vpn-vless-configs-russia/data/config_sources.json
2026-06-06 11:17:29,061 | INFO     |   → 📂 Загружено 24 источников из /home/runner/work/vpn-vless-configs-russia/vpn-vless-configs-russia/data/config_sources.json
2026-06-06 11:17:29,061 | INFO     |   → 🚀 Старт: всего источников: 24
2026-06-06 11:17:29,061 | INFO     |   → 1/24: ✅ 0 взято | 🗑️ 0 мусор
2026-06-06 11:17:29,061 | INFO     |   → 2/24: ✅ 0 взято | 🗑️ 0 мусор
2026-06-06 11:17:29,061 | INFO     |   → 3/24: ✅ 0 взято | 🗑️ 0 мусор
2026-06-06 11:17:29,061 | INFO     |   → 4/24: ✅ 0 взято | 🗑️ 0 мусор
2026-06-06 11:17:29,061 | INFO     |   → 5/24: ✅ 0 взято | 🗑️ 0 мусор
2026-06-06 11:17:29,061 | INFO     |   → 6/24: ✅ 0 взято | 🗑️ 0 мусор
2026-06-06 11:17:29,061 | INFO     |   → 7/24: ✅ 10 взято | 🗑️ 151 мусор
2026-06-06 11:17:29,061 | INFO     |   → 8/24: ✅ 0 взято | 🗑️ 0 мусор
2026-06-06 11:17:29,061 | INFO     |   → 9/24: ✅ 10 взято | 🗑️ 113 мусор
2026-06-06 11:17:29,061 | INFO     |   → 10/24: ✅ 2 взято | 🗑️ 115 мусор
2026-06-06 11:17:29,061 | INFO     |   → 11/24: ✅ 0 взято | 🗑️ 0 мусор
2026-06-06 11:17:29,061 | INFO     |   → 12/24: ✅ 0 взято | 🗑️ 0 мусор
2026-06-06 11:17:29,061 | INFO     |   → 13/24: ✅ 3 взято | 🗑️ 145 мусор
2026-06-06 11:17:29,061 | INFO     |   → 14/24: ✅ 0 взято | 🗑️ 0 мусор
2026-06-06 11:17:29,061 | INFO     |   → 15/24: ✅ 0 взято | 🗑️ 157 мусор
2026-06-06 11:17:29,061 | INFO     |   → 16/24: ✅ 0 взято | 🗑️ 0 мусор
2026-06-06 11:17:29,061 | INFO     |   → 17/24: ✅ 0 взято | 🗑️ 131 мусор
2026-06-06 11:17:29,061 | INFO     |   → 18/24: ✅ 0 взято | 🗑️ 0 мусор
2026-06-06 11:17:29,061 | INFO     |   → 19/24: ✅ 13 взято | 🗑️ 7 мусор
2026-06-06 11:17:29,061 | INFO     |   → 20/24: ✅ 0 взято | 🗑️ 7 мусор
2026-06-06 11:17:29,061 | INFO     |   → 21/24: ✅ 0 взято | 🗑️ 7 мусор
2026-06-06 11:17:29,061 | INFO     |   → 22/24: ✅ 0 взято | 🗑️ 7 мусор
2026-06-06 11:17:29,061 | INFO     |   → 23/24: ✅ 0 взято | 🗑️ 7 мусор
2026-06-06 11:17:29,061 | INFO     |   → 24/24: ✅ 0 взято | 🗑️ 7 мусор
2026-06-06 11:17:29,061 | INFO     |   → 📡 С sstap.org получено 0 ключей
2026-06-06 11:17:29,061 | INFO     |   → 📡 С sstap.org не добавлено ни одного ключа (все 0 отклонены фильтром)
2026-06-06 11:17:29,061 | INFO     |   → ✅ ГОТОВО!
2026-06-06 11:17:29,061 | INFO     |   →    📥 Всего ключей после фильтра: 38
2026-06-06 11:17:29,061 | INFO     |   →    🔗 Уникальных IP:PORT:SCHEME: 26
2026-06-06 11:17:29,061 | INFO     |   →    🗑️ Выброшено мусора: 854
2026-06-06 11:17:29,061 | INFO     |   → 📊 По протоколам:
2026-06-06 11:17:29,062 | INFO     |   →    vless: 16
2026-06-06 11:17:29,062 | INFO     |   →    vmess: 1
2026-06-06 11:17:29,062 | INFO     |   →    trojan: 4
2026-06-06 11:17:29,062 | INFO     |   →    ss: 3
2026-06-06 11:17:29,062 | INFO     |   →    hysteria2: 2
2026-06-06 11:17:29,062 | INFO     | ✅ mirror.py завершён успешно
2026-06-06 11:17:29,062 | INFO     | 
2026-06-06 11:17:29,062 | INFO     | 
2026-06-06 11:17:29,062 | INFO     | ──────────────────────────────────────────────────────────────────────
2026-06-06 11:17:29,062 | INFO     | 📌 ЭТАП: Генерация 50 уникальных CF-VLESS
2026-06-06 11:17:29,062 | INFO     | ──────────────────────────────────────────────────────────────────────
2026-06-06 11:17:29,062 | INFO     | 🚀 Запуск generate_cf_vless.py (50 новых CF-VLESS)...
2026-06-06 11:17:29,253 | INFO     |   → === Генератор свежих VLESS-конфигов на IP Cloudflare ===
2026-06-06 11:17:29,253 | INFO     |   → ✅ Сгенерировано и сохранено 50 VLESS-конфигов.
2026-06-06 11:17:29,253 | INFO     |   → 📂 Файл: /home/runner/work/vpn-vless-configs-russia/vpn-vless-configs-russia/data/githubmirror/new/cf_fresh.txt
2026-06-06 11:17:29,253 | INFO     | ✅ generate_cf_vless.py завершён успешно
2026-06-06 11:17:29,253 | INFO     | 
2026-06-06 11:17:29,253 | INFO     | 
2026-06-06 11:17:29,253 | INFO     | ──────────────────────────────────────────────────────────────────────
2026-06-06 11:17:29,253 | INFO     | 📌 ЭТАП: Слияние CF с основным списком
2026-06-06 11:17:29,253 | INFO     | ──────────────────────────────────────────────────────────────────────
2026-06-06 11:17:29,254 | INFO     | 🔄 Добавлено 50 новых CF-VLESS в /home/runner/work/vpn-vless-configs-russia/vpn-vless-configs-russia/data/githubmirror/clean/vless.txt
2026-06-06 11:17:29,254 | INFO     | 📊 Всего в clean/vless.txt теперь: 66
2026-06-06 11:17:29,255 | INFO     | 
2026-06-06 11:17:29,255 | INFO     | 
2026-06-06 11:17:29,255 | INFO     | ──────────────────────────────────────────────────────────────────────
2026-06-06 11:17:29,255 | INFO     | 📌 ЭТАП: Фильтрация по реальному SNI
2026-06-06 11:17:29,255 | INFO     | ──────────────────────────────────────────────────────────────────────
2026-06-06 11:17:29,255 | INFO     | 🚀 Запуск filter_ru_sni.py (Фильтр по реальному SNI (CDN+RU))...
2026-06-06 11:17:29,284 | INFO     |   → hysteria2.txt: 2 → 1 (SNI-filtered)
2026-06-06 11:17:29,284 | INFO     |   →   ss.txt: 3 → 0 (SNI-filtered)
2026-06-06 11:17:29,284 | INFO     |   →   trojan.txt: 4 → 0 (SNI-filtered)
2026-06-06 11:17:29,284 | INFO     |   →   vless.txt: 66 → 55 (SNI-filtered)
2026-06-06 11:17:29,284 | INFO     |   →   vmess.txt: 1 → 0 (SNI-filtered)
2026-06-06 11:17:29,284 | INFO     |   → ==================================================
2026-06-06 11:17:29,284 | INFO     |   →   Всего входных:  76
2026-06-06 11:17:29,284 | INFO     |   →   Прошли фильтр:  56
2026-06-06 11:17:29,284 | INFO     |   →   Отброшено:      20
2026-06-06 11:17:29,284 | INFO     |   → ==================================================
2026-06-06 11:17:29,284 | INFO     |   → Готово → /home/runner/work/vpn-vless-configs-russia/vpn-vless-configs-russia/data/githubmirror/ru-sni
2026-06-06 11:17:29,284 | INFO     | ✅ filter_ru_sni.py завершён успешно
2026-06-06 11:17:29,284 | INFO     | 
2026-06-06 11:17:29,284 | INFO     | 
2026-06-06 11:17:29,284 | INFO     | ──────────────────────────────────────────────────────────────────────
2026-06-06 11:17:29,284 | INFO     | 📌 ЭТАП: Экспериментальный RU-SNI фильтр
2026-06-06 11:17:29,284 | INFO     | ──────────────────────────────────────────────────────────────────────
2026-06-06 11:17:29,284 | INFO     | 🚀 Запуск filter_ru_sni_local.py (Экспериментальный фильтр по RU-SNI)...
2026-06-06 11:17:29,315 | INFO     |   → hysteria2.txt: 2 → 0 (RU-SNI)
2026-06-06 11:17:29,315 | INFO     |   → ss.txt: 3 → 0 (RU-SNI)
2026-06-06 11:17:29,315 | INFO     |   → trojan.txt: 4 → 0 (RU-SNI)
2026-06-06 11:17:29,315 | INFO     |   → vless.txt: 66 → 1 (RU-SNI)
2026-06-06 11:17:29,315 | INFO     |   → vmess.txt: 1 → 0 (RU-SNI)
2026-06-06 11:17:29,315 | INFO     |   → ==================================================
2026-06-06 11:17:29,315 | INFO     |   → Всего входных:  76
2026-06-06 11:17:29,315 | INFO     |   → Прошли RU-SNI:  1
2026-06-06 11:17:29,315 | INFO     |   → Отброшено:      75
2026-06-06 11:17:29,315 | INFO     |   → ==================================================
2026-06-06 11:17:29,315 | INFO     |   → Готово → /home/runner/work/vpn-vless-configs-russia/vpn-vless-configs-russia/data/githubmirror/ru-sni-local
2026-06-06 11:17:29,315 | INFO     | ✅ filter_ru_sni_local.py завершён успешно
2026-06-06 11:17:29,315 | INFO     | 
2026-06-06 11:17:29,315 | INFO     | 
2026-06-06 11:17:29,315 | INFO     | ──────────────────────────────────────────────────────────────────────
2026-06-06 11:17:29,315 | INFO     | 📌 ЭТАП: Сбор статистики
2026-06-06 11:17:29,315 | INFO     | ──────────────────────────────────────────────────────────────────────
2026-06-06 11:17:29,315 | INFO     | 📊 Сбор статистики...
2026-06-06 11:17:29,315 | INFO     |   📁 githubmirror/clean:
2026-06-06 11:17:29,315 | INFO     |     • hysteria2   :     2 конфигов
2026-06-06 11:17:29,316 | INFO     |     • ss          :     3 конфигов
2026-06-06 11:17:29,316 | INFO     |     • trojan      :     4 конфигов
2026-06-06 11:17:29,316 | INFO     |     • vless       :    66 конфигов
2026-06-06 11:17:29,316 | INFO     |     • vmess       :     1 конфигов
2026-06-06 11:17:29,316 | INFO     |   📁 githubmirror/ru-sni:
2026-06-06 11:17:29,316 | INFO     |     • hysteria2   :     1 конфигов ( 50.0% от clean)
2026-06-06 11:17:29,316 | INFO     |     • ss          :     0 конфигов (  0.0% от clean)
2026-06-06 11:17:29,316 | INFO     |     • trojan      :     0 конфигов (  0.0% от clean)
2026-06-06 11:17:29,316 | INFO     |     • vless       :    55 конфигов ( 83.3% от clean)
2026-06-06 11:17:29,316 | INFO     |     • vmess       :     0 конфигов (  0.0% от clean)
2026-06-06 11:17:29,317 | INFO     |   ✨ Новых CF-VLESS в этом запуске: 50
2026-06-06 11:17:29,317 | INFO     | 
2026-06-06 11:17:29,317 | INFO     |   ──────────────────────────────────────────────────
2026-06-06 11:17:29,317 | INFO     |   📈 ИТОГО:
2026-06-06 11:17:29,317 | INFO     |     Clean (после geo-фильтра):       76
2026-06-06 11:17:29,317 | INFO     |     RU-SNI (после SNI-фильтра):      56
2026-06-06 11:17:29,317 | INFO     |     Прошло фильтр:                 73.7%
2026-06-06 11:17:29,317 | INFO     |   ──────────────────────────────────────────────────
2026-06-06 11:17:29,317 | INFO     | ✅ Статистика сохранена: /home/runner/work/vpn-vless-configs-russia/vpn-vless-configs-russia/data/stats.json
2026-06-06 11:17:29,317 | INFO     | 
2026-06-06 11:17:29,317 | INFO     | ======================================================================
2026-06-06 11:17:29,317 | INFO     | 📊 ИТОГОВЫЙ ОТЧЁТ
2026-06-06 11:17:29,317 | INFO     | ======================================================================
2026-06-06 11:17:29,317 | INFO     |   ✅ OK         | Загрузка и geo-фильтрация
2026-06-06 11:17:29,317 | INFO     |   ✅ OK         | Генерация 50 уникальных CF-VLESS
2026-06-06 11:17:29,317 | INFO     |   ✅ OK         | Слияние CF с основным списком
2026-06-06 11:17:29,317 | INFO     |   ✅ OK         | Фильтрация по реальному SNI
2026-06-06 11:17:29,317 | INFO     |   ✅ OK         | Экспериментальный RU-SNI фильтр
2026-06-06 11:17:29,317 | INFO     |   ✅ OK         | Сбор статистики
2026-06-06 11:17:29,317 | INFO     | ──────────────────────────────────────────────────────────────────────
2026-06-06 11:17:29,318 | INFO     | ✅ ВСЕ ЭТАПЫ УСПЕШНЫ (6/6)
2026-06-06 11:17:29,318 | INFO     | ⏰ Время завершения: 2026-06-06 11:17:29
2026-06-06 11:17:29,318 | INFO     | ======================================================================
