2026-06-29 16:53:32,101 | INFO     | ======================================================================
2026-06-29 16:53:32,101 | INFO     | 🔍 VPN KEY CHECKER - Начало проверки
2026-06-29 16:53:32,101 | INFO     | ⏰ Время старта: 2026-06-29 16:53:32
2026-06-29 16:53:32,101 | INFO     | 📂 Рабочая директория: /home/runner/work/vpn-vless-configs-russia/vpn-vless-configs-russia
2026-06-29 16:53:32,101 | INFO     | ======================================================================
2026-06-29 16:53:32,101 | INFO     | 
2026-06-29 16:53:32,102 | INFO     | 🔍 Проверка наличия скриптов...
2026-06-29 16:53:32,102 | INFO     |   ✅ mirror.py
2026-06-29 16:53:32,102 | INFO     |   ✅ generate_cf_vless.py
2026-06-29 16:53:32,102 | INFO     |   ✅ filter_ru_sni.py
2026-06-29 16:53:32,102 | INFO     |   ✅ filter_ru_sni_local.py
2026-06-29 16:53:32,102 | INFO     | 
2026-06-29 16:53:32,102 | INFO     | ──────────────────────────────────────────────────────────────────────
2026-06-29 16:53:32,102 | INFO     | 📌 ЭТАП: Загрузка и geo-фильтрация
2026-06-29 16:53:32,102 | INFO     | ──────────────────────────────────────────────────────────────────────
2026-06-29 16:53:32,102 | INFO     | 🚀 Запуск mirror.py (Загрузка и фильтрация по РФ/СНГ/Европа)...
2026-06-29 16:54:14,517 | INFO     |   → DEBUG: mirror.py started
2026-06-29 16:54:14,518 | INFO     |   → DEBUG: BASE_PATH = /home/runner/work/vpn-vless-configs-russia/vpn-vless-configs-russia
2026-06-29 16:54:14,518 | INFO     |   → DEBUG: CONFIG_SOURCES_FILE = /home/runner/work/vpn-vless-configs-russia/vpn-vless-configs-russia/data/config_sources.json
2026-06-29 16:54:14,518 | INFO     |   → 📂 Загружено 142 источников из /home/runner/work/vpn-vless-configs-russia/vpn-vless-configs-russia/data/config_sources.json
2026-06-29 16:54:14,518 | INFO     |   → 🚀 Старт: всего источников: 142
2026-06-29 16:54:14,518 | INFO     |   → 1/142: ✅ 0 взято | 🗑️ 0 мусор
2026-06-29 16:54:14,518 | INFO     |   → 2/142: ✅ 0 взято | 🗑️ 0 мусор
2026-06-29 16:54:14,518 | INFO     |   → 3/142: ✅ 0 взято | 🗑️ 0 мусор
2026-06-29 16:54:14,518 | INFO     |   → 4/142: ✅ 0 взято | 🗑️ 0 мусор
2026-06-29 16:54:14,518 | INFO     |   → 5/142: ✅ 0 взято | 🗑️ 0 мусор
2026-06-29 16:54:14,518 | INFO     |   → 6/142: ✅ 0 взято | 🗑️ 0 мусор
2026-06-29 16:54:14,518 | INFO     |   → 7/142: ✅ 0 взято | 🗑️ 0 мусор
2026-06-29 16:54:14,518 | INFO     |   → 8/142: ✅ 0 взято | 🗑️ 0 мусор
2026-06-29 16:54:14,518 | INFO     |   → 9/142: ✅ 0 взято | 🗑️ 0 мусор
2026-06-29 16:54:14,518 | INFO     |   → 10/142: ✅ 0 взято | 🗑️ 0 мусор
2026-06-29 16:54:14,518 | INFO     |   → 11/142: ✅ 0 взято | 🗑️ 0 мусор
2026-06-29 16:54:14,518 | INFO     |   → 12/142: ✅ 0 взято | 🗑️ 0 мусор
2026-06-29 16:54:14,518 | INFO     |   → 13/142: ✅ 0 взято | 🗑️ 0 мусор
2026-06-29 16:54:14,518 | INFO     |   → 14/142: ✅ 0 взято | 🗑️ 0 мусор
2026-06-29 16:54:14,518 | INFO     |   → 15/142: ✅ 0 взято | 🗑️ 0 мусор
2026-06-29 16:54:14,518 | INFO     |   → 16/142: ✅ 0 взято | 🗑️ 0 мусор
2026-06-29 16:54:14,519 | INFO     |   → 17/142: ✅ 0 взято | 🗑️ 0 мусор
2026-06-29 16:54:14,519 | INFO     |   → 18/142: ✅ 0 взято | 🗑️ 0 мусор
2026-06-29 16:54:14,519 | INFO     |   → 19/142: ✅ 0 взято | 🗑️ 0 мусор
2026-06-29 16:54:14,519 | INFO     |   → 20/142: ✅ 0 взято | 🗑️ 0 мусор
2026-06-29 16:54:14,519 | INFO     |   → 21/142: ✅ 0 взято | 🗑️ 0 мусор
2026-06-29 16:54:14,519 | INFO     |   → 22/142: ✅ 0 взято | 🗑️ 0 мусор
2026-06-29 16:54:14,519 | INFO     |   → 23/142: ✅ 0 взято | 🗑️ 0 мусор
2026-06-29 16:54:14,519 | INFO     |   → 24/142: ✅ 0 взято | 🗑️ 0 мусор
2026-06-29 16:54:14,519 | INFO     |   → 25/142: ✅ 0 взято | 🗑️ 0 мусор
2026-06-29 16:54:14,519 | INFO     |   → 26/142: ✅ 0 взято | 🗑️ 0 мусор
2026-06-29 16:54:14,519 | INFO     |   → 27/142: ✅ 0 взято | 🗑️ 0 мусор
2026-06-29 16:54:14,519 | INFO     |   → 28/142: ✅ 0 взято | 🗑️ 0 мусор
2026-06-29 16:54:14,519 | INFO     |   → 29/142: ✅ 0 взято | 🗑️ 0 мусор
2026-06-29 16:54:14,519 | INFO     |   → 30/142: ✅ 0 взято | 🗑️ 0 мусор
2026-06-29 16:54:14,519 | INFO     |   → 31/142: ✅ 0 взято | 🗑️ 0 мусор
2026-06-29 16:54:14,519 | INFO     |   → 32/142: ✅ 0 взято | 🗑️ 0 мусор
2026-06-29 16:54:14,519 | INFO     |   → 33/142: ✅ 0 взято | 🗑️ 0 мусор
2026-06-29 16:54:14,519 | INFO     |   → 34/142: ✅ 0 взято | 🗑️ 0 мусор
2026-06-29 16:54:14,519 | INFO     |   → 35/142: ✅ 0 взято | 🗑️ 0 мусор
2026-06-29 16:54:14,519 | INFO     |   → 36/142: ✅ 5 взято | 🗑️ 133 мусор
2026-06-29 16:54:14,519 | INFO     |   → 37/142: ✅ 5 взято | 🗑️ 166 мусор
2026-06-29 16:54:14,520 | INFO     |   → 38/142: ✅ 0 взято | 🗑️ 115 мусор
2026-06-29 16:54:14,520 | INFO     |   → 39/142: ✅ 5 взято | 🗑️ 161 мусор
2026-06-29 16:54:14,520 | INFO     |   → 40/142: ✅ 0 взято | 🗑️ 0 мусор
2026-06-29 16:54:14,520 | INFO     |   → 41/142: ✅ 0 взято | 🗑️ 0 мусор
2026-06-29 16:54:14,520 | INFO     |   → 42/142: ✅ 0 взято | 🗑️ 0 мусор
2026-06-29 16:54:14,520 | INFO     |   → 43/142: ✅ 1 взято | 🗑️ 226 мусор
2026-06-29 16:54:14,520 | INFO     |   → 44/142: ✅ 0 взято | 🗑️ 0 мусор
2026-06-29 16:54:14,520 | INFO     |   → 45/142: ✅ 1 взято | 🗑️ 169 мусор
2026-06-29 16:54:14,520 | INFO     |   → 46/142: ✅ 0 взято | 🗑️ 0 мусор
2026-06-29 16:54:14,520 | INFO     |   → 47/142: ✅ 1 взято | 🗑️ 213 мусор
2026-06-29 16:54:14,520 | INFO     |   → 48/142: ✅ 0 взято | 🗑️ 0 мусор
2026-06-29 16:54:14,520 | INFO     |   → 49/142: ✅ 0 взято | 🗑️ 0 мусор
2026-06-29 16:54:14,520 | INFO     |   → 50/142: ✅ 2 взято | 🗑️ 60 мусор
2026-06-29 16:54:14,520 | INFO     |   → 51/142: ✅ 0 взято | 🗑️ 0 мусор
2026-06-29 16:54:14,520 | INFO     |   → 52/142: ✅ 3 взято | 🗑️ 99 мусор
2026-06-29 16:54:14,520 | INFO     |   → 53/142: ✅ 0 взято | 🗑️ 0 мусор
2026-06-29 16:54:14,520 | INFO     |   → 54/142: ✅ 0 взято | 🗑️ 0 мусор
2026-06-29 16:54:14,520 | INFO     |   → 55/142: ✅ 1 взято | 🗑️ 96 мусор
2026-06-29 16:54:14,520 | INFO     |   → 56/142: ✅ 0 взято | 🗑️ 117 мусор
2026-06-29 16:54:14,520 | INFO     |   → 57/142: ✅ 11 взято | 🗑️ 225 мусор
2026-06-29 16:54:14,520 | INFO     |   → 58/142: ✅ 1 взято | 🗑️ 141 мусор
2026-06-29 16:54:14,520 | INFO     |   → 59/142: ✅ 0 взято | 🗑️ 96 мусор
2026-06-29 16:54:14,520 | INFO     |   → 60/142: ✅ 0 взято | 🗑️ 263 мусор
2026-06-29 16:54:14,520 | INFO     |   → 61/142: ✅ 0 взято | 🗑️ 0 мусор
2026-06-29 16:54:14,520 | INFO     |   → 62/142: ✅ 0 взято | 🗑️ 0 мусор
2026-06-29 16:54:14,520 | INFO     |   → 63/142: ✅ 0 взято | 🗑️ 0 мусор
2026-06-29 16:54:14,520 | INFO     |   → 64/142: ✅ 0 взято | 🗑️ 137 мусор
2026-06-29 16:54:14,521 | INFO     |   → 65/142: ✅ 0 взято | 🗑️ 0 мусор
2026-06-29 16:54:14,521 | INFO     |   → 66/142: ✅ 0 взято | 🗑️ 0 мусор
2026-06-29 16:54:14,521 | INFO     |   → 67/142: ✅ 0 взято | 🗑️ 112 мусор
2026-06-29 16:54:14,521 | INFO     |   → 68/142: ✅ 0 взято | 🗑️ 0 мусор
2026-06-29 16:54:14,521 | INFO     |   → 69/142: ✅ 3 взято | 🗑️ 100 мусор
2026-06-29 16:54:14,521 | INFO     |   → 70/142: ✅ 0 взято | 🗑️ 0 мусор
2026-06-29 16:54:14,521 | INFO     |   → 71/142: ✅ 1 взято | 🗑️ 171 мусор
2026-06-29 16:54:14,521 | INFO     |   → 72/142: ✅ 0 взято | 🗑️ 0 мусор
2026-06-29 16:54:14,521 | INFO     |   → 73/142: ✅ 0 взято | 🗑️ 202 мусор
2026-06-29 16:54:14,521 | INFO     |   → 74/142: ✅ 0 взято | 🗑️ 0 мусор
2026-06-29 16:54:14,521 | INFO     |   → 75/142: ✅ 0 взято | 🗑️ 138 мусор
2026-06-29 16:54:14,521 | INFO     |   → 76/142: ✅ 0 взято | 🗑️ 0 мусор
2026-06-29 16:54:14,521 | INFO     |   → 77/142: ✅ 0 взято | 🗑️ 236 мусор
2026-06-29 16:54:14,521 | INFO     |   → 78/142: ✅ 0 взято | 🗑️ 0 мусор
2026-06-29 16:54:14,521 | INFO     |   → 79/142: ✅ 0 взято | 🗑️ 192 мусор
2026-06-29 16:54:14,521 | INFO     |   → 80/142: ✅ 0 взято | 🗑️ 0 мусор
2026-06-29 16:54:14,521 | INFO     |   → 81/142: ✅ 1 взято | 🗑️ 174 мусор
2026-06-29 16:54:14,521 | INFO     |   → 82/142: ✅ 0 взято | 🗑️ 0 мусор
2026-06-29 16:54:14,521 | INFO     |   → 83/142: ✅ 1 взято | 🗑️ 149 мусор
2026-06-29 16:54:14,521 | INFO     |   → 84/142: ✅ 0 взято | 🗑️ 0 мусор
2026-06-29 16:54:14,521 | INFO     |   → 85/142: ✅ 3 взято | 🗑️ 147 мусор
2026-06-29 16:54:14,521 | INFO     |   → 86/142: ✅ 0 взято | 🗑️ 0 мусор
2026-06-29 16:54:14,521 | INFO     |   → 87/142: ✅ 2 взято | 🗑️ 196 мусор
2026-06-29 16:54:14,521 | INFO     |   → 88/142: ✅ 0 взято | 🗑️ 0 мусор
2026-06-29 16:54:14,521 | INFO     |   → 89/142: ✅ 2 взято | 🗑️ 277 мусор
2026-06-29 16:54:14,521 | INFO     |   → 90/142: ✅ 0 взято | 🗑️ 0 мусор
2026-06-29 16:54:14,521 | INFO     |   → 91/142: ✅ 0 взято | 🗑️ 211 мусор
2026-06-29 16:54:14,521 | INFO     |   → 92/142: ✅ 0 взято | 🗑️ 0 мусор
2026-06-29 16:54:14,521 | INFO     |   → 93/142: ✅ 1 взято | 🗑️ 229 мусор
2026-06-29 16:54:14,521 | INFO     |   → 94/142: ✅ 0 взято | 🗑️ 0 мусор
2026-06-29 16:54:14,521 | INFO     |   → 95/142: ✅ 1 взято | 🗑️ 131 мусор
2026-06-29 16:54:14,521 | INFO     |   → 96/142: ✅ 0 взято | 🗑️ 0 мусор
2026-06-29 16:54:14,521 | INFO     |   → 97/142: ✅ 3 взято | 🗑️ 257 мусор
2026-06-29 16:54:14,521 | INFO     |   → 98/142: ✅ 0 взято | 🗑️ 0 мусор
2026-06-29 16:54:14,521 | INFO     |   → 99/142: ✅ 0 взято | 🗑️ 180 мусор
2026-06-29 16:54:14,521 | INFO     |   → 100/142: ✅ 0 взято | 🗑️ 0 мусор
2026-06-29 16:54:14,521 | INFO     |   → 101/142: ✅ 0 взято | 🗑️ 191 мусор
2026-06-29 16:54:14,521 | INFO     |   → 102/142: ✅ 0 взято | 🗑️ 0 мусор
2026-06-29 16:54:14,521 | INFO     |   → 103/142: ✅ 5 взято | 🗑️ 9 мусор
2026-06-29 16:54:14,521 | INFO     |   → 104/142: ✅ 0 взято | 🗑️ 9 мусор
2026-06-29 16:54:14,522 | INFO     |   → 105/142: ✅ 0 взято | 🗑️ 9 мусор
2026-06-29 16:54:14,522 | INFO     |   → 106/142: ✅ 0 взято | 🗑️ 9 мусор
2026-06-29 16:54:14,522 | INFO     |   → 107/142: ✅ 0 взято | 🗑️ 9 мусор
2026-06-29 16:54:14,522 | INFO     |   → 108/142: ✅ 0 взято | 🗑️ 9 мусор
2026-06-29 16:54:14,522 | INFO     |   → 109/142: ✅ 0 взято | 🗑️ 9 мусор
2026-06-29 16:54:14,522 | INFO     |   → 110/142: ✅ 0 взято | 🗑️ 9 мусор
2026-06-29 16:54:14,522 | INFO     |   → 111/142: ✅ 13 взято | 🗑️ 10 мусор
2026-06-29 16:54:14,522 | INFO     |   → 112/142: ✅ 0 взято | 🗑️ 10 мусор
2026-06-29 16:54:14,522 | INFO     |   → 113/142: ✅ 0 взято | 🗑️ 10 мусор
2026-06-29 16:54:14,522 | INFO     |   → 114/142: ✅ 0 взято | 🗑️ 10 мусор
2026-06-29 16:54:14,522 | INFO     |   → 115/142: ✅ 0 взято | 🗑️ 10 мусор
2026-06-29 16:54:14,522 | INFO     |   → 116/142: ✅ 0 взято | 🗑️ 10 мусор
2026-06-29 16:54:14,522 | INFO     |   → 117/142: ✅ 0 взято | 🗑️ 10 мусор
2026-06-29 16:54:14,522 | INFO     |   → 118/142: ✅ 0 взято | 🗑️ 10 мусор
2026-06-29 16:54:14,522 | INFO     |   → 119/142: ✅ 0 взято | 🗑️ 10 мусор
2026-06-29 16:54:14,522 | INFO     |   → 120/142: ✅ 0 взято | 🗑️ 9 мусор
2026-06-29 16:54:14,522 | INFO     |   → 121/142: ✅ 0 взято | 🗑️ 9 мусор
2026-06-29 16:54:14,522 | INFO     |   → 122/142: ✅ 0 взято | 🗑️ 9 мусор
2026-06-29 16:54:14,522 | INFO     |   → 123/142: ✅ 0 взято | 🗑️ 9 мусор
2026-06-29 16:54:14,523 | INFO     |   → 124/142: ✅ 0 взято | 🗑️ 9 мусор
2026-06-29 16:54:14,523 | INFO     |   → 125/142: ✅ 0 взято | 🗑️ 9 мусор
2026-06-29 16:54:14,523 | INFO     |   → 126/142: ✅ 0 взято | 🗑️ 9 мусор
2026-06-29 16:54:14,523 | INFO     |   → 127/142: ✅ 0 взято | 🗑️ 9 мусор
2026-06-29 16:54:14,523 | INFO     |   → 128/142: ✅ 0 взято | 🗑️ 10 мусор
2026-06-29 16:54:14,523 | INFO     |   → 129/142: ✅ 0 взято | 🗑️ 10 мусор
2026-06-29 16:54:14,523 | INFO     |   → 130/142: ✅ 0 взято | 🗑️ 10 мусор
2026-06-29 16:54:14,523 | INFO     |   → 131/142: ✅ 0 взято | 🗑️ 10 мусор
2026-06-29 16:54:14,523 | INFO     |   → 132/142: ✅ 0 взято | 🗑️ 10 мусор
2026-06-29 16:54:14,523 | INFO     |   → 133/142: ✅ 0 взято | 🗑️ 10 мусор
2026-06-29 16:54:14,523 | INFO     |   → 134/142: ✅ 0 взято | 🗑️ 10 мусор
2026-06-29 16:54:14,523 | INFO     |   → 135/142: ✅ 0 взято | 🗑️ 10 мусор
2026-06-29 16:54:14,523 | INFO     |   → 136/142: ✅ 0 взято | 🗑️ 10 мусор
2026-06-29 16:54:14,523 | INFO     |   → 137/142: ✅ 0 взято | 🗑️ 0 мусор
2026-06-29 16:54:14,523 | INFO     |   → 138/142: ✅ 4 взято | 🗑️ 458 мусор
2026-06-29 16:54:14,523 | INFO     |   → 139/142: ✅ 0 взято | 🗑️ 0 мусор
2026-06-29 16:54:14,523 | INFO     |   → 140/142: ✅ 1 взято | 🗑️ 164 мусор
2026-06-29 16:54:14,523 | INFO     |   → 141/142: ✅ 0 взято | 🗑️ 0 мусор
2026-06-29 16:54:14,523 | INFO     |   → 142/142: ✅ 6 взято | 🗑️ 221 мусор
2026-06-29 16:54:14,523 | INFO     |   → 📡 С sstap.org получено 0 ключей
2026-06-29 16:54:14,524 | INFO     |   → 📡 С sstap.org не добавлено ни одного ключа (все 0 отклонены фильтром)
2026-06-29 16:54:14,524 | INFO     |   → ✅ ГОТОВО!
2026-06-29 16:54:14,524 | INFO     |   →    📥 Всего ключей после фильтра: 83
2026-06-29 16:54:14,524 | INFO     |   →    🔗 Уникальных IP:PORT:SCHEME: 64
2026-06-29 16:54:14,524 | INFO     |   →    🗑️ Выброшено мусора: 6877
2026-06-29 16:54:14,524 | INFO     |   → 📊 По протоколам:
2026-06-29 16:54:14,524 | INFO     |   →    vless: 51
2026-06-29 16:54:14,524 | INFO     |   →    vmess: 1
2026-06-29 16:54:14,524 | INFO     |   →    trojan: 10
2026-06-29 16:54:14,524 | INFO     |   →    hysteria2: 2
2026-06-29 16:54:14,524 | INFO     | ✅ mirror.py завершён успешно
2026-06-29 16:54:14,524 | INFO     | 
2026-06-29 16:54:14,524 | INFO     | 
2026-06-29 16:54:14,524 | INFO     | ──────────────────────────────────────────────────────────────────────
2026-06-29 16:54:14,524 | INFO     | 📌 ЭТАП: Генерация 50 уникальных CF-VLESS
2026-06-29 16:54:14,524 | INFO     | ──────────────────────────────────────────────────────────────────────
2026-06-29 16:54:14,524 | INFO     | 🚀 Запуск generate_cf_vless.py (50 новых CF-VLESS)...
2026-06-29 16:54:14,705 | INFO     |   → === Генератор свежих VLESS-конфигов на IP Cloudflare ===
2026-06-29 16:54:14,705 | INFO     |   → ✅ Сгенерировано и сохранено 50 VLESS-конфигов.
2026-06-29 16:54:14,705 | INFO     |   → 📂 Файл: /home/runner/work/vpn-vless-configs-russia/vpn-vless-configs-russia/data/githubmirror/new/cf_fresh.txt
2026-06-29 16:54:14,705 | INFO     | ✅ generate_cf_vless.py завершён успешно
2026-06-29 16:54:14,705 | INFO     | 
2026-06-29 16:54:14,705 | INFO     | 
2026-06-29 16:54:14,705 | INFO     | ──────────────────────────────────────────────────────────────────────
2026-06-29 16:54:14,705 | INFO     | 📌 ЭТАП: Слияние CF с основным списком
2026-06-29 16:54:14,705 | INFO     | ──────────────────────────────────────────────────────────────────────
2026-06-29 16:54:14,707 | INFO     | 🔄 Добавлено 50 новых CF-VLESS в /home/runner/work/vpn-vless-configs-russia/vpn-vless-configs-russia/data/githubmirror/clean/vless.txt
2026-06-29 16:54:14,707 | INFO     | 📊 Всего в clean/vless.txt теперь: 101
2026-06-29 16:54:14,707 | INFO     | 
2026-06-29 16:54:14,707 | INFO     | 
2026-06-29 16:54:14,707 | INFO     | ──────────────────────────────────────────────────────────────────────
2026-06-29 16:54:14,707 | INFO     | 📌 ЭТАП: Фильтрация по реальному SNI
2026-06-29 16:54:14,707 | INFO     | ──────────────────────────────────────────────────────────────────────
2026-06-29 16:54:14,707 | INFO     | 🚀 Запуск filter_ru_sni.py (Фильтр по реальному SNI (CDN+RU))...
2026-06-29 16:54:14,736 | INFO     |   → hysteria2.txt: 2 → 0 (SNI-filtered)
2026-06-29 16:54:14,736 | INFO     |   →   trojan.txt: 10 → 0 (SNI-filtered)
2026-06-29 16:54:14,737 | INFO     |   →   vless.txt: 101 → 55 (SNI-filtered)
2026-06-29 16:54:14,737 | INFO     |   →   vmess.txt: 1 → 0 (SNI-filtered)
2026-06-29 16:54:14,737 | INFO     |   → ==================================================
2026-06-29 16:54:14,737 | INFO     |   →   Всего входных:  114
2026-06-29 16:54:14,737 | INFO     |   →   Прошли фильтр:  55
2026-06-29 16:54:14,737 | INFO     |   →   Отброшено:      59
2026-06-29 16:54:14,737 | INFO     |   → ==================================================
2026-06-29 16:54:14,737 | INFO     |   → Готово → /home/runner/work/vpn-vless-configs-russia/vpn-vless-configs-russia/data/githubmirror/ru-sni
2026-06-29 16:54:14,737 | INFO     | ✅ filter_ru_sni.py завершён успешно
2026-06-29 16:54:14,737 | INFO     | 
2026-06-29 16:54:14,737 | INFO     | 
2026-06-29 16:54:14,737 | INFO     | ──────────────────────────────────────────────────────────────────────
2026-06-29 16:54:14,737 | INFO     | 📌 ЭТАП: Экспериментальный RU-SNI фильтр
2026-06-29 16:54:14,737 | INFO     | ──────────────────────────────────────────────────────────────────────
2026-06-29 16:54:14,737 | INFO     | 🚀 Запуск filter_ru_sni_local.py (Экспериментальный фильтр по RU-SNI)...
2026-06-29 16:54:14,767 | INFO     |   → hysteria2.txt: 2 → 0 (RU-SNI)
2026-06-29 16:54:14,767 | INFO     |   → trojan.txt: 10 → 0 (RU-SNI)
2026-06-29 16:54:14,767 | INFO     |   → vless.txt: 101 → 0 (RU-SNI)
2026-06-29 16:54:14,767 | INFO     |   → vmess.txt: 1 → 0 (RU-SNI)
2026-06-29 16:54:14,767 | INFO     |   → ==================================================
2026-06-29 16:54:14,767 | INFO     |   → Всего входных:  114
2026-06-29 16:54:14,767 | INFO     |   → Прошли RU-SNI:  0
2026-06-29 16:54:14,767 | INFO     |   → Отброшено:      114
2026-06-29 16:54:14,767 | INFO     |   → ==================================================
2026-06-29 16:54:14,767 | INFO     |   → Готово → /home/runner/work/vpn-vless-configs-russia/vpn-vless-configs-russia/data/githubmirror/ru-sni-local
2026-06-29 16:54:14,767 | INFO     | ✅ filter_ru_sni_local.py завершён успешно
2026-06-29 16:54:14,767 | INFO     | 
2026-06-29 16:54:14,767 | INFO     | 
2026-06-29 16:54:14,767 | INFO     | ──────────────────────────────────────────────────────────────────────
2026-06-29 16:54:14,767 | INFO     | 📌 ЭТАП: Сбор статистики
2026-06-29 16:54:14,767 | INFO     | ──────────────────────────────────────────────────────────────────────
2026-06-29 16:54:14,767 | INFO     | 📊 Сбор статистики...
2026-06-29 16:54:14,767 | INFO     |   📁 githubmirror/clean:
2026-06-29 16:54:14,768 | INFO     |     • hysteria2   :     2 конфигов
2026-06-29 16:54:14,768 | INFO     |     • trojan      :    10 конфигов
2026-06-29 16:54:14,768 | INFO     |     • vless       :   101 конфигов
2026-06-29 16:54:14,768 | INFO     |     • vmess       :     1 конфигов
2026-06-29 16:54:14,768 | INFO     |   📁 githubmirror/ru-sni:
2026-06-29 16:54:14,768 | INFO     |     • hysteria2   :     0 конфигов (  0.0% от clean)
2026-06-29 16:54:14,769 | INFO     |     • trojan      :     0 конфигов (  0.0% от clean)
2026-06-29 16:54:14,769 | INFO     |     • vless       :    55 конфигов ( 54.5% от clean)
2026-06-29 16:54:14,769 | INFO     |     • vmess       :     0 конфигов (  0.0% от clean)
2026-06-29 16:54:14,769 | INFO     |   ✨ Новых CF-VLESS в этом запуске: 50
2026-06-29 16:54:14,769 | INFO     | 
2026-06-29 16:54:14,769 | INFO     |   ──────────────────────────────────────────────────
2026-06-29 16:54:14,769 | INFO     |   📈 ИТОГО:
2026-06-29 16:54:14,769 | INFO     |     Clean (после geo-фильтра):      114
2026-06-29 16:54:14,769 | INFO     |     RU-SNI (после SNI-фильтра):      55
2026-06-29 16:54:14,769 | INFO     |     Прошло фильтр:                 48.2%
2026-06-29 16:54:14,769 | INFO     |   ──────────────────────────────────────────────────
2026-06-29 16:54:14,770 | INFO     | ✅ Статистика сохранена: /home/runner/work/vpn-vless-configs-russia/vpn-vless-configs-russia/data/stats.json
2026-06-29 16:54:14,770 | INFO     | 
2026-06-29 16:54:14,770 | INFO     | ======================================================================
2026-06-29 16:54:14,770 | INFO     | 📊 ИТОГОВЫЙ ОТЧЁТ
2026-06-29 16:54:14,770 | INFO     | ======================================================================
2026-06-29 16:54:14,770 | INFO     |   ✅ OK         | Загрузка и geo-фильтрация
2026-06-29 16:54:14,770 | INFO     |   ✅ OK         | Генерация 50 уникальных CF-VLESS
2026-06-29 16:54:14,770 | INFO     |   ✅ OK         | Слияние CF с основным списком
2026-06-29 16:54:14,770 | INFO     |   ✅ OK         | Фильтрация по реальному SNI
2026-06-29 16:54:14,770 | INFO     |   ✅ OK         | Экспериментальный RU-SNI фильтр
2026-06-29 16:54:14,770 | INFO     |   ✅ OK         | Сбор статистики
2026-06-29 16:54:14,770 | INFO     | ──────────────────────────────────────────────────────────────────────
2026-06-29 16:54:14,770 | INFO     | ✅ ВСЕ ЭТАПЫ УСПЕШНЫ (6/6)
2026-06-29 16:54:14,770 | INFO     | ⏰ Время завершения: 2026-06-29 16:54:14
2026-06-29 16:54:14,770 | INFO     | ======================================================================
