2026-06-20 02:09:29,460 | INFO     | ======================================================================
2026-06-20 02:09:29,460 | INFO     | 🔍 VPN KEY CHECKER - Начало проверки
2026-06-20 02:09:29,460 | INFO     | ⏰ Время старта: 2026-06-20 02:09:29
2026-06-20 02:09:29,461 | INFO     | 📂 Рабочая директория: /home/runner/work/vpn-vless-configs-russia/vpn-vless-configs-russia
2026-06-20 02:09:29,461 | INFO     | ======================================================================
2026-06-20 02:09:29,461 | INFO     | 
2026-06-20 02:09:29,461 | INFO     | 🔍 Проверка наличия скриптов...
2026-06-20 02:09:29,461 | INFO     |   ✅ mirror.py
2026-06-20 02:09:29,461 | INFO     |   ✅ generate_cf_vless.py
2026-06-20 02:09:29,461 | INFO     |   ✅ filter_ru_sni.py
2026-06-20 02:09:29,461 | INFO     |   ✅ filter_ru_sni_local.py
2026-06-20 02:09:29,461 | INFO     | 
2026-06-20 02:09:29,461 | INFO     | ──────────────────────────────────────────────────────────────────────
2026-06-20 02:09:29,461 | INFO     | 📌 ЭТАП: Загрузка и geo-фильтрация
2026-06-20 02:09:29,461 | INFO     | ──────────────────────────────────────────────────────────────────────
2026-06-20 02:09:29,461 | INFO     | 🚀 Запуск mirror.py (Загрузка и фильтрация по РФ/СНГ/Европа)...
2026-06-20 02:09:50,765 | INFO     |   → DEBUG: mirror.py started
2026-06-20 02:09:50,765 | INFO     |   → DEBUG: BASE_PATH = /home/runner/work/vpn-vless-configs-russia/vpn-vless-configs-russia
2026-06-20 02:09:50,765 | INFO     |   → DEBUG: CONFIG_SOURCES_FILE = /home/runner/work/vpn-vless-configs-russia/vpn-vless-configs-russia/data/config_sources.json
2026-06-20 02:09:50,765 | INFO     |   → 📂 Загружено 64 источников из /home/runner/work/vpn-vless-configs-russia/vpn-vless-configs-russia/data/config_sources.json
2026-06-20 02:09:50,765 | INFO     |   → 🚀 Старт: всего источников: 64
2026-06-20 02:09:50,765 | INFO     |   → 1/64: ✅ 0 взято | 🗑️ 0 мусор
2026-06-20 02:09:50,765 | INFO     |   → 2/64: ✅ 0 взято | 🗑️ 0 мусор
2026-06-20 02:09:50,765 | INFO     |   → 3/64: ✅ 0 взято | 🗑️ 0 мусор
2026-06-20 02:09:50,765 | INFO     |   → 4/64: ✅ 0 взято | 🗑️ 0 мусор
2026-06-20 02:09:50,765 | INFO     |   → 5/64: ✅ 0 взято | 🗑️ 0 мусор
2026-06-20 02:09:50,765 | INFO     |   → 6/64: ✅ 0 взято | 🗑️ 0 мусор
2026-06-20 02:09:50,765 | INFO     |   → 7/64: ✅ 0 взято | 🗑️ 0 мусор
2026-06-20 02:09:50,765 | INFO     |   → 8/64: ✅ 0 взято | 🗑️ 0 мусор
2026-06-20 02:09:50,765 | INFO     |   → 9/64: ✅ 0 взято | 🗑️ 0 мусор
2026-06-20 02:09:50,765 | INFO     |   → 10/64: ✅ 0 взято | 🗑️ 0 мусор
2026-06-20 02:09:50,765 | INFO     |   → 11/64: ✅ 0 взято | 🗑️ 0 мусор
2026-06-20 02:09:50,765 | INFO     |   → 12/64: ✅ 0 взято | 🗑️ 0 мусор
2026-06-20 02:09:50,765 | INFO     |   → 13/64: ✅ 0 взято | 🗑️ 0 мусор
2026-06-20 02:09:50,766 | INFO     |   → 14/64: ✅ 0 взято | 🗑️ 0 мусор
2026-06-20 02:09:50,766 | INFO     |   → 15/64: ✅ 0 взято | 🗑️ 0 мусор
2026-06-20 02:09:50,766 | INFO     |   → 16/64: ✅ 0 взято | 🗑️ 0 мусор
2026-06-20 02:09:50,766 | INFO     |   → 17/64: ✅ 5 взято | 🗑️ 166 мусор
2026-06-20 02:09:50,766 | INFO     |   → 18/64: ✅ 0 взято | 🗑️ 115 мусор
2026-06-20 02:09:50,766 | INFO     |   → 19/64: ✅ 0 взято | 🗑️ 0 мусор
2026-06-20 02:09:50,766 | INFO     |   → 20/64: ✅ 0 взято | 🗑️ 0 мусор
2026-06-20 02:09:50,766 | INFO     |   → 21/64: ✅ 0 взято | 🗑️ 0 мусор
2026-06-20 02:09:50,766 | INFO     |   → 22/64: ✅ 1 взято | 🗑️ 169 мусор
2026-06-20 02:09:50,766 | INFO     |   → 23/64: ✅ 0 взято | 🗑️ 0 мусор
2026-06-20 02:09:50,766 | INFO     |   → 24/64: ✅ 1 взято | 🗑️ 213 мусор
2026-06-20 02:09:50,766 | INFO     |   → 25/64: ✅ 0 взято | 🗑️ 0 мусор
2026-06-20 02:09:50,766 | INFO     |   → 26/64: ✅ 0 взято | 🗑️ 0 мусор
2026-06-20 02:09:50,766 | INFO     |   → 27/64: ✅ 0 взято | 🗑️ 117 мусор
2026-06-20 02:09:50,766 | INFO     |   → 28/64: ✅ 1 взято | 🗑️ 141 мусор
2026-06-20 02:09:50,766 | INFO     |   → 29/64: ✅ 0 взято | 🗑️ 0 мусор
2026-06-20 02:09:50,766 | INFO     |   → 30/64: ✅ 0 взято | 🗑️ 137 мусор
2026-06-20 02:09:50,766 | INFO     |   → 31/64: ✅ 3 взято | 🗑️ 100 мусор
2026-06-20 02:09:50,766 | INFO     |   → 32/64: ✅ 0 взято | 🗑️ 0 мусор
2026-06-20 02:09:50,766 | INFO     |   → 33/64: ✅ 1 взято | 🗑️ 171 мусор
2026-06-20 02:09:50,766 | INFO     |   → 34/64: ✅ 0 взято | 🗑️ 0 мусор
2026-06-20 02:09:50,766 | INFO     |   → 35/64: ✅ 0 взято | 🗑️ 202 мусор
2026-06-20 02:09:50,766 | INFO     |   → 36/64: ✅ 0 взято | 🗑️ 0 мусор
2026-06-20 02:09:50,767 | INFO     |   → 37/64: ✅ 0 взято | 🗑️ 138 мусор
2026-06-20 02:09:50,767 | INFO     |   → 38/64: ✅ 0 взято | 🗑️ 0 мусор
2026-06-20 02:09:50,767 | INFO     |   → 39/64: ✅ 0 взято | 🗑️ 236 мусор
2026-06-20 02:09:50,767 | INFO     |   → 40/64: ✅ 0 взято | 🗑️ 0 мусор
2026-06-20 02:09:50,767 | INFO     |   → 41/64: ✅ 0 взято | 🗑️ 192 мусор
2026-06-20 02:09:50,767 | INFO     |   → 42/64: ✅ 0 взято | 🗑️ 0 мусор
2026-06-20 02:09:50,767 | INFO     |   → 43/64: ✅ 1 взято | 🗑️ 174 мусор
2026-06-20 02:09:50,767 | INFO     |   → 44/64: ✅ 0 взято | 🗑️ 0 мусор
2026-06-20 02:09:50,767 | INFO     |   → 45/64: ✅ 5 взято | 🗑️ 9 мусор
2026-06-20 02:09:50,767 | INFO     |   → 46/64: ✅ 0 взято | 🗑️ 9 мусор
2026-06-20 02:09:50,767 | INFO     |   → 47/64: ✅ 0 взято | 🗑️ 9 мусор
2026-06-20 02:09:50,767 | INFO     |   → 48/64: ✅ 0 взято | 🗑️ 9 мусор
2026-06-20 02:09:50,767 | INFO     |   → 49/64: ✅ 0 взято | 🗑️ 9 мусор
2026-06-20 02:09:50,767 | INFO     |   → 50/64: ✅ 0 взято | 🗑️ 9 мусор
2026-06-20 02:09:50,767 | INFO     |   → 51/64: ✅ 0 взято | 🗑️ 9 мусор
2026-06-20 02:09:50,767 | INFO     |   → 52/64: ✅ 0 взято | 🗑️ 9 мусор
2026-06-20 02:09:50,767 | INFO     |   → 53/64: ✅ 0 взято | 🗑️ 9 мусор
2026-06-20 02:09:50,767 | INFO     |   → 54/64: ✅ 0 взято | 🗑️ 9 мусор
2026-06-20 02:09:50,767 | INFO     |   → 55/64: ✅ 0 взято | 🗑️ 9 мусор
2026-06-20 02:09:50,767 | INFO     |   → 56/64: ✅ 0 взято | 🗑️ 9 мусор
2026-06-20 02:09:50,767 | INFO     |   → 57/64: ✅ 0 взято | 🗑️ 9 мусор
2026-06-20 02:09:50,767 | INFO     |   → 58/64: ✅ 0 взято | 🗑️ 9 мусор
2026-06-20 02:09:50,767 | INFO     |   → 59/64: ✅ 0 взято | 🗑️ 0 мусор
2026-06-20 02:09:50,767 | INFO     |   → 60/64: ✅ 4 взято | 🗑️ 458 мусор
2026-06-20 02:09:50,767 | INFO     |   → 61/64: ✅ 0 взято | 🗑️ 0 мусор
2026-06-20 02:09:50,768 | INFO     |   → 62/64: ✅ 1 взято | 🗑️ 164 мусор
2026-06-20 02:09:50,768 | INFO     |   → 63/64: ✅ 0 взято | 🗑️ 0 мусор
2026-06-20 02:09:50,768 | INFO     |   → 64/64: ✅ 6 взято | 🗑️ 221 мусор
2026-06-20 02:09:50,768 | INFO     |   → 📡 С sstap.org получено 0 ключей
2026-06-20 02:09:50,768 | INFO     |   → 📡 С sstap.org не добавлено ни одного ключа (все 0 отклонены фильтром)
2026-06-20 02:09:50,768 | INFO     |   → ✅ ГОТОВО!
2026-06-20 02:09:50,768 | INFO     |   →    📥 Всего ключей после фильтра: 29
2026-06-20 02:09:50,768 | INFO     |   →    🔗 Уникальных IP:PORT:SCHEME: 21
2026-06-20 02:09:50,768 | INFO     |   →    🗑️ Выброшено мусора: 3240
2026-06-20 02:09:50,768 | INFO     |   → 📊 По протоколам:
2026-06-20 02:09:50,768 | INFO     |   →    vless: 16
2026-06-20 02:09:50,768 | INFO     |   →    vmess: 1
2026-06-20 02:09:50,768 | INFO     |   →    trojan: 3
2026-06-20 02:09:50,768 | INFO     |   →    hysteria2: 1
2026-06-20 02:09:50,768 | INFO     | ✅ mirror.py завершён успешно
2026-06-20 02:09:50,768 | INFO     | 
2026-06-20 02:09:50,768 | INFO     | 
2026-06-20 02:09:50,768 | INFO     | ──────────────────────────────────────────────────────────────────────
2026-06-20 02:09:50,768 | INFO     | 📌 ЭТАП: Генерация 50 уникальных CF-VLESS
2026-06-20 02:09:50,768 | INFO     | ──────────────────────────────────────────────────────────────────────
2026-06-20 02:09:50,768 | INFO     | 🚀 Запуск generate_cf_vless.py (50 новых CF-VLESS)...
2026-06-20 02:09:50,952 | INFO     |   → === Генератор свежих VLESS-конфигов на IP Cloudflare ===
2026-06-20 02:09:50,952 | INFO     |   → ✅ Сгенерировано и сохранено 50 VLESS-конфигов.
2026-06-20 02:09:50,952 | INFO     |   → 📂 Файл: /home/runner/work/vpn-vless-configs-russia/vpn-vless-configs-russia/data/githubmirror/new/cf_fresh.txt
2026-06-20 02:09:50,953 | INFO     | ✅ generate_cf_vless.py завершён успешно
2026-06-20 02:09:50,953 | INFO     | 
2026-06-20 02:09:50,953 | INFO     | 
2026-06-20 02:09:50,953 | INFO     | ──────────────────────────────────────────────────────────────────────
2026-06-20 02:09:50,953 | INFO     | 📌 ЭТАП: Слияние CF с основным списком
2026-06-20 02:09:50,953 | INFO     | ──────────────────────────────────────────────────────────────────────
2026-06-20 02:09:50,955 | INFO     | 🔄 Добавлено 50 новых CF-VLESS в /home/runner/work/vpn-vless-configs-russia/vpn-vless-configs-russia/data/githubmirror/clean/vless.txt
2026-06-20 02:09:50,955 | INFO     | 📊 Всего в clean/vless.txt теперь: 66
2026-06-20 02:09:50,955 | INFO     | 
2026-06-20 02:09:50,955 | INFO     | 
2026-06-20 02:09:50,955 | INFO     | ──────────────────────────────────────────────────────────────────────
2026-06-20 02:09:50,955 | INFO     | 📌 ЭТАП: Фильтрация по реальному SNI
2026-06-20 02:09:50,955 | INFO     | ──────────────────────────────────────────────────────────────────────
2026-06-20 02:09:50,955 | INFO     | 🚀 Запуск filter_ru_sni.py (Фильтр по реальному SNI (CDN+RU))...
2026-06-20 02:09:50,982 | INFO     |   → hysteria2.txt: 1 → 0 (SNI-filtered)
2026-06-20 02:09:50,982 | INFO     |   →   trojan.txt: 3 → 0 (SNI-filtered)
2026-06-20 02:09:50,983 | INFO     |   →   vless.txt: 66 → 51 (SNI-filtered)
2026-06-20 02:09:50,983 | INFO     |   →   vmess.txt: 1 → 0 (SNI-filtered)
2026-06-20 02:09:50,983 | INFO     |   → ==================================================
2026-06-20 02:09:50,983 | INFO     |   →   Всего входных:  71
2026-06-20 02:09:50,983 | INFO     |   →   Прошли фильтр:  51
2026-06-20 02:09:50,983 | INFO     |   →   Отброшено:      20
2026-06-20 02:09:50,983 | INFO     |   → ==================================================
2026-06-20 02:09:50,983 | INFO     |   → Готово → /home/runner/work/vpn-vless-configs-russia/vpn-vless-configs-russia/data/githubmirror/ru-sni
2026-06-20 02:09:50,983 | INFO     | ✅ filter_ru_sni.py завершён успешно
2026-06-20 02:09:50,983 | INFO     | 
2026-06-20 02:09:50,983 | INFO     | 
2026-06-20 02:09:50,983 | INFO     | ──────────────────────────────────────────────────────────────────────
2026-06-20 02:09:50,983 | INFO     | 📌 ЭТАП: Экспериментальный RU-SNI фильтр
2026-06-20 02:09:50,983 | INFO     | ──────────────────────────────────────────────────────────────────────
2026-06-20 02:09:50,983 | INFO     | 🚀 Запуск filter_ru_sni_local.py (Экспериментальный фильтр по RU-SNI)...
2026-06-20 02:09:51,012 | INFO     |   → hysteria2.txt: 1 → 0 (RU-SNI)
2026-06-20 02:09:51,012 | INFO     |   → trojan.txt: 3 → 0 (RU-SNI)
2026-06-20 02:09:51,012 | INFO     |   → vless.txt: 66 → 0 (RU-SNI)
2026-06-20 02:09:51,012 | INFO     |   → vmess.txt: 1 → 0 (RU-SNI)
2026-06-20 02:09:51,012 | INFO     |   → ==================================================
2026-06-20 02:09:51,012 | INFO     |   → Всего входных:  71
2026-06-20 02:09:51,012 | INFO     |   → Прошли RU-SNI:  0
2026-06-20 02:09:51,012 | INFO     |   → Отброшено:      71
2026-06-20 02:09:51,012 | INFO     |   → ==================================================
2026-06-20 02:09:51,012 | INFO     |   → Готово → /home/runner/work/vpn-vless-configs-russia/vpn-vless-configs-russia/data/githubmirror/ru-sni-local
2026-06-20 02:09:51,012 | INFO     | ✅ filter_ru_sni_local.py завершён успешно
2026-06-20 02:09:51,012 | INFO     | 
2026-06-20 02:09:51,012 | INFO     | 
2026-06-20 02:09:51,013 | INFO     | ──────────────────────────────────────────────────────────────────────
2026-06-20 02:09:51,013 | INFO     | 📌 ЭТАП: Сбор статистики
2026-06-20 02:09:51,013 | INFO     | ──────────────────────────────────────────────────────────────────────
2026-06-20 02:09:51,013 | INFO     | 📊 Сбор статистики...
2026-06-20 02:09:51,013 | INFO     |   📁 githubmirror/clean:
2026-06-20 02:09:51,013 | INFO     |     • hysteria2   :     1 конфигов
2026-06-20 02:09:51,013 | INFO     |     • trojan      :     3 конфигов
2026-06-20 02:09:51,013 | INFO     |     • vless       :    66 конфигов
2026-06-20 02:09:51,014 | INFO     |     • vmess       :     1 конфигов
2026-06-20 02:09:51,014 | INFO     |   📁 githubmirror/ru-sni:
2026-06-20 02:09:51,014 | INFO     |     • hysteria2   :     0 конфигов (  0.0% от clean)
2026-06-20 02:09:51,014 | INFO     |     • trojan      :     0 конфигов (  0.0% от clean)
2026-06-20 02:09:51,014 | INFO     |     • vless       :    51 конфигов ( 77.3% от clean)
2026-06-20 02:09:51,014 | INFO     |     • vmess       :     0 конфигов (  0.0% от clean)
2026-06-20 02:09:51,014 | INFO     |   ✨ Новых CF-VLESS в этом запуске: 50
2026-06-20 02:09:51,014 | INFO     | 
2026-06-20 02:09:51,015 | INFO     |   ──────────────────────────────────────────────────
2026-06-20 02:09:51,015 | INFO     |   📈 ИТОГО:
2026-06-20 02:09:51,015 | INFO     |     Clean (после geo-фильтра):       71
2026-06-20 02:09:51,015 | INFO     |     RU-SNI (после SNI-фильтра):      51
2026-06-20 02:09:51,015 | INFO     |     Прошло фильтр:                 71.8%
2026-06-20 02:09:51,015 | INFO     |   ──────────────────────────────────────────────────
2026-06-20 02:09:51,015 | INFO     | ✅ Статистика сохранена: /home/runner/work/vpn-vless-configs-russia/vpn-vless-configs-russia/data/stats.json
2026-06-20 02:09:51,015 | INFO     | 
2026-06-20 02:09:51,015 | INFO     | ======================================================================
2026-06-20 02:09:51,015 | INFO     | 📊 ИТОГОВЫЙ ОТЧЁТ
2026-06-20 02:09:51,015 | INFO     | ======================================================================
2026-06-20 02:09:51,015 | INFO     |   ✅ OK         | Загрузка и geo-фильтрация
2026-06-20 02:09:51,015 | INFO     |   ✅ OK         | Генерация 50 уникальных CF-VLESS
2026-06-20 02:09:51,016 | INFO     |   ✅ OK         | Слияние CF с основным списком
2026-06-20 02:09:51,016 | INFO     |   ✅ OK         | Фильтрация по реальному SNI
2026-06-20 02:09:51,016 | INFO     |   ✅ OK         | Экспериментальный RU-SNI фильтр
2026-06-20 02:09:51,016 | INFO     |   ✅ OK         | Сбор статистики
2026-06-20 02:09:51,016 | INFO     | ──────────────────────────────────────────────────────────────────────
2026-06-20 02:09:51,016 | INFO     | ✅ ВСЕ ЭТАПЫ УСПЕШНЫ (6/6)
2026-06-20 02:09:51,016 | INFO     | ⏰ Время завершения: 2026-06-20 02:09:51
2026-06-20 02:09:51,016 | INFO     | ======================================================================
