2026-07-01 02:13:26,154 | INFO     | ======================================================================
2026-07-01 02:13:26,154 | INFO     | 🔍 VPN KEY CHECKER - Начало проверки
2026-07-01 02:13:26,154 | INFO     | ⏰ Время старта: 2026-07-01 02:13:26
2026-07-01 02:13:26,154 | INFO     | 📂 Рабочая директория: /home/runner/work/vpn-vless-configs-russia/vpn-vless-configs-russia
2026-07-01 02:13:26,154 | INFO     | ======================================================================
2026-07-01 02:13:26,154 | INFO     | 
2026-07-01 02:13:26,154 | INFO     | 🔍 Проверка наличия скриптов...
2026-07-01 02:13:26,154 | INFO     |   ✅ mirror.py
2026-07-01 02:13:26,154 | INFO     |   ✅ generate_cf_vless.py
2026-07-01 02:13:26,154 | INFO     |   ✅ filter_ru_sni.py
2026-07-01 02:13:26,154 | INFO     |   ✅ filter_ru_sni_local.py
2026-07-01 02:13:26,154 | INFO     | 
2026-07-01 02:13:26,154 | INFO     | ──────────────────────────────────────────────────────────────────────
2026-07-01 02:13:26,154 | INFO     | 📌 ЭТАП: Загрузка и geo-фильтрация
2026-07-01 02:13:26,154 | INFO     | ──────────────────────────────────────────────────────────────────────
2026-07-01 02:13:26,154 | INFO     | 🚀 Запуск mirror.py (Загрузка и фильтрация по РФ/СНГ/Европа)...
2026-07-01 02:14:10,562 | INFO     |   → DEBUG: mirror.py started
2026-07-01 02:14:10,562 | INFO     |   → DEBUG: BASE_PATH = /home/runner/work/vpn-vless-configs-russia/vpn-vless-configs-russia
2026-07-01 02:14:10,562 | INFO     |   → DEBUG: CONFIG_SOURCES_FILE = /home/runner/work/vpn-vless-configs-russia/vpn-vless-configs-russia/data/config_sources.json
2026-07-01 02:14:10,563 | INFO     |   → 📂 Загружено 152 источников из /home/runner/work/vpn-vless-configs-russia/vpn-vless-configs-russia/data/config_sources.json
2026-07-01 02:14:10,563 | INFO     |   → 🚀 Старт: всего источников: 152
2026-07-01 02:14:10,563 | INFO     |   → 1/152: ✅ 0 взято | 🗑️ 0 мусор
2026-07-01 02:14:10,563 | INFO     |   → 2/152: ✅ 0 взято | 🗑️ 0 мусор
2026-07-01 02:14:10,563 | INFO     |   → 3/152: ✅ 0 взято | 🗑️ 0 мусор
2026-07-01 02:14:10,563 | INFO     |   → 4/152: ✅ 0 взято | 🗑️ 0 мусор
2026-07-01 02:14:10,563 | INFO     |   → 5/152: ✅ 0 взято | 🗑️ 0 мусор
2026-07-01 02:14:10,563 | INFO     |   → 6/152: ✅ 0 взято | 🗑️ 0 мусор
2026-07-01 02:14:10,563 | INFO     |   → 7/152: ✅ 0 взято | 🗑️ 0 мусор
2026-07-01 02:14:10,563 | INFO     |   → 8/152: ✅ 0 взято | 🗑️ 0 мусор
2026-07-01 02:14:10,563 | INFO     |   → 9/152: ✅ 0 взято | 🗑️ 0 мусор
2026-07-01 02:14:10,563 | INFO     |   → 10/152: ✅ 0 взято | 🗑️ 0 мусор
2026-07-01 02:14:10,563 | INFO     |   → 11/152: ✅ 0 взято | 🗑️ 0 мусор
2026-07-01 02:14:10,563 | INFO     |   → 12/152: ✅ 0 взято | 🗑️ 0 мусор
2026-07-01 02:14:10,563 | INFO     |   → 13/152: ✅ 0 взято | 🗑️ 0 мусор
2026-07-01 02:14:10,563 | INFO     |   → 14/152: ✅ 0 взято | 🗑️ 0 мусор
2026-07-01 02:14:10,564 | INFO     |   → 15/152: ✅ 0 взято | 🗑️ 0 мусор
2026-07-01 02:14:10,564 | INFO     |   → 16/152: ✅ 0 взято | 🗑️ 0 мусор
2026-07-01 02:14:10,564 | INFO     |   → 17/152: ✅ 0 взято | 🗑️ 0 мусор
2026-07-01 02:14:10,564 | INFO     |   → 18/152: ✅ 0 взято | 🗑️ 0 мусор
2026-07-01 02:14:10,564 | INFO     |   → 19/152: ✅ 0 взято | 🗑️ 0 мусор
2026-07-01 02:14:10,564 | INFO     |   → 20/152: ✅ 0 взято | 🗑️ 0 мусор
2026-07-01 02:14:10,564 | INFO     |   → 21/152: ✅ 0 взято | 🗑️ 0 мусор
2026-07-01 02:14:10,564 | INFO     |   → 22/152: ✅ 0 взято | 🗑️ 0 мусор
2026-07-01 02:14:10,564 | INFO     |   → 23/152: ✅ 0 взято | 🗑️ 0 мусор
2026-07-01 02:14:10,564 | INFO     |   → 24/152: ✅ 0 взято | 🗑️ 0 мусор
2026-07-01 02:14:10,564 | INFO     |   → 25/152: ✅ 0 взято | 🗑️ 0 мусор
2026-07-01 02:14:10,564 | INFO     |   → 26/152: ✅ 0 взято | 🗑️ 0 мусор
2026-07-01 02:14:10,564 | INFO     |   → 27/152: ✅ 0 взято | 🗑️ 0 мусор
2026-07-01 02:14:10,564 | INFO     |   → 28/152: ✅ 0 взято | 🗑️ 0 мусор
2026-07-01 02:14:10,564 | INFO     |   → 29/152: ✅ 0 взято | 🗑️ 0 мусор
2026-07-01 02:14:10,564 | INFO     |   → 30/152: ✅ 0 взято | 🗑️ 0 мусор
2026-07-01 02:14:10,564 | INFO     |   → 31/152: ✅ 0 взято | 🗑️ 0 мусор
2026-07-01 02:14:10,565 | INFO     |   → 32/152: ✅ 0 взято | 🗑️ 0 мусор
2026-07-01 02:14:10,565 | INFO     |   → 33/152: ✅ 0 взято | 🗑️ 0 мусор
2026-07-01 02:14:10,565 | INFO     |   → 34/152: ✅ 0 взято | 🗑️ 0 мусор
2026-07-01 02:14:10,565 | INFO     |   → 35/152: ✅ 0 взято | 🗑️ 0 мусор
2026-07-01 02:14:10,565 | INFO     |   → 36/152: ✅ 0 взято | 🗑️ 0 мусор
2026-07-01 02:14:10,565 | INFO     |   → 37/152: ✅ 0 взято | 🗑️ 0 мусор
2026-07-01 02:14:10,565 | INFO     |   → 38/152: ✅ 0 взято | 🗑️ 0 мусор
2026-07-01 02:14:10,565 | INFO     |   → 39/152: ✅ 0 взято | 🗑️ 0 мусор
2026-07-01 02:14:10,565 | INFO     |   → 40/152: ✅ 5 взято | 🗑️ 133 мусор
2026-07-01 02:14:10,565 | INFO     |   → 41/152: ✅ 5 взято | 🗑️ 166 мусор
2026-07-01 02:14:10,565 | INFO     |   → 42/152: ✅ 0 взято | 🗑️ 115 мусор
2026-07-01 02:14:10,565 | INFO     |   → 43/152: ✅ 5 взято | 🗑️ 161 мусор
2026-07-01 02:14:10,565 | INFO     |   → 44/152: ✅ 2 взято | 🗑️ 60 мусор
2026-07-01 02:14:10,565 | INFO     |   → 45/152: ✅ 0 взято | 🗑️ 0 мусор
2026-07-01 02:14:10,565 | INFO     |   → 46/152: ✅ 0 взято | 🗑️ 0 мусор
2026-07-01 02:14:10,565 | INFO     |   → 47/152: ✅ 0 взято | 🗑️ 0 мусор
2026-07-01 02:14:10,565 | INFO     |   → 48/152: ✅ 1 взято | 🗑️ 226 мусор
2026-07-01 02:14:10,566 | INFO     |   → 49/152: ✅ 0 взято | 🗑️ 0 мусор
2026-07-01 02:14:10,566 | INFO     |   → 50/152: ✅ 1 взято | 🗑️ 169 мусор
2026-07-01 02:14:10,566 | INFO     |   → 51/152: ✅ 0 взято | 🗑️ 0 мусор
2026-07-01 02:14:10,566 | INFO     |   → 52/152: ✅ 1 взято | 🗑️ 213 мусор
2026-07-01 02:14:10,566 | INFO     |   → 53/152: ✅ 0 взято | 🗑️ 0 мусор
2026-07-01 02:14:10,566 | INFO     |   → 54/152: ✅ 0 взято | 🗑️ 0 мусор
2026-07-01 02:14:10,566 | INFO     |   → 55/152: ✅ 2 взято | 🗑️ 60 мусор
2026-07-01 02:14:10,566 | INFO     |   → 56/152: ✅ 0 взято | 🗑️ 0 мусор
2026-07-01 02:14:10,566 | INFO     |   → 57/152: ✅ 3 взято | 🗑️ 99 мусор
2026-07-01 02:14:10,566 | INFO     |   → 58/152: ✅ 0 взято | 🗑️ 0 мусор
2026-07-01 02:14:10,566 | INFO     |   → 59/152: ✅ 0 взято | 🗑️ 0 мусор
2026-07-01 02:14:10,566 | INFO     |   → 60/152: ✅ 1 взято | 🗑️ 96 мусор
2026-07-01 02:14:10,566 | INFO     |   → 61/152: ✅ 0 взято | 🗑️ 117 мусор
2026-07-01 02:14:10,566 | INFO     |   → 62/152: ✅ 11 взято | 🗑️ 225 мусор
2026-07-01 02:14:10,566 | INFO     |   → 63/152: ✅ 1 взято | 🗑️ 141 мусор
2026-07-01 02:14:10,566 | INFO     |   → 64/152: ✅ 0 взято | 🗑️ 96 мусор
2026-07-01 02:14:10,566 | INFO     |   → 65/152: ✅ 0 взято | 🗑️ 263 мусор
2026-07-01 02:14:10,566 | INFO     |   → 66/152: ✅ 0 взято | 🗑️ 0 мусор
2026-07-01 02:14:10,566 | INFO     |   → 67/152: ✅ 0 взято | 🗑️ 0 мусор
2026-07-01 02:14:10,567 | INFO     |   → 68/152: ✅ 0 взято | 🗑️ 0 мусор
2026-07-01 02:14:10,567 | INFO     |   → 69/152: ✅ 0 взято | 🗑️ 137 мусор
2026-07-01 02:14:10,567 | INFO     |   → 70/152: ✅ 0 взято | 🗑️ 0 мусор
2026-07-01 02:14:10,567 | INFO     |   → 71/152: ✅ 0 взято | 🗑️ 0 мусор
2026-07-01 02:14:10,567 | INFO     |   → 72/152: ✅ 0 взято | 🗑️ 0 мусор
2026-07-01 02:14:10,567 | INFO     |   → 73/152: ✅ 0 взято | 🗑️ 112 мусор
2026-07-01 02:14:10,567 | INFO     |   → 74/152: ✅ 0 взято | 🗑️ 0 мусор
2026-07-01 02:14:10,567 | INFO     |   → 75/152: ✅ 3 взято | 🗑️ 100 мусор
2026-07-01 02:14:10,567 | INFO     |   → 76/152: ✅ 0 взято | 🗑️ 0 мусор
2026-07-01 02:14:10,567 | INFO     |   → 77/152: ✅ 1 взято | 🗑️ 171 мусор
2026-07-01 02:14:10,567 | INFO     |   → 78/152: ✅ 0 взято | 🗑️ 0 мусор
2026-07-01 02:14:10,567 | INFO     |   → 79/152: ✅ 0 взято | 🗑️ 202 мусор
2026-07-01 02:14:10,567 | INFO     |   → 80/152: ✅ 0 взято | 🗑️ 0 мусор
2026-07-01 02:14:10,567 | INFO     |   → 81/152: ✅ 0 взято | 🗑️ 138 мусор
2026-07-01 02:14:10,567 | INFO     |   → 82/152: ✅ 0 взято | 🗑️ 0 мусор
2026-07-01 02:14:10,567 | INFO     |   → 83/152: ✅ 0 взято | 🗑️ 236 мусор
2026-07-01 02:14:10,567 | INFO     |   → 84/152: ✅ 0 взято | 🗑️ 0 мусор
2026-07-01 02:14:10,567 | INFO     |   → 85/152: ✅ 0 взято | 🗑️ 192 мусор
2026-07-01 02:14:10,567 | INFO     |   → 86/152: ✅ 0 взято | 🗑️ 0 мусор
2026-07-01 02:14:10,567 | INFO     |   → 87/152: ✅ 1 взято | 🗑️ 174 мусор
2026-07-01 02:14:10,568 | INFO     |   → 88/152: ✅ 0 взято | 🗑️ 0 мусор
2026-07-01 02:14:10,568 | INFO     |   → 89/152: ✅ 1 взято | 🗑️ 149 мусор
2026-07-01 02:14:10,568 | INFO     |   → 90/152: ✅ 0 взято | 🗑️ 0 мусор
2026-07-01 02:14:10,568 | INFO     |   → 91/152: ✅ 3 взято | 🗑️ 147 мусор
2026-07-01 02:14:10,568 | INFO     |   → 92/152: ✅ 0 взято | 🗑️ 0 мусор
2026-07-01 02:14:10,568 | INFO     |   → 93/152: ✅ 2 взято | 🗑️ 196 мусор
2026-07-01 02:14:10,568 | INFO     |   → 94/152: ✅ 0 взято | 🗑️ 0 мусор
2026-07-01 02:14:10,568 | INFO     |   → 95/152: ✅ 2 взято | 🗑️ 277 мусор
2026-07-01 02:14:10,568 | INFO     |   → 96/152: ✅ 0 взято | 🗑️ 0 мусор
2026-07-01 02:14:10,568 | INFO     |   → 97/152: ✅ 0 взято | 🗑️ 211 мусор
2026-07-01 02:14:10,568 | INFO     |   → 98/152: ✅ 0 взято | 🗑️ 0 мусор
2026-07-01 02:14:10,568 | INFO     |   → 99/152: ✅ 1 взято | 🗑️ 229 мусор
2026-07-01 02:14:10,568 | INFO     |   → 100/152: ✅ 0 взято | 🗑️ 0 мусор
2026-07-01 02:14:10,568 | INFO     |   → 101/152: ✅ 1 взято | 🗑️ 131 мусор
2026-07-01 02:14:10,568 | INFO     |   → 102/152: ✅ 0 взято | 🗑️ 0 мусор
2026-07-01 02:14:10,568 | INFO     |   → 103/152: ✅ 3 взято | 🗑️ 257 мусор
2026-07-01 02:14:10,568 | INFO     |   → 104/152: ✅ 0 взято | 🗑️ 0 мусор
2026-07-01 02:14:10,568 | INFO     |   → 105/152: ✅ 0 взято | 🗑️ 180 мусор
2026-07-01 02:14:10,568 | INFO     |   → 106/152: ✅ 0 взято | 🗑️ 0 мусор
2026-07-01 02:14:10,568 | INFO     |   → 107/152: ✅ 0 взято | 🗑️ 191 мусор
2026-07-01 02:14:10,568 | INFO     |   → 108/152: ✅ 0 взято | 🗑️ 0 мусор
2026-07-01 02:14:10,568 | INFO     |   → 109/152: ✅ 1 взято | 🗑️ 224 мусор
2026-07-01 02:14:10,568 | INFO     |   → 110/152: ✅ 0 взято | 🗑️ 0 мусор
2026-07-01 02:14:10,568 | INFO     |   → 111/152: ✅ 5 взято | 🗑️ 9 мусор
2026-07-01 02:14:10,568 | INFO     |   → 112/152: ✅ 0 взято | 🗑️ 9 мусор
2026-07-01 02:14:10,568 | INFO     |   → 113/152: ✅ 0 взято | 🗑️ 9 мусор
2026-07-01 02:14:10,568 | INFO     |   → 114/152: ✅ 0 взято | 🗑️ 9 мусор
2026-07-01 02:14:10,568 | INFO     |   → 115/152: ✅ 0 взято | 🗑️ 9 мусор
2026-07-01 02:14:10,568 | INFO     |   → 116/152: ✅ 0 взято | 🗑️ 9 мусор
2026-07-01 02:14:10,568 | INFO     |   → 117/152: ✅ 0 взято | 🗑️ 9 мусор
2026-07-01 02:14:10,569 | INFO     |   → 118/152: ✅ 0 взято | 🗑️ 9 мусор
2026-07-01 02:14:10,569 | INFO     |   → 119/152: ✅ 13 взято | 🗑️ 10 мусор
2026-07-01 02:14:10,569 | INFO     |   → 120/152: ✅ 0 взято | 🗑️ 10 мусор
2026-07-01 02:14:10,569 | INFO     |   → 121/152: ✅ 0 взято | 🗑️ 10 мусор
2026-07-01 02:14:10,569 | INFO     |   → 122/152: ✅ 0 взято | 🗑️ 10 мусор
2026-07-01 02:14:10,569 | INFO     |   → 123/152: ✅ 0 взято | 🗑️ 10 мусор
2026-07-01 02:14:10,569 | INFO     |   → 124/152: ✅ 0 взято | 🗑️ 10 мусор
2026-07-01 02:14:10,569 | INFO     |   → 125/152: ✅ 0 взято | 🗑️ 10 мусор
2026-07-01 02:14:10,569 | INFO     |   → 126/152: ✅ 0 взято | 🗑️ 10 мусор
2026-07-01 02:14:10,569 | INFO     |   → 127/152: ✅ 0 взято | 🗑️ 10 мусор
2026-07-01 02:14:10,569 | INFO     |   → 128/152: ✅ 0 взято | 🗑️ 10 мусор
2026-07-01 02:14:10,569 | INFO     |   → 129/152: ✅ 0 взято | 🗑️ 9 мусор
2026-07-01 02:14:10,569 | INFO     |   → 130/152: ✅ 0 взято | 🗑️ 9 мусор
2026-07-01 02:14:10,569 | INFO     |   → 131/152: ✅ 0 взято | 🗑️ 9 мусор
2026-07-01 02:14:10,569 | INFO     |   → 132/152: ✅ 0 взято | 🗑️ 9 мусор
2026-07-01 02:14:10,569 | INFO     |   → 133/152: ✅ 0 взято | 🗑️ 9 мусор
2026-07-01 02:14:10,569 | INFO     |   → 134/152: ✅ 0 взято | 🗑️ 9 мусор
2026-07-01 02:14:10,569 | INFO     |   → 135/152: ✅ 0 взято | 🗑️ 9 мусор
2026-07-01 02:14:10,569 | INFO     |   → 136/152: ✅ 0 взято | 🗑️ 9 мусор
2026-07-01 02:14:10,569 | INFO     |   → 137/152: ✅ 0 взято | 🗑️ 10 мусор
2026-07-01 02:14:10,569 | INFO     |   → 138/152: ✅ 0 взято | 🗑️ 10 мусор
2026-07-01 02:14:10,569 | INFO     |   → 139/152: ✅ 0 взято | 🗑️ 10 мусор
2026-07-01 02:14:10,569 | INFO     |   → 140/152: ✅ 0 взято | 🗑️ 10 мусор
2026-07-01 02:14:10,569 | INFO     |   → 141/152: ✅ 0 взято | 🗑️ 10 мусор
2026-07-01 02:14:10,569 | INFO     |   → 142/152: ✅ 0 взято | 🗑️ 10 мусор
2026-07-01 02:14:10,569 | INFO     |   → 143/152: ✅ 0 взято | 🗑️ 10 мусор
2026-07-01 02:14:10,569 | INFO     |   → 144/152: ✅ 0 взято | 🗑️ 10 мусор
2026-07-01 02:14:10,569 | INFO     |   → 145/152: ✅ 0 взято | 🗑️ 10 мусор
2026-07-01 02:14:10,570 | INFO     |   → 146/152: ✅ 0 взято | 🗑️ 10 мусор
2026-07-01 02:14:10,570 | INFO     |   → 147/152: ✅ 0 взято | 🗑️ 0 мусор
2026-07-01 02:14:10,570 | INFO     |   → 148/152: ✅ 4 взято | 🗑️ 458 мусор
2026-07-01 02:14:10,570 | INFO     |   → 149/152: ✅ 0 взято | 🗑️ 0 мусор
2026-07-01 02:14:10,570 | INFO     |   → 150/152: ✅ 1 взято | 🗑️ 164 мусор
2026-07-01 02:14:10,570 | INFO     |   → 151/152: ✅ 0 взято | 🗑️ 0 мусор
2026-07-01 02:14:10,570 | INFO     |   → 152/152: ✅ 6 взято | 🗑️ 221 мусор
2026-07-01 02:14:10,570 | INFO     |   → 📡 С sstap.org получено 0 ключей
2026-07-01 02:14:10,570 | INFO     |   → 📡 С sstap.org не добавлено ни одного ключа (все 0 отклонены фильтром)
2026-07-01 02:14:10,570 | INFO     |   → ✅ ГОТОВО!
2026-07-01 02:14:10,570 | INFO     |   →    📥 Всего ключей после фильтра: 86
2026-07-01 02:14:10,570 | INFO     |   →    🔗 Уникальных IP:PORT:SCHEME: 66
2026-07-01 02:14:10,570 | INFO     |   →    🗑️ Выброшено мусора: 7181
2026-07-01 02:14:10,570 | INFO     |   → 📊 По протоколам:
2026-07-01 02:14:10,570 | INFO     |   →    vless: 52
2026-07-01 02:14:10,570 | INFO     |   →    vmess: 1
2026-07-01 02:14:10,570 | INFO     |   →    trojan: 10
2026-07-01 02:14:10,570 | INFO     |   →    hysteria2: 3
2026-07-01 02:14:10,570 | INFO     | ✅ mirror.py завершён успешно
2026-07-01 02:14:10,571 | INFO     | 
2026-07-01 02:14:10,571 | INFO     | 
2026-07-01 02:14:10,571 | INFO     | ──────────────────────────────────────────────────────────────────────
2026-07-01 02:14:10,571 | INFO     | 📌 ЭТАП: Генерация 50 уникальных CF-VLESS
2026-07-01 02:14:10,571 | INFO     | ──────────────────────────────────────────────────────────────────────
2026-07-01 02:14:10,571 | INFO     | 🚀 Запуск generate_cf_vless.py (50 новых CF-VLESS)...
2026-07-01 02:14:10,757 | INFO     |   → === Генератор свежих VLESS-конфигов на IP Cloudflare ===
2026-07-01 02:14:10,757 | INFO     |   → ✅ Сгенерировано и сохранено 50 VLESS-конфигов.
2026-07-01 02:14:10,757 | INFO     |   → 📂 Файл: /home/runner/work/vpn-vless-configs-russia/vpn-vless-configs-russia/data/githubmirror/new/cf_fresh.txt
2026-07-01 02:14:10,757 | INFO     | ✅ generate_cf_vless.py завершён успешно
2026-07-01 02:14:10,757 | INFO     | 
2026-07-01 02:14:10,757 | INFO     | 
2026-07-01 02:14:10,757 | INFO     | ──────────────────────────────────────────────────────────────────────
2026-07-01 02:14:10,757 | INFO     | 📌 ЭТАП: Слияние CF с основным списком
2026-07-01 02:14:10,757 | INFO     | ──────────────────────────────────────────────────────────────────────
2026-07-01 02:14:10,759 | INFO     | 🔄 Добавлено 50 новых CF-VLESS в /home/runner/work/vpn-vless-configs-russia/vpn-vless-configs-russia/data/githubmirror/clean/vless.txt
2026-07-01 02:14:10,759 | INFO     | 📊 Всего в clean/vless.txt теперь: 102
2026-07-01 02:14:10,759 | INFO     | 
2026-07-01 02:14:10,759 | INFO     | 
2026-07-01 02:14:10,759 | INFO     | ──────────────────────────────────────────────────────────────────────
2026-07-01 02:14:10,759 | INFO     | 📌 ЭТАП: Фильтрация по реальному SNI
2026-07-01 02:14:10,759 | INFO     | ──────────────────────────────────────────────────────────────────────
2026-07-01 02:14:10,759 | INFO     | 🚀 Запуск filter_ru_sni.py (Фильтр по реальному SNI (CDN+RU))...
2026-07-01 02:14:10,790 | INFO     |   → hysteria2.txt: 3 → 0 (SNI-filtered)
2026-07-01 02:14:10,790 | INFO     |   →   trojan.txt: 10 → 0 (SNI-filtered)
2026-07-01 02:14:10,790 | INFO     |   →   vless.txt: 102 → 55 (SNI-filtered)
2026-07-01 02:14:10,790 | INFO     |   →   vmess.txt: 1 → 0 (SNI-filtered)
2026-07-01 02:14:10,790 | INFO     |   → ==================================================
2026-07-01 02:14:10,790 | INFO     |   →   Всего входных:  116
2026-07-01 02:14:10,790 | INFO     |   →   Прошли фильтр:  55
2026-07-01 02:14:10,790 | INFO     |   →   Отброшено:      61
2026-07-01 02:14:10,790 | INFO     |   → ==================================================
2026-07-01 02:14:10,790 | INFO     |   → Готово → /home/runner/work/vpn-vless-configs-russia/vpn-vless-configs-russia/data/githubmirror/ru-sni
2026-07-01 02:14:10,790 | INFO     | ✅ filter_ru_sni.py завершён успешно
2026-07-01 02:14:10,790 | INFO     | 
2026-07-01 02:14:10,790 | INFO     | 
2026-07-01 02:14:10,791 | INFO     | ──────────────────────────────────────────────────────────────────────
2026-07-01 02:14:10,791 | INFO     | 📌 ЭТАП: Экспериментальный RU-SNI фильтр
2026-07-01 02:14:10,791 | INFO     | ──────────────────────────────────────────────────────────────────────
2026-07-01 02:14:10,791 | INFO     | 🚀 Запуск filter_ru_sni_local.py (Экспериментальный фильтр по RU-SNI)...
2026-07-01 02:14:10,822 | INFO     |   → hysteria2.txt: 3 → 0 (RU-SNI)
2026-07-01 02:14:10,822 | INFO     |   → trojan.txt: 10 → 0 (RU-SNI)
2026-07-01 02:14:10,822 | INFO     |   → vless.txt: 102 → 0 (RU-SNI)
2026-07-01 02:14:10,822 | INFO     |   → vmess.txt: 1 → 0 (RU-SNI)
2026-07-01 02:14:10,822 | INFO     |   → ==================================================
2026-07-01 02:14:10,822 | INFO     |   → Всего входных:  116
2026-07-01 02:14:10,822 | INFO     |   → Прошли RU-SNI:  0
2026-07-01 02:14:10,822 | INFO     |   → Отброшено:      116
2026-07-01 02:14:10,822 | INFO     |   → ==================================================
2026-07-01 02:14:10,823 | INFO     |   → Готово → /home/runner/work/vpn-vless-configs-russia/vpn-vless-configs-russia/data/githubmirror/ru-sni-local
2026-07-01 02:14:10,823 | INFO     | ✅ filter_ru_sni_local.py завершён успешно
2026-07-01 02:14:10,823 | INFO     | 
2026-07-01 02:14:10,823 | INFO     | 
2026-07-01 02:14:10,823 | INFO     | ──────────────────────────────────────────────────────────────────────
2026-07-01 02:14:10,823 | INFO     | 📌 ЭТАП: Сбор статистики
2026-07-01 02:14:10,823 | INFO     | ──────────────────────────────────────────────────────────────────────
2026-07-01 02:14:10,823 | INFO     | 📊 Сбор статистики...
2026-07-01 02:14:10,823 | INFO     |   📁 githubmirror/clean:
2026-07-01 02:14:10,823 | INFO     |     • hysteria2   :     3 конфигов
2026-07-01 02:14:10,823 | INFO     |     • trojan      :    10 конфигов
2026-07-01 02:14:10,824 | INFO     |     • vless       :   102 конфигов
2026-07-01 02:14:10,824 | INFO     |     • vmess       :     1 конфигов
2026-07-01 02:14:10,824 | INFO     |   📁 githubmirror/ru-sni:
2026-07-01 02:14:10,824 | INFO     |     • hysteria2   :     0 конфигов (  0.0% от clean)
2026-07-01 02:14:10,824 | INFO     |     • trojan      :     0 конфигов (  0.0% от clean)
2026-07-01 02:14:10,824 | INFO     |     • vless       :    55 конфигов ( 53.9% от clean)
2026-07-01 02:14:10,824 | INFO     |     • vmess       :     0 конфигов (  0.0% от clean)
2026-07-01 02:14:10,824 | INFO     |   ✨ Новых CF-VLESS в этом запуске: 50
2026-07-01 02:14:10,825 | INFO     | 
2026-07-01 02:14:10,825 | INFO     |   ──────────────────────────────────────────────────
2026-07-01 02:14:10,825 | INFO     |   📈 ИТОГО:
2026-07-01 02:14:10,825 | INFO     |     Clean (после geo-фильтра):      116
2026-07-01 02:14:10,825 | INFO     |     RU-SNI (после SNI-фильтра):      55
2026-07-01 02:14:10,825 | INFO     |     Прошло фильтр:                 47.4%
2026-07-01 02:14:10,825 | INFO     |   ──────────────────────────────────────────────────
2026-07-01 02:14:10,825 | INFO     | ✅ Статистика сохранена: /home/runner/work/vpn-vless-configs-russia/vpn-vless-configs-russia/data/stats.json
2026-07-01 02:14:10,825 | INFO     | 
2026-07-01 02:14:10,825 | INFO     | ======================================================================
2026-07-01 02:14:10,825 | INFO     | 📊 ИТОГОВЫЙ ОТЧЁТ
2026-07-01 02:14:10,825 | INFO     | ======================================================================
2026-07-01 02:14:10,825 | INFO     |   ✅ OK         | Загрузка и geo-фильтрация
2026-07-01 02:14:10,825 | INFO     |   ✅ OK         | Генерация 50 уникальных CF-VLESS
2026-07-01 02:14:10,825 | INFO     |   ✅ OK         | Слияние CF с основным списком
2026-07-01 02:14:10,825 | INFO     |   ✅ OK         | Фильтрация по реальному SNI
2026-07-01 02:14:10,825 | INFO     |   ✅ OK         | Экспериментальный RU-SNI фильтр
2026-07-01 02:14:10,825 | INFO     |   ✅ OK         | Сбор статистики
2026-07-01 02:14:10,825 | INFO     | ──────────────────────────────────────────────────────────────────────
2026-07-01 02:14:10,825 | INFO     | ✅ ВСЕ ЭТАПЫ УСПЕШНЫ (6/6)
2026-07-01 02:14:10,825 | INFO     | ⏰ Время завершения: 2026-07-01 02:14:10
2026-07-01 02:14:10,826 | INFO     | ======================================================================
